FINISHED tiny_object retain-parse 1
FINISHED tiny_object retain-parse 200000
FINISHED tiny_object retain-stringify 1
FINISHED tiny_object retain-stringify 200000
FINISHED small_record retain-parse 1
FINISHED small_record retain-parse 100000
FINISHED small_record retain-stringify 1
FINISHED small_record retain-stringify 100000
FINISHED records_array_1m retain-parse 1
FINISHED records_array_1m retain-parse 16
FINISHED records_array_1m retain-stringify 1
FINISHED records_array_1m retain-stringify 16
FINISHED records_object_1m retain-parse 1
FINISHED records_object_1m retain-parse 16
FINISHED records_object_1m retain-stringify 1
FINISHED records_object_1m retain-stringify 16
FINISHED records_array_8m retain-parse 1
FINISHED records_array_8m retain-parse 4
FINISHED records_array_8m retain-stringify 1
FINISHED records_array_8m retain-stringify 4
FINISHED records_object_8m retain-parse 1
FINISHED records_object_8m retain-parse 4
FINISHED records_object_8m retain-stringify 1
FINISHED records_object_8m retain-stringify 4
FINISHED long_string_1m retain-parse 1
FINISHED long_string_1m retain-parse 32
FINISHED long_string_1m retain-stringify 1
FINISHED long_string_1m retain-stringify 32
FINISHED unicode_1m retain-parse 1
FINISHED unicode_1m retain-parse 32
FINISHED unicode_1m retain-stringify 1
FINISHED unicode_1m retain-stringify 32
FINISHED wide_1m retain-parse 1
FINISHED wide_1m retain-parse 16
FINISHED wide_1m retain-stringify 1
FINISHED wide_1m retain-stringify 16
