VERIFY null parse [('perry', True), ('node', True), ('bun', True), ('baseline', True)]
VERIFY null stringify [('perry', True), ('node', True), ('bun', True), ('baseline', True)]
VERIFY string_a parse [('perry', True), ('node', True), ('bun', True), ('baseline', True)]
VERIFY string_a stringify [('perry', True), ('node', True), ('bun', True), ('baseline', True)]
VERIFY empty_object parse [('perry', True), ('node', True), ('bun', True), ('baseline', True)]
VERIFY empty_object stringify [('perry', True), ('node', True), ('bun', True), ('baseline', True)]
VERIFY tiny_object parse [('perry', True), ('node', True), ('bun', True), ('baseline', True)]
VERIFY tiny_object stringify [('perry', True), ('node', True), ('bun', True), ('baseline', True)]
VERIFY small_record parse [('perry', True), ('node', True), ('bun', True), ('baseline', True)]
VERIFY small_record stringify [('perry', True), ('node', True), ('bun', True), ('baseline', True)]
VERIFY object_1k parse [('perry', True), ('node', True), ('bun', True), ('baseline', True)]
VERIFY object_1k stringify [('perry', True), ('node', True), ('bun', True), ('baseline', True)]
VERIFY records_array_16k parse [('perry', True), ('node', True), ('bun', True), ('baseline', True)]
VERIFY records_array_16k stringify [('perry', True), ('node', True), ('bun', True), ('baseline', True)]
VERIFY records_array_1m parse [('perry', True), ('node', True), ('bun', True), ('baseline', True)]
VERIFY records_array_1m stringify [('perry', True), ('node', True), ('bun', True), ('baseline', True)]
VERIFY records_object_1m parse [('perry', True), ('node', True), ('bun', True), ('baseline', True)]
VERIFY records_object_1m stringify [('perry', True), ('node', True), ('bun', True), ('baseline', True)]
VERIFY records_array_8m parse [('perry', True), ('node', True), ('bun', True), ('baseline', True)]
VERIFY records_array_8m stringify [('perry', True), ('node', True), ('bun', True), ('baseline', True)]
VERIFY records_object_8m parse [('perry', True), ('node', True), ('bun', True), ('baseline', True)]
VERIFY records_object_8m stringify [('perry', True), ('node', True), ('bun', True), ('baseline', True)]
VERIFY records_array_20m parse [('perry', True), ('node', True), ('bun', True), ('baseline', True)]
VERIFY records_array_20m stringify [('perry', True), ('node', True), ('bun', True), ('baseline', True)]
VERIFY records_object_20m parse [('perry', True), ('node', True), ('bun', True), ('baseline', True)]
VERIFY records_object_20m stringify [('perry', True), ('node', True), ('bun', True), ('baseline', True)]
VERIFY numbers_1m parse [('perry', True), ('node', True), ('bun', True), ('baseline', True)]
VERIFY numbers_1m stringify [('perry', True), ('node', True), ('bun', True), ('baseline', True)]
VERIFY long_string_1m parse [('perry', True), ('node', True), ('bun', True), ('baseline', True)]
VERIFY long_string_1m stringify [('perry', True), ('node', True), ('bun', True), ('baseline', True)]
VERIFY escaped_1m parse [('perry', True), ('node', True), ('bun', True), ('baseline', True)]
VERIFY escaped_1m stringify [('perry', True), ('node', True), ('bun', True), ('baseline', True)]
VERIFY unicode_1m parse [('perry', True), ('node', True), ('bun', True), ('baseline', True)]
VERIFY unicode_1m stringify [('perry', True), ('node', True), ('bun', True), ('baseline', True)]
VERIFY wide_1m parse [('perry', True), ('node', True), ('bun', True), ('baseline', True)]
VERIFY wide_1m stringify [('perry', True), ('node', True), ('bun', True), ('baseline', True)]
VERIFY heterogeneous_1m parse [('perry', True), ('node', True), ('bun', True), ('baseline', True)]
VERIFY heterogeneous_1m stringify [('perry', True), ('node', True), ('bun', True), ('baseline', True)]
PASSED verify 152
RUN null parse baseline None 0 2000000 27.5
RUN null parse perry None 0 2000000 27.5
RUN null parse bun None 0 2000000 34.61
RUN null parse node None 0 2000000 53.61
RUN null parse perry None 1 2000000 27.5
RUN null parse baseline None 1 2000000 27.51
RUN null parse node None 1 2000000 53.32
RUN null parse bun None 1 2000000 34.1
RUN null parse node None 2 2000000 53.32
RUN null parse perry None 2 2000000 27.49
RUN null parse bun None 2 2000000 33.74
RUN null parse baseline None 2 2000000 27.52
RUN null stringify node None 0 2000000 52.71
RUN null stringify perry None 0 2000000 13.13
RUN null stringify baseline None 0 2000000 13.15
RUN null stringify bun None 0 2000000 52.99
RUN null stringify bun None 1 2000000 53.05
RUN null stringify baseline None 1 2000000 13.12
RUN null stringify node None 1 2000000 52.74
RUN null stringify perry None 1 2000000 13.13
RUN null stringify baseline None 2 2000000 13.13
RUN null stringify bun None 2 2000000 53.0
RUN null stringify perry None 2 2000000 13.12
RUN null stringify node None 2 2000000 52.73
RUN string_a parse baseline None 0 2000000 32.53
RUN string_a parse node None 0 2000000 62.13
RUN string_a parse perry None 0 2000000 32.55
RUN string_a parse bun None 0 2000000 41.73
RUN string_a parse node None 1 2000000 62.34
RUN string_a parse baseline None 1 2000000 32.54
RUN string_a parse perry None 1 2000000 33.26
RUN string_a parse bun None 1 2000000 40.87
RUN string_a parse bun None 2 2000000 40.86
RUN string_a parse perry None 2 2000000 32.62
RUN string_a parse baseline None 2 2000000 32.5
RUN string_a parse node None 2 2000000 62.11
RUN string_a stringify bun None 0 2000000 52.84
RUN string_a stringify baseline None 0 2000000 19.38
RUN string_a stringify node None 0 2000000 58.27
RUN string_a stringify perry None 0 2000000 19.37
RUN string_a stringify node None 1 2000000 58.33
RUN string_a stringify baseline None 1 2000000 19.37
RUN string_a stringify bun None 1 2000000 52.98
RUN string_a stringify perry None 1 2000000 19.37
RUN string_a stringify bun None 2 2000000 53.01
RUN string_a stringify perry None 2 2000000 19.37
RUN string_a stringify baseline None 2 2000000 19.38
RUN string_a stringify node None 2 2000000 58.39
RUN empty_object parse perry None 0 2000000 114.34
RUN empty_object parse baseline None 0 2000000 114.28
RUN empty_object parse bun None 0 2000000 43.26
RUN empty_object parse node None 0 2000000 88.48
RUN empty_object parse baseline None 1 2000000 114.51
RUN empty_object parse node None 1 2000000 88.5
RUN empty_object parse perry None 1 2000000 114.34
RUN empty_object parse bun None 1 2000000 43.61
RUN empty_object parse perry None 2 2000000 114.09
RUN empty_object parse node None 2 2000000 88.66
RUN empty_object parse bun None 2 2000000 43.19
RUN empty_object parse baseline None 2 2000000 114.54
RUN empty_object stringify baseline None 0 2000000 93.96
RUN empty_object stringify bun None 0 2000000 55.94
RUN empty_object stringify node None 0 2000000 62.23
RUN empty_object stringify perry None 0 2000000 94.01
RUN empty_object stringify bun None 1 2000000 55.34
RUN empty_object stringify perry None 1 2000000 94.03
RUN empty_object stringify node None 1 2000000 62.23
RUN empty_object stringify baseline None 1 2000000 94.06
RUN empty_object stringify baseline None 2 2000000 94.06
RUN empty_object stringify perry None 2 2000000 94.02
RUN empty_object stringify node None 2 2000000 63.72
RUN empty_object stringify bun None 2 2000000 55.4
RUN tiny_object parse perry None 0 2000000 240.11
RUN tiny_object parse baseline None 0 2000000 239.88
RUN tiny_object parse bun None 0 2000000 85.41
RUN tiny_object parse node None 0 2000000 162.94
RUN tiny_object parse bun None 1 2000000 85.35
RUN tiny_object parse node None 1 2000000 162.99
RUN tiny_object parse baseline None 1 2000000 240.75
RUN tiny_object parse perry None 1 2000000 241.59
RUN tiny_object parse node None 2 2000000 162.17
RUN tiny_object parse perry None 2 2000000 240.12
RUN tiny_object parse bun None 2 2000000 86.07
RUN tiny_object parse baseline None 2 2000000 239.74
RUN tiny_object stringify node None 0 2000000 72.59
RUN tiny_object stringify bun None 0 2000000 75.34
RUN tiny_object stringify baseline None 0 2000000 182.04
RUN tiny_object stringify perry None 0 2000000 181.62
RUN tiny_object stringify bun None 1 2000000 75.67
RUN tiny_object stringify node None 1 2000000 72.64
RUN tiny_object stringify perry None 1 2000000 181.78
RUN tiny_object stringify baseline None 1 2000000 182.55
RUN tiny_object stringify node None 2 2000000 72.69
RUN tiny_object stringify perry None 2 2000000 181.86
RUN tiny_object stringify bun None 2 2000000 74.96
RUN tiny_object stringify baseline None 2 2000000 182.28
RUN small_record parse baseline None 0 573841 387.42
RUN small_record parse bun None 0 573841 139.36
RUN small_record parse node None 0 573841 198.81
RUN small_record parse perry None 0 573841 389.44
RUN small_record parse perry None 1 573841 388.5
RUN small_record parse node None 1 573841 202.48
RUN small_record parse baseline None 1 573841 388.86
RUN small_record parse bun None 1 573841 140.78
RUN small_record parse node None 2 573841 207.65
RUN small_record parse bun None 2 573841 139.27
RUN small_record parse perry None 2 573841 387.96
RUN small_record parse baseline None 2 573841 387.36
RUN small_record stringify baseline None 0 1269389 359.56
RUN small_record stringify bun None 0 1269389 147.69
RUN small_record stringify perry None 0 1269389 355.49
RUN small_record stringify node None 0 1269389 136.1
RUN small_record stringify node None 1 1269389 135.51
RUN small_record stringify baseline None 1 1269389 360.64
RUN small_record stringify perry None 1 1269389 356.18
RUN small_record stringify bun None 1 1269389 148.82
RUN small_record stringify perry None 2 1269389 356.21
RUN small_record stringify node None 2 1269389 135.79
RUN small_record stringify bun None 2 1269389 148.45
RUN small_record stringify baseline None 2 1269389 361.22
RUN object_1k parse perry None 0 565193 337.85
RUN object_1k parse baseline None 0 565193 335.28
RUN object_1k parse bun None 0 565193 127.37
RUN object_1k parse node None 0 565193 302.89
RUN object_1k parse perry None 1 565193 337.13
RUN object_1k parse node None 1 565193 303.2
RUN object_1k parse baseline None 1 565193 332.42
RUN object_1k parse bun None 1 565193 127.72
RUN object_1k parse baseline None 2 565193 332.9
RUN object_1k parse node None 2 565193 303.59
RUN object_1k parse bun None 2 565193 132.62
RUN object_1k parse perry None 2 565193 337.04
RUN object_1k stringify node None 0 659703 128.61
RUN object_1k stringify baseline None 0 659703 154.69
RUN object_1k stringify perry None 0 659703 153.86
RUN object_1k stringify bun None 0 659703 135.85
RUN object_1k stringify bun None 1 659703 135.91
RUN object_1k stringify node None 1 659703 128.01
RUN object_1k stringify baseline None 1 659703 154.19
RUN object_1k stringify perry None 1 659703 153.69
RUN object_1k stringify bun None 2 659703 136.04
RUN object_1k stringify perry None 2 659703 153.54
RUN object_1k stringify node None 2 659703 128.27
RUN object_1k stringify baseline None 2 659703 154.52
RUN records_array_16k parse bun None 0 6685 227.7
RUN records_array_16k parse baseline None 0 6685 159.29
RUN records_array_16k parse node None 0 6685 271.17
RUN records_array_16k parse perry None 0 6685 159.17
RUN records_array_16k parse bun None 1 6685 225.73
RUN records_array_16k parse baseline None 1 6685 159.0
RUN records_array_16k parse perry None 1 6685 159.36
RUN records_array_16k parse node None 1 6685 254.87
RUN records_array_16k parse perry None 2 6685 159.28
RUN records_array_16k parse node None 2 6685 279.39
RUN records_array_16k parse bun None 2 6685 225.93
RUN records_array_16k parse baseline None 2 6685 159.15
RUN records_array_16k stringify bun None 0 10097 233.61
RUN records_array_16k stringify node None 0 10097 130.47
RUN records_array_16k stringify perry None 0 10097 234.46
RUN records_array_16k stringify baseline None 0 10097 237.48
RUN records_array_16k stringify perry None 1 10097 234.48
RUN records_array_16k stringify baseline None 1 10097 236.47
RUN records_array_16k stringify bun None 1 10097 233.67
RUN records_array_16k stringify node None 1 10097 132.52
RUN records_array_16k stringify perry None 2 10097 235.72
RUN records_array_16k stringify baseline None 2 10097 237.77
RUN records_array_16k stringify bun None 2 10097 234.22
RUN records_array_16k stringify node None 2 10097 132.39
RUN records_array_1m parse node None 0 95 248.52
RUN records_array_1m parse perry None 0 95 147.33
RUN records_array_1m parse baseline None 0 95 147.92
RUN records_array_1m parse bun None 0 95 199.19
RUN records_array_1m parse baseline None 1 95 147.71
RUN records_array_1m parse bun None 1 95 199.08
RUN records_array_1m parse perry None 1 95 147.23
RUN records_array_1m parse node None 1 95 265.58
RUN records_array_1m parse baseline None 2 95 147.73
RUN records_array_1m parse node None 2 95 262.9
RUN records_array_1m parse bun None 2 95 199.04
RUN records_array_1m parse perry None 2 95 147.78
RUN records_array_1m stringify bun None 0 175 169.02
RUN records_array_1m stringify node None 0 175 142.16
RUN records_array_1m stringify perry None 0 175 261.12
RUN records_array_1m stringify baseline None 0 175 260.67
RUN records_array_1m stringify perry None 1 175 261.54
RUN records_array_1m stringify node None 1 175 142.25
RUN records_array_1m stringify baseline None 1 175 261.21
RUN records_array_1m stringify bun None 1 175 168.28
RUN records_array_1m stringify bun None 2 175 168.35
RUN records_array_1m stringify node None 2 175 142.07
RUN records_array_1m stringify perry None 2 175 265.48
RUN records_array_1m stringify baseline None 2 175 261.48
RUN records_object_1m parse baseline None 0 71 282.71
RUN records_object_1m parse bun None 0 71 148.87
RUN records_object_1m parse node None 0 71 184.35
RUN records_object_1m parse perry None 0 71 278.49
RUN records_object_1m parse bun None 1 71 168.91
RUN records_object_1m parse node None 1 71 182.11
RUN records_object_1m parse perry None 1 71 279.21
RUN records_object_1m parse baseline None 1 71 282.81
RUN records_object_1m parse bun None 2 71 152.21
RUN records_object_1m parse baseline None 2 71 282.73
RUN records_object_1m parse node None 2 71 196.51
RUN records_object_1m parse perry None 2 71 278.74
RUN records_object_1m stringify baseline None 0 176 262.88
RUN records_object_1m stringify node None 0 176 143.74
RUN records_object_1m stringify perry None 0 176 263.11
RUN records_object_1m stringify bun None 0 176 169.52
RUN records_object_1m stringify baseline None 1 176 263.34
RUN records_object_1m stringify bun None 1 176 169.69
RUN records_object_1m stringify perry None 1 176 267.85
RUN records_object_1m stringify node None 1 176 144.05
RUN records_object_1m stringify baseline None 2 176 262.67
RUN records_object_1m stringify node None 2 176 142.77
RUN records_object_1m stringify bun None 2 176 170.2
RUN records_object_1m stringify perry None 2 176 262.64
RUN records_array_8m parse bun None 0 10 177.93
RUN records_array_8m parse perry None 0 10 133.83
RUN records_array_8m parse baseline None 0 10 133.55
RUN records_array_8m parse node None 0 10 222.94
RUN records_array_8m parse perry None 1 10 133.63
RUN records_array_8m parse node None 1 10 222.21
RUN records_array_8m parse baseline None 1 10 134.16
RUN records_array_8m parse bun None 1 10 178.17
RUN records_array_8m parse perry None 2 10 133.89
RUN records_array_8m parse node None 2 10 235.93
RUN records_array_8m parse baseline None 2 10 134.15
RUN records_array_8m parse bun None 2 10 178.72
RUN records_array_8m stringify bun None 0 20 156.97
RUN records_array_8m stringify baseline None 0 20 261.29
RUN records_array_8m stringify perry None 0 20 261.4
RUN records_array_8m stringify node None 0 20 134.07
RUN records_array_8m stringify perry None 1 20 258.95
RUN records_array_8m stringify bun None 1 20 157.06
RUN records_array_8m stringify node None 1 20 133.65
RUN records_array_8m stringify baseline None 1 20 259.68
RUN records_array_8m stringify perry None 2 20 260.86
RUN records_array_8m stringify bun None 2 20 155.22
RUN records_array_8m stringify node None 2 20 133.37
RUN records_array_8m stringify baseline None 2 20 258.86
RUN records_object_8m parse perry None 0 8 245.21
RUN records_object_8m parse baseline None 0 8 247.2
RUN records_object_8m parse node None 0 8 171.9
RUN records_object_8m parse bun None 0 8 142.92
RUN records_object_8m parse baseline None 1 8 247.58
RUN records_object_8m parse perry None 1 8 244.56
RUN records_object_8m parse node None 1 8 174.01
RUN records_object_8m parse bun None 1 8 143.94
RUN records_object_8m parse perry None 2 8 244.41
RUN records_object_8m parse bun None 2 8 143.97
RUN records_object_8m parse node None 2 8 174.35
RUN records_object_8m parse baseline None 2 8 247.29
RUN records_object_8m stringify baseline None 0 20 261.29
RUN records_object_8m stringify node None 0 20 132.95
RUN records_object_8m stringify perry None 0 20 259.25
RUN records_object_8m stringify bun None 0 20 156.72
RUN records_object_8m stringify baseline None 1 20 259.69
RUN records_object_8m stringify bun None 1 20 155.1
RUN records_object_8m stringify node None 1 20 133.47
RUN records_object_8m stringify perry None 1 20 260.3
RUN records_object_8m stringify node None 2 20 136.95
RUN records_object_8m stringify bun None 2 20 155.38
RUN records_object_8m stringify perry None 2 20 259.27
RUN records_object_8m stringify baseline None 2 20 260.61
RUN records_array_20m parse baseline None 0 3 229.31
RUN records_array_20m parse perry None 0 3 225.82
RUN records_array_20m parse bun None 0 3 132.65
RUN records_array_20m parse node None 0 3 175.29
RUN records_array_20m parse perry None 1 3 227.16
RUN records_array_20m parse baseline None 1 3 228.68
RUN records_array_20m parse node None 1 3 183.24
RUN records_array_20m parse bun None 1 3 133.02
RUN records_array_20m parse bun None 2 3 130.48
RUN records_array_20m parse node None 2 3 187.3
RUN records_array_20m parse perry None 2 3 226.36
RUN records_array_20m parse baseline None 2 3 228.9
RUN records_array_20m stringify bun None 0 8 155.35
RUN records_array_20m stringify baseline None 0 8 641.01
RUN records_array_20m stringify node None 0 8 137.21
RUN records_array_20m stringify perry None 0 8 641.64
RUN records_array_20m stringify baseline None 1 8 641.21
RUN records_array_20m stringify perry None 1 8 644.07
RUN records_array_20m stringify bun None 1 8 155.21
RUN records_array_20m stringify node None 1 8 137.15
RUN records_array_20m stringify baseline None 2 8 641.15
RUN records_array_20m stringify bun None 2 8 155.77
RUN records_array_20m stringify node None 2 8 138.73
RUN records_array_20m stringify perry None 2 8 663.37
RUN records_object_20m parse bun None 0 3 132.83
RUN records_object_20m parse perry None 0 3 227.71
RUN records_object_20m parse node None 0 3 184.96
RUN records_object_20m parse baseline None 0 3 228.6
RUN records_object_20m parse node None 1 3 196.09
RUN records_object_20m parse perry None 1 3 226.68
RUN records_object_20m parse baseline None 1 3 228.19
RUN records_object_20m parse bun None 1 3 132.47
RUN records_object_20m parse node None 2 3 189.88
RUN records_object_20m parse bun None 2 3 132.57
RUN records_object_20m parse baseline None 2 3 228.92
RUN records_object_20m parse perry None 2 3 226.62
RUN records_object_20m stringify bun None 0 8 156.03
RUN records_object_20m stringify node None 0 8 138.04
RUN records_object_20m stringify baseline None 0 8 641.95
RUN records_object_20m stringify perry None 0 8 644.47
RUN records_object_20m stringify baseline None 1 8 642.56
RUN records_object_20m stringify perry None 1 8 642.3
RUN records_object_20m stringify node None 1 8 137.64
RUN records_object_20m stringify bun None 1 8 155.21
RUN records_object_20m stringify node None 2 8 137.42
RUN records_object_20m stringify baseline None 2 8 643.33
RUN records_object_20m stringify perry None 2 8 642.34
RUN records_object_20m stringify bun None 2 8 155.36
RUN numbers_1m parse baseline None 0 92 157.39
RUN numbers_1m parse node None 0 92 282.64
RUN numbers_1m parse perry None 0 92 157.57
RUN numbers_1m parse bun None 0 92 294.78
RUN numbers_1m parse bun None 1 92 292.15
RUN numbers_1m parse node None 1 92 282.9
RUN numbers_1m parse perry None 1 92 157.47
RUN numbers_1m parse baseline None 1 92 157.31
RUN numbers_1m parse perry None 2 92 157.21
RUN numbers_1m parse node None 2 92 282.85
RUN numbers_1m parse baseline None 2 92 157.39
RUN numbers_1m parse bun None 2 92 291.44
RUN numbers_1m stringify bun None 0 96 283.22
RUN numbers_1m stringify perry None 0 96 155.43
RUN numbers_1m stringify baseline None 0 96 153.91
RUN numbers_1m stringify node None 0 96 186.23
RUN numbers_1m stringify bun None 1 96 282.37
RUN numbers_1m stringify node None 1 96 185.93
RUN numbers_1m stringify perry None 1 96 153.95
RUN numbers_1m stringify baseline None 1 96 154.19
RUN numbers_1m stringify bun None 2 96 282.71
RUN numbers_1m stringify baseline None 2 96 154.23
RUN numbers_1m stringify perry None 2 96 153.56
RUN numbers_1m stringify node None 2 96 185.91
RUN long_string_1m parse baseline None 0 1208 246.14
RUN long_string_1m parse perry None 0 1208 245.93
RUN long_string_1m parse bun None 0 1208 78.53
RUN long_string_1m parse node None 0 1208 442.24
RUN long_string_1m parse perry None 1 1208 247.16
RUN long_string_1m parse node None 1 1208 441.7
RUN long_string_1m parse baseline None 1 1208 246.89
RUN long_string_1m parse bun None 1 1208 80.96
RUN long_string_1m parse bun None 2 1208 80.82
RUN long_string_1m parse perry None 2 1208 247.33
RUN long_string_1m parse baseline None 2 1208 256.07
RUN long_string_1m parse node None 2 1208 443.59
RUN long_string_1m stringify bun None 0 1167 110.48
RUN long_string_1m stringify baseline None 0 1167 201.99
RUN long_string_1m stringify perry None 0 1167 201.23
RUN long_string_1m stringify node None 0 1167 118.8
RUN long_string_1m stringify bun None 1 1167 110.16
RUN long_string_1m stringify perry None 1 1167 202.13
RUN long_string_1m stringify node None 1 1167 118.79
RUN long_string_1m stringify baseline None 1 1167 200.88
RUN long_string_1m stringify perry None 2 1167 202.26
RUN long_string_1m stringify node None 2 1167 118.15
RUN long_string_1m stringify bun None 2 1167 112.47
RUN long_string_1m stringify baseline None 2 1167 200.84
RUN escaped_1m parse node None 0 82 141.42
RUN escaped_1m parse bun None 0 82 170.26
RUN escaped_1m parse perry None 0 82 167.59
RUN escaped_1m parse baseline None 0 82 167.34
RUN escaped_1m parse bun None 1 82 170.37
RUN escaped_1m parse perry None 1 82 167.46
RUN escaped_1m parse baseline None 1 82 167.16
RUN escaped_1m parse node None 1 82 141.44
RUN escaped_1m parse bun None 2 82 170.62
RUN escaped_1m parse node None 2 82 141.3
RUN escaped_1m parse perry None 2 82 167.3
RUN escaped_1m parse baseline None 2 82 167.2
RUN escaped_1m stringify baseline None 0 169 164.09
RUN escaped_1m stringify node None 0 169 316.81
RUN escaped_1m stringify bun None 0 169 351.36
RUN escaped_1m stringify perry None 0 169 160.85
RUN escaped_1m stringify perry None 1 169 160.5
RUN escaped_1m stringify node None 1 169 314.94
RUN escaped_1m stringify baseline None 1 169 162.61
RUN escaped_1m stringify bun None 1 169 351.94
RUN escaped_1m stringify perry None 2 169 160.65
RUN escaped_1m stringify node None 2 169 314.84
RUN escaped_1m stringify baseline None 2 169 160.48
RUN escaped_1m stringify bun None 2 169 351.1
RUN unicode_1m parse bun None 0 1488 86.59
RUN unicode_1m parse baseline None 0 1488 383.06
RUN unicode_1m parse perry None 0 1488 386.15
RUN unicode_1m parse node None 0 1488 647.18
RUN unicode_1m parse bun None 1 1488 89.23
RUN unicode_1m parse node None 1 1488 649.92
RUN unicode_1m parse baseline None 1 1488 383.12
RUN unicode_1m parse perry None 1 1488 381.86
RUN unicode_1m parse perry None 2 1488 382.98
RUN unicode_1m parse bun None 2 1488 88.74
RUN unicode_1m parse node None 2 1488 647.4
RUN unicode_1m parse baseline None 2 1488 382.74
RUN unicode_1m stringify perry None 0 1356 187.69
RUN unicode_1m stringify node None 0 1356 555.76
RUN unicode_1m stringify baseline None 0 1356 186.6
RUN unicode_1m stringify bun None 0 1356 608.35
RUN unicode_1m stringify node None 1 1356 557.77
RUN unicode_1m stringify perry None 1 1356 185.5
RUN unicode_1m stringify bun None 1 1356 613.53
RUN unicode_1m stringify baseline None 1 1356 187.49
RUN unicode_1m stringify perry None 2 1356 188.0
RUN unicode_1m stringify bun None 2 1356 612.3
RUN unicode_1m stringify node None 2 1356 556.62
RUN unicode_1m stringify baseline None 2 1356 185.43
RUN wide_1m parse perry None 0 36 753.66
RUN wide_1m parse bun None 0 36 148.87
RUN wide_1m parse baseline None 0 36 752.41
RUN wide_1m parse node None 0 36 176.02
RUN wide_1m parse node None 1 36 177.34
RUN wide_1m parse perry None 1 36 756.74
RUN wide_1m parse bun None 1 36 148.71
RUN wide_1m parse baseline None 1 36 752.48
RUN wide_1m parse bun None 2 36 149.28
RUN wide_1m parse perry None 2 36 754.83
RUN wide_1m parse node None 2 36 176.39
RUN wide_1m parse baseline None 2 36 753.18
RUN wide_1m stringify perry None 0 216 368.65
RUN wide_1m stringify bun None 0 216 143.2
RUN wide_1m stringify baseline None 0 216 364.31
RUN wide_1m stringify node None 0 216 1381.46
RUN wide_1m stringify bun None 1 216 143.56
RUN wide_1m stringify perry None 1 216 368.13
RUN wide_1m stringify baseline None 1 216 364.82
RUN wide_1m stringify node None 1 216 1367.98
RUN wide_1m stringify baseline None 2 216 364.97
RUN wide_1m stringify node None 2 216 1354.69
RUN wide_1m stringify perry None 2 216 368.54
RUN wide_1m stringify bun None 2 216 143.44
RUN heterogeneous_1m parse bun None 0 79 230.43
RUN heterogeneous_1m parse node None 0 79 293.36
RUN heterogeneous_1m parse baseline None 0 79 152.73
RUN heterogeneous_1m parse perry None 0 79 152.6
RUN heterogeneous_1m parse baseline None 1 79 152.57
RUN heterogeneous_1m parse perry None 1 79 152.69
RUN heterogeneous_1m parse node None 1 79 298.31
RUN heterogeneous_1m parse bun None 1 79 226.56
RUN heterogeneous_1m parse bun None 2 79 223.21
RUN heterogeneous_1m parse perry None 2 79 153.37
RUN heterogeneous_1m parse node None 2 79 303.34
RUN heterogeneous_1m parse baseline None 2 79 152.63
RUN heterogeneous_1m stringify baseline None 0 165 716.46
RUN heterogeneous_1m stringify node None 0 165 142.75
RUN heterogeneous_1m stringify bun None 0 165 173.73
RUN heterogeneous_1m stringify perry None 0 165 720.26
RUN heterogeneous_1m stringify baseline None 1 165 717.77
RUN heterogeneous_1m stringify bun None 1 165 173.5
RUN heterogeneous_1m stringify node None 1 165 143.1
RUN heterogeneous_1m stringify perry None 1 165 717.54
RUN heterogeneous_1m stringify node None 2 165 142.85
RUN heterogeneous_1m stringify baseline None 2 165 713.91
RUN heterogeneous_1m stringify perry None 2 165 717.06
RUN heterogeneous_1m stringify bun None 2 165 173.85
PASSED timing 456
MEM tiny_object retain-parse perry 1 12.4
MEM tiny_object retain-parse node 1 52.5
MEM tiny_object retain-parse bun 1 28.3
MEM tiny_object retain-parse baseline 1 12.5
MEM tiny_object retain-parse perry 1 12.4
MEM tiny_object retain-parse node 1 52.7
MEM tiny_object retain-parse bun 1 28.3
MEM tiny_object retain-parse baseline 1 12.4
MEM tiny_object retain-parse perry 1 12.4
MEM tiny_object retain-parse node 1 52.5
MEM tiny_object retain-parse bun 1 28.3
MEM tiny_object retain-parse baseline 1 12.5
MEM tiny_object retain-parse perry 200000 25.0
MEM tiny_object retain-parse node 200000 74.8
MEM tiny_object retain-parse bun 200000 50.2
MEM tiny_object retain-parse baseline 200000 25.0
MEM tiny_object retain-parse perry 200000 25.0
MEM tiny_object retain-parse node 200000 74.8
MEM tiny_object retain-parse bun 200000 50.2
MEM tiny_object retain-parse baseline 200000 25.0
MEM tiny_object retain-parse perry 200000 25.0
MEM tiny_object retain-parse node 200000 74.9
MEM tiny_object retain-parse bun 200000 50.2
MEM tiny_object retain-parse baseline 200000 25.0
MEM tiny_object retain-stringify perry 1 12.5
MEM tiny_object retain-stringify node 1 52.8
MEM tiny_object retain-stringify bun 1 28.4
MEM tiny_object retain-stringify baseline 1 12.6
MEM tiny_object retain-stringify perry 1 12.5
MEM tiny_object retain-stringify node 1 52.7
MEM tiny_object retain-stringify bun 1 28.3
MEM tiny_object retain-stringify baseline 1 12.6
MEM tiny_object retain-stringify perry 1 12.5
MEM tiny_object retain-stringify node 1 52.7
MEM tiny_object retain-stringify bun 1 28.4
MEM tiny_object retain-stringify baseline 1 12.6
MEM tiny_object retain-stringify perry 200000 25.1
MEM tiny_object retain-stringify node 200000 71.3
MEM tiny_object retain-stringify bun 200000 47.0
MEM tiny_object retain-stringify baseline 200000 25.2
MEM tiny_object retain-stringify perry 200000 25.1
MEM tiny_object retain-stringify node 200000 71.1
MEM tiny_object retain-stringify bun 200000 47.0
MEM tiny_object retain-stringify baseline 200000 25.2
MEM tiny_object retain-stringify perry 200000 25.1
MEM tiny_object retain-stringify node 200000 71.2
MEM tiny_object retain-stringify bun 200000 47.0
MEM tiny_object retain-stringify baseline 200000 25.2
MEM small_record retain-parse perry 1 12.4
MEM small_record retain-parse node 1 52.6
MEM small_record retain-parse bun 1 28.3
MEM small_record retain-parse baseline 1 12.5
MEM small_record retain-parse perry 1 12.4
MEM small_record retain-parse node 1 52.8
MEM small_record retain-parse bun 1 28.3
MEM small_record retain-parse baseline 1 12.5
MEM small_record retain-parse perry 1 12.4
MEM small_record retain-parse node 1 52.7
MEM small_record retain-parse bun 1 28.3
MEM small_record retain-parse baseline 1 12.5
MEM small_record retain-parse perry 100000 45.1
MEM small_record retain-parse node 100000 85.6
MEM small_record retain-parse bun 100000 52.7
MEM small_record retain-parse baseline 100000 45.1
MEM small_record retain-parse perry 100000 45.1
MEM small_record retain-parse node 100000 85.7
MEM small_record retain-parse bun 100000 52.7
MEM small_record retain-parse baseline 100000 45.1
MEM small_record retain-parse perry 100000 45.1
MEM small_record retain-parse node 100000 85.5
MEM small_record retain-parse bun 100000 52.7
MEM small_record retain-parse baseline 100000 45.1
MEM small_record retain-stringify perry 1 12.5
MEM small_record retain-stringify node 1 52.7
MEM small_record retain-stringify bun 1 28.3
MEM small_record retain-stringify baseline 1 12.7
MEM small_record retain-stringify perry 1 12.5
MEM small_record retain-stringify node 1 52.7
MEM small_record retain-stringify bun 1 28.4
MEM small_record retain-stringify baseline 1 12.7
MEM small_record retain-stringify perry 1 12.5
MEM small_record retain-stringify node 1 52.8
MEM small_record retain-stringify bun 1 28.4
MEM small_record retain-stringify baseline 1 12.7
MEM small_record retain-stringify perry 100000 28.2
MEM small_record retain-stringify node 100000 80.3
MEM small_record retain-stringify bun 100000 51.1
MEM small_record retain-stringify baseline 100000 28.4
MEM small_record retain-stringify perry 100000 28.2
MEM small_record retain-stringify node 100000 80.4
MEM small_record retain-stringify bun 100000 51.1
MEM small_record retain-stringify baseline 100000 28.4
MEM small_record retain-stringify perry 100000 28.2
MEM small_record retain-stringify node 100000 80.3
MEM small_record retain-stringify bun 100000 51.1
MEM small_record retain-stringify baseline 100000 28.4
MEM records_array_1m retain-parse perry 1 16.5
MEM records_array_1m retain-parse node 1 58.3
MEM records_array_1m retain-parse bun 1 31.7
MEM records_array_1m retain-parse baseline 1 16.6
MEM records_array_1m retain-parse perry 1 16.5
MEM records_array_1m retain-parse node 1 58.3
MEM records_array_1m retain-parse bun 1 31.7
MEM records_array_1m retain-parse baseline 1 16.6
MEM records_array_1m retain-parse perry 1 16.5
MEM records_array_1m retain-parse node 1 58.4
MEM records_array_1m retain-parse bun 1 31.7
MEM records_array_1m retain-parse baseline 1 16.6
MEM records_array_1m retain-parse perry 16 41.7
MEM records_array_1m retain-parse node 16 88.8
MEM records_array_1m retain-parse bun 16 55.9
MEM records_array_1m retain-parse baseline 16 41.8
MEM records_array_1m retain-parse perry 16 41.7
MEM records_array_1m retain-parse node 16 88.8
MEM records_array_1m retain-parse bun 16 55.9
MEM records_array_1m retain-parse baseline 16 41.8
MEM records_array_1m retain-parse perry 16 41.7
MEM records_array_1m retain-parse node 16 88.7
MEM records_array_1m retain-parse bun 16 55.9
MEM records_array_1m retain-parse baseline 16 41.8
MEM records_array_1m retain-stringify perry 1 19.4
MEM records_array_1m retain-stringify node 1 60.7
MEM records_array_1m retain-stringify bun 1 34.4
MEM records_array_1m retain-stringify baseline 1 19.5
MEM records_array_1m retain-stringify perry 1 19.4
MEM records_array_1m retain-stringify node 1 60.5
MEM records_array_1m retain-stringify bun 1 34.4
MEM records_array_1m retain-stringify baseline 1 19.5
MEM records_array_1m retain-stringify perry 1 19.4
MEM records_array_1m retain-stringify node 1 60.4
MEM records_array_1m retain-stringify bun 1 34.5
MEM records_array_1m retain-stringify baseline 1 19.5
MEM records_array_1m retain-stringify perry 16 33.3
MEM records_array_1m retain-stringify node 16 76.4
MEM records_array_1m retain-stringify bun 16 47.3
MEM records_array_1m retain-stringify baseline 16 33.4
MEM records_array_1m retain-stringify perry 16 33.3
MEM records_array_1m retain-stringify node 16 76.3
MEM records_array_1m retain-stringify bun 16 47.2
MEM records_array_1m retain-stringify baseline 16 33.4
MEM records_array_1m retain-stringify perry 16 33.3
MEM records_array_1m retain-stringify node 16 76.4
MEM records_array_1m retain-stringify bun 16 47.2
MEM records_array_1m retain-stringify baseline 16 33.4
MEM records_object_1m retain-parse perry 1 15.2
MEM records_object_1m retain-parse node 1 58.3
MEM records_object_1m retain-parse bun 1 31.7
MEM records_object_1m retain-parse baseline 1 15.3
MEM records_object_1m retain-parse perry 1 15.2
MEM records_object_1m retain-parse node 1 58.2
MEM records_object_1m retain-parse bun 1 31.7
MEM records_object_1m retain-parse baseline 1 15.3
MEM records_object_1m retain-parse perry 1 15.2
MEM records_object_1m retain-parse node 1 58.4
MEM records_object_1m retain-parse bun 1 31.7
MEM records_object_1m retain-parse baseline 1 15.3
MEM records_object_1m retain-parse perry 16 56.8
MEM records_object_1m retain-parse node 16 88.6
MEM records_object_1m retain-parse bun 16 55.9
MEM records_object_1m retain-parse baseline 16 56.7
MEM records_object_1m retain-parse perry 16 56.8
MEM records_object_1m retain-parse node 16 88.9
MEM records_object_1m retain-parse bun 16 55.9
MEM records_object_1m retain-parse baseline 16 56.7
MEM records_object_1m retain-parse perry 16 56.8
MEM records_object_1m retain-parse node 16 88.7
MEM records_object_1m retain-parse bun 16 55.9
MEM records_object_1m retain-parse baseline 16 56.7
MEM records_object_1m retain-stringify perry 1 19.4
MEM records_object_1m retain-stringify node 1 60.5
MEM records_object_1m retain-stringify bun 1 34.5
MEM records_object_1m retain-stringify baseline 1 19.5
MEM records_object_1m retain-stringify perry 1 19.4
MEM records_object_1m retain-stringify node 1 60.5
MEM records_object_1m retain-stringify bun 1 34.4
MEM records_object_1m retain-stringify baseline 1 19.5
MEM records_object_1m retain-stringify perry 1 19.4
MEM records_object_1m retain-stringify node 1 60.6
MEM records_object_1m retain-stringify bun 1 34.5
MEM records_object_1m retain-stringify baseline 1 19.5
MEM records_object_1m retain-stringify perry 16 33.3
MEM records_object_1m retain-stringify node 16 76.3
MEM records_object_1m retain-stringify bun 16 47.2
MEM records_object_1m retain-stringify baseline 16 33.4
MEM records_object_1m retain-stringify perry 16 33.3
MEM records_object_1m retain-stringify node 16 76.3
MEM records_object_1m retain-stringify bun 16 47.2
MEM records_object_1m retain-stringify baseline 16 33.4
MEM records_object_1m retain-stringify perry 16 33.3
MEM records_object_1m retain-stringify node 16 76.3
MEM records_object_1m retain-stringify bun 16 47.2
MEM records_object_1m retain-stringify baseline 16 33.4
MEM records_array_8m retain-parse perry 1 48.2
MEM records_array_8m retain-parse node 1 94.2
MEM records_array_8m retain-parse bun 1 52.3
MEM records_array_8m retain-parse baseline 1 48.3
MEM records_array_8m retain-parse perry 1 48.2
MEM records_array_8m retain-parse node 1 94.2
MEM records_array_8m retain-parse bun 1 52.3
MEM records_array_8m retain-parse baseline 1 48.3
MEM records_array_8m retain-parse perry 1 48.2
MEM records_array_8m retain-parse node 1 94.2
MEM records_array_8m retain-parse bun 1 52.3
MEM records_array_8m retain-parse baseline 1 48.3
MEM records_array_8m retain-parse perry 4 86.5
MEM records_array_8m retain-parse node 4 147.0
MEM records_array_8m retain-parse bun 4 91.8
MEM records_array_8m retain-parse baseline 4 86.5
MEM records_array_8m retain-parse perry 4 86.5
MEM records_array_8m retain-parse node 4 146.9
MEM records_array_8m retain-parse bun 4 91.7
MEM records_array_8m retain-parse baseline 4 86.5
MEM records_array_8m retain-parse perry 4 86.5
MEM records_array_8m retain-parse node 4 146.7
MEM records_array_8m retain-parse bun 4 91.9
MEM records_array_8m retain-parse baseline 4 86.5
MEM records_array_8m retain-stringify perry 1 73.0
MEM records_array_8m retain-stringify node 1 114.2
MEM records_array_8m retain-stringify bun 1 73.5
MEM records_array_8m retain-stringify baseline 1 73.0
MEM records_array_8m retain-stringify perry 1 73.0
MEM records_array_8m retain-stringify node 1 114.2
MEM records_array_8m retain-stringify bun 1 73.5
MEM records_array_8m retain-stringify baseline 1 73.0
MEM records_array_8m retain-stringify perry 1 73.0
MEM records_array_8m retain-stringify node 1 114.2
MEM records_array_8m retain-stringify bun 1 73.4
MEM records_array_8m retain-stringify baseline 1 73.0
MEM records_array_8m retain-stringify perry 4 91.8
MEM records_array_8m retain-stringify node 4 144.0
MEM records_array_8m retain-stringify bun 4 94.5
MEM records_array_8m retain-stringify baseline 4 91.8
MEM records_array_8m retain-stringify perry 4 91.8
MEM records_array_8m retain-stringify node 4 144.0
MEM records_array_8m retain-stringify bun 4 94.5
MEM records_array_8m retain-stringify baseline 4 91.8
MEM records_array_8m retain-stringify perry 4 91.8
MEM records_array_8m retain-stringify node 4 144.0
MEM records_array_8m retain-stringify bun 4 94.5
MEM records_array_8m retain-stringify baseline 4 91.8
MEM records_object_8m retain-parse perry 1 36.4
MEM records_object_8m retain-parse node 1 94.3
MEM records_object_8m retain-parse bun 1 52.3
MEM records_object_8m retain-parse baseline 1 36.4
MEM records_object_8m retain-parse perry 1 36.4
MEM records_object_8m retain-parse node 1 94.4
MEM records_object_8m retain-parse bun 1 52.3
MEM records_object_8m retain-parse baseline 1 36.4
MEM records_object_8m retain-parse perry 1 36.4
MEM records_object_8m retain-parse node 1 94.2
MEM records_object_8m retain-parse bun 1 52.3
MEM records_object_8m retain-parse baseline 1 36.4
MEM records_object_8m retain-parse perry 4 97.7
MEM records_object_8m retain-parse node 4 146.9
MEM records_object_8m retain-parse bun 4 91.9
MEM records_object_8m retain-parse baseline 4 97.7
MEM records_object_8m retain-parse perry 4 97.7
MEM records_object_8m retain-parse node 4 146.9
MEM records_object_8m retain-parse bun 4 91.8
MEM records_object_8m retain-parse baseline 4 97.7
MEM records_object_8m retain-parse perry 4 97.7
MEM records_object_8m retain-parse node 4 146.6
MEM records_object_8m retain-parse bun 4 91.9
MEM records_object_8m retain-parse baseline 4 97.7
MEM records_object_8m retain-stringify perry 1 73.0
MEM records_object_8m retain-stringify node 1 114.3
MEM records_object_8m retain-stringify bun 1 73.5
MEM records_object_8m retain-stringify baseline 1 73.0
MEM records_object_8m retain-stringify perry 1 73.1
MEM records_object_8m retain-stringify node 1 114.2
MEM records_object_8m retain-stringify bun 1 73.5
MEM records_object_8m retain-stringify baseline 1 73.0
MEM records_object_8m retain-stringify perry 1 73.1
MEM records_object_8m retain-stringify node 1 114.2
MEM records_object_8m retain-stringify bun 1 73.5
MEM records_object_8m retain-stringify baseline 1 73.0
MEM records_object_8m retain-stringify perry 4 91.8
MEM records_object_8m retain-stringify node 4 143.7
MEM records_object_8m retain-stringify bun 4 94.5
MEM records_object_8m retain-stringify baseline 4 91.8
MEM records_object_8m retain-stringify perry 4 91.8
MEM records_object_8m retain-stringify node 4 144.1
MEM records_object_8m retain-stringify bun 4 94.5
MEM records_object_8m retain-stringify baseline 4 91.8
MEM records_object_8m retain-stringify perry 4 91.8
MEM records_object_8m retain-stringify node 4 143.9
MEM records_object_8m retain-stringify bun 4 94.5
MEM records_object_8m retain-stringify baseline 4 91.8
MEM long_string_1m retain-parse perry 1 15.5
MEM long_string_1m retain-parse node 1 56.5
MEM long_string_1m retain-parse bun 1 30.6
MEM long_string_1m retain-parse baseline 1 15.5
MEM long_string_1m retain-parse perry 1 15.5
MEM long_string_1m retain-parse node 1 56.5
MEM long_string_1m retain-parse bun 1 30.5
MEM long_string_1m retain-parse baseline 1 15.5
MEM long_string_1m retain-parse perry 1 15.5
MEM long_string_1m retain-parse node 1 56.6
MEM long_string_1m retain-parse bun 1 30.5
MEM long_string_1m retain-parse baseline 1 15.5
MEM long_string_1m retain-parse perry 32 57.0
MEM long_string_1m retain-parse node 32 89.0
MEM long_string_1m retain-parse bun 32 61.6
MEM long_string_1m retain-parse baseline 32 56.9
MEM long_string_1m retain-parse perry 32 57.0
MEM long_string_1m retain-parse node 32 89.2
MEM long_string_1m retain-parse bun 32 61.7
MEM long_string_1m retain-parse baseline 32 56.9
MEM long_string_1m retain-parse perry 32 57.0
MEM long_string_1m retain-parse node 32 89.1
MEM long_string_1m retain-parse bun 32 61.7
MEM long_string_1m retain-parse baseline 32 56.9
MEM long_string_1m retain-stringify perry 1 19.0
MEM long_string_1m retain-stringify node 1 60.5
MEM long_string_1m retain-stringify bun 1 32.6
MEM long_string_1m retain-stringify baseline 1 19.0
MEM long_string_1m retain-stringify perry 1 19.0
MEM long_string_1m retain-stringify node 1 60.5
MEM long_string_1m retain-stringify bun 1 32.7
MEM long_string_1m retain-stringify baseline 1 19.0
MEM long_string_1m retain-stringify perry 1 19.0
MEM long_string_1m retain-stringify node 1 60.5
MEM long_string_1m retain-stringify bun 1 32.6
MEM long_string_1m retain-stringify baseline 1 19.0
MEM long_string_1m retain-stringify perry 32 58.9
MEM long_string_1m retain-stringify node 32 92.3
MEM long_string_1m retain-stringify bun 32 63.7
MEM long_string_1m retain-stringify baseline 32 58.9
MEM long_string_1m retain-stringify perry 32 58.9
MEM long_string_1m retain-stringify node 32 92.2
MEM long_string_1m retain-stringify bun 32 63.8
MEM long_string_1m retain-stringify baseline 32 58.9
MEM long_string_1m retain-stringify perry 32 58.9
MEM long_string_1m retain-stringify node 32 92.2
MEM long_string_1m retain-stringify bun 32 63.8
MEM long_string_1m retain-stringify baseline 32 58.9
MEM unicode_1m retain-parse perry 1 14.7
MEM unicode_1m retain-parse node 1 57.6
MEM unicode_1m retain-parse bun 1 31.3
MEM unicode_1m retain-parse baseline 1 14.7
MEM unicode_1m retain-parse perry 1 14.7
MEM unicode_1m retain-parse node 1 57.6
MEM unicode_1m retain-parse bun 1 31.3
MEM unicode_1m retain-parse baseline 1 14.7
MEM unicode_1m retain-parse perry 1 14.7
MEM unicode_1m retain-parse node 1 57.6
MEM unicode_1m retain-parse bun 1 31.3
MEM unicode_1m retain-parse baseline 1 14.7
MEM unicode_1m retain-parse perry 32 44.9
MEM unicode_1m retain-parse node 32 86.2
MEM unicode_1m retain-parse bun 32 58.9
MEM unicode_1m retain-parse baseline 32 44.9
MEM unicode_1m retain-parse perry 32 44.9
MEM unicode_1m retain-parse node 32 86.3
MEM unicode_1m retain-parse bun 32 59.0
MEM unicode_1m retain-parse baseline 32 44.9
MEM unicode_1m retain-parse perry 32 44.9
MEM unicode_1m retain-parse node 32 86.3
MEM unicode_1m retain-parse bun 32 58.9
MEM unicode_1m retain-parse baseline 32 44.9
MEM unicode_1m retain-stringify perry 1 16.9
MEM unicode_1m retain-stringify node 1 60.9
MEM unicode_1m retain-stringify bun 1 34.0
MEM unicode_1m retain-stringify baseline 1 17.0
MEM unicode_1m retain-stringify perry 1 16.9
MEM unicode_1m retain-stringify node 1 60.8
MEM unicode_1m retain-stringify bun 1 34.1
MEM unicode_1m retain-stringify baseline 1 17.0
MEM unicode_1m retain-stringify perry 1 16.9
MEM unicode_1m retain-stringify node 1 60.9
MEM unicode_1m retain-stringify bun 1 34.0
MEM unicode_1m retain-stringify baseline 1 17.0
MEM unicode_1m retain-stringify perry 32 46.9
MEM unicode_1m retain-stringify node 32 89.1
MEM unicode_1m retain-stringify bun 32 61.8
MEM unicode_1m retain-stringify baseline 32 47.0
MEM unicode_1m retain-stringify perry 32 46.9
MEM unicode_1m retain-stringify node 32 89.1
MEM unicode_1m retain-stringify bun 32 61.8
MEM unicode_1m retain-stringify baseline 32 47.0
MEM unicode_1m retain-stringify perry 32 46.9
MEM unicode_1m retain-stringify node 32 89.1
MEM unicode_1m retain-stringify bun 32 62.2
MEM unicode_1m retain-stringify baseline 32 47.0
MEM wide_1m retain-parse perry 1 24.2
MEM wide_1m retain-parse node 1 65.6
MEM wide_1m retain-parse bun 1 36.3
MEM wide_1m retain-parse baseline 1 24.3
MEM wide_1m retain-parse perry 1 24.2
MEM wide_1m retain-parse node 1 65.6
MEM wide_1m retain-parse bun 1 36.4
MEM wide_1m retain-parse baseline 1 24.3
MEM wide_1m retain-parse perry 1 24.3
MEM wide_1m retain-parse node 1 65.5
MEM wide_1m retain-parse bun 1 36.4
MEM wide_1m retain-parse baseline 1 24.3
MEM wide_1m retain-parse perry 16 71.4
MEM wide_1m retain-parse node 16 112.4
MEM wide_1m retain-parse bun 16 68.9
MEM wide_1m retain-parse baseline 16 71.5
MEM wide_1m retain-parse perry 16 71.4
MEM wide_1m retain-parse node 16 112.5
MEM wide_1m retain-parse bun 16 68.9
MEM wide_1m retain-parse baseline 16 71.5
MEM wide_1m retain-parse perry 16 71.4
MEM wide_1m retain-parse node 16 112.4
MEM wide_1m retain-parse bun 16 68.9
MEM wide_1m retain-parse baseline 16 71.5
MEM wide_1m retain-stringify perry 1 30.5
MEM wide_1m retain-stringify node 1 68.6
MEM wide_1m retain-stringify bun 1 39.3
MEM wide_1m retain-stringify baseline 1 30.5
MEM wide_1m retain-stringify perry 1 30.4
MEM wide_1m retain-stringify node 1 68.6
MEM wide_1m retain-stringify bun 1 39.2
MEM wide_1m retain-stringify baseline 1 30.5
MEM wide_1m retain-stringify perry 1 30.4
MEM wide_1m retain-stringify node 1 68.6
MEM wide_1m retain-stringify bun 1 39.2
MEM wide_1m retain-stringify baseline 1 30.5
MEM wide_1m retain-stringify perry 16 45.6
MEM wide_1m retain-stringify node 16 86.4
MEM wide_1m retain-stringify bun 16 53.5
MEM wide_1m retain-stringify baseline 16 45.7
MEM wide_1m retain-stringify perry 16 45.7
MEM wide_1m retain-stringify node 16 86.5
MEM wide_1m retain-stringify bun 16 53.5
MEM wide_1m retain-stringify baseline 16 45.7
MEM wide_1m retain-stringify perry 16 45.6
MEM wide_1m retain-stringify node 16 86.4
MEM wide_1m retain-stringify bun 16 53.4
MEM wide_1m retain-stringify baseline 16 45.7
PASSED memory 432
