CHECKED short null parse 2000000
CHECKED short null stringify 2000000
CHECKED short string_a parse 2000000
CHECKED short string_a stringify 2000000
CHECKED short empty_object parse 2000000
CHECKED short empty_object stringify 2000000
CHECKED short tiny_object parse 2000000
CHECKED short tiny_object stringify 2000000
CHECKED short small_record parse 573841
CHECKED short small_record stringify 1269389
CHECKED short object_1k parse 565193
CHECKED short object_1k stringify 659703
CHECKED short records_array_16k parse 6685
CHECKED short records_array_16k stringify 10097
CHECKED short records_array_1m parse 95
CHECKED short records_array_1m stringify 175
CHECKED short records_object_1m parse 71
CHECKED short records_object_1m stringify 176
CHECKED short records_array_8m parse 10
CHECKED short records_array_8m stringify 20
CHECKED short records_object_8m parse 8
CHECKED short records_object_8m stringify 20
CHECKED short records_array_20m parse 3
CHECKED short records_array_20m stringify 8
CHECKED short records_object_20m parse 3
CHECKED short records_object_20m stringify 8
CHECKED short numbers_1m parse 92
CHECKED short numbers_1m stringify 96
CHECKED short long_string_1m parse 1208
CHECKED short long_string_1m stringify 1167
CHECKED short escaped_1m parse 82
CHECKED short escaped_1m stringify 169
CHECKED short unicode_1m parse 1488
CHECKED short unicode_1m stringify 1356
CHECKED short wide_1m parse 36
CHECKED short wide_1m stringify 216
CHECKED short heterogeneous_1m parse 79
CHECKED short heterogeneous_1m stringify 165
CHECKED empty empty_object parse 2000000
CHECKED empty tiny_object parse 2000000
CHECKED empty small_record parse 573841
CHECKED empty object_1k parse 565193
CHECKED empty tiny_object stringify 2000000
CHECKED empty small_record stringify 1269389
CHECKED entry records_array_1m parse 95
CHECKED entry records_array_8m parse 10
CHECKED entry heterogeneous_1m parse 79
CHECKED tape escaped_1m stringify 169
CHECKED tape wide_1m stringify 216
CHECKED tape numbers_1m parse 92
CHECKED count escaped_1m stringify 169
CHECKED count wide_1m stringify 216
CHECKED count numbers_1m parse 92
CHECKED count long_string_1m parse 1208
CHECKED count unicode_1m parse 1488
CHECKED count records_object_20m parse 3
CHECKED plan tiny_object parse 2000000
CHECKED plan small_record parse 573841
CHECKED plan object_1k parse 565193
CHECKED plan records_object_1m parse 71
CHECKED plan records_object_8m parse 8
CHECKED marker escaped_1m stringify 169
CHECKED marker records_array_16k parse 6685
CHECKED marker records_array_1m parse 95
CHECKED inline null parse 2000000
CHECKED inline string_a parse 2000000
CHECKED inline empty_object parse 2000000
CHECKED inline tiny_object parse 2000000
CHECKED inline small_record stringify 1269389
Retained empty-object checks complete 24
