CHECKED marker null parse 2000000
CHECKED marker null stringify 2000000
CHECKED marker string_a parse 2000000
CHECKED marker string_a stringify 2000000
CHECKED marker empty_object parse 2000000
CHECKED marker empty_object stringify 2000000
CHECKED marker tiny_object parse 2000000
CHECKED marker tiny_object stringify 2000000
CHECKED marker small_record parse 577987
CHECKED marker small_record stringify 1294733
CHECKED marker object_1k parse 556886
CHECKED marker object_1k stringify 644237
CHECKED marker records_array_16k parse 6648
CHECKED marker records_array_16k stringify 9729
CHECKED marker records_array_1m parse 95
CHECKED marker records_array_1m stringify 174
CHECKED marker records_object_1m parse 70
CHECKED marker records_object_1m stringify 178
CHECKED marker records_array_8m parse 10
CHECKED marker records_array_8m stringify 21
CHECKED marker records_object_8m parse 8
CHECKED marker records_object_8m stringify 20
CHECKED marker records_array_20m parse 3
CHECKED marker records_array_20m stringify 8
CHECKED marker records_object_20m parse 3
CHECKED marker records_object_20m stringify 8
CHECKED marker numbers_1m parse 92
CHECKED marker numbers_1m stringify 96
CHECKED marker long_string_1m parse 1314
CHECKED marker long_string_1m stringify 1164
CHECKED marker escaped_1m parse 82
CHECKED marker escaped_1m stringify 168
CHECKED marker unicode_1m parse 1420
CHECKED marker unicode_1m stringify 1386
CHECKED marker wide_1m parse 36
CHECKED marker wide_1m stringify 214
CHECKED marker heterogeneous_1m parse 80
CHECKED marker heterogeneous_1m stringify 168
CHECKED empty empty_object parse 2000000
CHECKED empty tiny_object parse 2000000
CHECKED empty small_record parse 577987
CHECKED empty object_1k parse 556886
CHECKED empty tiny_object stringify 2000000
CHECKED empty small_record stringify 1294733
CHECKED entry records_array_1m parse 95
CHECKED entry records_array_8m parse 10
CHECKED entry heterogeneous_1m parse 80
CHECKED tape escaped_1m stringify 168
CHECKED tape wide_1m stringify 214
CHECKED tape numbers_1m parse 92
CHECKED count escaped_1m stringify 168
CHECKED count wide_1m stringify 214
CHECKED count numbers_1m parse 92
CHECKED count long_string_1m parse 1314
CHECKED count unicode_1m parse 1420
CHECKED count records_object_20m parse 3
CHECKED plan tiny_object parse 2000000
CHECKED plan small_record parse 577987
CHECKED plan object_1k parse 556886
CHECKED plan records_object_1m parse 70
CHECKED plan records_object_8m parse 8
Retained empty-object checks complete 24
