VERIFY null parse [('perry', True), ('node', True), ('bun', True), ('baseline', True)]
VERIFY null stringify [('perry', True), ('node', True), ('bun', True), ('baseline', True)]
VERIFY string_a parse [('perry', True), ('node', True), ('bun', True), ('baseline', True)]
VERIFY string_a stringify [('perry', True), ('node', True), ('bun', True), ('baseline', True)]
VERIFY empty_object parse [('perry', True), ('node', True), ('bun', True), ('baseline', True)]
VERIFY empty_object stringify [('perry', True), ('node', True), ('bun', True), ('baseline', True)]
VERIFY tiny_object parse [('perry', True), ('node', True), ('bun', True), ('baseline', True)]
VERIFY tiny_object stringify [('perry', True), ('node', True), ('bun', True), ('baseline', True)]
VERIFY small_record parse [('perry', True), ('node', True), ('bun', True), ('baseline', True)]
VERIFY small_record stringify [('perry', True), ('node', True), ('bun', True), ('baseline', True)]
VERIFY object_1k parse [('perry', True), ('node', True), ('bun', True), ('baseline', True)]
VERIFY object_1k stringify [('perry', True), ('node', True), ('bun', True), ('baseline', True)]
VERIFY records_array_16k parse [('perry', True), ('node', True), ('bun', True), ('baseline', True)]
VERIFY records_array_16k stringify [('perry', True), ('node', True), ('bun', True), ('baseline', True)]
VERIFY records_array_16k sparse [('perry', True), ('node', True), ('bun', True), ('baseline', True)]
VERIFY records_array_16k scan [('perry', True), ('node', True), ('bun', True), ('baseline', True)]
VERIFY records_array_16k roundtrip [('perry', True), ('node', True), ('bun', True), ('baseline', True)]
VERIFY records_array_1m parse [('perry', True), ('node', True), ('bun', True), ('baseline', True)]
VERIFY records_array_1m stringify [('perry', True), ('node', True), ('bun', True), ('baseline', True)]
VERIFY records_array_1m sparse [('perry', True), ('node', True), ('bun', True), ('baseline', True)]
VERIFY records_array_1m scan [('perry', True), ('node', True), ('bun', True), ('baseline', True)]
VERIFY records_array_1m roundtrip [('perry', True), ('node', True), ('bun', True), ('baseline', True)]
VERIFY records_object_1m parse [('perry', True), ('node', True), ('bun', True), ('baseline', True)]
VERIFY records_object_1m stringify [('perry', True), ('node', True), ('bun', True), ('baseline', True)]
VERIFY records_array_8m parse [('perry', True), ('node', True), ('bun', True), ('baseline', True)]
VERIFY records_array_8m stringify [('perry', True), ('node', True), ('bun', True), ('baseline', True)]
VERIFY records_array_8m sparse [('perry', True), ('node', True), ('bun', True), ('baseline', True)]
VERIFY records_array_8m scan [('perry', True), ('node', True), ('bun', True), ('baseline', True)]
VERIFY records_array_8m roundtrip [('perry', True), ('node', True), ('bun', True), ('baseline', True)]
VERIFY records_object_8m parse [('perry', True), ('node', True), ('bun', True), ('baseline', True)]
VERIFY records_object_8m stringify [('perry', True), ('node', True), ('bun', True), ('baseline', True)]
VERIFY records_array_20m parse [('perry', True), ('node', True), ('bun', True), ('baseline', True)]
VERIFY records_array_20m stringify [('perry', True), ('node', True), ('bun', True), ('baseline', True)]
VERIFY records_array_20m sparse [('perry', True), ('node', True), ('bun', True), ('baseline', True)]
VERIFY records_array_20m scan [('perry', True), ('node', True), ('bun', True), ('baseline', True)]
VERIFY records_array_20m roundtrip [('perry', True), ('node', True), ('bun', True), ('baseline', True)]
VERIFY records_object_20m parse [('perry', True), ('node', True), ('bun', True), ('baseline', True)]
VERIFY records_object_20m stringify [('perry', True), ('node', True), ('bun', True), ('baseline', True)]
VERIFY numbers_1m parse [('perry', True), ('node', True), ('bun', True), ('baseline', True)]
VERIFY numbers_1m stringify [('perry', True), ('node', True), ('bun', True), ('baseline', True)]
VERIFY long_string_1m parse [('perry', True), ('node', True), ('bun', True), ('baseline', True)]
VERIFY long_string_1m stringify [('perry', True), ('node', True), ('bun', True), ('baseline', True)]
VERIFY escaped_1m parse [('perry', True), ('node', True), ('bun', True), ('baseline', True)]
VERIFY escaped_1m stringify [('perry', True), ('node', True), ('bun', True), ('baseline', True)]
VERIFY unicode_1m parse [('perry', True), ('node', True), ('bun', True), ('baseline', True)]
VERIFY unicode_1m stringify [('perry', True), ('node', True), ('bun', True), ('baseline', True)]
VERIFY wide_1m parse [('perry', True), ('node', True), ('bun', True), ('baseline', True)]
VERIFY wide_1m stringify [('perry', True), ('node', True), ('bun', True), ('baseline', True)]
VERIFY heterogeneous_1m parse [('perry', True), ('node', True), ('bun', True), ('baseline', True)]
VERIFY heterogeneous_1m stringify [('perry', True), ('node', True), ('bun', True), ('baseline', True)]
RUN null parse baseline None 0 2000000 21.25 
RUN null parse perry None 0 2000000 21.27 
RUN null parse bun None 0 2000000 33.79 
RUN null parse node None 0 2000000 53.33 
RUN null parse perry None 1 2000000 21.25 
RUN null parse baseline None 1 2000000 21.26 
RUN null parse node None 1 2000000 53.3 
RUN null parse bun None 1 2000000 34.22 
RUN null parse node None 2 2000000 53.31 
RUN null parse perry None 2 2000000 21.26 
RUN null parse bun None 2 2000000 34.3 
RUN null parse baseline None 2 2000000 21.25 
RUN null parse node None 3 2000000 53.31 
RUN null parse perry None 3 2000000 21.27 
RUN null parse baseline None 3 2000000 21.26 
RUN null parse bun None 3 2000000 34.46 
RUN null parse bun None 4 2000000 33.93 
RUN null parse baseline None 4 2000000 21.24 
RUN null parse node None 4 2000000 53.31 
RUN null parse perry None 4 2000000 21.25 
RUN null stringify baseline None 0 2000000 13.13 
RUN null stringify bun None 0 2000000 53.26 
RUN null stringify perry None 0 2000000 13.12 
RUN null stringify node None 0 2000000 52.8 
RUN null stringify baseline None 1 2000000 13.13 
RUN null stringify node None 1 2000000 52.74 
RUN null stringify perry None 1 2000000 13.13 
RUN null stringify bun None 1 2000000 52.7 
RUN null stringify node None 2 2000000 52.66 
RUN null stringify baseline None 2 2000000 13.12 
RUN null stringify perry None 2 2000000 13.14 
RUN null stringify bun None 2 2000000 53.02 
RUN null stringify bun None 3 2000000 53.42 
RUN null stringify perry None 3 2000000 13.25 
RUN null stringify baseline None 3 2000000 13.14 
RUN null stringify node None 3 2000000 52.63 
RUN null stringify bun None 4 2000000 52.72 
RUN null stringify baseline None 4 2000000 13.12 
RUN null stringify node None 4 2000000 52.63 
RUN null stringify perry None 4 2000000 13.15 
RUN string_a parse node None 0 2000000 62.05 
RUN string_a parse baseline None 0 2000000 26.0 
RUN string_a parse bun None 0 2000000 40.76 
RUN string_a parse perry None 0 2000000 25.72 
RUN string_a parse bun None 1 2000000 40.85 
RUN string_a parse perry None 1 2000000 25.74 
RUN string_a parse baseline None 1 2000000 25.75 
RUN string_a parse node None 1 2000000 62.04 
RUN string_a parse perry None 2 2000000 25.74 
RUN string_a parse baseline None 2 2000000 25.73 
RUN string_a parse bun None 2 2000000 40.9 
RUN string_a parse node None 2 2000000 62.04 
RUN string_a parse baseline None 3 2000000 25.74 
RUN string_a parse node None 3 2000000 62.03 
RUN string_a parse perry None 3 2000000 25.74 
RUN string_a parse bun None 3 2000000 40.88 
RUN string_a parse perry None 4 2000000 25.75 
RUN string_a parse node None 4 2000000 62.05 
RUN string_a parse bun None 4 2000000 41.03 
RUN string_a parse baseline None 4 2000000 25.87 
RUN string_a stringify baseline None 0 2000000 19.38 
RUN string_a stringify bun None 0 2000000 52.79 
RUN string_a stringify node None 0 2000000 58.32 
RUN string_a stringify perry None 0 2000000 19.38 
RUN string_a stringify bun None 1 2000000 52.85 
RUN string_a stringify perry None 1 2000000 19.37 
RUN string_a stringify node None 1 2000000 58.28 
RUN string_a stringify baseline None 1 2000000 19.5 
RUN string_a stringify baseline None 2 2000000 19.38 
RUN string_a stringify perry None 2 2000000 19.39 
RUN string_a stringify node None 2 2000000 58.28 
RUN string_a stringify bun None 2 2000000 54.63 
RUN string_a stringify perry None 3 2000000 19.37 
RUN string_a stringify baseline None 3 2000000 19.39 
RUN string_a stringify bun None 3 2000000 53.58 
RUN string_a stringify node None 3 2000000 58.27 
RUN string_a stringify bun None 4 2000000 52.98 
RUN string_a stringify node None 4 2000000 58.28 
RUN string_a stringify baseline None 4 2000000 19.37 
RUN string_a stringify perry None 4 2000000 19.37 
RUN empty_object parse node None 0 2000000 88.51 
RUN empty_object parse perry None 0 2000000 47.91 
RUN empty_object parse bun None 0 2000000 43.27 
RUN empty_object parse baseline None 0 2000000 47.97 
RUN empty_object parse node None 1 2000000 88.5 
RUN empty_object parse bun None 1 2000000 43.14 
RUN empty_object parse baseline None 1 2000000 47.97 
RUN empty_object parse perry None 1 2000000 48.13 
RUN empty_object parse bun None 2 2000000 43.2 
RUN empty_object parse node None 2 2000000 88.49 
RUN empty_object parse perry None 2 2000000 47.88 
RUN empty_object parse baseline None 2 2000000 47.9 
RUN empty_object parse node None 3 2000000 88.46 
RUN empty_object parse perry None 3 2000000 47.91 
RUN empty_object parse bun None 3 2000000 43.16 
RUN empty_object parse baseline None 3 2000000 47.9 
RUN empty_object parse baseline None 4 2000000 47.98 
RUN empty_object parse bun None 4 2000000 43.12 
RUN empty_object parse node None 4 2000000 88.64 
RUN empty_object parse perry None 4 2000000 47.9 
RUN empty_object stringify perry None 0 2000000 35.22 
RUN empty_object stringify node None 0 2000000 62.12 
RUN empty_object stringify baseline None 0 2000000 35.2 
RUN empty_object stringify bun None 0 2000000 55.59 
RUN empty_object stringify node None 1 2000000 62.18 
RUN empty_object stringify bun None 1 2000000 55.17 
RUN empty_object stringify perry None 1 2000000 35.23 
RUN empty_object stringify baseline None 1 2000000 35.25 
RUN empty_object stringify baseline None 2 2000000 35.22 
RUN empty_object stringify bun None 2 2000000 55.38 
RUN empty_object stringify perry None 2 2000000 35.22 
RUN empty_object stringify node None 2 2000000 62.18 
RUN empty_object stringify node None 3 2000000 62.13 
RUN empty_object stringify baseline None 3 2000000 35.22 
RUN empty_object stringify perry None 3 2000000 35.36 
RUN empty_object stringify bun None 3 2000000 54.99 
RUN empty_object stringify perry None 4 2000000 35.26 
RUN empty_object stringify node None 4 2000000 62.19 
RUN empty_object stringify bun None 4 2000000 55.61 
RUN empty_object stringify baseline None 4 2000000 35.25 
RUN tiny_object parse perry None 0 2000000 74.54 
RUN tiny_object parse baseline None 0 2000000 74.51 
RUN tiny_object parse bun None 0 2000000 85.2 
RUN tiny_object parse node None 0 2000000 161.99 
RUN tiny_object parse perry None 1 2000000 74.64 
RUN tiny_object parse node None 1 2000000 162.56 
RUN tiny_object parse baseline None 1 2000000 74.41 
RUN tiny_object parse bun None 1 2000000 85.22 
RUN tiny_object parse baseline None 2 2000000 74.52 
RUN tiny_object parse node None 2 2000000 158.14 
RUN tiny_object parse bun None 2 2000000 85.95 
RUN tiny_object parse perry None 2 2000000 74.6 
RUN tiny_object parse node None 3 2000000 163.46 
RUN tiny_object parse baseline None 3 2000000 74.53 
RUN tiny_object parse perry None 3 2000000 74.81 
RUN tiny_object parse bun None 3 2000000 85.96 
RUN tiny_object parse bun None 4 2000000 85.89 
RUN tiny_object parse node None 4 2000000 162.78 
RUN tiny_object parse baseline None 4 2000000 74.28 
RUN tiny_object parse perry None 4 2000000 74.39 
RUN tiny_object stringify bun None 0 2000000 74.35 
RUN tiny_object stringify perry None 0 2000000 67.78 
RUN tiny_object stringify node None 0 2000000 72.47 
RUN tiny_object stringify baseline None 0 2000000 67.86 
RUN tiny_object stringify bun None 1 2000000 74.25 
RUN tiny_object stringify baseline None 1 2000000 67.96 
RUN tiny_object stringify node None 1 2000000 72.62 
RUN tiny_object stringify perry None 1 2000000 68.0 
RUN tiny_object stringify bun None 2 2000000 74.71 
RUN tiny_object stringify baseline None 2 2000000 67.86 
RUN tiny_object stringify perry None 2 2000000 67.82 
RUN tiny_object stringify node None 2 2000000 72.86 
RUN tiny_object stringify perry None 3 2000000 67.81 
RUN tiny_object stringify node None 3 2000000 72.59 
RUN tiny_object stringify bun None 3 2000000 74.97 
RUN tiny_object stringify baseline None 3 2000000 67.84 
RUN tiny_object stringify bun None 4 2000000 74.24 
RUN tiny_object stringify node None 4 2000000 72.62 
RUN tiny_object stringify perry None 4 2000000 67.8 
RUN tiny_object stringify baseline None 4 2000000 67.85 
RUN small_record parse perry None 0 1593625 157.82 
RUN small_record parse baseline None 0 1593625 158.08 
RUN small_record parse bun None 0 1593625 386.3 
RUN small_record parse node None 0 1593625 568.53 
RUN small_record parse perry None 1 1593625 157.46 
RUN small_record parse baseline None 1 1593625 157.65 
RUN small_record parse bun None 1 1593625 386.08 
RUN small_record parse node None 1 1593625 553.28 
RUN small_record parse node None 2 1593625 539.99 
RUN small_record parse perry None 2 1593625 157.9 
RUN small_record parse baseline None 2 1593625 157.56 
RUN small_record parse bun None 2 1593625 383.62 
RUN small_record parse baseline None 3 1593625 158.2 
RUN small_record parse bun None 3 1593625 385.52 
RUN small_record parse perry None 3 1593625 157.77 
RUN small_record parse node None 3 1593625 528.25 
RUN small_record parse baseline None 4 1593625 157.71 
RUN small_record parse node None 4 1593625 519.66 
RUN small_record parse bun None 4 1593625 383.31 
RUN small_record parse perry None 4 1593625 158.52 
RUN small_record stringify bun None 0 2000000 233.7 
RUN small_record stringify node None 0 2000000 214.12 
RUN small_record stringify perry None 0 2000000 91.16 
RUN small_record stringify baseline None 0 2000000 91.8 
RUN small_record stringify perry None 1 2000000 91.35 
RUN small_record stringify node None 1 2000000 214.25 
RUN small_record stringify baseline None 1 2000000 91.41 
RUN small_record stringify bun None 1 2000000 234.19 
RUN small_record stringify bun None 2 2000000 233.8 
RUN small_record stringify node None 2 2000000 213.31 
RUN small_record stringify perry None 2 2000000 91.34 
RUN small_record stringify baseline None 2 2000000 91.45 
RUN small_record stringify baseline None 3 2000000 91.37 
RUN small_record stringify bun None 3 2000000 233.84 
RUN small_record stringify node None 3 2000000 214.03 
RUN small_record stringify perry None 3 2000000 91.46 
RUN small_record stringify bun None 4 2000000 234.46 
RUN small_record stringify node None 4 2000000 213.49 
RUN small_record stringify perry None 4 2000000 91.35 
RUN small_record stringify baseline None 4 2000000 91.82 
RUN object_1k parse bun None 0 1965601 438.34 
RUN object_1k parse baseline None 0 1965601 162.39 
RUN object_1k parse node None 0 1965601 1040.26 
RUN object_1k parse perry None 0 1965601 162.47 
RUN object_1k parse baseline None 1 1965601 162.29 
RUN object_1k parse node None 1 1965601 1040.65 
RUN object_1k parse perry None 1 1965601 162.39 
RUN object_1k parse bun None 1 1965601 437.54 
RUN object_1k parse baseline None 2 1965601 162.24 
RUN object_1k parse bun None 2 1965601 438.05 
RUN object_1k parse perry None 2 1965601 162.05 
RUN object_1k parse node None 2 1965601 1049.39 
RUN object_1k parse baseline None 3 1965601 162.78 
RUN object_1k parse node None 3 1965601 1054.87 
RUN object_1k parse bun None 3 1965601 438.4 
RUN object_1k parse perry None 3 1965601 162.33 
RUN object_1k parse bun None 4 1965601 437.76 
RUN object_1k parse perry None 4 1965601 162.09 
RUN object_1k parse baseline None 4 1965601 162.2 
RUN object_1k parse node None 4 1965601 1040.59 
RUN object_1k stringify perry None 0 1025784 118.45 
RUN object_1k stringify node None 0 1025784 196.07 
RUN object_1k stringify baseline None 0 1025784 118.7 
RUN object_1k stringify bun None 0 1025784 209.15 
RUN object_1k stringify perry None 1 1025784 118.53 
RUN object_1k stringify node None 1 1025784 195.77 
RUN object_1k stringify baseline None 1 1025784 118.95 
RUN object_1k stringify bun None 1 1025784 209.44 
RUN object_1k stringify bun None 2 1025784 209.37 
RUN object_1k stringify baseline None 2 1025784 118.61 
RUN object_1k stringify perry None 2 1025784 118.23 
RUN object_1k stringify node None 2 1025784 195.64 
RUN object_1k stringify perry None 3 1025784 118.04 
RUN object_1k stringify bun None 3 1025784 209.07 
RUN object_1k stringify node None 3 1025784 195.66 
RUN object_1k stringify baseline None 3 1025784 118.74 
RUN object_1k stringify perry None 4 1025784 118.75 
RUN object_1k stringify bun None 4 1025784 209.39 
RUN object_1k stringify node None 4 1025784 195.61 
RUN object_1k stringify baseline None 4 1025784 118.59 
RUN records_array_16k parse perry None 0 8551 156.33 
RUN records_array_16k parse baseline None 0 8551 155.64 
RUN records_array_16k parse node None 0 8551 346.25 
RUN records_array_16k parse bun None 0 8551 288.81 
RUN records_array_16k parse baseline None 1 8551 155.55 
RUN records_array_16k parse perry None 1 8551 156.41 
RUN records_array_16k parse node None 1 8551 355.94 
RUN records_array_16k parse bun None 1 8551 289.2 
RUN records_array_16k parse perry None 2 8551 156.58 
RUN records_array_16k parse bun None 2 8551 289.44 
RUN records_array_16k parse node None 2 8551 359.03 
RUN records_array_16k parse baseline None 2 8551 155.64 
RUN records_array_16k parse baseline None 3 8551 155.49 
RUN records_array_16k parse node None 3 8551 347.49 
RUN records_array_16k parse perry None 3 8551 156.26 
RUN records_array_16k parse bun None 3 8551 288.88 
RUN records_array_16k parse baseline None 4 8551 155.55 
RUN records_array_16k parse bun None 4 8551 288.98 
RUN records_array_16k parse node None 4 8551 324.9 
RUN records_array_16k parse perry None 4 8551 156.49 
RUN records_array_16k stringify node None 0 12972 176.56 
RUN records_array_16k stringify bun None 0 12972 300.69 
RUN records_array_16k stringify perry None 0 12972 144.16 
RUN records_array_16k stringify baseline None 0 12972 144.09 
RUN records_array_16k stringify baseline None 1 12972 144.28 
RUN records_array_16k stringify perry None 1 12972 143.27 
RUN records_array_16k stringify bun None 1 12972 301.16 
RUN records_array_16k stringify node None 1 12972 169.05 
RUN records_array_16k stringify perry None 2 12972 144.12 
RUN records_array_16k stringify baseline None 2 12972 144.28 
RUN records_array_16k stringify node None 2 12972 169.71 
RUN records_array_16k stringify bun None 2 12972 300.42 
RUN records_array_16k stringify bun None 3 12972 300.99 
RUN records_array_16k stringify node None 3 12972 169.25 
RUN records_array_16k stringify perry None 3 12972 145.1 
RUN records_array_16k stringify baseline None 3 12972 144.12 
RUN records_array_16k stringify bun None 4 12972 300.68 
RUN records_array_16k stringify baseline None 4 12972 143.93 
RUN records_array_16k stringify node None 4 12972 168.37 
RUN records_array_16k stringify perry None 4 12972 144.49 
RUN records_array_16k sparse baseline None 0 6474 157.88 
RUN records_array_16k sparse perry None 0 6474 160.2 
RUN records_array_16k sparse bun None 0 6474 219.32 
RUN records_array_16k sparse node None 0 6474 271.83 
RUN records_array_16k sparse baseline None 1 6474 158.0 
RUN records_array_16k sparse bun None 1 6474 219.28 
RUN records_array_16k sparse node None 1 6474 252.05 
RUN records_array_16k sparse perry None 1 6474 159.97 
RUN records_array_16k sparse bun None 2 6474 219.65 
RUN records_array_16k sparse perry None 2 6474 160.08 
RUN records_array_16k sparse node None 2 6474 271.77 
RUN records_array_16k sparse baseline None 2 6474 158.04 
RUN records_array_16k sparse node None 3 6474 272.09 
RUN records_array_16k sparse perry None 3 6474 160.78 
RUN records_array_16k sparse baseline None 3 6474 158.11 
RUN records_array_16k sparse bun None 3 6474 219.63 
RUN records_array_16k sparse node None 4 6474 258.87 
RUN records_array_16k sparse bun None 4 6474 219.51 
RUN records_array_16k sparse baseline None 4 6474 158.03 
RUN records_array_16k sparse perry None 4 6474 160.1 
RUN records_array_16k scan bun None 0 3715 127.17 
RUN records_array_16k scan node None 0 3715 144.19 
RUN records_array_16k scan baseline None 0 3715 235.75 
RUN records_array_16k scan perry None 0 3715 237.04 
RUN records_array_16k scan baseline None 1 3715 236.28 
RUN records_array_16k scan perry None 1 3715 236.55 
RUN records_array_16k scan node None 1 3715 155.88 
RUN records_array_16k scan bun None 1 3715 127.1 
RUN records_array_16k scan node None 2 3715 147.86 
RUN records_array_16k scan baseline None 2 3715 235.47 
RUN records_array_16k scan perry None 2 3715 236.44 
RUN records_array_16k scan bun None 2 3715 127.19 
RUN records_array_16k scan baseline None 3 3715 235.42 
RUN records_array_16k scan node None 3 3715 151.17 
RUN records_array_16k scan perry None 3 3715 236.7 
RUN records_array_16k scan bun None 3 3715 127.03 
RUN records_array_16k scan bun None 4 3715 127.03 
RUN records_array_16k scan node None 4 3715 150.14 
RUN records_array_16k scan perry None 4 3715 236.71 
RUN records_array_16k scan baseline None 4 3715 235.57 
RUN records_array_16k roundtrip perry None 0 6277 161.65 
RUN records_array_16k roundtrip node None 0 6277 325.84 
RUN records_array_16k roundtrip baseline None 0 6277 161.98 
RUN records_array_16k roundtrip bun None 0 6277 361.38 
RUN records_array_16k roundtrip bun None 1 6277 361.29 
RUN records_array_16k roundtrip perry None 1 6277 161.92 
RUN records_array_16k roundtrip baseline None 1 6277 161.22 
RUN records_array_16k roundtrip node None 1 6277 344.31 
RUN records_array_16k roundtrip bun None 2 6277 362.16 
RUN records_array_16k roundtrip node None 2 6277 324.77 
RUN records_array_16k roundtrip perry None 2 6277 161.87 
RUN records_array_16k roundtrip baseline None 2 6277 161.9 
RUN records_array_16k roundtrip bun None 3 6277 361.74 
RUN records_array_16k roundtrip baseline None 3 6277 161.72 
RUN records_array_16k roundtrip perry None 3 6277 162.25 
RUN records_array_16k roundtrip node None 3 6277 331.64 
RUN records_array_16k roundtrip baseline None 4 6277 162.04 
RUN records_array_16k roundtrip perry None 4 6277 161.93 
RUN records_array_16k roundtrip bun None 4 6277 389.36 
RUN records_array_16k roundtrip node None 4 6277 329.67 
RUN records_array_1m parse perry None 0 128 155.24 
RUN records_array_1m parse node None 0 128 332.1 
RUN records_array_1m parse baseline None 0 128 154.09 
RUN records_array_1m parse bun None 0 128 269.2 
RUN records_array_1m parse bun None 1 128 269.34 
RUN records_array_1m parse perry None 1 128 155.32 
RUN records_array_1m parse baseline None 1 128 154.8 
RUN records_array_1m parse node None 1 128 333.22 
RUN records_array_1m parse bun None 2 128 269.77 
RUN records_array_1m parse baseline None 2 128 154.71 
RUN records_array_1m parse perry None 2 128 155.43 
RUN records_array_1m parse node None 2 128 349.87 
RUN records_array_1m parse bun None 3 128 269.43 
RUN records_array_1m parse perry None 3 128 155.59 
RUN records_array_1m parse node None 3 128 324.39 
RUN records_array_1m parse baseline None 3 128 154.76 
RUN records_array_1m parse perry None 4 128 155.3 
RUN records_array_1m parse node None 4 128 325.87 
RUN records_array_1m parse bun None 4 128 305.07 
RUN records_array_1m parse baseline None 4 128 154.23 
RUN records_array_1m stringify node None 0 233 190.32 
RUN records_array_1m stringify bun None 0 233 222.85 
RUN records_array_1m stringify perry None 0 233 151.4 
RUN records_array_1m stringify baseline None 0 233 151.34 
RUN records_array_1m stringify bun None 1 233 222.75 
RUN records_array_1m stringify perry None 1 233 151.73 
RUN records_array_1m stringify baseline None 1 233 151.37 
RUN records_array_1m stringify node None 1 233 190.15 
RUN records_array_1m stringify bun None 2 233 222.23 
RUN records_array_1m stringify node None 2 233 189.93 
RUN records_array_1m stringify perry None 2 233 150.76 
RUN records_array_1m stringify baseline None 2 233 150.07 
RUN records_array_1m stringify baseline None 3 233 151.3 
RUN records_array_1m stringify node None 3 233 190.89 
RUN records_array_1m stringify bun None 3 233 222.62 
RUN records_array_1m stringify perry None 3 233 151.55 
RUN records_array_1m stringify perry None 4 233 151.36 
RUN records_array_1m stringify node None 4 233 191.67 
RUN records_array_1m stringify baseline None 4 233 151.02 
RUN records_array_1m stringify bun None 4 233 221.94 
RUN records_array_1m sparse perry None 0 123 154.41 
RUN records_array_1m sparse node None 0 123 312.33 
RUN records_array_1m sparse baseline None 0 123 153.88 
RUN records_array_1m sparse bun None 0 123 259.68 
RUN records_array_1m sparse bun None 1 123 259.92 
RUN records_array_1m sparse baseline None 1 123 153.51 
RUN records_array_1m sparse perry None 1 123 154.56 
RUN records_array_1m sparse node None 1 123 318.88 
RUN records_array_1m sparse bun None 2 123 260.07 
RUN records_array_1m sparse node None 2 123 320.18 
RUN records_array_1m sparse baseline None 2 123 153.67 
RUN records_array_1m sparse perry None 2 123 154.7 
RUN records_array_1m sparse perry None 3 123 154.72 
RUN records_array_1m sparse bun None 3 123 259.83 
RUN records_array_1m sparse node None 3 123 345.03 
RUN records_array_1m sparse baseline None 3 123 154.04 
RUN records_array_1m sparse perry None 4 123 154.72 
RUN records_array_1m sparse node None 4 123 343.56 
RUN records_array_1m sparse baseline None 4 123 154.02 
RUN records_array_1m sparse bun None 4 123 259.94 
RUN records_array_1m scan node None 0 67 174.03 
RUN records_array_1m scan perry None 0 67 217.37 
RUN records_array_1m scan bun None 0 67 141.49 
RUN records_array_1m scan baseline None 0 67 217.15 
RUN records_array_1m scan perry None 1 67 217.33 
RUN records_array_1m scan bun None 1 67 141.62 
RUN records_array_1m scan node None 1 67 186.91 
RUN records_array_1m scan baseline None 1 67 217.64 
RUN records_array_1m scan perry None 2 67 217.31 
RUN records_array_1m scan bun None 2 67 141.64 
RUN records_array_1m scan baseline None 2 67 217.12 
RUN records_array_1m scan node None 2 67 178.1 
RUN records_array_1m scan node None 3 67 176.97 
RUN records_array_1m scan perry None 3 67 218.0 
RUN records_array_1m scan bun None 3 67 141.41 
RUN records_array_1m scan baseline None 3 67 217.13 
RUN records_array_1m scan bun None 4 67 141.63 
RUN records_array_1m scan perry None 4 67 217.25 
RUN records_array_1m scan node None 4 67 184.79 
RUN records_array_1m scan baseline None 4 67 217.63 
RUN records_array_1m roundtrip perry None 0 94 158.47 
RUN records_array_1m roundtrip bun None 0 94 289.01 
RUN records_array_1m roundtrip baseline None 0 94 158.87 
RUN records_array_1m roundtrip node None 0 94 339.32 
RUN records_array_1m roundtrip bun None 1 94 288.62 
RUN records_array_1m roundtrip perry None 1 94 159.6 
RUN records_array_1m roundtrip baseline None 1 94 159.19 
RUN records_array_1m roundtrip node None 1 94 327.67 
RUN records_array_1m roundtrip baseline None 2 94 158.97 
RUN records_array_1m roundtrip node None 2 94 338.45 
RUN records_array_1m roundtrip perry None 2 94 160.16 
RUN records_array_1m roundtrip bun None 2 94 288.99 
RUN records_array_1m roundtrip bun None 3 94 288.84 
RUN records_array_1m roundtrip node None 3 94 320.99 
RUN records_array_1m roundtrip baseline None 3 94 158.51 
RUN records_array_1m roundtrip perry None 3 94 158.87 
RUN records_array_1m roundtrip baseline None 4 94 158.87 
RUN records_array_1m roundtrip perry None 4 94 159.36 
RUN records_array_1m roundtrip node None 4 94 336.38 
RUN records_array_1m roundtrip bun None 4 94 287.91 
RUN records_object_1m parse bun None 0 80 169.13 
RUN records_object_1m parse perry None 0 80 162.08 
RUN records_object_1m parse node None 0 80 222.85 
RUN records_object_1m parse baseline None 0 80 161.98 
RUN records_object_1m parse baseline None 1 80 162.56 
RUN records_object_1m parse node None 1 80 212.8 
RUN records_object_1m parse bun None 1 80 168.72 
RUN records_object_1m parse perry None 1 80 162.1 
RUN records_object_1m parse baseline None 2 80 162.31 
RUN records_object_1m parse bun None 2 80 169.11 
RUN records_object_1m parse node None 2 80 221.91 
RUN records_object_1m parse perry None 2 80 161.94 
RUN records_object_1m parse node None 3 80 225.24 
RUN records_object_1m parse baseline None 3 80 162.48 
RUN records_object_1m parse perry None 3 80 162.05 
RUN records_object_1m parse bun None 3 80 168.87 
RUN records_object_1m parse node None 4 80 212.56 
RUN records_object_1m parse baseline None 4 80 162.14 
RUN records_object_1m parse perry None 4 80 162.47 
RUN records_object_1m parse bun None 4 80 168.89 
RUN records_object_1m stringify baseline None 0 233 150.89 
RUN records_object_1m stringify node None 0 233 191.38 
RUN records_object_1m stringify perry None 0 233 151.13 
RUN records_object_1m stringify bun None 0 233 223.18 
RUN records_object_1m stringify node None 1 233 190.67 
RUN records_object_1m stringify bun None 1 233 222.95 
RUN records_object_1m stringify baseline None 1 233 152.78 
RUN records_object_1m stringify perry None 1 233 151.27 
RUN records_object_1m stringify node None 2 233 190.86 
RUN records_object_1m stringify baseline None 2 233 151.59 
RUN records_object_1m stringify perry None 2 233 150.74 
RUN records_object_1m stringify bun None 2 233 222.52 
RUN records_object_1m stringify node None 3 233 192.23 
RUN records_object_1m stringify perry None 3 233 152.6 
RUN records_object_1m stringify bun None 3 233 223.83 
RUN records_object_1m stringify baseline None 3 233 153.98 
RUN records_object_1m stringify perry None 4 233 156.07 
RUN records_object_1m stringify baseline None 4 233 150.89 
RUN records_object_1m stringify bun None 4 233 222.86 
RUN records_object_1m stringify node None 4 233 191.14 
RUN records_array_8m parse perry None 0 13 139.87 
RUN records_array_8m parse bun None 0 13 232.15 
RUN records_array_8m parse node None 0 13 283.77 
RUN records_array_8m parse baseline None 0 13 139.04 
RUN records_array_8m parse node None 1 13 297.43 
RUN records_array_8m parse bun None 1 13 232.04 
RUN records_array_8m parse baseline None 1 13 138.28 
RUN records_array_8m parse perry None 1 13 138.39 
RUN records_array_8m parse node None 2 13 282.69 
RUN records_array_8m parse bun None 2 13 231.76 
RUN records_array_8m parse baseline None 2 13 138.44 
RUN records_array_8m parse perry None 2 13 146.57 
RUN records_array_8m parse bun None 3 13 231.61 
RUN records_array_8m parse baseline None 3 13 138.77 
RUN records_array_8m parse perry None 3 13 138.76 
RUN records_array_8m parse node None 3 13 306.76 
RUN records_array_8m parse baseline None 4 13 138.59 
RUN records_array_8m parse bun None 4 13 233.71 
RUN records_array_8m parse node None 4 13 300.07 
RUN records_array_8m parse perry None 4 13 139.59 
RUN records_array_8m stringify perry None 0 29 138.33 
RUN records_array_8m stringify node None 0 29 194.92 
RUN records_array_8m stringify bun None 0 29 222.28 
RUN records_array_8m stringify baseline None 0 29 139.5 
RUN records_array_8m stringify bun None 1 29 224.47 
RUN records_array_8m stringify node None 1 29 197.92 
RUN records_array_8m stringify baseline None 1 29 138.63 
RUN records_array_8m stringify perry None 1 29 138.07 
RUN records_array_8m stringify perry None 2 29 139.89 
RUN records_array_8m stringify node None 2 29 194.53 
RUN records_array_8m stringify bun None 2 29 221.14 
RUN records_array_8m stringify baseline None 2 29 138.42 
RUN records_array_8m stringify bun None 3 29 222.95 
RUN records_array_8m stringify node None 3 29 194.18 
RUN records_array_8m stringify perry None 3 29 138.22 
RUN records_array_8m stringify baseline None 3 29 138.66 
RUN records_array_8m stringify node None 4 29 194.35 
RUN records_array_8m stringify baseline None 4 29 138.34 
RUN records_array_8m stringify perry None 4 29 138.16 
RUN records_array_8m stringify bun None 4 29 224.38 
RUN records_array_8m sparse baseline None 0 12 134.12 
RUN records_array_8m sparse perry None 0 12 134.62 
RUN records_array_8m sparse node None 0 12 277.29 
RUN records_array_8m sparse bun None 0 12 215.21 
RUN records_array_8m sparse node None 1 12 257.09 
RUN records_array_8m sparse perry None 1 12 135.27 
RUN records_array_8m sparse baseline None 1 12 135.28 
RUN records_array_8m sparse bun None 1 12 215.88 
RUN records_array_8m sparse node None 2 12 289.17 
RUN records_array_8m sparse bun None 2 12 214.94 
RUN records_array_8m sparse perry None 2 12 135.11 
RUN records_array_8m sparse baseline None 2 12 134.69 
RUN records_array_8m sparse node None 3 12 288.32 
RUN records_array_8m sparse perry None 3 12 135.29 
RUN records_array_8m sparse baseline None 3 12 134.47 
RUN records_array_8m sparse bun None 3 12 215.46 
RUN records_array_8m sparse perry None 4 12 134.8 
RUN records_array_8m sparse bun None 4 12 215.76 
RUN records_array_8m sparse node None 4 12 270.82 
RUN records_array_8m sparse baseline None 4 12 134.72 
RUN records_array_8m scan perry None 0 8 199.94 
RUN records_array_8m scan baseline None 0 8 199.95 
RUN records_array_8m scan node None 0 8 175.11 
RUN records_array_8m scan bun None 0 8 145.76 
RUN records_array_8m scan perry None 1 8 199.74 
RUN records_array_8m scan node None 1 8 171.78 
RUN records_array_8m scan baseline None 1 8 199.67 
RUN records_array_8m scan bun None 1 8 146.45 
RUN records_array_8m scan bun None 2 8 145.57 
RUN records_array_8m scan baseline None 2 8 199.77 
RUN records_array_8m scan node None 2 8 176.07 
RUN records_array_8m scan perry None 2 8 199.62 
RUN records_array_8m scan node None 3 8 189.72 
RUN records_array_8m scan baseline None 3 8 199.75 
RUN records_array_8m scan bun None 3 8 145.7 
RUN records_array_8m scan perry None 3 8 199.87 
RUN records_array_8m scan bun None 4 8 148.72 
RUN records_array_8m scan node None 4 8 168.83 
RUN records_array_8m scan perry None 4 8 199.52 
RUN records_array_8m scan baseline None 4 8 200.32 
RUN records_array_8m roundtrip perry None 0 9 139.23 
RUN records_array_8m roundtrip bun None 0 9 230.27 
RUN records_array_8m roundtrip baseline None 0 9 139.07 
RUN records_array_8m roundtrip node None 0 9 263.05 
RUN records_array_8m roundtrip node None 1 9 266.92 
RUN records_array_8m roundtrip bun None 1 9 230.12 
RUN records_array_8m roundtrip perry None 1 9 139.11 
RUN records_array_8m roundtrip baseline None 1 9 138.09 
RUN records_array_8m roundtrip node None 2 9 253.01 
RUN records_array_8m roundtrip bun None 2 9 229.57 
RUN records_array_8m roundtrip perry None 2 9 140.66 
RUN records_array_8m roundtrip baseline None 2 9 138.09 
RUN records_array_8m roundtrip node None 3 9 252.48 
RUN records_array_8m roundtrip baseline None 3 9 138.48 
RUN records_array_8m roundtrip bun None 3 9 229.74 
RUN records_array_8m roundtrip perry None 3 9 138.69 
RUN records_array_8m roundtrip bun None 4 9 229.83 
RUN records_array_8m roundtrip node None 4 9 264.92 
RUN records_array_8m roundtrip baseline None 4 9 137.94 
RUN records_array_8m roundtrip perry None 4 9 139.11 
RUN records_object_8m parse bun None 0 10 179.37 
RUN records_object_8m parse perry None 0 10 159.55 
RUN records_object_8m parse baseline None 0 10 159.62 
RUN records_object_8m parse node None 0 10 239.6 
RUN records_object_8m parse node None 1 10 238.81 
RUN records_object_8m parse bun None 1 10 178.76 
RUN records_object_8m parse baseline None 1 10 159.7 
RUN records_object_8m parse perry None 1 10 160.45 
RUN records_object_8m parse baseline None 2 10 159.64 
RUN records_object_8m parse bun None 2 10 178.29 
RUN records_object_8m parse node None 2 10 221.86 
RUN records_object_8m parse perry None 2 10 158.81 
RUN records_object_8m parse bun None 3 10 199.59 
RUN records_object_8m parse node None 3 10 225.8 
RUN records_object_8m parse baseline None 3 10 159.68 
RUN records_object_8m parse perry None 3 10 159.84 
RUN records_object_8m parse perry None 4 10 159.53 
RUN records_object_8m parse node None 4 10 219.0 
RUN records_object_8m parse bun None 4 10 178.73 
RUN records_object_8m parse baseline None 4 10 159.91 
RUN records_object_8m stringify node None 0 29 193.05 
RUN records_object_8m stringify bun None 0 29 224.08 
RUN records_object_8m stringify perry None 0 29 138.58 
RUN records_object_8m stringify baseline None 0 29 139.22 
RUN records_object_8m stringify perry None 1 29 138.46 
RUN records_object_8m stringify node None 1 29 194.42 
RUN records_object_8m stringify bun None 1 29 220.92 
RUN records_object_8m stringify baseline None 1 29 138.6 
RUN records_object_8m stringify node None 2 29 195.4 
RUN records_object_8m stringify baseline None 2 29 139.27 
RUN records_object_8m stringify perry None 2 29 138.75 
RUN records_object_8m stringify bun None 2 29 223.36 
RUN records_object_8m stringify baseline None 3 29 139.22 
RUN records_object_8m stringify perry None 3 29 139.2 
RUN records_object_8m stringify node None 3 29 193.46 
RUN records_object_8m stringify bun None 3 29 224.35 
RUN records_object_8m stringify bun None 4 29 221.02 
RUN records_object_8m stringify perry None 4 29 138.5 
RUN records_object_8m stringify node None 4 29 194.94 
RUN records_object_8m stringify baseline None 4 29 138.93 
RUN records_array_20m parse perry None 0 4 158.22 
RUN records_array_20m parse node None 0 4 221.66 
RUN records_array_20m parse baseline None 0 4 158.25 
RUN records_array_20m parse bun None 0 4 175.85 
RUN records_array_20m parse perry None 1 4 158.59 
RUN records_array_20m parse node None 1 4 224.72 
RUN records_array_20m parse baseline None 1 4 158.38 
RUN records_array_20m parse bun None 1 4 174.94 
RUN records_array_20m parse perry None 2 4 158.32 
RUN records_array_20m parse node None 2 4 246.27 
RUN records_array_20m parse baseline None 2 4 158.12 
RUN records_array_20m parse bun None 2 4 175.54 
RUN records_array_20m parse bun None 3 4 175.64 
RUN records_array_20m parse node None 3 4 243.67 
RUN records_array_20m parse perry None 3 4 158.09 
RUN records_array_20m parse baseline None 3 4 158.31 
RUN records_array_20m parse bun None 4 4 175.84 
RUN records_array_20m parse perry None 4 4 158.15 
RUN records_array_20m parse node None 4 4 248.09 
RUN records_array_20m parse baseline None 4 4 158.35 
RUN records_array_20m stringify node None 0 12 206.04 
RUN records_array_20m stringify perry None 0 12 143.16 
RUN records_array_20m stringify baseline None 0 12 141.93 
RUN records_array_20m stringify bun None 0 12 229.69 
RUN records_array_20m stringify bun None 1 12 232.95 
RUN records_array_20m stringify perry None 1 12 142.1 
RUN records_array_20m stringify node None 1 12 206.36 
RUN records_array_20m stringify baseline None 1 12 141.79 
RUN records_array_20m stringify bun None 2 12 230.27 
RUN records_array_20m stringify node None 2 12 207.01 
RUN records_array_20m stringify baseline None 2 12 142.03 
RUN records_array_20m stringify perry None 2 12 142.12 
RUN records_array_20m stringify node None 3 12 206.51 
RUN records_array_20m stringify baseline None 3 12 142.14 
RUN records_array_20m stringify bun None 3 12 229.22 
RUN records_array_20m stringify perry None 3 12 141.81 
RUN records_array_20m stringify node None 4 12 206.42 
RUN records_array_20m stringify baseline None 4 12 142.09 
RUN records_array_20m stringify bun None 4 12 229.6 
RUN records_array_20m stringify perry None 4 12 142.39 
RUN records_array_20m sparse baseline None 0 4 158.6 
RUN records_array_20m sparse perry None 0 4 158.45 
RUN records_array_20m sparse node None 0 4 242.46 
RUN records_array_20m sparse bun None 0 4 175.79 
RUN records_array_20m sparse node None 1 4 236.24 
RUN records_array_20m sparse baseline None 1 4 158.59 
RUN records_array_20m sparse perry None 1 4 158.47 
RUN records_array_20m sparse bun None 1 4 175.38 
RUN records_array_20m sparse node None 2 4 231.12 
RUN records_array_20m sparse baseline None 2 4 158.05 
RUN records_array_20m sparse perry None 2 4 158.25 
RUN records_array_20m sparse bun None 2 4 175.79 
RUN records_array_20m sparse node None 3 4 224.09 
RUN records_array_20m sparse baseline None 3 4 157.69 
RUN records_array_20m sparse perry None 3 4 158.23 
RUN records_array_20m sparse bun None 3 4 181.0 
RUN records_array_20m sparse node None 4 4 242.25 
RUN records_array_20m sparse bun None 4 4 175.89 
RUN records_array_20m sparse baseline None 4 4 158.25 
RUN records_array_20m sparse perry None 4 4 158.27 
RUN records_array_20m scan node None 0 4 221.14 
RUN records_array_20m scan baseline None 0 4 162.74 
RUN records_array_20m scan bun None 0 4 177.48 
RUN records_array_20m scan perry None 0 4 162.9 
RUN records_array_20m scan bun None 1 4 178.37 
RUN records_array_20m scan perry None 1 4 163.13 
RUN records_array_20m scan node None 1 4 237.46 
RUN records_array_20m scan baseline None 1 4 162.5 
RUN records_array_20m scan baseline None 2 4 162.6 
RUN records_array_20m scan perry None 2 4 162.89 
RUN records_array_20m scan node None 2 4 221.22 
RUN records_array_20m scan bun None 2 4 177.19 
RUN records_array_20m scan node None 3 4 236.46 
RUN records_array_20m scan bun None 3 4 177.61 
RUN records_array_20m scan baseline None 3 4 162.92 
RUN records_array_20m scan perry None 3 4 162.98 
RUN records_array_20m scan baseline None 4 4 162.72 
RUN records_array_20m scan node None 4 4 239.1 
RUN records_array_20m scan perry None 4 4 162.78 
RUN records_array_20m scan bun None 4 4 177.41 
RUN records_array_20m roundtrip baseline None 0 2 198.49 
RUN records_array_20m roundtrip node None 0 2 149.08 
RUN records_array_20m roundtrip bun None 0 2 130.29 
RUN records_array_20m roundtrip perry None 0 2 198.56 
RUN records_array_20m roundtrip bun None 1 2 130.21 
RUN records_array_20m roundtrip node None 1 2 147.82 
RUN records_array_20m roundtrip baseline None 1 2 198.44 
RUN records_array_20m roundtrip perry None 1 2 198.65 
RUN records_array_20m roundtrip node None 2 2 150.32 
RUN records_array_20m roundtrip perry None 2 2 198.99 
RUN records_array_20m roundtrip baseline None 2 2 198.66 
RUN records_array_20m roundtrip bun None 2 2 130.1 
RUN records_array_20m roundtrip perry None 3 2 198.66 
RUN records_array_20m roundtrip node None 3 2 146.0 
RUN records_array_20m roundtrip bun None 3 2 130.18 
RUN records_array_20m roundtrip baseline None 3 2 198.34 
RUN records_array_20m roundtrip baseline None 4 2 199.02 
RUN records_array_20m roundtrip perry None 4 2 198.37 
RUN records_array_20m roundtrip node None 4 2 147.06 
RUN records_array_20m roundtrip bun None 4 2 129.77 
RUN records_object_20m parse perry None 0 4 158.27 
RUN records_object_20m parse baseline None 0 4 158.32 
RUN records_object_20m parse bun None 0 4 174.7 
RUN records_object_20m parse node None 0 4 231.28 
RUN records_object_20m parse bun None 1 4 176.39 
RUN records_object_20m parse baseline None 1 4 158.26 
RUN records_object_20m parse perry None 1 4 158.04 
RUN records_object_20m parse node None 1 4 257.09 
RUN records_object_20m parse perry None 2 4 158.03 
RUN records_object_20m parse bun None 2 4 177.33 
RUN records_object_20m parse node None 2 4 254.88 
RUN records_object_20m parse baseline None 2 4 158.01 
RUN records_object_20m parse perry None 3 4 158.0 
RUN records_object_20m parse node None 3 4 240.78 
RUN records_object_20m parse bun None 3 4 175.29 
RUN records_object_20m parse baseline None 3 4 158.12 
RUN records_object_20m parse baseline None 4 4 158.01 
RUN records_object_20m parse bun None 4 4 175.75 
RUN records_object_20m parse node None 4 4 240.29 
RUN records_object_20m parse perry None 4 4 158.02 
RUN records_object_20m stringify perry None 0 12 141.87 
RUN records_object_20m stringify baseline None 0 12 141.63 
RUN records_object_20m stringify node None 0 12 206.43 
RUN records_object_20m stringify bun None 0 12 229.27 
RUN records_object_20m stringify baseline None 1 12 141.65 
RUN records_object_20m stringify perry None 1 12 141.85 
RUN records_object_20m stringify node None 1 12 205.49 
RUN records_object_20m stringify bun None 1 12 229.76 
RUN records_object_20m stringify bun None 2 12 229.99 
RUN records_object_20m stringify node None 2 12 205.84 
RUN records_object_20m stringify baseline None 2 12 142.09 
RUN records_object_20m stringify perry None 2 12 142.23 
RUN records_object_20m stringify baseline None 3 12 142.45 
RUN records_object_20m stringify bun None 3 12 229.54 
RUN records_object_20m stringify perry None 3 12 142.19 
RUN records_object_20m stringify node None 3 12 206.65 
RUN records_object_20m stringify node None 4 12 206.06 
RUN records_object_20m stringify baseline None 4 12 141.88 
RUN records_object_20m stringify perry None 4 12 141.9 
RUN records_object_20m stringify bun None 4 12 229.89 
RUN numbers_1m parse baseline None 0 100 159.76 
RUN numbers_1m parse perry None 0 100 162.9 
RUN numbers_1m parse node None 0 100 308.0 
RUN numbers_1m parse bun None 0 100 319.58 
RUN numbers_1m parse baseline None 1 100 159.15 
RUN numbers_1m parse perry None 1 100 159.28 
RUN numbers_1m parse bun None 1 100 320.82 
RUN numbers_1m parse node None 1 100 307.8 
RUN numbers_1m parse perry None 2 100 159.26 
RUN numbers_1m parse node None 2 100 307.52 
RUN numbers_1m parse baseline None 2 100 159.15 
RUN numbers_1m parse bun None 2 100 319.67 
RUN numbers_1m parse bun None 3 100 320.32 
RUN numbers_1m parse perry None 3 100 158.95 
RUN numbers_1m parse baseline None 3 100 160.65 
RUN numbers_1m parse node None 3 100 307.79 
RUN numbers_1m parse perry None 4 100 163.66 
RUN numbers_1m parse bun None 4 100 320.04 
RUN numbers_1m parse baseline None 4 100 159.32 
RUN numbers_1m parse node None 4 100 307.98 
RUN numbers_1m stringify baseline None 0 146 148.35 
RUN numbers_1m stringify node None 0 146 283.81 
RUN numbers_1m stringify bun None 0 146 429.34 
RUN numbers_1m stringify perry None 0 146 148.55 
RUN numbers_1m stringify node None 1 146 283.67 
RUN numbers_1m stringify bun None 1 146 428.88 
RUN numbers_1m stringify baseline None 1 146 148.55 
RUN numbers_1m stringify perry None 1 146 147.93 
RUN numbers_1m stringify baseline None 2 146 148.19 
RUN numbers_1m stringify bun None 2 146 429.56 
RUN numbers_1m stringify node None 2 146 283.65 
RUN numbers_1m stringify perry None 2 146 148.0 
RUN numbers_1m stringify bun None 3 146 428.47 
RUN numbers_1m stringify baseline None 3 146 148.11 
RUN numbers_1m stringify perry None 3 146 147.94 
RUN numbers_1m stringify node None 3 146 283.91 
RUN numbers_1m stringify node None 4 146 283.67 
RUN numbers_1m stringify bun None 4 146 428.9 
RUN numbers_1m stringify perry None 4 146 148.33 
RUN numbers_1m stringify baseline None 4 146 148.5 
RUN long_string_1m parse perry None 0 2739 0.96 
RUN long_string_1m parse node None 0 2739 993.15 
RUN long_string_1m parse baseline None 0 2739 0.95 
RUN long_string_1m parse bun None 0 2739 174.04 
RUN long_string_1m parse node None 1 2739 992.1 
RUN long_string_1m parse perry None 1 2739 0.95 
RUN long_string_1m parse bun None 1 2739 174.17 
RUN long_string_1m parse baseline None 1 2739 0.95 
RUN long_string_1m parse bun None 2 2739 174.14 
RUN long_string_1m parse baseline None 2 2739 0.95 
RUN long_string_1m parse perry None 2 2739 0.95 
RUN long_string_1m parse node None 2 2739 992.3 
RUN long_string_1m parse node None 3 2739 995.0 
RUN long_string_1m parse baseline None 3 2739 0.95 
RUN long_string_1m parse perry None 3 2739 0.95 
RUN long_string_1m parse bun None 3 2739 173.33 
RUN long_string_1m parse baseline None 4 2739 0.95 
RUN long_string_1m parse bun None 4 2739 174.21 
RUN long_string_1m parse node None 4 2739 991.99 
RUN long_string_1m parse perry None 4 2739 0.95 
RUN long_string_1m stringify node None 0 1846 186.12 
RUN long_string_1m stringify bun None 0 1846 172.8 
RUN long_string_1m stringify perry None 0 1846 66.96 
RUN long_string_1m stringify baseline None 0 1846 64.97 
RUN long_string_1m stringify baseline None 1 1846 65.94 
RUN long_string_1m stringify bun None 1 1846 171.35 
RUN long_string_1m stringify perry None 1 1846 63.94 
RUN long_string_1m stringify node None 1 1846 182.92 
RUN long_string_1m stringify bun None 2 1846 173.39 
RUN long_string_1m stringify perry None 2 1846 63.55 
RUN long_string_1m stringify baseline None 2 1846 66.2 
RUN long_string_1m stringify node None 2 1846 183.79 
RUN long_string_1m stringify perry None 3 1846 68.09 
RUN long_string_1m stringify baseline None 3 1846 70.2 
RUN long_string_1m stringify bun None 3 1846 173.81 
RUN long_string_1m stringify node None 3 1846 183.66 
RUN long_string_1m stringify perry None 4 1846 67.26 
RUN long_string_1m stringify bun None 4 1846 173.25 
RUN long_string_1m stringify node None 4 1846 183.9 
RUN long_string_1m stringify baseline None 4 1846 63.62 
RUN escaped_1m parse baseline None 0 158 156.26 
RUN escaped_1m parse perry None 0 158 156.41 
RUN escaped_1m parse node None 0 158 274.53 
RUN escaped_1m parse bun None 0 158 327.25 
RUN escaped_1m parse bun None 1 158 327.0 
RUN escaped_1m parse baseline None 1 158 156.36 
RUN escaped_1m parse perry None 1 158 156.78 
RUN escaped_1m parse node None 1 158 273.99 
RUN escaped_1m parse perry None 2 158 156.45 
RUN escaped_1m parse node None 2 158 273.99 
RUN escaped_1m parse bun None 2 158 327.26 
RUN escaped_1m parse baseline None 2 158 156.17 
RUN escaped_1m parse perry None 3 158 156.97 
RUN escaped_1m parse baseline None 3 158 156.08 
RUN escaped_1m parse bun None 3 158 327.11 
RUN escaped_1m parse node None 3 158 274.08 
RUN escaped_1m parse perry None 4 158 156.56 
RUN escaped_1m parse node None 4 158 274.2 
RUN escaped_1m parse bun None 4 158 326.93 
RUN escaped_1m parse baseline None 4 158 156.13 
RUN escaped_1m stringify perry None 0 167 148.06 
RUN escaped_1m stringify node None 0 167 312.24 
RUN escaped_1m stringify baseline None 0 167 147.77 
RUN escaped_1m stringify bun None 0 167 347.46 
RUN escaped_1m stringify node None 1 167 311.58 
RUN escaped_1m stringify perry None 1 167 148.18 
RUN escaped_1m stringify baseline None 1 167 147.61 
RUN escaped_1m stringify bun None 1 167 347.13 
RUN escaped_1m stringify bun None 2 167 347.63 
RUN escaped_1m stringify baseline None 2 167 147.88 
RUN escaped_1m stringify perry None 2 167 147.74 
RUN escaped_1m stringify node None 2 167 311.41 
RUN escaped_1m stringify bun None 3 167 348.76 
RUN escaped_1m stringify perry None 3 167 147.93 
RUN escaped_1m stringify node None 3 167 312.2 
RUN escaped_1m stringify baseline None 3 167 147.72 
RUN escaped_1m stringify baseline None 4 167 147.71 
RUN escaped_1m stringify bun None 4 167 346.11 
RUN escaped_1m stringify perry None 4 167 147.79 
RUN escaped_1m stringify node None 4 167 311.91 
RUN unicode_1m parse node None 0 2772 1217.31 
RUN unicode_1m parse perry None 0 2772 0.97 
RUN unicode_1m parse bun None 0 2772 157.64 
RUN unicode_1m parse baseline None 0 2772 0.96 
RUN unicode_1m parse perry None 1 2772 0.96 
RUN unicode_1m parse node None 1 2772 1218.02 
RUN unicode_1m parse bun None 1 2772 157.82 
RUN unicode_1m parse baseline None 1 2772 0.97 
RUN unicode_1m parse perry None 2 2772 0.96 
RUN unicode_1m parse node None 2 2772 1217.32 
RUN unicode_1m parse bun None 2 2772 156.36 
RUN unicode_1m parse baseline None 2 2772 0.96 
RUN unicode_1m parse perry None 3 2772 0.97 
RUN unicode_1m parse bun None 3 2772 158.11 
RUN unicode_1m parse node None 3 2772 1214.15 
RUN unicode_1m parse baseline None 3 2772 0.96 
RUN unicode_1m parse perry None 4 2772 0.96 
RUN unicode_1m parse node None 4 2772 1215.95 
RUN unicode_1m parse baseline None 4 2772 0.96 
RUN unicode_1m parse bun None 4 2772 158.53 
RUN unicode_1m stringify bun None 0 2439 1094.1 
RUN unicode_1m stringify node None 0 2439 995.75 
RUN unicode_1m stringify baseline None 0 2439 71.9 
RUN unicode_1m stringify perry None 0 2439 65.72 
RUN unicode_1m stringify baseline None 1 2439 66.31 
RUN unicode_1m stringify perry None 1 2439 73.74 
RUN unicode_1m stringify bun None 1 2439 1096.35 
RUN unicode_1m stringify node None 1 2439 995.44 
RUN unicode_1m stringify perry None 2 2439 67.15 
RUN unicode_1m stringify bun None 2 2439 1090.9 
RUN unicode_1m stringify node None 2 2439 994.96 
RUN unicode_1m stringify baseline None 2 2439 66.45 
RUN unicode_1m stringify node None 3 2439 994.58 
RUN unicode_1m stringify baseline None 3 2439 67.49 
RUN unicode_1m stringify perry None 3 2439 71.82 
RUN unicode_1m stringify bun None 3 2439 1091.78 
RUN unicode_1m stringify bun None 4 2439 1095.45 
RUN unicode_1m stringify baseline None 4 2439 78.06 
RUN unicode_1m stringify node None 4 2439 996.1 
RUN unicode_1m stringify perry None 4 2439 66.77 
RUN wide_1m parse perry None 0 63 183.45 
RUN wide_1m parse baseline None 0 63 183.77 
RUN wide_1m parse bun None 0 63 260.14 
RUN wide_1m parse node None 0 63 314.04 
RUN wide_1m parse node None 1 63 315.42 
RUN wide_1m parse baseline None 1 63 182.94 
RUN wide_1m parse bun None 1 63 259.78 
RUN wide_1m parse perry None 1 63 183.71 
RUN wide_1m parse baseline None 2 63 183.23 
RUN wide_1m parse perry None 2 63 183.41 
RUN wide_1m parse node None 2 63 323.16 
RUN wide_1m parse bun None 2 63 259.98 
RUN wide_1m parse bun None 3 63 259.91 
RUN wide_1m parse perry None 3 63 183.08 
RUN wide_1m parse node None 3 63 318.92 
RUN wide_1m parse baseline None 3 63 183.73 
RUN wide_1m parse baseline None 4 63 183.34 
RUN wide_1m parse bun None 4 63 259.3 
RUN wide_1m parse perry None 4 63 182.96 
RUN wide_1m parse node None 4 63 320.53 
RUN wide_1m stringify bun None 0 235 155.27 
RUN wide_1m stringify baseline None 0 235 148.72 
RUN wide_1m stringify node None 0 235 1489.59 
RUN wide_1m stringify perry None 0 235 148.94 
RUN wide_1m stringify node None 1 235 1496.08 
RUN wide_1m stringify perry None 1 235 148.76 
RUN wide_1m stringify baseline None 1 235 148.88 
RUN wide_1m stringify bun None 1 235 155.27 
RUN wide_1m stringify bun None 2 235 155.03 
RUN wide_1m stringify perry None 2 235 148.63 
RUN wide_1m stringify baseline None 2 235 148.91 
RUN wide_1m stringify node None 2 235 1483.02 
RUN wide_1m stringify perry None 3 235 149.19 
RUN wide_1m stringify bun None 3 235 154.97 
RUN wide_1m stringify node None 3 235 1481.24 
RUN wide_1m stringify baseline None 3 235 149.08 
RUN wide_1m stringify node None 4 235 1476.56 
RUN wide_1m stringify bun None 4 235 155.32 
RUN wide_1m stringify baseline None 4 235 148.89 
RUN wide_1m stringify perry None 4 235 148.48 
RUN heterogeneous_1m parse bun None 0 112 322.55 
RUN heterogeneous_1m parse node None 0 112 420.78 
RUN heterogeneous_1m parse perry None 0 112 157.92 
RUN heterogeneous_1m parse baseline None 0 112 157.43 
RUN heterogeneous_1m parse bun None 1 112 319.59 
RUN heterogeneous_1m parse baseline None 1 112 157.61 
RUN heterogeneous_1m parse perry None 1 112 158.19 
RUN heterogeneous_1m parse node None 1 112 423.04 
RUN heterogeneous_1m parse node None 2 112 429.05 
RUN heterogeneous_1m parse perry None 2 112 157.38 
RUN heterogeneous_1m parse baseline None 2 112 157.82 
RUN heterogeneous_1m parse bun None 2 112 320.99 
RUN heterogeneous_1m parse node None 3 112 434.37 
RUN heterogeneous_1m parse perry None 3 112 158.24 
RUN heterogeneous_1m parse bun None 3 112 319.56 
RUN heterogeneous_1m parse baseline None 3 112 157.55 
RUN heterogeneous_1m parse perry None 4 112 157.83 
RUN heterogeneous_1m parse bun None 4 112 328.75 
RUN heterogeneous_1m parse baseline None 4 112 157.55 
RUN heterogeneous_1m parse node None 4 112 426.81 
RUN heterogeneous_1m stringify node None 0 218 188.51 
RUN heterogeneous_1m stringify perry None 0 218 155.93 
RUN heterogeneous_1m stringify baseline None 0 218 155.95 
RUN heterogeneous_1m stringify bun None 0 218 228.48 
RUN heterogeneous_1m stringify node None 1 218 188.4 
RUN heterogeneous_1m stringify baseline None 1 218 156.19 
RUN heterogeneous_1m stringify bun None 1 218 230.19 
RUN heterogeneous_1m stringify perry None 1 218 155.95 
RUN heterogeneous_1m stringify baseline None 2 218 155.88 
RUN heterogeneous_1m stringify node None 2 218 188.73 
RUN heterogeneous_1m stringify perry None 2 218 156.27 
RUN heterogeneous_1m stringify bun None 2 218 228.06 
RUN heterogeneous_1m stringify node None 3 218 193.55 
RUN heterogeneous_1m stringify bun None 3 218 230.21 
RUN heterogeneous_1m stringify perry None 3 218 156.41 
RUN heterogeneous_1m stringify baseline None 3 218 155.95 
RUN heterogeneous_1m stringify node None 4 218 188.48 
RUN heterogeneous_1m stringify bun None 4 218 229.91 
RUN heterogeneous_1m stringify baseline None 4 218 156.34 
RUN heterogeneous_1m stringify perry None 4 218 156.27 
MEM tiny_object retain-parse perry 1 11.8 
MEM tiny_object retain-parse node 1 52.8 
MEM tiny_object retain-parse bun 1 28.3 
MEM tiny_object retain-parse baseline 1 11.8 
MEM tiny_object retain-parse perry 1 11.8 
MEM tiny_object retain-parse node 1 52.8 
MEM tiny_object retain-parse bun 1 28.3 
MEM tiny_object retain-parse baseline 1 11.8 
MEM tiny_object retain-parse perry 1 11.8 
MEM tiny_object retain-parse node 1 52.8 
MEM tiny_object retain-parse bun 1 28.3 
MEM tiny_object retain-parse baseline 1 11.8 
MEM tiny_object retain-parse perry 1 11.8 
MEM tiny_object retain-parse node 1 52.7 
MEM tiny_object retain-parse bun 1 28.3 
MEM tiny_object retain-parse baseline 1 11.8 
MEM tiny_object retain-parse perry 1 11.8 
MEM tiny_object retain-parse node 1 52.8 
MEM tiny_object retain-parse bun 1 28.3 
MEM tiny_object retain-parse baseline 1 11.8 
MEM tiny_object retain-parse perry 200000 24.3 
MEM tiny_object retain-parse node 200000 74.7 
MEM tiny_object retain-parse bun 200000 50.2 
MEM tiny_object retain-parse baseline 200000 24.3 
MEM tiny_object retain-parse perry 200000 24.3 
MEM tiny_object retain-parse node 200000 75.0 
MEM tiny_object retain-parse bun 200000 50.2 
MEM tiny_object retain-parse baseline 200000 24.3 
MEM tiny_object retain-parse perry 200000 24.3 
MEM tiny_object retain-parse node 200000 75.0 
MEM tiny_object retain-parse bun 200000 50.2 
MEM tiny_object retain-parse baseline 200000 24.3 
MEM tiny_object retain-parse perry 200000 24.3 
MEM tiny_object retain-parse node 200000 75.0 
MEM tiny_object retain-parse bun 200000 50.2 
MEM tiny_object retain-parse baseline 200000 24.3 
MEM tiny_object retain-parse perry 200000 24.3 
MEM tiny_object retain-parse node 200000 74.8 
MEM tiny_object retain-parse bun 200000 50.2 
MEM tiny_object retain-parse baseline 200000 24.3 
MEM tiny_object retain-stringify perry 1 11.9 
MEM tiny_object retain-stringify node 1 52.9 
MEM tiny_object retain-stringify bun 1 28.3 
MEM tiny_object retain-stringify baseline 1 11.9 
MEM tiny_object retain-stringify perry 1 11.9 
MEM tiny_object retain-stringify node 1 52.9 
MEM tiny_object retain-stringify bun 1 28.3 
MEM tiny_object retain-stringify baseline 1 11.9 
MEM tiny_object retain-stringify perry 1 11.9 
MEM tiny_object retain-stringify node 1 52.8 
MEM tiny_object retain-stringify bun 1 28.4 
MEM tiny_object retain-stringify baseline 1 11.9 
MEM tiny_object retain-stringify perry 1 11.9 
MEM tiny_object retain-stringify node 1 52.8 
MEM tiny_object retain-stringify bun 1 28.3 
MEM tiny_object retain-stringify baseline 1 11.9 
MEM tiny_object retain-stringify perry 1 11.9 
MEM tiny_object retain-stringify node 1 52.9 
MEM tiny_object retain-stringify bun 1 28.3 
MEM tiny_object retain-stringify baseline 1 11.9 
MEM tiny_object retain-stringify perry 200000 24.4 
MEM tiny_object retain-stringify node 200000 71.2 
MEM tiny_object retain-stringify bun 200000 47.0 
MEM tiny_object retain-stringify baseline 200000 24.4 
MEM tiny_object retain-stringify perry 200000 24.4 
MEM tiny_object retain-stringify node 200000 71.3 
MEM tiny_object retain-stringify bun 200000 47.1 
MEM tiny_object retain-stringify baseline 200000 24.4 
MEM tiny_object retain-stringify perry 200000 24.4 
MEM tiny_object retain-stringify node 200000 71.3 
MEM tiny_object retain-stringify bun 200000 47.0 
MEM tiny_object retain-stringify baseline 200000 24.4 
MEM tiny_object retain-stringify perry 200000 24.4 
MEM tiny_object retain-stringify node 200000 71.4 
MEM tiny_object retain-stringify bun 200000 47.0 
MEM tiny_object retain-stringify baseline 200000 24.4 
MEM tiny_object retain-stringify perry 200000 24.4 
MEM tiny_object retain-stringify node 200000 71.4 
MEM tiny_object retain-stringify bun 200000 47.1 
MEM tiny_object retain-stringify baseline 200000 24.4 
MEM small_record retain-parse perry 1 11.8 
MEM small_record retain-parse node 1 52.7 
MEM small_record retain-parse bun 1 28.3 
MEM small_record retain-parse baseline 1 11.8 
MEM small_record retain-parse perry 1 11.8 
MEM small_record retain-parse node 1 52.8 
MEM small_record retain-parse bun 1 28.3 
MEM small_record retain-parse baseline 1 11.8 
MEM small_record retain-parse perry 1 11.8 
MEM small_record retain-parse node 1 52.7 
MEM small_record retain-parse bun 1 28.3 
MEM small_record retain-parse baseline 1 11.8 
MEM small_record retain-parse perry 1 11.8 
MEM small_record retain-parse node 1 52.8 
MEM small_record retain-parse bun 1 28.3 
MEM small_record retain-parse baseline 1 11.8 
MEM small_record retain-parse perry 1 11.8 
MEM small_record retain-parse node 1 52.7 
MEM small_record retain-parse bun 1 28.3 
MEM small_record retain-parse baseline 1 11.8 
MEM small_record retain-parse perry 100000 24.3 
MEM small_record retain-parse node 100000 85.5 
MEM small_record retain-parse bun 100000 52.7 
MEM small_record retain-parse baseline 100000 24.3 
MEM small_record retain-parse perry 100000 24.3 
MEM small_record retain-parse node 100000 86.1 
MEM small_record retain-parse bun 100000 52.7 
MEM small_record retain-parse baseline 100000 24.3 
MEM small_record retain-parse perry 100000 24.3 
MEM small_record retain-parse node 100000 86.2 
MEM small_record retain-parse bun 100000 52.7 
MEM small_record retain-parse baseline 100000 24.3 
MEM small_record retain-parse perry 100000 24.3 
MEM small_record retain-parse node 100000 85.6 
MEM small_record retain-parse bun 100000 52.7 
MEM small_record retain-parse baseline 100000 24.3 
MEM small_record retain-parse perry 100000 24.3 
MEM small_record retain-parse node 100000 85.5 
MEM small_record retain-parse bun 100000 52.7 
MEM small_record retain-parse baseline 100000 24.3 
MEM small_record retain-stringify perry 1 11.9 
MEM small_record retain-stringify node 1 52.9 
MEM small_record retain-stringify bun 1 28.4 
MEM small_record retain-stringify baseline 1 11.9 
MEM small_record retain-stringify perry 1 11.9 
MEM small_record retain-stringify node 1 52.9 
MEM small_record retain-stringify bun 1 28.3 
MEM small_record retain-stringify baseline 1 11.9 
MEM small_record retain-stringify perry 1 11.9 
MEM small_record retain-stringify node 1 52.8 
MEM small_record retain-stringify bun 1 28.3 
MEM small_record retain-stringify baseline 1 11.9 
MEM small_record retain-stringify perry 1 11.9 
MEM small_record retain-stringify node 1 52.9 
MEM small_record retain-stringify bun 1 28.3 
MEM small_record retain-stringify baseline 1 11.9 
MEM small_record retain-stringify perry 1 11.9 
MEM small_record retain-stringify node 1 52.9 
MEM small_record retain-stringify bun 1 28.3 
MEM small_record retain-stringify baseline 1 11.9 
MEM small_record retain-stringify perry 100000 27.5 
MEM small_record retain-stringify node 100000 80.5 
MEM small_record retain-stringify bun 100000 51.1 
MEM small_record retain-stringify baseline 100000 27.5 
MEM small_record retain-stringify perry 100000 27.6 
MEM small_record retain-stringify node 100000 80.4 
MEM small_record retain-stringify bun 100000 51.1 
MEM small_record retain-stringify baseline 100000 27.5 
MEM small_record retain-stringify perry 100000 27.6 
MEM small_record retain-stringify node 100000 80.5 
MEM small_record retain-stringify bun 100000 51.1 
MEM small_record retain-stringify baseline 100000 27.5 
MEM small_record retain-stringify perry 100000 27.6 
MEM small_record retain-stringify node 100000 80.3 
MEM small_record retain-stringify bun 100000 51.1 
MEM small_record retain-stringify baseline 100000 27.6 
MEM small_record retain-stringify perry 100000 27.5 
MEM small_record retain-stringify node 100000 80.4 
MEM small_record retain-stringify bun 100000 51.1 
MEM small_record retain-stringify baseline 100000 27.6 
MEM records_array_1m retain-parse perry 1 16.5 
MEM records_array_1m retain-parse node 1 58.4 
MEM records_array_1m retain-parse bun 1 31.7 
MEM records_array_1m retain-parse baseline 1 16.5 
MEM records_array_1m retain-parse perry 1 16.5 
MEM records_array_1m retain-parse node 1 58.6 
MEM records_array_1m retain-parse bun 1 31.6 
MEM records_array_1m retain-parse baseline 1 16.5 
MEM records_array_1m retain-parse perry 1 16.5 
MEM records_array_1m retain-parse node 1 58.6 
MEM records_array_1m retain-parse bun 1 31.7 
MEM records_array_1m retain-parse baseline 1 16.5 
MEM records_array_1m retain-parse perry 1 16.5 
MEM records_array_1m retain-parse node 1 58.5 
MEM records_array_1m retain-parse bun 1 31.7 
MEM records_array_1m retain-parse baseline 1 16.5 
MEM records_array_1m retain-parse perry 1 16.5 
MEM records_array_1m retain-parse node 1 58.4 
MEM records_array_1m retain-parse bun 1 31.7 
MEM records_array_1m retain-parse baseline 1 16.5 
MEM records_array_1m retain-parse perry 16 40.4 
MEM records_array_1m retain-parse node 16 88.8 
MEM records_array_1m retain-parse bun 16 56.0 
MEM records_array_1m retain-parse baseline 16 40.4 
MEM records_array_1m retain-parse perry 16 40.4 
MEM records_array_1m retain-parse node 16 88.8 
MEM records_array_1m retain-parse bun 16 56.0 
MEM records_array_1m retain-parse baseline 16 40.4 
MEM records_array_1m retain-parse perry 16 40.4 
MEM records_array_1m retain-parse node 16 88.9 
MEM records_array_1m retain-parse bun 16 55.9 
MEM records_array_1m retain-parse baseline 16 40.4 
MEM records_array_1m retain-parse perry 16 40.4 
MEM records_array_1m retain-parse node 16 89.0 
MEM records_array_1m retain-parse bun 16 55.9 
MEM records_array_1m retain-parse baseline 16 40.4 
MEM records_array_1m retain-parse perry 16 40.4 
MEM records_array_1m retain-parse node 16 88.8 
MEM records_array_1m retain-parse bun 16 56.0 
MEM records_array_1m retain-parse baseline 16 40.4 
MEM records_array_1m retain-stringify perry 1 19.1 
MEM records_array_1m retain-stringify node 1 60.6 
MEM records_array_1m retain-stringify bun 1 34.4 
MEM records_array_1m retain-stringify baseline 1 19.0 
MEM records_array_1m retain-stringify perry 1 19.1 
MEM records_array_1m retain-stringify node 1 60.5 
MEM records_array_1m retain-stringify bun 1 34.5 
MEM records_array_1m retain-stringify baseline 1 19.1 
MEM records_array_1m retain-stringify perry 1 19.1 
MEM records_array_1m retain-stringify node 1 60.6 
MEM records_array_1m retain-stringify bun 1 34.5 
MEM records_array_1m retain-stringify baseline 1 19.1 
MEM records_array_1m retain-stringify perry 1 19.1 
MEM records_array_1m retain-stringify node 1 60.5 
MEM records_array_1m retain-stringify bun 1 34.5 
MEM records_array_1m retain-stringify baseline 1 19.1 
MEM records_array_1m retain-stringify perry 1 19.1 
MEM records_array_1m retain-stringify node 1 60.6 
MEM records_array_1m retain-stringify bun 1 34.5 
MEM records_array_1m retain-stringify baseline 1 19.0 
MEM records_array_1m retain-stringify perry 16 31.7 
MEM records_array_1m retain-stringify node 16 76.4 
MEM records_array_1m retain-stringify bun 16 47.3 
MEM records_array_1m retain-stringify baseline 16 31.7 
MEM records_array_1m retain-stringify perry 16 31.7 
MEM records_array_1m retain-stringify node 16 76.4 
MEM records_array_1m retain-stringify bun 16 47.3 
MEM records_array_1m retain-stringify baseline 16 31.7 
MEM records_array_1m retain-stringify perry 16 31.7 
MEM records_array_1m retain-stringify node 16 76.4 
MEM records_array_1m retain-stringify bun 16 47.3 
MEM records_array_1m retain-stringify baseline 16 31.7 
MEM records_array_1m retain-stringify perry 16 31.7 
MEM records_array_1m retain-stringify node 16 76.4 
MEM records_array_1m retain-stringify bun 16 47.3 
MEM records_array_1m retain-stringify baseline 16 31.7 
MEM records_array_1m retain-stringify perry 16 31.7 
MEM records_array_1m retain-stringify node 16 76.4 
MEM records_array_1m retain-stringify bun 16 47.3 
MEM records_array_1m retain-stringify baseline 16 31.7 
MEM records_object_1m retain-parse perry 1 15.3 
MEM records_object_1m retain-parse node 1 58.4 
MEM records_object_1m retain-parse bun 1 31.7 
MEM records_object_1m retain-parse baseline 1 15.3 
MEM records_object_1m retain-parse perry 1 15.2 
MEM records_object_1m retain-parse node 1 58.4 
MEM records_object_1m retain-parse bun 1 31.7 
MEM records_object_1m retain-parse baseline 1 15.2 
MEM records_object_1m retain-parse perry 1 15.2 
MEM records_object_1m retain-parse node 1 58.5 
MEM records_object_1m retain-parse bun 1 31.7 
MEM records_object_1m retain-parse baseline 1 15.3 
MEM records_object_1m retain-parse perry 1 15.3 
MEM records_object_1m retain-parse node 1 58.4 
MEM records_object_1m retain-parse bun 1 31.7 
MEM records_object_1m retain-parse baseline 1 15.2 
MEM records_object_1m retain-parse perry 1 15.2 
MEM records_object_1m retain-parse node 1 58.5 
MEM records_object_1m retain-parse bun 1 31.7 
MEM records_object_1m retain-parse baseline 1 15.2 
MEM records_object_1m retain-parse perry 16 52.3 
MEM records_object_1m retain-parse node 16 88.9 
MEM records_object_1m retain-parse bun 16 56.0 
MEM records_object_1m retain-parse baseline 16 52.3 
MEM records_object_1m retain-parse perry 16 52.3 
MEM records_object_1m retain-parse node 16 89.0 
MEM records_object_1m retain-parse bun 16 56.0 
MEM records_object_1m retain-parse baseline 16 52.3 
MEM records_object_1m retain-parse perry 16 52.3 
MEM records_object_1m retain-parse node 16 88.7 
MEM records_object_1m retain-parse bun 16 55.9 
MEM records_object_1m retain-parse baseline 16 52.3 
MEM records_object_1m retain-parse perry 16 52.3 
MEM records_object_1m retain-parse node 16 88.8 
MEM records_object_1m retain-parse bun 16 55.9 
MEM records_object_1m retain-parse baseline 16 52.3 
MEM records_object_1m retain-parse perry 16 52.3 
MEM records_object_1m retain-parse node 16 88.8 
MEM records_object_1m retain-parse bun 16 56.0 
MEM records_object_1m retain-parse baseline 16 52.3 
MEM records_object_1m retain-stringify perry 1 19.1 
MEM records_object_1m retain-stringify node 1 60.5 
MEM records_object_1m retain-stringify bun 1 34.5 
MEM records_object_1m retain-stringify baseline 1 19.1 
MEM records_object_1m retain-stringify perry 1 19.1 
MEM records_object_1m retain-stringify node 1 60.5 
MEM records_object_1m retain-stringify bun 1 34.5 
MEM records_object_1m retain-stringify baseline 1 19.1 
MEM records_object_1m retain-stringify perry 1 19.1 
MEM records_object_1m retain-stringify node 1 60.5 
MEM records_object_1m retain-stringify bun 1 34.5 
MEM records_object_1m retain-stringify baseline 1 19.1 
MEM records_object_1m retain-stringify perry 1 19.1 
MEM records_object_1m retain-stringify node 1 60.6 
MEM records_object_1m retain-stringify bun 1 34.5 
MEM records_object_1m retain-stringify baseline 1 19.1 
MEM records_object_1m retain-stringify perry 1 19.1 
MEM records_object_1m retain-stringify node 1 60.8 
MEM records_object_1m retain-stringify bun 1 34.5 
MEM records_object_1m retain-stringify baseline 1 19.1 
MEM records_object_1m retain-stringify perry 16 31.7 
MEM records_object_1m retain-stringify node 16 76.6 
MEM records_object_1m retain-stringify bun 16 47.3 
MEM records_object_1m retain-stringify baseline 16 31.8 
MEM records_object_1m retain-stringify perry 16 31.8 
MEM records_object_1m retain-stringify node 16 76.5 
MEM records_object_1m retain-stringify bun 16 47.3 
MEM records_object_1m retain-stringify baseline 16 31.8 
MEM records_object_1m retain-stringify perry 16 31.8 
MEM records_object_1m retain-stringify node 16 76.4 
MEM records_object_1m retain-stringify bun 16 47.3 
MEM records_object_1m retain-stringify baseline 16 31.8 
MEM records_object_1m retain-stringify perry 16 31.8 
MEM records_object_1m retain-stringify node 16 76.4 
MEM records_object_1m retain-stringify bun 16 47.2 
MEM records_object_1m retain-stringify baseline 16 31.7 
MEM records_object_1m retain-stringify perry 16 31.8 
MEM records_object_1m retain-stringify node 16 76.5 
MEM records_object_1m retain-stringify bun 16 47.2 
MEM records_object_1m retain-stringify baseline 16 31.7 
MEM records_array_8m retain-parse perry 1 48.5 
MEM records_array_8m retain-parse node 1 94.4 
MEM records_array_8m retain-parse bun 1 52.4 
MEM records_array_8m retain-parse baseline 1 48.5 
MEM records_array_8m retain-parse perry 1 48.5 
MEM records_array_8m retain-parse node 1 94.4 
MEM records_array_8m retain-parse bun 1 52.3 
MEM records_array_8m retain-parse baseline 1 48.5 
MEM records_array_8m retain-parse perry 1 48.5 
MEM records_array_8m retain-parse node 1 94.4 
MEM records_array_8m retain-parse bun 1 52.3 
MEM records_array_8m retain-parse baseline 1 48.5 
MEM records_array_8m retain-parse perry 1 48.5 
MEM records_array_8m retain-parse node 1 94.3 
MEM records_array_8m retain-parse bun 1 52.3 
MEM records_array_8m retain-parse baseline 1 48.5 
MEM records_array_8m retain-parse perry 1 48.5 
MEM records_array_8m retain-parse node 1 94.3 
MEM records_array_8m retain-parse bun 1 52.3 
MEM records_array_8m retain-parse baseline 1 48.5 
MEM records_array_8m retain-parse perry 4 85.2 
MEM records_array_8m retain-parse node 4 147.0 
MEM records_array_8m retain-parse bun 4 92.1 
MEM records_array_8m retain-parse baseline 4 85.2 
MEM records_array_8m retain-parse perry 4 85.2 
MEM records_array_8m retain-parse node 4 147.1 
MEM records_array_8m retain-parse bun 4 91.9 
MEM records_array_8m retain-parse baseline 4 85.2 
MEM records_array_8m retain-parse perry 4 85.2 
MEM records_array_8m retain-parse node 4 147.0 
MEM records_array_8m retain-parse bun 4 92.1 
MEM records_array_8m retain-parse baseline 4 85.2 
MEM records_array_8m retain-parse perry 4 85.2 
MEM records_array_8m retain-parse node 4 147.1 
MEM records_array_8m retain-parse bun 4 91.7 
MEM records_array_8m retain-parse baseline 4 85.2 
MEM records_array_8m retain-parse perry 4 85.2 
MEM records_array_8m retain-parse node 4 146.6 
MEM records_array_8m retain-parse bun 4 92.2 
MEM records_array_8m retain-parse baseline 4 85.2 
MEM records_array_8m retain-stringify perry 1 77.2 
MEM records_array_8m retain-stringify node 1 114.2 
MEM records_array_8m retain-stringify bun 1 73.5 
MEM records_array_8m retain-stringify baseline 1 77.2 
MEM records_array_8m retain-stringify perry 1 77.2 
MEM records_array_8m retain-stringify node 1 114.3 
MEM records_array_8m retain-stringify bun 1 73.5 
MEM records_array_8m retain-stringify baseline 1 77.2 
MEM records_array_8m retain-stringify perry 1 77.2 
MEM records_array_8m retain-stringify node 1 114.2 
MEM records_array_8m retain-stringify bun 1 73.5 
MEM records_array_8m retain-stringify baseline 1 77.2 
MEM records_array_8m retain-stringify perry 1 77.2 
MEM records_array_8m retain-stringify node 1 114.2 
MEM records_array_8m retain-stringify bun 1 73.5 
MEM records_array_8m retain-stringify baseline 1 77.2 
MEM records_array_8m retain-stringify perry 1 77.2 
MEM records_array_8m retain-stringify node 1 114.3 
MEM records_array_8m retain-stringify bun 1 73.5 
MEM records_array_8m retain-stringify baseline 1 77.2 
MEM records_array_8m retain-stringify perry 4 98.5 
MEM records_array_8m retain-stringify node 4 143.6 
MEM records_array_8m retain-stringify bun 4 94.5 
MEM records_array_8m retain-stringify baseline 4 98.5 
MEM records_array_8m retain-stringify perry 4 98.5 
MEM records_array_8m retain-stringify node 4 143.9 
MEM records_array_8m retain-stringify bun 4 94.5 
MEM records_array_8m retain-stringify baseline 4 98.5 
MEM records_array_8m retain-stringify perry 4 98.5 
MEM records_array_8m retain-stringify node 4 144.0 
MEM records_array_8m retain-stringify bun 4 94.5 
MEM records_array_8m retain-stringify baseline 4 98.5 
MEM records_array_8m retain-stringify perry 4 98.5 
MEM records_array_8m retain-stringify node 4 144.0 
MEM records_array_8m retain-stringify bun 4 94.5 
MEM records_array_8m retain-stringify baseline 4 98.5 
MEM records_array_8m retain-stringify perry 4 98.5 
MEM records_array_8m retain-stringify node 4 144.0 
MEM records_array_8m retain-stringify bun 4 94.5 
MEM records_array_8m retain-stringify baseline 4 98.5 
MEM records_object_8m retain-parse perry 1 33.1 
MEM records_object_8m retain-parse node 1 94.4 
MEM records_object_8m retain-parse bun 1 52.3 
MEM records_object_8m retain-parse baseline 1 33.1 
MEM records_object_8m retain-parse perry 1 33.1 
MEM records_object_8m retain-parse node 1 94.4 
MEM records_object_8m retain-parse bun 1 52.3 
MEM records_object_8m retain-parse baseline 1 33.1 
MEM records_object_8m retain-parse perry 1 33.1 
MEM records_object_8m retain-parse node 1 94.3 
MEM records_object_8m retain-parse bun 1 52.3 
MEM records_object_8m retain-parse baseline 1 33.1 
MEM records_object_8m retain-parse perry 1 33.1 
MEM records_object_8m retain-parse node 1 94.4 
MEM records_object_8m retain-parse bun 1 52.3 
MEM records_object_8m retain-parse baseline 1 33.1 
MEM records_object_8m retain-parse perry 1 33.1 
MEM records_object_8m retain-parse node 1 94.3 
MEM records_object_8m retain-parse bun 1 52.4 
MEM records_object_8m retain-parse baseline 1 33.1 
MEM records_object_8m retain-parse perry 4 90.8 
MEM records_object_8m retain-parse node 4 147.0 
MEM records_object_8m retain-parse bun 4 91.9 
MEM records_object_8m retain-parse baseline 4 90.8 
MEM records_object_8m retain-parse perry 4 90.8 
MEM records_object_8m retain-parse node 4 147.0 
MEM records_object_8m retain-parse bun 4 92.1 
MEM records_object_8m retain-parse baseline 4 90.8 
MEM records_object_8m retain-parse perry 4 90.8 
MEM records_object_8m retain-parse node 4 147.0 
MEM records_object_8m retain-parse bun 4 92.0 
MEM records_object_8m retain-parse baseline 4 90.8 
MEM records_object_8m retain-parse perry 4 90.8 
MEM records_object_8m retain-parse node 4 147.0 
MEM records_object_8m retain-parse bun 4 91.9 
MEM records_object_8m retain-parse baseline 4 90.8 
MEM records_object_8m retain-parse perry 4 90.8 
MEM records_object_8m retain-parse node 4 146.7 
MEM records_object_8m retain-parse bun 4 92.0 
MEM records_object_8m retain-parse baseline 4 90.8 
MEM records_object_8m retain-stringify perry 1 77.2 
MEM records_object_8m retain-stringify node 1 114.3 
MEM records_object_8m retain-stringify bun 1 73.5 
MEM records_object_8m retain-stringify baseline 1 77.2 
MEM records_object_8m retain-stringify perry 1 77.2 
MEM records_object_8m retain-stringify node 1 114.3 
MEM records_object_8m retain-stringify bun 1 73.5 
MEM records_object_8m retain-stringify baseline 1 77.2 
MEM records_object_8m retain-stringify perry 1 77.3 
MEM records_object_8m retain-stringify node 1 114.2 
MEM records_object_8m retain-stringify bun 1 73.5 
MEM records_object_8m retain-stringify baseline 1 77.2 
MEM records_object_8m retain-stringify perry 1 77.2 
MEM records_object_8m retain-stringify node 1 114.3 
MEM records_object_8m retain-stringify bun 1 73.5 
MEM records_object_8m retain-stringify baseline 1 77.2 
MEM records_object_8m retain-stringify perry 1 77.2 
MEM records_object_8m retain-stringify node 1 114.2 
MEM records_object_8m retain-stringify bun 1 73.5 
MEM records_object_8m retain-stringify baseline 1 77.2 
MEM records_object_8m retain-stringify perry 4 98.5 
MEM records_object_8m retain-stringify node 4 143.8 
MEM records_object_8m retain-stringify bun 4 94.5 
MEM records_object_8m retain-stringify baseline 4 98.5 
MEM records_object_8m retain-stringify perry 4 98.5 
MEM records_object_8m retain-stringify node 4 144.2 
MEM records_object_8m retain-stringify bun 4 94.5 
MEM records_object_8m retain-stringify baseline 4 98.5 
MEM records_object_8m retain-stringify perry 4 98.5 
MEM records_object_8m retain-stringify node 4 143.6 
MEM records_object_8m retain-stringify bun 4 94.5 
MEM records_object_8m retain-stringify baseline 4 98.5 
MEM records_object_8m retain-stringify perry 4 98.5 
MEM records_object_8m retain-stringify node 4 144.1 
MEM records_object_8m retain-stringify bun 4 94.5 
MEM records_object_8m retain-stringify baseline 4 98.5 
MEM records_object_8m retain-stringify perry 4 98.5 
MEM records_object_8m retain-stringify node 4 143.9 
MEM records_object_8m retain-stringify bun 4 94.5 
MEM records_object_8m retain-stringify baseline 4 98.5 
MEM long_string_1m retain-parse perry 1 15.2 
MEM long_string_1m retain-parse node 1 56.5 
MEM long_string_1m retain-parse bun 1 30.6 
MEM long_string_1m retain-parse baseline 1 15.2 
MEM long_string_1m retain-parse perry 1 15.2 
MEM long_string_1m retain-parse node 1 56.6 
MEM long_string_1m retain-parse bun 1 30.6 
MEM long_string_1m retain-parse baseline 1 15.2 
MEM long_string_1m retain-parse perry 1 15.2 
MEM long_string_1m retain-parse node 1 56.6 
MEM long_string_1m retain-parse bun 1 30.6 
MEM long_string_1m retain-parse baseline 1 15.2 
MEM long_string_1m retain-parse perry 1 15.2 
MEM long_string_1m retain-parse node 1 56.7 
MEM long_string_1m retain-parse bun 1 30.6 
MEM long_string_1m retain-parse baseline 1 15.2 
MEM long_string_1m retain-parse perry 1 15.2 
MEM long_string_1m retain-parse node 1 56.6 
MEM long_string_1m retain-parse bun 1 30.6 
MEM long_string_1m retain-parse baseline 1 15.2 
MEM long_string_1m retain-parse perry 32 15.2 
MEM long_string_1m retain-parse node 32 89.2 
MEM long_string_1m retain-parse bun 32 61.7 
MEM long_string_1m retain-parse baseline 32 15.2 
MEM long_string_1m retain-parse perry 32 15.2 
MEM long_string_1m retain-parse node 32 89.2 
MEM long_string_1m retain-parse bun 32 61.7 
MEM long_string_1m retain-parse baseline 32 15.2 
MEM long_string_1m retain-parse perry 32 15.2 
MEM long_string_1m retain-parse node 32 89.3 
MEM long_string_1m retain-parse bun 32 61.6 
MEM long_string_1m retain-parse baseline 32 15.2 
MEM long_string_1m retain-parse perry 32 15.2 
MEM long_string_1m retain-parse node 32 89.2 
MEM long_string_1m retain-parse bun 32 61.7 
MEM long_string_1m retain-parse baseline 32 15.2 
MEM long_string_1m retain-parse perry 32 15.2 
MEM long_string_1m retain-parse node 32 89.2 
MEM long_string_1m retain-parse bun 32 61.6 
MEM long_string_1m retain-parse baseline 32 15.2 
MEM long_string_1m retain-stringify perry 1 17.6 
MEM long_string_1m retain-stringify node 1 60.7 
MEM long_string_1m retain-stringify bun 1 32.7 
MEM long_string_1m retain-stringify baseline 1 17.6 
MEM long_string_1m retain-stringify perry 1 17.6 
MEM long_string_1m retain-stringify node 1 60.6 
MEM long_string_1m retain-stringify bun 1 32.7 
MEM long_string_1m retain-stringify baseline 1 17.6 
MEM long_string_1m retain-stringify perry 1 17.6 
MEM long_string_1m retain-stringify node 1 60.6 
MEM long_string_1m retain-stringify bun 1 32.6 
MEM long_string_1m retain-stringify baseline 1 17.6 
MEM long_string_1m retain-stringify perry 1 17.6 
MEM long_string_1m retain-stringify node 1 60.7 
MEM long_string_1m retain-stringify bun 1 32.6 
MEM long_string_1m retain-stringify baseline 1 17.6 
MEM long_string_1m retain-stringify perry 1 17.6 
MEM long_string_1m retain-stringify node 1 60.6 
MEM long_string_1m retain-stringify bun 1 32.7 
MEM long_string_1m retain-stringify baseline 1 17.6 
MEM long_string_1m retain-stringify perry 32 51.0 
MEM long_string_1m retain-stringify node 32 92.3 
MEM long_string_1m retain-stringify bun 32 63.8 
MEM long_string_1m retain-stringify baseline 32 51.0 
MEM long_string_1m retain-stringify perry 32 51.0 
MEM long_string_1m retain-stringify node 32 92.4 
MEM long_string_1m retain-stringify bun 32 63.8 
MEM long_string_1m retain-stringify baseline 32 51.0 
MEM long_string_1m retain-stringify perry 32 51.0 
MEM long_string_1m retain-stringify node 32 92.3 
MEM long_string_1m retain-stringify bun 32 63.8 
MEM long_string_1m retain-stringify baseline 32 51.0 
MEM long_string_1m retain-stringify perry 32 51.0 
MEM long_string_1m retain-stringify node 32 92.2 
MEM long_string_1m retain-stringify bun 32 63.7 
MEM long_string_1m retain-stringify baseline 32 51.0 
MEM long_string_1m retain-stringify perry 32 51.0 
MEM long_string_1m retain-stringify node 32 92.4 
MEM long_string_1m retain-stringify bun 32 63.8 
MEM long_string_1m retain-stringify baseline 32 51.0 
MEM unicode_1m retain-parse perry 1 14.5 
MEM unicode_1m retain-parse node 1 57.8 
MEM unicode_1m retain-parse bun 1 31.3 
MEM unicode_1m retain-parse baseline 1 14.5 
MEM unicode_1m retain-parse perry 1 14.5 
MEM unicode_1m retain-parse node 1 57.8 
MEM unicode_1m retain-parse bun 1 31.3 
MEM unicode_1m retain-parse baseline 1 14.5 
MEM unicode_1m retain-parse perry 1 14.5 
MEM unicode_1m retain-parse node 1 57.7 
MEM unicode_1m retain-parse bun 1 31.3 
MEM unicode_1m retain-parse baseline 1 14.5 
MEM unicode_1m retain-parse perry 1 14.5 
MEM unicode_1m retain-parse node 1 57.7 
MEM unicode_1m retain-parse bun 1 31.3 
MEM unicode_1m retain-parse baseline 1 14.5 
MEM unicode_1m retain-parse perry 1 14.5 
MEM unicode_1m retain-parse node 1 57.7 
MEM unicode_1m retain-parse bun 1 31.3 
MEM unicode_1m retain-parse baseline 1 14.5 
MEM unicode_1m retain-parse perry 32 14.6 
MEM unicode_1m retain-parse node 32 86.5 
MEM unicode_1m retain-parse bun 32 59.0 
MEM unicode_1m retain-parse baseline 32 14.6 
MEM unicode_1m retain-parse perry 32 14.6 
MEM unicode_1m retain-parse node 32 86.4 
MEM unicode_1m retain-parse bun 32 59.0 
MEM unicode_1m retain-parse baseline 32 14.6 
MEM unicode_1m retain-parse perry 32 14.6 
MEM unicode_1m retain-parse node 32 86.4 
MEM unicode_1m retain-parse bun 32 59.0 
MEM unicode_1m retain-parse baseline 32 14.6 
MEM unicode_1m retain-parse perry 32 14.6 
MEM unicode_1m retain-parse node 32 86.3 
MEM unicode_1m retain-parse bun 32 59.0 
MEM unicode_1m retain-parse baseline 32 14.6 
MEM unicode_1m retain-parse perry 32 14.6 
MEM unicode_1m retain-parse node 32 86.4 
MEM unicode_1m retain-parse bun 32 59.0 
MEM unicode_1m retain-parse baseline 32 14.6 
MEM unicode_1m retain-stringify perry 1 16.4 
MEM unicode_1m retain-stringify node 1 60.9 
MEM unicode_1m retain-stringify bun 1 34.0 
MEM unicode_1m retain-stringify baseline 1 16.4 
MEM unicode_1m retain-stringify perry 1 16.4 
MEM unicode_1m retain-stringify node 1 61.0 
MEM unicode_1m retain-stringify bun 1 34.1 
MEM unicode_1m retain-stringify baseline 1 16.4 
MEM unicode_1m retain-stringify perry 1 16.4 
MEM unicode_1m retain-stringify node 1 60.9 
MEM unicode_1m retain-stringify bun 1 34.1 
MEM unicode_1m retain-stringify baseline 1 16.4 
MEM unicode_1m retain-stringify perry 1 16.4 
MEM unicode_1m retain-stringify node 1 60.8 
MEM unicode_1m retain-stringify bun 1 34.0 
MEM unicode_1m retain-stringify baseline 1 16.4 
MEM unicode_1m retain-stringify perry 1 16.4 
MEM unicode_1m retain-stringify node 1 60.8 
MEM unicode_1m retain-stringify bun 1 34.1 
MEM unicode_1m retain-stringify baseline 1 16.4 
MEM unicode_1m retain-stringify perry 32 41.8 
MEM unicode_1m retain-stringify node 32 89.2 
MEM unicode_1m retain-stringify bun 32 61.8 
MEM unicode_1m retain-stringify baseline 32 41.8 
MEM unicode_1m retain-stringify perry 32 41.8 
MEM unicode_1m retain-stringify node 32 89.2 
MEM unicode_1m retain-stringify bun 32 61.8 
MEM unicode_1m retain-stringify baseline 32 41.8 
MEM unicode_1m retain-stringify perry 32 41.8 
MEM unicode_1m retain-stringify node 32 89.1 
MEM unicode_1m retain-stringify bun 32 62.2 
MEM unicode_1m retain-stringify baseline 32 41.8 
MEM unicode_1m retain-stringify perry 32 41.8 
MEM unicode_1m retain-stringify node 32 89.2 
MEM unicode_1m retain-stringify bun 32 61.8 
MEM unicode_1m retain-stringify baseline 32 41.8 
MEM unicode_1m retain-stringify perry 32 41.8 
MEM unicode_1m retain-stringify node 32 89.2 
MEM unicode_1m retain-stringify bun 32 62.2 
MEM unicode_1m retain-stringify baseline 32 41.8 
MEM wide_1m retain-parse perry 1 20.6 
MEM wide_1m retain-parse node 1 65.6 
MEM wide_1m retain-parse bun 1 36.3 
MEM wide_1m retain-parse baseline 1 20.6 
MEM wide_1m retain-parse perry 1 20.6 
MEM wide_1m retain-parse node 1 65.6 
MEM wide_1m retain-parse bun 1 36.3 
MEM wide_1m retain-parse baseline 1 20.6 
MEM wide_1m retain-parse perry 1 20.6 
MEM wide_1m retain-parse node 1 65.7 
MEM wide_1m retain-parse bun 1 36.3 
MEM wide_1m retain-parse baseline 1 20.6 
MEM wide_1m retain-parse perry 1 20.6 
MEM wide_1m retain-parse node 1 65.7 
MEM wide_1m retain-parse bun 1 36.3 
MEM wide_1m retain-parse baseline 1 20.6 
MEM wide_1m retain-parse perry 1 20.6 
MEM wide_1m retain-parse node 1 65.7 
MEM wide_1m retain-parse bun 1 36.4 
MEM wide_1m retain-parse baseline 1 20.6 
MEM wide_1m retain-parse perry 16 77.0 
MEM wide_1m retain-parse node 16 112.5 
MEM wide_1m retain-parse bun 16 69.0 
MEM wide_1m retain-parse baseline 16 77.0 
MEM wide_1m retain-parse perry 16 77.0 
MEM wide_1m retain-parse node 16 112.6 
MEM wide_1m retain-parse bun 16 68.9 
MEM wide_1m retain-parse baseline 16 77.0 
MEM wide_1m retain-parse perry 16 77.0 
MEM wide_1m retain-parse node 16 112.6 
MEM wide_1m retain-parse bun 16 68.9 
MEM wide_1m retain-parse baseline 16 77.0 
MEM wide_1m retain-parse perry 16 77.0 
MEM wide_1m retain-parse node 16 112.5 
MEM wide_1m retain-parse bun 16 68.9 
MEM wide_1m retain-parse baseline 16 77.0 
MEM wide_1m retain-parse perry 16 77.0 
MEM wide_1m retain-parse node 16 112.6 
MEM wide_1m retain-parse bun 16 68.9 
MEM wide_1m retain-parse baseline 16 77.0 
MEM wide_1m retain-stringify perry 1 22.8 
MEM wide_1m retain-stringify node 1 68.7 
MEM wide_1m retain-stringify bun 1 39.3 
MEM wide_1m retain-stringify baseline 1 22.8 
MEM wide_1m retain-stringify perry 1 22.8 
MEM wide_1m retain-stringify node 1 68.7 
MEM wide_1m retain-stringify bun 1 39.3 
MEM wide_1m retain-stringify baseline 1 22.8 
MEM wide_1m retain-stringify perry 1 22.8 
MEM wide_1m retain-stringify node 1 68.7 
MEM wide_1m retain-stringify bun 1 39.3 
MEM wide_1m retain-stringify baseline 1 22.8 
MEM wide_1m retain-stringify perry 1 22.8 
MEM wide_1m retain-stringify node 1 68.6 
MEM wide_1m retain-stringify bun 1 39.3 
MEM wide_1m retain-stringify baseline 1 22.8 
MEM wide_1m retain-stringify perry 1 22.8 
MEM wide_1m retain-stringify node 1 68.7 
MEM wide_1m retain-stringify bun 1 39.3 
MEM wide_1m retain-stringify baseline 1 22.8 
MEM wide_1m retain-stringify perry 16 36.0 
MEM wide_1m retain-stringify node 16 86.5 
MEM wide_1m retain-stringify bun 16 53.5 
MEM wide_1m retain-stringify baseline 16 36.0 
MEM wide_1m retain-stringify perry 16 36.0 
MEM wide_1m retain-stringify node 16 86.6 
MEM wide_1m retain-stringify bun 16 53.5 
MEM wide_1m retain-stringify baseline 16 36.0 
MEM wide_1m retain-stringify perry 16 36.0 
MEM wide_1m retain-stringify node 16 86.6 
MEM wide_1m retain-stringify bun 16 53.5 
MEM wide_1m retain-stringify baseline 16 36.0 
MEM wide_1m retain-stringify perry 16 36.0 
MEM wide_1m retain-stringify node 16 86.6 
MEM wide_1m retain-stringify bun 16 53.5 
MEM wide_1m retain-stringify baseline 16 36.0 
MEM wide_1m retain-stringify perry 16 36.0 
MEM wide_1m retain-stringify node 16 86.5 
MEM wide_1m retain-stringify bun 16 53.5 
MEM wide_1m retain-stringify baseline 16 36.0 
