CHECKED inline null parse 2000000
CHECKED inline null stringify 2000000
CHECKED inline string_a parse 2000000
CHECKED inline string_a stringify 2000000
CHECKED inline empty_object parse 2000000
CHECKED inline empty_object stringify 2000000
CHECKED inline tiny_object parse 2000000
CHECKED inline tiny_object stringify 2000000
CHECKED inline small_record parse 585269
CHECKED inline small_record stringify 1259620
CHECKED inline object_1k parse 547445
CHECKED inline object_1k stringify 650993
CHECKED inline records_array_16k parse 6697
CHECKED inline records_array_16k stringify 10126
CHECKED inline records_array_1m parse 95
CHECKED inline records_array_1m stringify 177
CHECKED inline records_object_1m parse 71
CHECKED inline records_object_1m stringify 176
CHECKED inline records_array_8m parse 10
CHECKED inline records_array_8m stringify 20
CHECKED inline records_object_8m parse 8
CHECKED inline records_object_8m stringify 20
CHECKED inline records_array_20m parse 3
CHECKED inline records_array_20m stringify 8
CHECKED inline records_object_20m parse 3
CHECKED inline records_object_20m stringify 8
CHECKED inline numbers_1m parse 91
CHECKED inline numbers_1m stringify 96
CHECKED inline long_string_1m parse 1334
CHECKED inline long_string_1m stringify 1098
CHECKED inline escaped_1m parse 82
CHECKED inline escaped_1m stringify 168
CHECKED inline unicode_1m parse 1470
CHECKED inline unicode_1m stringify 1413
CHECKED inline wide_1m parse 36
CHECKED inline wide_1m stringify 216
CHECKED inline heterogeneous_1m parse 79
CHECKED inline heterogeneous_1m stringify 167
CHECKED empty empty_object parse 2000000
CHECKED empty tiny_object parse 2000000
CHECKED empty small_record parse 585269
CHECKED empty object_1k parse 547445
CHECKED empty tiny_object stringify 2000000
CHECKED empty small_record stringify 1259620
CHECKED entry records_array_1m parse 95
CHECKED entry records_array_8m parse 10
CHECKED entry heterogeneous_1m parse 79
CHECKED tape escaped_1m stringify 168
CHECKED tape wide_1m stringify 216
CHECKED tape numbers_1m parse 91
CHECKED count escaped_1m stringify 168
CHECKED count wide_1m stringify 216
CHECKED count numbers_1m parse 91
CHECKED count long_string_1m parse 1334
CHECKED count unicode_1m parse 1470
CHECKED count records_object_20m parse 3
CHECKED plan tiny_object parse 2000000
CHECKED plan small_record parse 585269
CHECKED plan object_1k parse 547445
CHECKED plan records_object_1m parse 71
CHECKED plan records_object_8m parse 8
CHECKED marker escaped_1m stringify 168
CHECKED marker records_array_16k parse 6697
CHECKED marker records_array_1m parse 95
Retained empty-object checks complete 24
