[gc-globalthis-bootstrap] elapsed_us=11454 per_object_slot_masks=0 per_object_typed_layouts=0
[gc-tenuring] nursery cap object denomination: allocation census seeded mean_object_bytes 72 -> 40 (204657 objects / 8388608 B in from-space; scale 555 permille, band 9311354 B)
[gc-copy-minor] eligible=true fallback=none preflight_skipped=true (skips=1 walks=0)
[gc-copy-minor] eligible=true fallback=none preflight_skipped=true (skips=2 walks=0)
[gc-tenuring] nursery cap object denomination: mean_surviving_object_bytes 40 -> 70 (scale 972 permille, band 16307453 B)
[gc-tenuring] survivals 4 -> 3 (occupancy, eden_live_bytes=457304 desired=1019215)
[gc-copy-minor] ran in_place=false untraced=false untraced_cycles=0 untraced_objects=0 in_place_blocks=0 in_place_dead_bytes=0 sparse_blocks=0 survival_permille=49 copied_objects=6503 copied_bytes=457304 promoted_objects=0 promoted_bytes=0 freed_bytes=8854104 tenuring_survivals=4 eden_live_bytes=457304 trigger=ArenaBytes declared_safepoint=true
[gc-scanner-profile] copying_minor scanners=91 total_us=5864 total_slots=0
[gc-scanner-profile]   crate::closure::scan_closure_dynamic_props_roots_mut us=744 calls=4 slots=0 ptr_roots=0 rewrites=0
[gc-scanner-profile]   crate::object::descriptor_state::scan_descriptor_roots_mut us=679 calls=4 slots=0 ptr_roots=0 rewrites=0
[gc-scanner-profile]   crate::object::shapes::scan_shape_table_rekey_mut us=524 calls=4 slots=0 ptr_roots=0 rewrites=0
[gc-scanner-profile]   transition_cache_mutable_root_scanner us=273 calls=4 slots=0 ptr_roots=0 rewrites=0
[gc-scanner-profile]   crate::node_vm::scan_vm_roots_mut us=226 calls=4 slots=0 ptr_roots=0 rewrites=0
[gc-scanner-profile]   crate::bun_ffi::scan_bun_ffi_roots_mut us=225 calls=4 slots=0 ptr_roots=0 rewrites=0
[gc-scanner-profile]   crate::iter_result::scan_iter_result_keys_roots_mut us=222 calls=4 slots=0 ptr_roots=0 rewrites=0
[gc-scanner-profile]   crate::regex::scan_last_exec_groups_root_mut us=207 calls=4 slots=0 ptr_roots=0 rewrites=0
[gc-scanner-profile]   crate::node_submodules::test::runner::scan_node_test_runner_roots_mut us=198 calls=4 slots=0 ptr_roots=0 rewrites=0
[gc-scanner-profile]   crate::promise::scan_unhandled_rejection_roots_mut us=197 calls=4 slots=0 ptr_roots=0 rewrites=0
[gc-scanner-profile]   crate::object::scan_builtin_closure_metadata_roots_mut us=194 calls=4 slots=0 ptr_roots=0 rewrites=0
[gc-scanner-profile]   crate::fs::scan_fs_stream_roots_mut us=183 calls=4 slots=0 ptr_roots=0 rewrites=0
[gc-scanner-profile]   crate::object::scan_class_side_table_roots_mut us=183 calls=4 slots=0 ptr_roots=0 rewrites=0
[gc-scanner-profile]   crate::ui_text_registry::scan_ui_text_registry_roots_mut us=173 calls=4 slots=0 ptr_roots=0 rewrites=0
[gc-step] pre_in_use=9311776 post_in_use=457672 sweep_freed=8854104 block_reclaim=8854104 pct=95% step=134217728→268435456
[gc-safepoint-drain] kind=nursery_minor count=1
[gc-copy-minor] eligible=true fallback=none preflight_skipped=true (skips=3 walks=0)
[gc-tenuring] nursery cap object denomination: mean_surviving_object_bytes 70 -> 71 (scale 986 permille, band 16542334 B)
[gc-tenuring] survivals 3 -> 1 (lock, eden_live_bytes=40 desired=1033895)
[gc-copy-minor] ran in_place=false untraced=false untraced_cycles=0 untraced_objects=0 in_place_blocks=0 in_place_dead_bytes=0 sparse_blocks=0 survival_permille=27 copied_objects=6177 copied_bytes=443560 promoted_objects=0 promoted_bytes=0 freed_bytes=15863944 tenuring_survivals=3 eden_live_bytes=40 trigger=ArenaBytes declared_safepoint=true
[gc-scanner-profile] copying_minor scanners=91 total_us=1405 total_slots=0
[gc-scanner-profile]   crate::object::descriptor_state::scan_descriptor_roots_mut us=529 calls=2 slots=0 ptr_roots=0 rewrites=0
[gc-scanner-profile]   crate::object::shapes::scan_shape_table_rekey_mut us=313 calls=2 slots=0 ptr_roots=0 rewrites=0
[gc-scanner-profile]   crate::closure::scan_closure_dynamic_props_roots_mut us=273 calls=2 slots=0 ptr_roots=0 rewrites=0
[gc-scanner-profile]   crate::object::scan_builtin_closure_metadata_roots_mut us=95 calls=2 slots=0 ptr_roots=0 rewrites=0
[gc-scanner-profile]   intern_table_mutable_root_scanner us=51 calls=2 slots=0 ptr_roots=0 rewrites=0
[gc-scanner-profile]   transition_cache_mutable_root_scanner us=47 calls=2 slots=0 ptr_roots=0 rewrites=0
[gc-scanner-profile]   crate::symbol::scan_symbol_side_table_roots_mut us=20 calls=2 slots=0 ptr_roots=0 rewrites=0
[gc-scanner-profile]   crate::array::scan_template_raw_roots_mut us=11 calls=2 slots=0 ptr_roots=0 rewrites=0
[gc-scanner-profile]   crate::object::scan_object_cache_roots_mut us=6 calls=2 slots=0 ptr_roots=0 rewrites=0
[gc-scanner-profile]   crate::object::scan_native_callable_export_roots_mut us=4 calls=2 slots=0 ptr_roots=0 rewrites=0
[gc-scanner-profile]   crate::proxy::scan_proxy_roots_mut us=3 calls=2 slots=0 ptr_roots=0 rewrites=0
[gc-scanner-profile]   crate::node_vm::scan_vm_roots_mut us=3 calls=2 slots=0 ptr_roots=0 rewrites=0
[gc-scanner-profile]   crate::closure::scan_singleton_closure_roots_mut us=3 calls=2 slots=0 ptr_roots=0 rewrites=0
[gc-scanner-profile]   crate::object::scan_class_side_table_roots_mut us=2 calls=2 slots=0 ptr_roots=0 rewrites=0
[gc-step] pre_in_use=16307872 post_in_use=443928 sweep_freed=15863944 block_reclaim=15863944 pct=97% step=268435456→536870912
[gc-safepoint-drain] kind=nursery_minor count=2
[gc-copy-minor] eligible=true fallback=none preflight_skipped=true (skips=4 walks=0)
[gc-copy-minor] ran in_place=false untraced=false untraced_cycles=0 untraced_objects=0 in_place_blocks=0 in_place_dead_bytes=0 sparse_blocks=0 survival_permille=26 copied_objects=0 copied_bytes=0 promoted_objects=6177 promoted_bytes=443560 freed_bytes=16098840 tenuring_survivals=1 eden_live_bytes=40 trigger=ArenaBytes declared_safepoint=true
[gc-scanner-profile] copying_minor scanners=91 total_us=1578 total_slots=0
[gc-scanner-profile]   crate::object::descriptor_state::scan_descriptor_roots_mut us=593 calls=2 slots=0 ptr_roots=0 rewrites=0
[gc-scanner-profile]   crate::object::shapes::scan_shape_table_rekey_mut us=368 calls=2 slots=0 ptr_roots=0 rewrites=0
[gc-scanner-profile]   crate::closure::scan_closure_dynamic_props_roots_mut us=299 calls=2 slots=0 ptr_roots=0 rewrites=0
[gc-scanner-profile]   crate::object::scan_builtin_closure_metadata_roots_mut us=108 calls=2 slots=0 ptr_roots=0 rewrites=0
[gc-scanner-profile]   intern_table_mutable_root_scanner us=66 calls=2 slots=0 ptr_roots=0 rewrites=0
[gc-scanner-profile]   transition_cache_mutable_root_scanner us=47 calls=2 slots=0 ptr_roots=0 rewrites=0
[gc-scanner-profile]   crate::symbol::scan_symbol_side_table_roots_mut us=19 calls=2 slots=0 ptr_roots=0 rewrites=0
[gc-scanner-profile]   crate::array::scan_template_raw_roots_mut us=15 calls=2 slots=0 ptr_roots=0 rewrites=0
[gc-scanner-profile]   promise_mutable_root_scanner us=5 calls=2 slots=0 ptr_roots=0 rewrites=0
[gc-scanner-profile]   crate::object::scan_native_callable_export_roots_mut us=4 calls=2 slots=0 ptr_roots=0 rewrites=0
[gc-scanner-profile]   async_context_mutable_root_scanner us=4 calls=2 slots=0 ptr_roots=0 rewrites=0
[gc-scanner-profile]   crate::object::scan_object_cache_roots_mut us=3 calls=2 slots=0 ptr_roots=0 rewrites=0
[gc-scanner-profile]   crate::object::scan_private_lexical_brand_roots_mut us=2 calls=2 slots=0 ptr_roots=0 rewrites=0
[gc-scanner-profile]   crate::object::scan_class_side_table_roots_mut us=2 calls=2 slots=0 ptr_roots=0 rewrites=0
[gc-step] pre_in_use=16542768 post_in_use=443928 sweep_freed=16098840 block_reclaim=16098840 pct=97% step=536870912→1073741824
[gc-safepoint-drain] kind=nursery_minor count=3
[gc-copy-minor] eligible=true fallback=none preflight_skipped=true (skips=5 walks=0)
[gc-tenuring] nursery cap object denomination: mean_surviving_object_bytes 71 -> 40 (scale 555 permille, band 9311354 B)
[gc-tenuring] survivals 1 -> 2 (unlock, eden_live_bytes=40 desired=581959)
[gc-copy-minor] ran in_place=false untraced=false untraced_cycles=0 untraced_objects=0 in_place_blocks=0 in_place_dead_bytes=0 sparse_blocks=0 survival_permille=0 copied_objects=0 copied_bytes=0 promoted_objects=1 promoted_bytes=40 freed_bytes=16542360 tenuring_survivals=1 eden_live_bytes=40 trigger=ArenaBytes declared_safepoint=true
[gc-scanner-profile] copying_minor scanners=91 total_us=520 total_slots=0
[gc-scanner-profile]   crate::closure::scan_closure_dynamic_props_roots_mut us=237 calls=2 slots=0 ptr_roots=0 rewrites=0
[gc-scanner-profile]   crate::object::shapes::scan_shape_table_rekey_mut us=83 calls=2 slots=0 ptr_roots=0 rewrites=0
[gc-scanner-profile]   transition_cache_mutable_root_scanner us=39 calls=2 slots=0 ptr_roots=0 rewrites=0
[gc-scanner-profile]   intern_table_mutable_root_scanner us=36 calls=2 slots=0 ptr_roots=0 rewrites=0
[gc-scanner-profile]   crate::object::descriptor_state::scan_descriptor_roots_mut us=35 calls=2 slots=0 ptr_roots=0 rewrites=0
[gc-scanner-profile]   crate::object::scan_builtin_closure_metadata_roots_mut us=35 calls=2 slots=0 ptr_roots=0 rewrites=0
[gc-scanner-profile]   crate::symbol::scan_symbol_side_table_roots_mut us=8 calls=2 slots=0 ptr_roots=0 rewrites=0
[gc-scanner-profile]   crate::object::scan_native_callable_export_roots_mut us=2 calls=2 slots=0 ptr_roots=0 rewrites=0
[gc-scanner-profile]   crate::object::scan_class_side_table_roots_mut us=1 calls=2 slots=0 ptr_roots=0 rewrites=0
[gc-scanner-profile]   crate::array::scan_template_raw_roots_mut us=1 calls=2 slots=0 ptr_roots=0 rewrites=0
[gc-scanner-profile]   crate::object::scan_object_cache_roots_mut us=1 calls=2 slots=0 ptr_roots=0 rewrites=0
[gc-scanner-profile]   concat_memo_mutable_root_scanner us=1 calls=2 slots=0 ptr_roots=0 rewrites=0
[gc-scanner-profile]   promise_mutable_root_scanner us=1 calls=2 slots=0 ptr_roots=0 rewrites=0
[gc-scanner-profile]   crate::fs::scan_fs_handle_roots_mut us=1 calls=2 slots=0 ptr_roots=0 rewrites=0
[gc-step] pre_in_use=16986328 post_in_use=443968 sweep_freed=16542360 block_reclaim=16542360 pct=97% step=1073741824→1073741824
[gc-safepoint-drain] kind=nursery_minor count=4
[gc-copy-minor] eligible=true fallback=none preflight_skipped=true (skips=6 walks=0)
[gc-copy-minor] ran in_place=false untraced=false untraced_cycles=0 untraced_objects=0 in_place_blocks=0 in_place_dead_bytes=0 sparse_blocks=0 survival_permille=0 copied_objects=1 copied_bytes=40 promoted_objects=0 promoted_bytes=0 freed_bytes=9311360 tenuring_survivals=2 eden_live_bytes=40 trigger=ArenaBytes declared_safepoint=true
[gc-scanner-profile] copying_minor scanners=91 total_us=480 total_slots=0
[gc-scanner-profile]   crate::closure::scan_closure_dynamic_props_roots_mut us=210 calls=2 slots=0 ptr_roots=0 rewrites=0
[gc-scanner-profile]   crate::object::shapes::scan_shape_table_rekey_mut us=74 calls=2 slots=0 ptr_roots=0 rewrites=0
[gc-scanner-profile]   transition_cache_mutable_root_scanner us=42 calls=2 slots=0 ptr_roots=0 rewrites=0
[gc-scanner-profile]   intern_table_mutable_root_scanner us=36 calls=2 slots=0 ptr_roots=0 rewrites=0
[gc-scanner-profile]   crate::object::descriptor_state::scan_descriptor_roots_mut us=34 calls=2 slots=0 ptr_roots=0 rewrites=0
[gc-scanner-profile]   crate::object::scan_builtin_closure_metadata_roots_mut us=34 calls=2 slots=0 ptr_roots=0 rewrites=0
[gc-scanner-profile]   crate::symbol::scan_symbol_side_table_roots_mut us=7 calls=2 slots=0 ptr_roots=0 rewrites=0
[gc-scanner-profile]   crate::object::scan_native_callable_export_roots_mut us=2 calls=2 slots=0 ptr_roots=0 rewrites=0
[gc-scanner-profile]   crate::array::scan_template_raw_roots_mut us=1 calls=2 slots=0 ptr_roots=0 rewrites=0
[gc-scanner-profile]   crate::object::scan_object_cache_roots_mut us=1 calls=2 slots=0 ptr_roots=0 rewrites=0
[gc-scanner-profile]   concat_memo_mutable_root_scanner us=1 calls=2 slots=0 ptr_roots=0 rewrites=0
[gc-scanner-profile]   crate::object::scan_class_side_table_roots_mut us=1 calls=2 slots=0 ptr_roots=0 rewrites=0
[gc-scanner-profile]   promise_mutable_root_scanner us=1 calls=2 slots=0 ptr_roots=0 rewrites=0
[gc-scanner-profile]   shape_cache_mutable_root_scanner us=1 calls=2 slots=0 ptr_roots=0 rewrites=0
[gc-step] pre_in_use=9755368 post_in_use=444008 sweep_freed=9311360 block_reclaim=9311360 pct=95% step=1073741824→1073741824
[gc-safepoint-drain] kind=nursery_minor count=5
[gc-copy-minor] eligible=true fallback=none preflight_skipped=true (skips=7 walks=0)
[gc-tenuring] survivals 2 -> 3 (occupancy, eden_live_bytes=40 desired=581959)
[gc-copy-minor] ran in_place=false untraced=false untraced_cycles=0 untraced_objects=0 in_place_blocks=0 in_place_dead_bytes=0 sparse_blocks=0 survival_permille=0 copied_objects=1 copied_bytes=40 promoted_objects=0 promoted_bytes=0 freed_bytes=9311360 tenuring_survivals=2 eden_live_bytes=40 trigger=ArenaBytes declared_safepoint=true
[gc-scanner-profile] copying_minor scanners=91 total_us=510 total_slots=0
[gc-scanner-profile]   crate::closure::scan_closure_dynamic_props_roots_mut us=229 calls=2 slots=0 ptr_roots=0 rewrites=0
[gc-scanner-profile]   crate::object::shapes::scan_shape_table_rekey_mut us=83 calls=2 slots=0 ptr_roots=0 rewrites=0
[gc-scanner-profile]   transition_cache_mutable_root_scanner us=39 calls=2 slots=0 ptr_roots=0 rewrites=0
[gc-scanner-profile]   intern_table_mutable_root_scanner us=35 calls=2 slots=0 ptr_roots=0 rewrites=0
[gc-scanner-profile]   crate::object::descriptor_state::scan_descriptor_roots_mut us=34 calls=2 slots=0 ptr_roots=0 rewrites=0
[gc-scanner-profile]   crate::object::scan_builtin_closure_metadata_roots_mut us=34 calls=2 slots=0 ptr_roots=0 rewrites=0
[gc-scanner-profile]   crate::symbol::scan_symbol_side_table_roots_mut us=8 calls=2 slots=0 ptr_roots=0 rewrites=0
[gc-scanner-profile]   crate::object::scan_native_callable_export_roots_mut us=2 calls=2 slots=0 ptr_roots=0 rewrites=0
[gc-scanner-profile]   crate::object::scan_object_cache_roots_mut us=2 calls=2 slots=0 ptr_roots=0 rewrites=0
[gc-scanner-profile]   crate::array::scan_template_raw_roots_mut us=2 calls=2 slots=0 ptr_roots=0 rewrites=0
[gc-scanner-profile]   crate::object::scan_class_side_table_roots_mut us=1 calls=2 slots=0 ptr_roots=0 rewrites=0
[gc-scanner-profile]   promise_mutable_root_scanner us=1 calls=2 slots=0 ptr_roots=0 rewrites=0
[gc-scanner-profile]   concat_memo_mutable_root_scanner us=1 calls=2 slots=0 ptr_roots=0 rewrites=0
[gc-scanner-profile]   json_parse_mutable_root_scanner us=1 calls=2 slots=0 ptr_roots=0 rewrites=0
[gc-step] pre_in_use=9755368 post_in_use=444008 sweep_freed=9311360 block_reclaim=9311360 pct=95% step=1073741824→1073741824
[gc-safepoint-drain] kind=nursery_minor count=6
[box-stats] allocs=0 pool_reuses=0 releases=0 resident_cells=0 registry_len=0 i32_registry_len=0 bool_registry_len=0 flushes=6 published=0
[gc-incremental] cycle_starts=0 steps=0 completions=0 active_at_exit=false mark_barrier_arms=0 mark_barrier_armed_us=0 skips(reentrant=0 no_trigger=7 start_blocked=0 resume_blocked=0 nursery_cap_deferred=0) safepoints_blocked_by_budgeted=0 safepoints_blocked(in_alloc=0 unsafe_zone=0 root_lock=0) copying_minors=6 loop_polls=7 poll_arm_events=6 poll_armed_at_exit=0 forwarded_stub_recoveries=0
[gc-idle-reclaim] enabled=true attempts=0 completions=0 productive=0 freed_bytes=0 old_reclaimed_bytes=0 slices=0 yields=0 start_blocked=0 work_capped=0 post_purges=0 backoff_shift=0
[gc-idle-compact] enabled=true attempts=0 productive=0 released_bytes=0 pause_us_total=0 pause_us_max=0 wake_declined=0 backoff_shift=0
[gc-arena-right-size] episodes=0 starts=0 released_capacity_bytes=0 low_collections=0 fulls_remaining=0 disarmed=false arena_live=444008 arena_capacity=20971520
[gc-step-bounds] step_max_us=0 final_remark_max_us=0 final_remarks=0 weak_records=0 weak_max_records_per_step=0 weak_steps_sliced=0 weak_registry_restarts=0 weak_registry_atomic_finishes=0
[gc-time] wall_us=778668 step_us=0 remark_us=0 minor_us=20249 full_sync_us=0 share_permille=26
