[gc-globalthis-bootstrap] elapsed_us=3565 per_object_slot_masks=1 per_object_typed_layouts=0
[gc-tenuring] nursery cap object denomination: allocation census seeded mean_object_bytes 72 -> 74 (111887 objects / 8388824 B in from-space; scale 1000 permille, band 16777216 B)
[gc-copy-minor] eligible=true fallback=none preflight_skipped=true (skips=1 walks=0)
[gc-copy-minor] eligible=true fallback=none preflight_skipped=true (skips=2 walks=0)
[gc-tenuring] nursery cap object denomination: mean_surviving_object_bytes 74 -> 70 (scale 972 permille, band 16307453 B)
[gc-tenuring] survivals 4 -> 3 (occupancy, eden_live_bytes=457672 desired=1019215)
[gc-copy-minor] ran in_place=false untraced=false untraced_cycles=0 untraced_objects=0 in_place_blocks=0 in_place_dead_bytes=0 sparse_blocks=0 survival_permille=27 copied_objects=6506 copied_bytes=457672 promoted_objects=0 promoted_bytes=0 freed_bytes=16320032 tenuring_survivals=4 eden_live_bytes=457672 trigger=ArenaBytes declared_safepoint=true
[gc-scanner-profile] copying_minor scanners=91 total_us=2501 total_slots=0
[gc-scanner-profile]   crate::object::descriptor_state::scan_descriptor_roots_mut us=682 calls=4 slots=0 ptr_roots=0 rewrites=0
[gc-scanner-profile]   crate::closure::scan_closure_dynamic_props_roots_mut us=645 calls=4 slots=0 ptr_roots=0 rewrites=0
[gc-scanner-profile]   crate::object::shapes::scan_shape_table_rekey_mut us=475 calls=4 slots=0 ptr_roots=0 rewrites=0
[gc-scanner-profile]   transition_cache_mutable_root_scanner us=161 calls=4 slots=0 ptr_roots=0 rewrites=0
[gc-scanner-profile]   crate::object::scan_builtin_closure_metadata_roots_mut us=161 calls=4 slots=0 ptr_roots=0 rewrites=0
[gc-scanner-profile]   intern_table_mutable_root_scanner us=104 calls=4 slots=0 ptr_roots=0 rewrites=0
[gc-scanner-profile]   exception_mutable_root_scanner us=53 calls=4 slots=0 ptr_roots=0 rewrites=0
[gc-scanner-profile]   crate::symbol::scan_symbol_side_table_roots_mut us=28 calls=4 slots=0 ptr_roots=0 rewrites=0
[gc-scanner-profile]   crate::r#box::scan_box_roots_mut us=27 calls=4 slots=0 ptr_roots=0 rewrites=0
[gc-scanner-profile]   crate::array::scan_template_raw_roots_mut us=13 calls=4 slots=0 ptr_roots=0 rewrites=0
[gc-scanner-profile]   crate::object::scan_native_callable_export_roots_mut us=8 calls=4 slots=0 ptr_roots=0 rewrites=0
[gc-scanner-profile]   crate::object::scan_object_cache_roots_mut us=5 calls=4 slots=0 ptr_roots=0 rewrites=0
[gc-scanner-profile]   crate::bun_ffi::scan_bun_ffi_roots_mut us=5 calls=4 slots=0 ptr_roots=0 rewrites=0
[gc-scanner-profile]   crate::object::scan_class_side_table_roots_mut us=5 calls=4 slots=0 ptr_roots=0 rewrites=0
[gc-step] pre_in_use=16778296 post_in_use=458264 sweep_freed=16320032 block_reclaim=16320032 pct=97% step=134217728→268435456
[gc-safepoint-drain] kind=nursery_minor count=1
[gc-copy-minor] eligible=true fallback=none preflight_skipped=true (skips=3 walks=0)
[gc-tenuring] nursery cap object denomination: mean_surviving_object_bytes 70 -> 71 (scale 986 permille, band 16542334 B)
[gc-tenuring] survivals 3 -> 1 (lock, eden_live_bytes=304 desired=1033895)
[gc-copy-minor] ran in_place=false untraced=false untraced_cycles=0 untraced_objects=0 in_place_blocks=0 in_place_dead_bytes=0 sparse_blocks=0 survival_permille=27 copied_objects=6180 copied_bytes=443928 promoted_objects=0 promoted_bytes=0 freed_bytes=15864000 tenuring_survivals=3 eden_live_bytes=304 trigger=ArenaBytes declared_safepoint=true
[gc-scanner-profile] copying_minor scanners=91 total_us=1471 total_slots=0
[gc-scanner-profile]   crate::object::descriptor_state::scan_descriptor_roots_mut us=535 calls=2 slots=0 ptr_roots=0 rewrites=0
[gc-scanner-profile]   crate::object::shapes::scan_shape_table_rekey_mut us=324 calls=2 slots=0 ptr_roots=0 rewrites=0
[gc-scanner-profile]   crate::closure::scan_closure_dynamic_props_roots_mut us=298 calls=2 slots=0 ptr_roots=0 rewrites=0
[gc-scanner-profile]   crate::object::scan_builtin_closure_metadata_roots_mut us=102 calls=2 slots=0 ptr_roots=0 rewrites=0
[gc-scanner-profile]   intern_table_mutable_root_scanner us=56 calls=2 slots=0 ptr_roots=0 rewrites=0
[gc-scanner-profile]   transition_cache_mutable_root_scanner us=54 calls=2 slots=0 ptr_roots=0 rewrites=0
[gc-scanner-profile]   crate::symbol::scan_symbol_side_table_roots_mut us=18 calls=2 slots=0 ptr_roots=0 rewrites=0
[gc-scanner-profile]   crate::array::scan_template_raw_roots_mut us=11 calls=2 slots=0 ptr_roots=0 rewrites=0
[gc-scanner-profile]   crate::object::scan_native_callable_export_roots_mut us=5 calls=2 slots=0 ptr_roots=0 rewrites=0
[gc-scanner-profile]   crate::object::scan_object_cache_roots_mut us=4 calls=2 slots=0 ptr_roots=0 rewrites=0
[gc-scanner-profile]   crate::object::scan_class_side_table_roots_mut us=2 calls=2 slots=0 ptr_roots=0 rewrites=0
[gc-scanner-profile]   json_parse_mutable_root_scanner us=2 calls=2 slots=0 ptr_roots=0 rewrites=0
[gc-scanner-profile]   promise_mutable_root_scanner us=2 calls=2 slots=0 ptr_roots=0 rewrites=0
[gc-scanner-profile]   concat_memo_mutable_root_scanner us=2 calls=2 slots=0 ptr_roots=0 rewrites=0
[gc-step] pre_in_use=16308520 post_in_use=444520 sweep_freed=15864000 block_reclaim=15864000 pct=97% step=268435456→536870912
[gc-safepoint-drain] kind=nursery_minor count=2
[gc-copy-minor] eligible=true fallback=none preflight_skipped=true (skips=4 walks=0)
[gc-copy-minor] ran in_place=false untraced=false untraced_cycles=0 untraced_objects=0 in_place_blocks=0 in_place_dead_bytes=0 sparse_blocks=0 survival_permille=26 copied_objects=0 copied_bytes=0 promoted_objects=6180 promoted_bytes=443928 freed_bytes=16098928 tenuring_survivals=1 eden_live_bytes=304 trigger=ArenaBytes declared_safepoint=true
[gc-scanner-profile] copying_minor scanners=91 total_us=1460 total_slots=0
[gc-scanner-profile]   crate::object::descriptor_state::scan_descriptor_roots_mut us=518 calls=2 slots=0 ptr_roots=0 rewrites=0
[gc-scanner-profile]   crate::object::shapes::scan_shape_table_rekey_mut us=346 calls=2 slots=0 ptr_roots=0 rewrites=0
[gc-scanner-profile]   crate::closure::scan_closure_dynamic_props_roots_mut us=299 calls=2 slots=0 ptr_roots=0 rewrites=0
[gc-scanner-profile]   crate::object::scan_builtin_closure_metadata_roots_mut us=97 calls=2 slots=0 ptr_roots=0 rewrites=0
[gc-scanner-profile]   intern_table_mutable_root_scanner us=71 calls=2 slots=0 ptr_roots=0 rewrites=0
[gc-scanner-profile]   transition_cache_mutable_root_scanner us=48 calls=2 slots=0 ptr_roots=0 rewrites=0
[gc-scanner-profile]   crate::symbol::scan_symbol_side_table_roots_mut us=18 calls=2 slots=0 ptr_roots=0 rewrites=0
[gc-scanner-profile]   crate::array::scan_template_raw_roots_mut us=13 calls=2 slots=0 ptr_roots=0 rewrites=0
[gc-scanner-profile]   crate::object::scan_native_callable_export_roots_mut us=4 calls=2 slots=0 ptr_roots=0 rewrites=0
[gc-scanner-profile]   crate::object::scan_object_cache_roots_mut us=3 calls=2 slots=0 ptr_roots=0 rewrites=0
[gc-scanner-profile]   concat_memo_mutable_root_scanner us=1 calls=2 slots=0 ptr_roots=0 rewrites=0
[gc-scanner-profile]   shape_cache_mutable_root_scanner us=1 calls=2 slots=0 ptr_roots=0 rewrites=0
[gc-scanner-profile]   json_parse_mutable_root_scanner us=1 calls=2 slots=0 ptr_roots=0 rewrites=0
[gc-scanner-profile]   crate::object::scan_class_side_table_roots_mut us=1 calls=2 slots=0 ptr_roots=0 rewrites=0
[gc-step] pre_in_use=16543448 post_in_use=444520 sweep_freed=16098928 block_reclaim=16098928 pct=97% step=536870912→1073741824
[gc-safepoint-drain] kind=nursery_minor count=3
[gc-copy-minor] eligible=true fallback=none preflight_skipped=true (skips=5 walks=0)
[gc-tenuring] nursery cap object denomination: mean_surviving_object_bytes 71 -> 76 (scale 1000 permille, band 16777216 B)
[gc-tenuring] survivals 1 -> 2 (unlock, eden_live_bytes=304 desired=1048576)
[gc-copy-minor] ran in_place=false untraced=false untraced_cycles=0 untraced_objects=0 in_place_blocks=0 in_place_dead_bytes=0 sparse_blocks=0 survival_permille=0 copied_objects=0 copied_bytes=0 promoted_objects=4 promoted_bytes=304 freed_bytes=16542464 tenuring_survivals=1 eden_live_bytes=304 trigger=ArenaBytes declared_safepoint=true
[gc-scanner-profile] copying_minor scanners=91 total_us=472 total_slots=0
[gc-scanner-profile]   crate::closure::scan_closure_dynamic_props_roots_mut us=206 calls=2 slots=0 ptr_roots=0 rewrites=0
[gc-scanner-profile]   crate::object::shapes::scan_shape_table_rekey_mut us=73 calls=2 slots=0 ptr_roots=0 rewrites=0
[gc-scanner-profile]   intern_table_mutable_root_scanner us=40 calls=2 slots=0 ptr_roots=0 rewrites=0
[gc-scanner-profile]   transition_cache_mutable_root_scanner us=37 calls=2 slots=0 ptr_roots=0 rewrites=0
[gc-scanner-profile]   crate::object::descriptor_state::scan_descriptor_roots_mut us=36 calls=2 slots=0 ptr_roots=0 rewrites=0
[gc-scanner-profile]   crate::object::scan_builtin_closure_metadata_roots_mut us=35 calls=2 slots=0 ptr_roots=0 rewrites=0
[gc-scanner-profile]   crate::symbol::scan_symbol_side_table_roots_mut us=7 calls=2 slots=0 ptr_roots=0 rewrites=0
[gc-scanner-profile]   crate::object::scan_native_callable_export_roots_mut us=1 calls=2 slots=0 ptr_roots=0 rewrites=0
[gc-scanner-profile]   concat_memo_mutable_root_scanner us=1 calls=2 slots=0 ptr_roots=0 rewrites=0
[gc-scanner-profile]   crate::object::scan_object_cache_roots_mut us=1 calls=2 slots=0 ptr_roots=0 rewrites=0
[gc-scanner-profile]   json_parse_mutable_root_scanner us=1 calls=2 slots=0 ptr_roots=0 rewrites=0
[gc-scanner-profile]   crate::array::scan_template_raw_roots_mut us=1 calls=2 slots=0 ptr_roots=0 rewrites=0
[gc-scanner-profile]   shape_cache_mutable_root_scanner us=1 calls=2 slots=0 ptr_roots=0 rewrites=0
[gc-scanner-profile]   small_int_cache_mutable_root_scanner us=1 calls=2 slots=0 ptr_roots=0 rewrites=0
[gc-step] pre_in_use=16987288 post_in_use=444824 sweep_freed=16542464 block_reclaim=16542464 pct=97% step=1073741824→1073741824
[gc-safepoint-drain] kind=nursery_minor count=4
[gc-copy-minor] eligible=true fallback=none preflight_skipped=true (skips=6 walks=0)
[gc-copy-minor] ran in_place=false untraced=false untraced_cycles=0 untraced_objects=0 in_place_blocks=0 in_place_dead_bytes=0 sparse_blocks=0 survival_permille=0 copied_objects=4 copied_bytes=304 promoted_objects=0 promoted_bytes=0 freed_bytes=16777456 tenuring_survivals=2 eden_live_bytes=304 trigger=ArenaBytes declared_safepoint=true
[gc-scanner-profile] copying_minor scanners=91 total_us=546 total_slots=0
[gc-scanner-profile]   crate::closure::scan_closure_dynamic_props_roots_mut us=231 calls=2 slots=0 ptr_roots=0 rewrites=0
[gc-scanner-profile]   crate::object::shapes::scan_shape_table_rekey_mut us=82 calls=2 slots=0 ptr_roots=0 rewrites=0
[gc-scanner-profile]   transition_cache_mutable_root_scanner us=52 calls=2 slots=0 ptr_roots=0 rewrites=0
[gc-scanner-profile]   intern_table_mutable_root_scanner us=41 calls=2 slots=0 ptr_roots=0 rewrites=0
[gc-scanner-profile]   crate::object::scan_builtin_closure_metadata_roots_mut us=40 calls=2 slots=0 ptr_roots=0 rewrites=0
[gc-scanner-profile]   crate::object::descriptor_state::scan_descriptor_roots_mut us=37 calls=2 slots=0 ptr_roots=0 rewrites=0
[gc-scanner-profile]   crate::symbol::scan_symbol_side_table_roots_mut us=12 calls=2 slots=0 ptr_roots=0 rewrites=0
[gc-scanner-profile]   crate::array::scan_template_raw_roots_mut us=5 calls=2 slots=0 ptr_roots=0 rewrites=0
[gc-scanner-profile]   crate::geisterhand_registry::scan_geisterhand_roots_mut us=4 calls=2 slots=0 ptr_roots=0 rewrites=0
[gc-scanner-profile]   small_int_cache_mutable_root_scanner us=3 calls=2 slots=0 ptr_roots=0 rewrites=0
[gc-scanner-profile]   crate::object::scan_native_callable_export_roots_mut us=2 calls=2 slots=0 ptr_roots=0 rewrites=0
[gc-scanner-profile]   concat_memo_mutable_root_scanner us=1 calls=2 slots=0 ptr_roots=0 rewrites=0
[gc-scanner-profile]   crate::object::scan_object_cache_roots_mut us=1 calls=2 slots=0 ptr_roots=0 rewrites=0
[gc-scanner-profile]   json_parse_mutable_root_scanner us=1 calls=2 slots=0 ptr_roots=0 rewrites=0
[gc-step] pre_in_use=17222584 post_in_use=445128 sweep_freed=16777456 block_reclaim=16777456 pct=97% step=1073741824→1073741824
[gc-safepoint-drain] kind=nursery_minor count=5
[gc-copy-minor] eligible=true fallback=none preflight_skipped=true (skips=7 walks=0)
[gc-tenuring] survivals 2 -> 3 (occupancy, eden_live_bytes=304 desired=1048576)
[gc-copy-minor] ran in_place=false untraced=false untraced_cycles=0 untraced_objects=0 in_place_blocks=0 in_place_dead_bytes=0 sparse_blocks=0 survival_permille=0 copied_objects=4 copied_bytes=304 promoted_objects=0 promoted_bytes=0 freed_bytes=16777456 tenuring_survivals=2 eden_live_bytes=304 trigger=ArenaBytes declared_safepoint=true
[gc-scanner-profile] copying_minor scanners=91 total_us=522 total_slots=0
[gc-scanner-profile]   crate::closure::scan_closure_dynamic_props_roots_mut us=238 calls=2 slots=0 ptr_roots=0 rewrites=0
[gc-scanner-profile]   crate::object::shapes::scan_shape_table_rekey_mut us=84 calls=2 slots=0 ptr_roots=0 rewrites=0
[gc-scanner-profile]   transition_cache_mutable_root_scanner us=42 calls=2 slots=0 ptr_roots=0 rewrites=0
[gc-scanner-profile]   intern_table_mutable_root_scanner us=41 calls=2 slots=0 ptr_roots=0 rewrites=0
[gc-scanner-profile]   crate::object::scan_builtin_closure_metadata_roots_mut us=33 calls=2 slots=0 ptr_roots=0 rewrites=0
[gc-scanner-profile]   crate::object::descriptor_state::scan_descriptor_roots_mut us=32 calls=2 slots=0 ptr_roots=0 rewrites=0
[gc-scanner-profile]   crate::symbol::scan_symbol_side_table_roots_mut us=8 calls=2 slots=0 ptr_roots=0 rewrites=0
[gc-scanner-profile]   crate::builtins::scan_console_log_singleton_roots_mut us=3 calls=2 slots=0 ptr_roots=0 rewrites=0
[gc-scanner-profile]   crate::object::scan_native_callable_export_roots_mut us=2 calls=2 slots=0 ptr_roots=0 rewrites=0
[gc-scanner-profile]   concat_memo_mutable_root_scanner us=1 calls=2 slots=0 ptr_roots=0 rewrites=0
[gc-scanner-profile]   crate::array::scan_template_raw_roots_mut us=1 calls=2 slots=0 ptr_roots=0 rewrites=0
[gc-scanner-profile]   crate::object::scan_class_side_table_roots_mut us=1 calls=2 slots=0 ptr_roots=0 rewrites=0
[gc-scanner-profile]   crate::object::scan_object_cache_roots_mut us=1 calls=2 slots=0 ptr_roots=0 rewrites=0
[gc-scanner-profile]   json_parse_mutable_root_scanner us=1 calls=2 slots=0 ptr_roots=0 rewrites=0
[gc-step] pre_in_use=17222584 post_in_use=445128 sweep_freed=16777456 block_reclaim=16777456 pct=97% step=1073741824→1073741824
[gc-safepoint-drain] kind=nursery_minor count=6
[gc-copy-minor] eligible=true fallback=none preflight_skipped=true (skips=8 walks=0)
[gc-copy-minor] ran in_place=false untraced=false untraced_cycles=0 untraced_objects=0 in_place_blocks=0 in_place_dead_bytes=0 sparse_blocks=0 survival_permille=0 copied_objects=4 copied_bytes=304 promoted_objects=0 promoted_bytes=0 freed_bytes=16777456 tenuring_survivals=3 eden_live_bytes=304 trigger=ArenaBytes declared_safepoint=true
[gc-scanner-profile] copying_minor scanners=91 total_us=501 total_slots=0
[gc-scanner-profile]   crate::closure::scan_closure_dynamic_props_roots_mut us=231 calls=2 slots=0 ptr_roots=0 rewrites=0
[gc-scanner-profile]   crate::object::shapes::scan_shape_table_rekey_mut us=78 calls=2 slots=0 ptr_roots=0 rewrites=0
[gc-scanner-profile]   intern_table_mutable_root_scanner us=40 calls=2 slots=0 ptr_roots=0 rewrites=0
[gc-scanner-profile]   crate::object::descriptor_state::scan_descriptor_roots_mut us=36 calls=2 slots=0 ptr_roots=0 rewrites=0
[gc-scanner-profile]   crate::object::scan_builtin_closure_metadata_roots_mut us=36 calls=2 slots=0 ptr_roots=0 rewrites=0
[gc-scanner-profile]   transition_cache_mutable_root_scanner us=36 calls=2 slots=0 ptr_roots=0 rewrites=0
[gc-scanner-profile]   crate::symbol::scan_symbol_side_table_roots_mut us=7 calls=2 slots=0 ptr_roots=0 rewrites=0
[gc-scanner-profile]   crate::object::scan_native_callable_export_roots_mut us=2 calls=2 slots=0 ptr_roots=0 rewrites=0
[gc-scanner-profile]   concat_memo_mutable_root_scanner us=1 calls=2 slots=0 ptr_roots=0 rewrites=0
[gc-scanner-profile]   crate::object::scan_object_cache_roots_mut us=1 calls=2 slots=0 ptr_roots=0 rewrites=0
[gc-scanner-profile]   crate::array::scan_template_raw_roots_mut us=1 calls=2 slots=0 ptr_roots=0 rewrites=0
[gc-scanner-profile]   json_parse_mutable_root_scanner us=1 calls=2 slots=0 ptr_roots=0 rewrites=0
[gc-scanner-profile]   small_int_cache_mutable_root_scanner us=1 calls=2 slots=0 ptr_roots=0 rewrites=0
[gc-scanner-profile]   shape_cache_mutable_root_scanner us=1 calls=2 slots=0 ptr_roots=0 rewrites=0
[gc-step] pre_in_use=17222584 post_in_use=445128 sweep_freed=16777456 block_reclaim=16777456 pct=97% step=1073741824→1073741824
[gc-safepoint-drain] kind=nursery_minor count=7
[gc-copy-minor] eligible=true fallback=none preflight_skipped=true (skips=9 walks=0)
[gc-tenuring] survivals 3 -> 4 (occupancy, eden_live_bytes=304 desired=1048576)
[gc-copy-minor] ran in_place=false untraced=false untraced_cycles=0 untraced_objects=0 in_place_blocks=0 in_place_dead_bytes=0 sparse_blocks=0 survival_permille=0 copied_objects=4 copied_bytes=304 promoted_objects=0 promoted_bytes=0 freed_bytes=16777456 tenuring_survivals=3 eden_live_bytes=304 trigger=ArenaBytes declared_safepoint=true
[gc-scanner-profile] copying_minor scanners=91 total_us=463 total_slots=0
[gc-scanner-profile]   crate::closure::scan_closure_dynamic_props_roots_mut us=199 calls=2 slots=0 ptr_roots=0 rewrites=0
[gc-scanner-profile]   crate::object::shapes::scan_shape_table_rekey_mut us=74 calls=2 slots=0 ptr_roots=0 rewrites=0
[gc-scanner-profile]   intern_table_mutable_root_scanner us=40 calls=2 slots=0 ptr_roots=0 rewrites=0
[gc-scanner-profile]   transition_cache_mutable_root_scanner us=36 calls=2 slots=0 ptr_roots=0 rewrites=0
[gc-scanner-profile]   crate::object::descriptor_state::scan_descriptor_roots_mut us=35 calls=2 slots=0 ptr_roots=0 rewrites=0
[gc-scanner-profile]   crate::object::scan_builtin_closure_metadata_roots_mut us=35 calls=2 slots=0 ptr_roots=0 rewrites=0
[gc-scanner-profile]   crate::symbol::scan_symbol_side_table_roots_mut us=7 calls=2 slots=0 ptr_roots=0 rewrites=0
[gc-scanner-profile]   crate::object::scan_native_callable_export_roots_mut us=2 calls=2 slots=0 ptr_roots=0 rewrites=0
[gc-scanner-profile]   concat_memo_mutable_root_scanner us=1 calls=2 slots=0 ptr_roots=0 rewrites=0
[gc-scanner-profile]   crate::object::scan_object_cache_roots_mut us=1 calls=2 slots=0 ptr_roots=0 rewrites=0
[gc-scanner-profile]   crate::array::scan_template_raw_roots_mut us=1 calls=2 slots=0 ptr_roots=0 rewrites=0
[gc-scanner-profile]   json_parse_mutable_root_scanner us=1 calls=2 slots=0 ptr_roots=0 rewrites=0
[gc-scanner-profile]   shape_cache_mutable_root_scanner us=1 calls=2 slots=0 ptr_roots=0 rewrites=0
[gc-scanner-profile]   crate::object::scan_class_side_table_roots_mut us=1 calls=2 slots=0 ptr_roots=0 rewrites=0
[gc-step] pre_in_use=17222584 post_in_use=445128 sweep_freed=16777456 block_reclaim=16777456 pct=97% step=1073741824→1073741824
[gc-safepoint-drain] kind=nursery_minor count=8
[gc-copy-minor] eligible=true fallback=none preflight_skipped=true (skips=10 walks=0)
[gc-copy-minor] ran in_place=false untraced=false untraced_cycles=0 untraced_objects=0 in_place_blocks=0 in_place_dead_bytes=0 sparse_blocks=0 survival_permille=0 copied_objects=4 copied_bytes=304 promoted_objects=0 promoted_bytes=0 freed_bytes=16777456 tenuring_survivals=4 eden_live_bytes=304 trigger=ArenaBytes declared_safepoint=true
[gc-scanner-profile] copying_minor scanners=91 total_us=516 total_slots=0
[gc-scanner-profile]   crate::closure::scan_closure_dynamic_props_roots_mut us=228 calls=2 slots=0 ptr_roots=0 rewrites=0
[gc-scanner-profile]   crate::object::shapes::scan_shape_table_rekey_mut us=87 calls=2 slots=0 ptr_roots=0 rewrites=0
[gc-scanner-profile]   intern_table_mutable_root_scanner us=40 calls=2 slots=0 ptr_roots=0 rewrites=0
[gc-scanner-profile]   transition_cache_mutable_root_scanner us=40 calls=2 slots=0 ptr_roots=0 rewrites=0
[gc-scanner-profile]   crate::object::scan_builtin_closure_metadata_roots_mut us=34 calls=2 slots=0 ptr_roots=0 rewrites=0
[gc-scanner-profile]   crate::object::descriptor_state::scan_descriptor_roots_mut us=34 calls=2 slots=0 ptr_roots=0 rewrites=0
[gc-scanner-profile]   crate::symbol::scan_symbol_side_table_roots_mut us=8 calls=2 slots=0 ptr_roots=0 rewrites=0
[gc-scanner-profile]   crate::object::scan_native_callable_export_roots_mut us=2 calls=2 slots=0 ptr_roots=0 rewrites=0
[gc-scanner-profile]   json_parse_mutable_root_scanner us=1 calls=2 slots=0 ptr_roots=0 rewrites=0
[gc-scanner-profile]   concat_memo_mutable_root_scanner us=1 calls=2 slots=0 ptr_roots=0 rewrites=0
[gc-scanner-profile]   crate::object::scan_object_cache_roots_mut us=1 calls=2 slots=0 ptr_roots=0 rewrites=0
[gc-scanner-profile]   crate::array::scan_template_raw_roots_mut us=1 calls=2 slots=0 ptr_roots=0 rewrites=0
[gc-scanner-profile]   shape_cache_mutable_root_scanner us=1 calls=2 slots=0 ptr_roots=0 rewrites=0
[gc-scanner-profile]   crate::object::scan_class_side_table_roots_mut us=1 calls=2 slots=0 ptr_roots=0 rewrites=0
[gc-step] pre_in_use=17222584 post_in_use=445128 sweep_freed=16777456 block_reclaim=16777456 pct=97% step=1073741824→1073741824
[gc-safepoint-drain] kind=nursery_minor count=9
[box-stats] allocs=0 pool_reuses=0 releases=0 resident_cells=0 registry_len=0 i32_registry_len=0 bool_registry_len=0 flushes=6 published=0
[gc-incremental] cycle_starts=0 steps=0 completions=0 active_at_exit=false mark_barrier_arms=0 mark_barrier_armed_us=0 skips(reentrant=0 no_trigger=7 start_blocked=0 resume_blocked=0 nursery_cap_deferred=0) safepoints_blocked_by_budgeted=0 safepoints_blocked(in_alloc=0 unsafe_zone=0 root_lock=0) copying_minors=9 loop_polls=10 poll_arm_events=9 poll_armed_at_exit=0 forwarded_stub_recoveries=0
[gc-idle-reclaim] enabled=true attempts=0 completions=0 productive=0 freed_bytes=0 old_reclaimed_bytes=0 slices=0 yields=0 start_blocked=0 work_capped=0 post_purges=0 backoff_shift=0
[gc-idle-compact] enabled=true attempts=0 productive=0 released_bytes=0 pause_us_total=0 pause_us_max=0 wake_declined=0 backoff_shift=0
[gc-arena-right-size] episodes=0 starts=0 released_capacity_bytes=0 low_collections=0 fulls_remaining=0 disarmed=false arena_live=445128 arena_capacity=22020096
[gc-step-bounds] step_max_us=0 final_remark_max_us=0 final_remarks=0 weak_records=0 weak_max_records_per_step=0 weak_steps_sliced=0 weak_registry_restarts=0 weak_registry_atomic_finishes=0
[gc-time] wall_us=360125 step_us=0 remark_us=0 minor_us=17878 full_sync_us=0 share_permille=49
