fused35 test_gap_json_scanning_boundaries True
fused35 test_issue_9184_json_parse_strict True
fused35 test_json True
fused35 test_json_sso_strings True
fused35 test_gap_json_advanced True
fused35 test_gap_json_stringify_replacer_tojson True
fused35 test_gap_json_prototype_tojson True
fused35 test_gap_json_replacer_sparse_hole True
fused35 test_gap_json_array_element_overflow_fields True
fused35 test_issue_9398_json_pretty_tombstoned_key True
fused35 test_json_typed_basic True
fused35 test_json_typed_array True
fused35 test_json_typed_nested True
fused35 test_json_typed_mismatch True
fused35 test_json_lazy_edge_cases True
fused35 test_json_lazy_predicates True
fused35 test_json_lazy_iteration True
fused35 test_json_lazy_indexed True
fused35 test_json_lazy_reviver True
fused35 test_json_lazy_per_element True
fused35 test_gap_json_flat_scalar_depth True
fused35 test_gap_json_number_formatting True
fused35 test_gap_json_wide_cache_lifetime True
fused35 test_gap_json_unicode_lengths True
fused35 test_gap_json_small_results True
fused35 test_gap_json_primitive_arrays True
fused35 test_gap_json_direct_strings True
fused35 test_gap_json_direct_objects True
fused35 test_gap_json_tape_scanning True
fused35 test_gap_json_parse_scalars True
fused35 test_gap_json_data_records True
fused35 test_gap_json_empty_object True
fused35 test_gap_json_primitive_object True
fused35 test_gap_json_parse_entry True
fused35 test_gap_json_record_output True
fused35 test_gap_json_owned_tape True
fused35 test_gap_json_parse_empty True
fused35 test_gap_json_escaped_output True
fused35 test_gap_json_parse_inline_object True
fused35 test_gap_json_short_array_storage True
FINISHED fused35 40 matched 40
