scalar31 test_gap_json_scanning_boundaries True
scalar31 test_issue_9184_json_parse_strict True
scalar31 test_json True
scalar31 test_json_sso_strings True
scalar31 test_gap_json_advanced True
scalar31 test_gap_json_stringify_replacer_tojson True
scalar31 test_gap_json_prototype_tojson True
scalar31 test_gap_json_replacer_sparse_hole True
scalar31 test_gap_json_array_element_overflow_fields True
scalar31 test_issue_9398_json_pretty_tombstoned_key True
scalar31 test_json_typed_basic True
scalar31 test_json_typed_array True
scalar31 test_json_typed_nested True
scalar31 test_json_typed_mismatch True
scalar31 test_json_lazy_edge_cases True
scalar31 test_json_lazy_predicates True
scalar31 test_json_lazy_iteration True
scalar31 test_json_lazy_indexed True
scalar31 test_json_lazy_reviver True
scalar31 test_json_lazy_per_element True
scalar31 test_gap_json_flat_scalar_depth True
scalar31 test_gap_json_number_formatting True
scalar31 test_gap_json_wide_cache_lifetime True
scalar31 test_gap_json_unicode_lengths True
scalar31 test_gap_json_small_results True
scalar31 test_gap_json_primitive_arrays True
scalar31 test_gap_json_direct_strings True
scalar31 test_gap_json_direct_objects True
scalar31 test_gap_json_tape_scanning True
scalar31 test_gap_json_parse_scalars True
scalar31 test_gap_json_data_records True
scalar31 test_gap_json_empty_object True
scalar31 test_gap_json_primitive_object True
scalar31 test_gap_json_parse_entry True
scalar31 test_gap_json_record_output True
scalar31 test_gap_json_owned_tape True
scalar31 test_gap_json_parse_empty True
scalar31 test_gap_json_escaped_output True
scalar31 test_gap_json_parse_inline_object True
scalar31 test_gap_json_short_array_storage True
FINISHED scalar31 40 matched 40
