key33 test_gap_json_scanning_boundaries True
key33 test_issue_9184_json_parse_strict True
key33 test_json True
key33 test_json_sso_strings True
key33 test_gap_json_advanced True
key33 test_gap_json_stringify_replacer_tojson True
key33 test_gap_json_prototype_tojson True
key33 test_gap_json_replacer_sparse_hole True
key33 test_gap_json_array_element_overflow_fields True
key33 test_issue_9398_json_pretty_tombstoned_key True
key33 test_json_typed_basic True
key33 test_json_typed_array True
key33 test_json_typed_nested True
key33 test_json_typed_mismatch True
key33 test_json_lazy_edge_cases True
key33 test_json_lazy_predicates True
key33 test_json_lazy_iteration True
key33 test_json_lazy_indexed True
key33 test_json_lazy_reviver True
key33 test_json_lazy_per_element True
key33 test_gap_json_flat_scalar_depth True
key33 test_gap_json_number_formatting True
key33 test_gap_json_wide_cache_lifetime True
key33 test_gap_json_unicode_lengths True
key33 test_gap_json_small_results True
key33 test_gap_json_primitive_arrays True
key33 test_gap_json_direct_strings True
key33 test_gap_json_direct_objects True
key33 test_gap_json_tape_scanning True
key33 test_gap_json_parse_scalars True
key33 test_gap_json_data_records True
key33 test_gap_json_empty_object True
key33 test_gap_json_primitive_object True
key33 test_gap_json_parse_entry True
key33 test_gap_json_record_output True
key33 test_gap_json_owned_tape True
key33 test_gap_json_parse_empty True
key33 test_gap_json_escaped_output True
key33 test_gap_json_parse_inline_object True
key33 test_gap_json_short_array_storage True
FINISHED key33 40 matched 40
