VERIFY null parse [('perry', True), ('node', True), ('bun', True), ('baseline', True)]
VERIFY null stringify [('perry', True), ('node', True), ('bun', True), ('baseline', True)]
VERIFY string_a parse [('perry', True), ('node', True), ('bun', True), ('baseline', True)]
VERIFY string_a stringify [('perry', True), ('node', True), ('bun', True), ('baseline', True)]
VERIFY empty_object parse [('perry', True), ('node', True), ('bun', True), ('baseline', True)]
VERIFY empty_object stringify [('perry', True), ('node', True), ('bun', True), ('baseline', True)]
VERIFY tiny_object parse [('perry', True), ('node', True), ('bun', True), ('baseline', True)]
VERIFY tiny_object stringify [('perry', True), ('node', True), ('bun', True), ('baseline', True)]
VERIFY small_record parse [('perry', True), ('node', True), ('bun', True), ('baseline', True)]
VERIFY small_record stringify [('perry', True), ('node', True), ('bun', True), ('baseline', True)]
VERIFY object_1k parse [('perry', True), ('node', True), ('bun', True), ('baseline', True)]
VERIFY object_1k stringify [('perry', True), ('node', True), ('bun', True), ('baseline', True)]
VERIFY records_array_16k parse [('perry', True), ('node', True), ('bun', True), ('baseline', True)]
VERIFY records_array_16k stringify [('perry', True), ('node', True), ('bun', True), ('baseline', True)]
VERIFY records_array_16k sparse [('perry', True), ('node', True), ('bun', True), ('baseline', True)]
VERIFY records_array_16k scan [('perry', True), ('node', True), ('bun', True), ('baseline', True)]
VERIFY records_array_16k roundtrip [('perry', True), ('node', True), ('bun', True), ('baseline', True)]
VERIFY records_array_1m parse [('perry', True), ('node', True), ('bun', True), ('baseline', True)]
VERIFY records_array_1m stringify [('perry', True), ('node', True), ('bun', True), ('baseline', True)]
VERIFY records_array_1m sparse [('perry', True), ('node', True), ('bun', True), ('baseline', True)]
VERIFY records_array_1m scan [('perry', True), ('node', True), ('bun', True), ('baseline', True)]
VERIFY records_array_1m roundtrip [('perry', True), ('node', True), ('bun', True), ('baseline', True)]
VERIFY records_object_1m parse [('perry', True), ('node', True), ('bun', True), ('baseline', True)]
VERIFY records_object_1m stringify [('perry', True), ('node', True), ('bun', True), ('baseline', True)]
VERIFY records_array_8m parse [('perry', True), ('node', True), ('bun', True), ('baseline', True)]
VERIFY records_array_8m stringify [('perry', True), ('node', True), ('bun', True), ('baseline', True)]
VERIFY records_array_8m sparse [('perry', True), ('node', True), ('bun', True), ('baseline', True)]
VERIFY records_array_8m scan [('perry', True), ('node', True), ('bun', True), ('baseline', True)]
VERIFY records_array_8m roundtrip [('perry', True), ('node', True), ('bun', True), ('baseline', True)]
VERIFY records_object_8m parse [('perry', True), ('node', True), ('bun', True), ('baseline', True)]
VERIFY records_object_8m stringify [('perry', True), ('node', True), ('bun', True), ('baseline', True)]
VERIFY records_array_20m parse [('perry', True), ('node', True), ('bun', True), ('baseline', True)]
VERIFY records_array_20m stringify [('perry', True), ('node', True), ('bun', True), ('baseline', True)]
VERIFY records_array_20m sparse [('perry', True), ('node', True), ('bun', True), ('baseline', True)]
VERIFY records_array_20m scan [('perry', True), ('node', True), ('bun', True), ('baseline', True)]
VERIFY records_array_20m roundtrip [('perry', True), ('node', True), ('bun', True), ('baseline', True)]
VERIFY records_object_20m parse [('perry', True), ('node', True), ('bun', True), ('baseline', True)]
VERIFY records_object_20m stringify [('perry', True), ('node', True), ('bun', True), ('baseline', True)]
VERIFY numbers_1m parse [('perry', True), ('node', True), ('bun', True), ('baseline', True)]
VERIFY numbers_1m stringify [('perry', True), ('node', True), ('bun', True), ('baseline', True)]
VERIFY long_string_1m parse [('perry', True), ('node', True), ('bun', True), ('baseline', True)]
VERIFY long_string_1m stringify [('perry', True), ('node', True), ('bun', True), ('baseline', True)]
VERIFY escaped_1m parse [('perry', True), ('node', True), ('bun', True), ('baseline', True)]
VERIFY escaped_1m stringify [('perry', True), ('node', True), ('bun', True), ('baseline', True)]
VERIFY unicode_1m parse [('perry', True), ('node', True), ('bun', True), ('baseline', True)]
VERIFY unicode_1m stringify [('perry', True), ('node', True), ('bun', True), ('baseline', True)]
VERIFY wide_1m parse [('perry', True), ('node', True), ('bun', True), ('baseline', True)]
VERIFY wide_1m stringify [('perry', True), ('node', True), ('bun', True), ('baseline', True)]
VERIFY heterogeneous_1m parse [('perry', True), ('node', True), ('bun', True), ('baseline', True)]
VERIFY heterogeneous_1m stringify [('perry', True), ('node', True), ('bun', True), ('baseline', True)]
RUN null parse baseline None 0 2000000 21.32 
RUN null parse perry None 0 2000000 21.26 
RUN null parse bun None 0 2000000 34.37 
RUN null parse node None 0 2000000 53.31 
RUN null parse perry None 1 2000000 21.27 
RUN null parse baseline None 1 2000000 21.27 
RUN null parse node None 1 2000000 53.32 
RUN null parse bun None 1 2000000 34.29 
RUN null parse node None 2 2000000 53.31 
RUN null parse perry None 2 2000000 21.25 
RUN null parse bun None 2 2000000 34.31 
RUN null parse baseline None 2 2000000 21.25 
RUN null parse node None 3 2000000 53.32 
RUN null parse perry None 3 2000000 21.26 
RUN null parse baseline None 3 2000000 21.25 
RUN null parse bun None 3 2000000 34.54 
RUN null parse bun None 4 2000000 34.52 
RUN null parse baseline None 4 2000000 21.25 
RUN null parse node None 4 2000000 53.31 
RUN null parse perry None 4 2000000 21.26 
RUN null stringify baseline None 0 2000000 13.14 
RUN null stringify bun None 0 2000000 52.61 
RUN null stringify perry None 0 2000000 13.15 
RUN null stringify node None 0 2000000 52.69 
RUN null stringify baseline None 1 2000000 13.12 
RUN null stringify node None 1 2000000 52.67 
RUN null stringify perry None 1 2000000 13.12 
RUN null stringify bun None 1 2000000 52.65 
RUN null stringify node None 2 2000000 52.65 
RUN null stringify baseline None 2 2000000 13.15 
RUN null stringify perry None 2 2000000 13.13 
RUN null stringify bun None 2 2000000 52.78 
RUN null stringify bun None 3 2000000 53.77 
RUN null stringify perry None 3 2000000 13.14 
RUN null stringify baseline None 3 2000000 13.12 
RUN null stringify node None 3 2000000 52.65 
RUN null stringify bun None 4 2000000 53.36 
RUN null stringify baseline None 4 2000000 13.14 
RUN null stringify node None 4 2000000 52.71 
RUN null stringify perry None 4 2000000 13.15 
RUN string_a parse node None 0 2000000 62.03 
RUN string_a parse baseline None 0 2000000 25.74 
RUN string_a parse bun None 0 2000000 40.89 
RUN string_a parse perry None 0 2000000 25.72 
RUN string_a parse bun None 1 2000000 40.86 
RUN string_a parse perry None 1 2000000 25.75 
RUN string_a parse baseline None 1 2000000 25.73 
RUN string_a parse node None 1 2000000 62.08 
RUN string_a parse perry None 2 2000000 25.76 
RUN string_a parse baseline None 2 2000000 25.75 
RUN string_a parse bun None 2 2000000 40.8 
RUN string_a parse node None 2 2000000 62.04 
RUN string_a parse baseline None 3 2000000 25.74 
RUN string_a parse node None 3 2000000 62.09 
RUN string_a parse perry None 3 2000000 25.73 
RUN string_a parse bun None 3 2000000 40.92 
RUN string_a parse perry None 4 2000000 25.75 
RUN string_a parse node None 4 2000000 62.09 
RUN string_a parse bun None 4 2000000 40.89 
RUN string_a parse baseline None 4 2000000 25.77 
RUN string_a stringify baseline None 0 2000000 19.37 
RUN string_a stringify bun None 0 2000000 52.88 
RUN string_a stringify node None 0 2000000 58.26 
RUN string_a stringify perry None 0 2000000 19.36 
RUN string_a stringify bun None 1 2000000 52.92 
RUN string_a stringify perry None 1 2000000 19.38 
RUN string_a stringify node None 1 2000000 58.2 
RUN string_a stringify baseline None 1 2000000 19.37 
RUN string_a stringify baseline None 2 2000000 19.36 
RUN string_a stringify perry None 2 2000000 19.4 
RUN string_a stringify node None 2 2000000 58.38 
RUN string_a stringify bun None 2 2000000 52.79 
RUN string_a stringify perry None 3 2000000 19.36 
RUN string_a stringify baseline None 3 2000000 19.37 
RUN string_a stringify bun None 3 2000000 54.4 
RUN string_a stringify node None 3 2000000 58.31 
RUN string_a stringify bun None 4 2000000 52.72 
RUN string_a stringify node None 4 2000000 58.22 
RUN string_a stringify baseline None 4 2000000 19.37 
RUN string_a stringify perry None 4 2000000 19.38 
RUN empty_object parse node None 0 2000000 88.48 
RUN empty_object parse perry None 0 2000000 47.97 
RUN empty_object parse bun None 0 2000000 43.15 
RUN empty_object parse baseline None 0 2000000 47.93 
RUN empty_object parse node None 1 2000000 88.51 
RUN empty_object parse bun None 1 2000000 43.06 
RUN empty_object parse baseline None 1 2000000 47.81 
RUN empty_object parse perry None 1 2000000 47.83 
RUN empty_object parse bun None 2 2000000 43.07 
RUN empty_object parse node None 2 2000000 88.42 
RUN empty_object parse perry None 2 2000000 47.94 
RUN empty_object parse baseline None 2 2000000 48.11 
RUN empty_object parse node None 3 2000000 88.39 
RUN empty_object parse perry None 3 2000000 47.67 
RUN empty_object parse bun None 3 2000000 43.12 
RUN empty_object parse baseline None 3 2000000 48.04 
RUN empty_object parse baseline None 4 2000000 48.01 
RUN empty_object parse bun None 4 2000000 43.66 
RUN empty_object parse node None 4 2000000 88.44 
RUN empty_object parse perry None 4 2000000 48.21 
RUN empty_object stringify perry None 0 2000000 35.23 
RUN empty_object stringify node None 0 2000000 64.83 
RUN empty_object stringify baseline None 0 2000000 36.48 
RUN empty_object stringify bun None 0 2000000 55.84 
RUN empty_object stringify node None 1 2000000 62.31 
RUN empty_object stringify bun None 1 2000000 55.44 
RUN empty_object stringify perry None 1 2000000 35.36 
RUN empty_object stringify baseline None 1 2000000 35.21 
RUN empty_object stringify baseline None 2 2000000 35.2 
RUN empty_object stringify bun None 2 2000000 55.54 
RUN empty_object stringify perry None 2 2000000 35.21 
RUN empty_object stringify node None 2 2000000 62.21 
RUN empty_object stringify node None 3 2000000 62.28 
RUN empty_object stringify baseline None 3 2000000 35.22 
RUN empty_object stringify perry None 3 2000000 35.24 
RUN empty_object stringify bun None 3 2000000 55.05 
RUN empty_object stringify perry None 4 2000000 35.2 
RUN empty_object stringify node None 4 2000000 62.16 
RUN empty_object stringify bun None 4 2000000 55.23 
RUN empty_object stringify baseline None 4 2000000 35.23 
RUN tiny_object parse perry None 0 2000000 74.46 
RUN tiny_object parse baseline None 0 2000000 74.29 
RUN tiny_object parse bun None 0 2000000 85.64 
RUN tiny_object parse node None 0 2000000 160.28 
RUN tiny_object parse perry None 1 2000000 76.05 
RUN tiny_object parse node None 1 2000000 162.81 
RUN tiny_object parse baseline None 1 2000000 74.9 
RUN tiny_object parse bun None 1 2000000 85.93 
RUN tiny_object parse baseline None 2 2000000 76.36 
RUN tiny_object parse node None 2 2000000 161.13 
RUN tiny_object parse bun None 2 2000000 87.32 
RUN tiny_object parse perry None 2 2000000 74.45 
RUN tiny_object parse node None 3 2000000 159.98 
RUN tiny_object parse baseline None 3 2000000 74.57 
RUN tiny_object parse perry None 3 2000000 74.53 
RUN tiny_object parse bun None 3 2000000 85.29 
RUN tiny_object parse bun None 4 2000000 85.14 
RUN tiny_object parse node None 4 2000000 162.97 
RUN tiny_object parse baseline None 4 2000000 74.61 
RUN tiny_object parse perry None 4 2000000 74.66 
RUN tiny_object stringify bun None 0 2000000 73.97 
RUN tiny_object stringify perry None 0 2000000 67.96 
RUN tiny_object stringify node None 0 2000000 72.51 
RUN tiny_object stringify baseline None 0 2000000 67.8 
RUN tiny_object stringify bun None 1 2000000 79.1 
RUN tiny_object stringify baseline None 1 2000000 70.25 
RUN tiny_object stringify node None 1 2000000 72.56 
RUN tiny_object stringify perry None 1 2000000 67.88 
RUN tiny_object stringify bun None 2 2000000 74.37 
RUN tiny_object stringify baseline None 2 2000000 67.92 
RUN tiny_object stringify perry None 2 2000000 67.94 
RUN tiny_object stringify node None 2 2000000 72.86 
RUN tiny_object stringify perry None 3 2000000 68.19 
RUN tiny_object stringify node None 3 2000000 72.59 
RUN tiny_object stringify bun None 3 2000000 74.46 
RUN tiny_object stringify baseline None 3 2000000 67.87 
RUN tiny_object stringify bun None 4 2000000 74.92 
RUN tiny_object stringify node None 4 2000000 72.59 
RUN tiny_object stringify perry None 4 2000000 68.12 
RUN tiny_object stringify baseline None 4 2000000 67.74 
RUN small_record parse perry None 0 1587645 159.75 
RUN small_record parse baseline None 0 1587645 160.7 
RUN small_record parse bun None 0 1587645 381.22 
RUN small_record parse node None 0 1587645 568.13 
RUN small_record parse perry None 1 1587645 157.25 
RUN small_record parse baseline None 1 1587645 157.25 
RUN small_record parse bun None 1 1587645 382.07 
RUN small_record parse node None 1 1587645 559.91 
RUN small_record parse node None 2 1587645 514.32 
RUN small_record parse perry None 2 1587645 157.19 
RUN small_record parse baseline None 2 1587645 157.17 
RUN small_record parse bun None 2 1587645 384.34 
RUN small_record parse baseline None 3 1587645 157.34 
RUN small_record parse bun None 3 1587645 381.84 
RUN small_record parse perry None 3 1587645 157.56 
RUN small_record parse node None 3 1587645 577.47 
RUN small_record parse baseline None 4 1587645 156.82 
RUN small_record parse node None 4 1587645 558.44 
RUN small_record parse bun None 4 1587645 381.42 
RUN small_record parse perry None 4 1587645 157.53 
RUN small_record stringify bun None 0 2000000 234.15 
RUN small_record stringify node None 0 2000000 213.51 
RUN small_record stringify perry None 0 2000000 91.42 
RUN small_record stringify baseline None 0 2000000 91.68 
RUN small_record stringify perry None 1 2000000 91.34 
RUN small_record stringify node None 1 2000000 214.08 
RUN small_record stringify baseline None 1 2000000 91.44 
RUN small_record stringify bun None 1 2000000 233.52 
RUN small_record stringify bun None 2 2000000 233.83 
RUN small_record stringify node None 2 2000000 213.36 
RUN small_record stringify perry None 2 2000000 92.09 
RUN small_record stringify baseline None 2 2000000 91.35 
RUN small_record stringify baseline None 3 2000000 91.34 
RUN small_record stringify bun None 3 2000000 233.91 
RUN small_record stringify node None 3 2000000 213.59 
RUN small_record stringify perry None 3 2000000 91.83 
RUN small_record stringify bun None 4 2000000 233.56 
RUN small_record stringify node None 4 2000000 213.51 
RUN small_record stringify perry None 4 2000000 91.31 
RUN small_record stringify baseline None 4 2000000 91.4 
RUN object_1k parse bun None 0 1958646 435.95 
RUN object_1k parse baseline None 0 1958646 161.94 
RUN object_1k parse node None 0 1958646 1038.89 
RUN object_1k parse perry None 0 1958646 161.83 
RUN object_1k parse baseline None 1 1958646 162.05 
RUN object_1k parse node None 1 1958646 1036.63 
RUN object_1k parse perry None 1 1958646 161.73 
RUN object_1k parse bun None 1 1958646 437.61 
RUN object_1k parse baseline None 2 1958646 161.94 
RUN object_1k parse bun None 2 1958646 435.33 
RUN object_1k parse perry None 2 1958646 161.73 
RUN object_1k parse node None 2 1958646 1036.46 
RUN object_1k parse baseline None 3 1958646 161.85 
RUN object_1k parse node None 3 1958646 1048.05 
RUN object_1k parse bun None 3 1958646 436.64 
RUN object_1k parse perry None 3 1958646 161.63 
RUN object_1k parse bun None 4 1958646 435.84 
RUN object_1k parse perry None 4 1958646 161.97 
RUN object_1k parse baseline None 4 1958646 161.99 
RUN object_1k parse node None 4 1958646 1035.83 
RUN object_1k stringify perry None 0 1027397 118.79 
RUN object_1k stringify node None 0 1027397 195.84 
RUN object_1k stringify baseline None 0 1027397 119.04 
RUN object_1k stringify bun None 0 1027397 209.46 
RUN object_1k stringify perry None 1 1027397 118.85 
RUN object_1k stringify node None 1 1027397 196.18 
RUN object_1k stringify baseline None 1 1027397 119.45 
RUN object_1k stringify bun None 1 1027397 209.29 
RUN object_1k stringify bun None 2 1027397 209.81 
RUN object_1k stringify baseline None 2 1027397 119.15 
RUN object_1k stringify perry None 2 1027397 119.12 
RUN object_1k stringify node None 2 1027397 196.15 
RUN object_1k stringify perry None 3 1027397 118.63 
RUN object_1k stringify bun None 3 1027397 208.79 
RUN object_1k stringify node None 3 1027397 196.15 
RUN object_1k stringify baseline None 3 1027397 119.49 
RUN object_1k stringify perry None 4 1027397 118.56 
RUN object_1k stringify bun None 4 1027397 210.05 
RUN object_1k stringify node None 4 1027397 195.61 
RUN object_1k stringify baseline None 4 1027397 119.32 
RUN records_array_16k parse perry None 0 8561 155.61 
RUN records_array_16k parse baseline None 0 8561 157.54 
RUN records_array_16k parse node None 0 8561 337.83 
RUN records_array_16k parse bun None 0 8561 289.85 
RUN records_array_16k parse baseline None 1 8561 157.54 
RUN records_array_16k parse perry None 1 8561 155.68 
RUN records_array_16k parse node None 1 8561 334.06 
RUN records_array_16k parse bun None 1 8561 289.4 
RUN records_array_16k parse perry None 2 8561 155.96 
RUN records_array_16k parse bun None 2 8561 289.14 
RUN records_array_16k parse node None 2 8561 365.26 
RUN records_array_16k parse baseline None 2 8561 157.9 
RUN records_array_16k parse baseline None 3 8561 157.86 
RUN records_array_16k parse node None 3 8561 365.67 
RUN records_array_16k parse perry None 3 8561 155.49 
RUN records_array_16k parse bun None 3 8561 289.59 
RUN records_array_16k parse baseline None 4 8561 157.83 
RUN records_array_16k parse bun None 4 8561 289.17 
RUN records_array_16k parse node None 4 8561 340.53 
RUN records_array_16k parse perry None 4 8561 155.65 
RUN records_array_16k stringify node None 0 12834 167.27 
RUN records_array_16k stringify bun None 0 12834 296.94 
RUN records_array_16k stringify perry None 0 12834 141.88 
RUN records_array_16k stringify baseline None 0 12834 140.67 
RUN records_array_16k stringify baseline None 1 12834 141.64 
RUN records_array_16k stringify perry None 1 12834 140.71 
RUN records_array_16k stringify bun None 1 12834 296.73 
RUN records_array_16k stringify node None 1 12834 166.15 
RUN records_array_16k stringify perry None 2 12834 140.88 
RUN records_array_16k stringify baseline None 2 12834 142.02 
RUN records_array_16k stringify node None 2 12834 166.43 
RUN records_array_16k stringify bun None 2 12834 297.34 
RUN records_array_16k stringify bun None 3 12834 296.61 
RUN records_array_16k stringify node None 3 12834 166.55 
RUN records_array_16k stringify perry None 3 12834 141.0 
RUN records_array_16k stringify baseline None 3 12834 142.39 
RUN records_array_16k stringify bun None 4 12834 296.7 
RUN records_array_16k stringify baseline None 4 12834 142.29 
RUN records_array_16k stringify node None 4 12834 167.71 
RUN records_array_16k stringify perry None 4 12834 140.75 
RUN records_array_16k sparse baseline None 0 6388 157.28 
RUN records_array_16k sparse perry None 0 6388 155.77 
RUN records_array_16k sparse bun None 0 6388 216.71 
RUN records_array_16k sparse node None 0 6388 245.46 
RUN records_array_16k sparse baseline None 1 6388 157.6 
RUN records_array_16k sparse bun None 1 6388 216.41 
RUN records_array_16k sparse node None 1 6388 259.62 
RUN records_array_16k sparse perry None 1 6388 156.45 
RUN records_array_16k sparse bun None 2 6388 216.44 
RUN records_array_16k sparse perry None 2 6388 155.89 
RUN records_array_16k sparse node None 2 6388 246.76 
RUN records_array_16k sparse baseline None 2 6388 157.36 
RUN records_array_16k sparse node None 3 6388 248.73 
RUN records_array_16k sparse perry None 3 6388 156.12 
RUN records_array_16k sparse baseline None 3 6388 157.36 
RUN records_array_16k sparse bun None 3 6388 216.65 
RUN records_array_16k sparse node None 4 6388 254.63 
RUN records_array_16k sparse bun None 4 6388 216.37 
RUN records_array_16k sparse baseline None 4 6388 157.31 
RUN records_array_16k sparse perry None 4 6388 156.0 
RUN records_array_16k scan bun None 0 3885 133.19 
RUN records_array_16k scan node None 0 3885 162.78 
RUN records_array_16k scan baseline None 0 3885 1127.16 
RUN records_array_16k scan perry None 0 3885 244.99 
RUN records_array_16k scan baseline None 1 3885 1130.02 
RUN records_array_16k scan perry None 1 3885 246.64 
RUN records_array_16k scan node None 1 3885 152.78 
RUN records_array_16k scan bun None 1 3885 132.79 
RUN records_array_16k scan node None 2 3885 154.66 
RUN records_array_16k scan baseline None 2 3885 1129.36 
RUN records_array_16k scan perry None 2 3885 245.52 
RUN records_array_16k scan bun None 2 3885 132.97 
RUN records_array_16k scan baseline None 3 3885 1127.7 
RUN records_array_16k scan node None 3 3885 162.33 
RUN records_array_16k scan perry None 3 3885 245.04 
RUN records_array_16k scan bun None 3 3885 149.94 
RUN records_array_16k scan bun None 4 3885 132.82 
RUN records_array_16k scan node None 4 3885 149.4 
RUN records_array_16k scan perry None 4 3885 245.17 
RUN records_array_16k scan baseline None 4 3885 1125.92 
RUN records_array_16k roundtrip perry None 0 6111 157.31 
RUN records_array_16k roundtrip node None 0 6111 330.89 
RUN records_array_16k roundtrip baseline None 0 6111 158.55 
RUN records_array_16k roundtrip bun None 0 6111 352.14 
RUN records_array_16k roundtrip bun None 1 6111 352.18 
RUN records_array_16k roundtrip perry None 1 6111 157.13 
RUN records_array_16k roundtrip baseline None 1 6111 158.39 
RUN records_array_16k roundtrip node None 1 6111 322.15 
RUN records_array_16k roundtrip bun None 2 6111 352.11 
RUN records_array_16k roundtrip node None 2 6111 331.83 
RUN records_array_16k roundtrip perry None 2 6111 157.15 
RUN records_array_16k roundtrip baseline None 2 6111 158.59 
RUN records_array_16k roundtrip bun None 3 6111 351.41 
RUN records_array_16k roundtrip baseline None 3 6111 158.51 
RUN records_array_16k roundtrip perry None 3 6111 157.3 
RUN records_array_16k roundtrip node None 3 6111 337.5 
RUN records_array_16k roundtrip baseline None 4 6111 158.47 
RUN records_array_16k roundtrip perry None 4 6111 156.99 
RUN records_array_16k roundtrip bun None 4 6111 352.45 
RUN records_array_16k roundtrip node None 4 6111 315.53 
RUN records_array_1m parse perry None 0 128 154.86 
RUN records_array_1m parse node None 0 128 342.47 
RUN records_array_1m parse baseline None 0 128 156.87 
RUN records_array_1m parse bun None 0 128 269.78 
RUN records_array_1m parse bun None 1 128 269.05 
RUN records_array_1m parse perry None 1 128 154.78 
RUN records_array_1m parse baseline None 1 128 156.79 
RUN records_array_1m parse node None 1 128 331.16 
RUN records_array_1m parse bun None 2 128 269.23 
RUN records_array_1m parse baseline None 2 128 156.65 
RUN records_array_1m parse perry None 2 128 154.81 
RUN records_array_1m parse node None 2 128 340.66 
RUN records_array_1m parse bun None 3 128 269.31 
RUN records_array_1m parse perry None 3 128 155.15 
RUN records_array_1m parse node None 3 128 344.01 
RUN records_array_1m parse baseline None 3 128 156.71 
RUN records_array_1m parse perry None 4 128 154.54 
RUN records_array_1m parse node None 4 128 343.86 
RUN records_array_1m parse bun None 4 128 269.26 
RUN records_array_1m parse baseline None 4 128 156.64 
RUN records_array_1m stringify node None 0 233 191.36 
RUN records_array_1m stringify bun None 0 233 222.48 
RUN records_array_1m stringify perry None 0 233 149.29 
RUN records_array_1m stringify baseline None 0 233 150.43 
RUN records_array_1m stringify bun None 1 233 222.96 
RUN records_array_1m stringify perry None 1 233 150.77 
RUN records_array_1m stringify baseline None 1 233 149.44 
RUN records_array_1m stringify node None 1 233 191.28 
RUN records_array_1m stringify bun None 2 233 222.37 
RUN records_array_1m stringify node None 2 233 191.42 
RUN records_array_1m stringify perry None 2 233 151.04 
RUN records_array_1m stringify baseline None 2 233 150.11 
RUN records_array_1m stringify baseline None 3 233 149.38 
RUN records_array_1m stringify node None 3 233 190.81 
RUN records_array_1m stringify bun None 3 233 222.55 
RUN records_array_1m stringify perry None 3 233 150.59 
RUN records_array_1m stringify perry None 4 233 149.27 
RUN records_array_1m stringify node None 4 233 189.83 
RUN records_array_1m stringify baseline None 4 233 150.79 
RUN records_array_1m stringify bun None 4 233 222.37 
RUN records_array_1m sparse perry None 0 121 151.72 
RUN records_array_1m sparse node None 0 121 318.18 
RUN records_array_1m sparse baseline None 0 121 153.39 
RUN records_array_1m sparse bun None 0 121 255.92 
RUN records_array_1m sparse bun None 1 121 255.86 
RUN records_array_1m sparse baseline None 1 121 153.99 
RUN records_array_1m sparse perry None 1 121 151.56 
RUN records_array_1m sparse node None 1 121 312.2 
RUN records_array_1m sparse bun None 2 121 255.66 
RUN records_array_1m sparse node None 2 121 311.2 
RUN records_array_1m sparse baseline None 2 121 153.75 
RUN records_array_1m sparse perry None 2 121 151.58 
RUN records_array_1m sparse perry None 3 121 151.3 
RUN records_array_1m sparse bun None 3 121 259.73 
RUN records_array_1m sparse node None 3 121 307.32 
RUN records_array_1m sparse baseline None 3 121 153.63 
RUN records_array_1m sparse perry None 4 121 151.41 
RUN records_array_1m sparse node None 4 121 312.49 
RUN records_array_1m sparse baseline None 4 121 153.49 
RUN records_array_1m sparse bun None 4 121 255.53 
RUN records_array_1m scan node None 0 69 181.16 
RUN records_array_1m scan perry None 0 69 222.54 
RUN records_array_1m scan bun None 0 69 146.03 
RUN records_array_1m scan baseline None 0 69 318.53 
RUN records_array_1m scan perry None 1 69 223.15 
RUN records_array_1m scan bun None 1 69 146.01 
RUN records_array_1m scan node None 1 69 182.65 
RUN records_array_1m scan baseline None 1 69 318.56 
RUN records_array_1m scan perry None 2 69 223.0 
RUN records_array_1m scan bun None 2 69 145.93 
RUN records_array_1m scan baseline None 2 69 319.35 
RUN records_array_1m scan node None 2 69 177.7 
RUN records_array_1m scan node None 3 69 183.48 
RUN records_array_1m scan perry None 3 69 223.26 
RUN records_array_1m scan bun None 3 69 145.74 
RUN records_array_1m scan baseline None 3 69 318.07 
RUN records_array_1m scan bun None 4 69 145.71 
RUN records_array_1m scan perry None 4 69 224.11 
RUN records_array_1m scan node None 4 69 194.77 
RUN records_array_1m scan baseline None 4 69 319.04 
RUN records_array_1m roundtrip perry None 0 94 159.05 
RUN records_array_1m roundtrip bun None 0 94 288.5 
RUN records_array_1m roundtrip baseline None 0 94 160.31 
RUN records_array_1m roundtrip node None 0 94 340.47 
RUN records_array_1m roundtrip bun None 1 94 288.98 
RUN records_array_1m roundtrip perry None 1 94 159.0 
RUN records_array_1m roundtrip baseline None 1 94 160.36 
RUN records_array_1m roundtrip node None 1 94 328.58 
RUN records_array_1m roundtrip baseline None 2 94 161.23 
RUN records_array_1m roundtrip node None 2 94 322.17 
RUN records_array_1m roundtrip perry None 2 94 158.99 
RUN records_array_1m roundtrip bun None 2 94 288.46 
RUN records_array_1m roundtrip bun None 3 94 288.54 
RUN records_array_1m roundtrip node None 3 94 315.13 
RUN records_array_1m roundtrip baseline None 3 94 160.56 
RUN records_array_1m roundtrip perry None 3 94 158.38 
RUN records_array_1m roundtrip baseline None 4 94 160.51 
RUN records_array_1m roundtrip perry None 4 94 158.68 
RUN records_array_1m roundtrip node None 4 94 342.41 
RUN records_array_1m roundtrip bun None 4 94 288.5 
RUN records_object_1m parse bun None 0 80 168.44 
RUN records_object_1m parse perry None 0 80 161.95 
RUN records_object_1m parse node None 0 80 204.19 
RUN records_object_1m parse baseline None 0 80 162.71 
RUN records_object_1m parse baseline None 1 80 162.69 
RUN records_object_1m parse node None 1 80 219.73 
RUN records_object_1m parse bun None 1 80 168.77 
RUN records_object_1m parse perry None 1 80 162.05 
RUN records_object_1m parse baseline None 2 80 162.64 
RUN records_object_1m parse bun None 2 80 168.54 
RUN records_object_1m parse node None 2 80 214.99 
RUN records_object_1m parse perry None 2 80 161.96 
RUN records_object_1m parse node None 3 80 209.13 
RUN records_object_1m parse baseline None 3 80 163.21 
RUN records_object_1m parse perry None 3 80 162.61 
RUN records_object_1m parse bun None 3 80 168.82 
RUN records_object_1m parse node None 4 80 229.49 
RUN records_object_1m parse baseline None 4 80 162.76 
RUN records_object_1m parse perry None 4 80 162.18 
RUN records_object_1m parse bun None 4 80 168.74 
RUN records_object_1m stringify baseline None 0 232 149.93 
RUN records_object_1m stringify node None 0 232 189.68 
RUN records_object_1m stringify perry None 0 232 150.26 
RUN records_object_1m stringify bun None 0 232 222.07 
RUN records_object_1m stringify node None 1 232 189.28 
RUN records_object_1m stringify bun None 1 232 221.76 
RUN records_object_1m stringify baseline None 1 232 150.3 
RUN records_object_1m stringify perry None 1 232 150.17 
RUN records_object_1m stringify node None 2 232 189.05 
RUN records_object_1m stringify baseline None 2 232 149.93 
RUN records_object_1m stringify perry None 2 232 150.27 
RUN records_object_1m stringify bun None 2 232 221.96 
RUN records_object_1m stringify node None 3 232 190.34 
RUN records_object_1m stringify perry None 3 232 149.43 
RUN records_object_1m stringify bun None 3 232 222.01 
RUN records_object_1m stringify baseline None 3 232 151.54 
RUN records_object_1m stringify perry None 4 232 149.77 
RUN records_object_1m stringify baseline None 4 232 150.19 
RUN records_object_1m stringify bun None 4 232 222.48 
RUN records_object_1m stringify node None 4 232 189.99 
RUN records_array_8m parse perry None 0 13 138.07 
RUN records_array_8m parse bun None 0 13 231.57 
RUN records_array_8m parse node None 0 13 280.03 
RUN records_array_8m parse baseline None 0 13 138.91 
RUN records_array_8m parse node None 1 13 292.36 
RUN records_array_8m parse bun None 1 13 231.73 
RUN records_array_8m parse baseline None 1 13 138.81 
RUN records_array_8m parse perry None 1 13 138.52 
RUN records_array_8m parse node None 2 13 290.39 
RUN records_array_8m parse bun None 2 13 231.48 
RUN records_array_8m parse baseline None 2 13 139.32 
RUN records_array_8m parse perry None 2 13 138.19 
RUN records_array_8m parse bun None 3 13 231.79 
RUN records_array_8m parse baseline None 3 13 138.69 
RUN records_array_8m parse perry None 3 13 138.05 
RUN records_array_8m parse node None 3 13 301.25 
RUN records_array_8m parse baseline None 4 13 138.54 
RUN records_array_8m parse bun None 4 13 233.06 
RUN records_array_8m parse node None 4 13 292.16 
RUN records_array_8m parse perry None 4 13 138.22 
RUN records_array_8m stringify perry None 0 29 136.89 
RUN records_array_8m stringify node None 0 29 193.36 
RUN records_array_8m stringify bun None 0 29 221.64 
RUN records_array_8m stringify baseline None 0 29 137.1 
RUN records_array_8m stringify bun None 1 29 221.28 
RUN records_array_8m stringify node None 1 29 194.89 
RUN records_array_8m stringify baseline None 1 29 137.8 
RUN records_array_8m stringify perry None 1 29 136.91 
RUN records_array_8m stringify perry None 2 29 136.77 
RUN records_array_8m stringify node None 2 29 194.92 
RUN records_array_8m stringify bun None 2 29 221.22 
RUN records_array_8m stringify baseline None 2 29 137.75 
RUN records_array_8m stringify bun None 3 29 223.78 
RUN records_array_8m stringify node None 3 29 197.33 
RUN records_array_8m stringify perry None 3 29 137.25 
RUN records_array_8m stringify baseline None 3 29 137.89 
RUN records_array_8m stringify node None 4 29 194.12 
RUN records_array_8m stringify baseline None 4 29 137.93 
RUN records_array_8m stringify perry None 4 29 136.84 
RUN records_array_8m stringify bun None 4 29 224.11 
RUN records_array_8m sparse baseline None 0 12 134.76 
RUN records_array_8m sparse perry None 0 12 135.09 
RUN records_array_8m sparse node None 0 12 286.2 
RUN records_array_8m sparse bun None 0 12 220.34 
RUN records_array_8m sparse node None 1 12 261.42 
RUN records_array_8m sparse perry None 1 12 134.31 
RUN records_array_8m sparse baseline None 1 12 134.81 
RUN records_array_8m sparse bun None 1 12 215.48 
RUN records_array_8m sparse node None 2 12 265.36 
RUN records_array_8m sparse bun None 2 12 215.07 
RUN records_array_8m sparse perry None 2 12 134.51 
RUN records_array_8m sparse baseline None 2 12 135.15 
RUN records_array_8m sparse node None 3 12 283.78 
RUN records_array_8m sparse perry None 3 12 135.21 
RUN records_array_8m sparse baseline None 3 12 135.12 
RUN records_array_8m sparse bun None 3 12 215.39 
RUN records_array_8m sparse perry None 4 12 134.42 
RUN records_array_8m sparse bun None 4 12 215.16 
RUN records_array_8m sparse node None 4 12 288.05 
RUN records_array_8m sparse baseline None 4 12 135.39 
RUN records_array_8m scan perry None 0 8 199.54 
RUN records_array_8m scan baseline None 0 8 291.56 
RUN records_array_8m scan node None 0 8 171.7 
RUN records_array_8m scan bun None 0 8 146.22 
RUN records_array_8m scan perry None 1 8 199.58 
RUN records_array_8m scan node None 1 8 168.21 
RUN records_array_8m scan baseline None 1 8 297.39 
RUN records_array_8m scan bun None 1 8 162.73 
RUN records_array_8m scan bun None 2 8 145.68 
RUN records_array_8m scan baseline None 2 8 291.69 
RUN records_array_8m scan node None 2 8 185.53 
RUN records_array_8m scan perry None 2 8 199.39 
RUN records_array_8m scan node None 3 8 181.18 
RUN records_array_8m scan baseline None 3 8 292.2 
RUN records_array_8m scan bun None 3 8 145.42 
RUN records_array_8m scan perry None 3 8 199.82 
RUN records_array_8m scan bun None 4 8 145.83 
RUN records_array_8m scan node None 4 8 177.1 
RUN records_array_8m scan perry None 4 8 199.83 
RUN records_array_8m scan baseline None 4 8 292.43 
RUN records_array_8m roundtrip perry None 0 9 138.75 
RUN records_array_8m roundtrip bun None 0 9 230.24 
RUN records_array_8m roundtrip baseline None 0 9 138.57 
RUN records_array_8m roundtrip node None 0 9 261.18 
RUN records_array_8m roundtrip node None 1 9 250.7 
RUN records_array_8m roundtrip bun None 1 9 229.9 
RUN records_array_8m roundtrip perry None 1 9 138.41 
RUN records_array_8m roundtrip baseline None 1 9 138.39 
RUN records_array_8m roundtrip node None 2 9 249.95 
RUN records_array_8m roundtrip bun None 2 9 230.07 
RUN records_array_8m roundtrip perry None 2 9 139.05 
RUN records_array_8m roundtrip baseline None 2 9 139.35 
RUN records_array_8m roundtrip node None 3 9 266.13 
RUN records_array_8m roundtrip baseline None 3 9 139.16 
RUN records_array_8m roundtrip bun None 3 9 231.02 
RUN records_array_8m roundtrip perry None 3 9 138.27 
RUN records_array_8m roundtrip bun None 4 9 229.39 
RUN records_array_8m roundtrip node None 4 9 271.16 
RUN records_array_8m roundtrip baseline None 4 9 138.96 
RUN records_array_8m roundtrip perry None 4 9 138.46 
RUN records_object_8m parse bun None 0 10 178.47 
RUN records_object_8m parse perry None 0 10 159.94 
RUN records_object_8m parse baseline None 0 10 161.18 
RUN records_object_8m parse node None 0 10 229.24 
RUN records_object_8m parse node None 1 10 220.05 
RUN records_object_8m parse bun None 1 10 178.33 
RUN records_object_8m parse baseline None 1 10 161.28 
RUN records_object_8m parse perry None 1 10 159.79 
RUN records_object_8m parse baseline None 2 10 161.16 
RUN records_object_8m parse bun None 2 10 178.04 
RUN records_object_8m parse node None 2 10 233.34 
RUN records_object_8m parse perry None 2 10 159.47 
RUN records_object_8m parse bun None 3 10 178.16 
RUN records_object_8m parse node None 3 10 224.98 
RUN records_object_8m parse baseline None 3 10 161.08 
RUN records_object_8m parse perry None 3 10 160.64 
RUN records_object_8m parse perry None 4 10 159.71 
RUN records_object_8m parse node None 4 10 225.1 
RUN records_object_8m parse bun None 4 10 178.44 
RUN records_object_8m parse baseline None 4 10 161.15 
RUN records_object_8m stringify node None 0 29 194.82 
RUN records_object_8m stringify bun None 0 29 220.83 
RUN records_object_8m stringify perry None 0 29 138.94 
RUN records_object_8m stringify baseline None 0 29 137.78 
RUN records_object_8m stringify perry None 1 29 138.34 
RUN records_object_8m stringify node None 1 29 194.92 
RUN records_object_8m stringify bun None 1 29 221.85 
RUN records_object_8m stringify baseline None 1 29 138.65 
RUN records_object_8m stringify node None 2 29 194.86 
RUN records_object_8m stringify baseline None 2 29 138.01 
RUN records_object_8m stringify perry None 2 29 137.9 
RUN records_object_8m stringify bun None 2 29 223.56 
RUN records_object_8m stringify baseline None 3 29 138.46 
RUN records_object_8m stringify perry None 3 29 137.97 
RUN records_object_8m stringify node None 3 29 193.77 
RUN records_object_8m stringify bun None 3 29 220.71 
RUN records_object_8m stringify bun None 4 29 222.38 
RUN records_object_8m stringify perry None 4 29 139.12 
RUN records_object_8m stringify node None 4 29 194.51 
RUN records_object_8m stringify baseline None 4 29 138.66 
RUN records_array_20m parse perry None 0 4 157.93 
RUN records_array_20m parse node None 0 4 231.09 
RUN records_array_20m parse baseline None 0 4 160.05 
RUN records_array_20m parse bun None 0 4 175.18 
RUN records_array_20m parse perry None 1 4 158.22 
RUN records_array_20m parse node None 1 4 231.43 
RUN records_array_20m parse baseline None 1 4 159.67 
RUN records_array_20m parse bun None 1 4 177.16 
RUN records_array_20m parse perry None 2 4 157.81 
RUN records_array_20m parse node None 2 4 239.6 
RUN records_array_20m parse baseline None 2 4 159.59 
RUN records_array_20m parse bun None 2 4 175.01 
RUN records_array_20m parse bun None 3 4 175.27 
RUN records_array_20m parse node None 3 4 237.87 
RUN records_array_20m parse perry None 3 4 157.87 
RUN records_array_20m parse baseline None 3 4 159.77 
RUN records_array_20m parse bun None 4 4 175.59 
RUN records_array_20m parse perry None 4 4 156.95 
RUN records_array_20m parse node None 4 4 251.43 
RUN records_array_20m parse baseline None 4 4 159.29 
RUN records_array_20m stringify node None 0 12 205.45 
RUN records_array_20m stringify perry None 0 12 141.04 
RUN records_array_20m stringify baseline None 0 12 141.37 
RUN records_array_20m stringify bun None 0 12 228.36 
RUN records_array_20m stringify bun None 1 12 232.63 
RUN records_array_20m stringify perry None 1 12 141.11 
RUN records_array_20m stringify node None 1 12 205.78 
RUN records_array_20m stringify baseline None 1 12 140.99 
RUN records_array_20m stringify bun None 2 12 228.98 
RUN records_array_20m stringify node None 2 12 205.34 
RUN records_array_20m stringify baseline None 2 12 140.68 
RUN records_array_20m stringify perry None 2 12 141.0 
RUN records_array_20m stringify node None 3 12 205.22 
RUN records_array_20m stringify baseline None 3 12 140.92 
RUN records_array_20m stringify bun None 3 12 229.31 
RUN records_array_20m stringify perry None 3 12 140.89 
RUN records_array_20m stringify node None 4 12 206.1 
RUN records_array_20m stringify baseline None 4 12 140.62 
RUN records_array_20m stringify bun None 4 12 228.94 
RUN records_array_20m stringify perry None 4 12 141.39 
RUN records_array_20m sparse baseline None 0 4 159.2 
RUN records_array_20m sparse perry None 0 4 157.93 
RUN records_array_20m sparse node None 0 4 244.08 
RUN records_array_20m sparse bun None 0 4 175.09 
RUN records_array_20m sparse node None 1 4 239.26 
RUN records_array_20m sparse baseline None 1 4 159.42 
RUN records_array_20m sparse perry None 1 4 158.18 
RUN records_array_20m sparse bun None 1 4 175.09 
RUN records_array_20m sparse node None 2 4 239.95 
RUN records_array_20m sparse baseline None 2 4 159.32 
RUN records_array_20m sparse perry None 2 4 157.91 
RUN records_array_20m sparse bun None 2 4 196.75 
RUN records_array_20m sparse node None 3 4 228.27 
RUN records_array_20m sparse baseline None 3 4 159.67 
RUN records_array_20m sparse perry None 3 4 158.28 
RUN records_array_20m sparse bun None 3 4 176.05 
RUN records_array_20m sparse node None 4 4 248.39 
RUN records_array_20m sparse bun None 4 4 178.7 
RUN records_array_20m sparse baseline None 4 4 159.41 
RUN records_array_20m sparse perry None 4 4 157.54 
RUN records_array_20m scan node None 0 4 238.96 
RUN records_array_20m scan baseline None 0 4 163.5 
RUN records_array_20m scan bun None 0 4 177.23 
RUN records_array_20m scan perry None 0 4 162.17 
RUN records_array_20m scan bun None 1 4 177.31 
RUN records_array_20m scan perry None 1 4 161.63 
RUN records_array_20m scan node None 1 4 247.03 
RUN records_array_20m scan baseline None 1 4 163.57 
RUN records_array_20m scan baseline None 2 4 163.26 
RUN records_array_20m scan perry None 2 4 161.76 
RUN records_array_20m scan node None 2 4 219.85 
RUN records_array_20m scan bun None 2 4 177.18 
RUN records_array_20m scan node None 3 4 222.56 
RUN records_array_20m scan bun None 3 4 177.4 
RUN records_array_20m scan baseline None 3 4 163.25 
RUN records_array_20m scan perry None 3 4 161.79 
RUN records_array_20m scan baseline None 4 4 163.65 
RUN records_array_20m scan node None 4 4 234.61 
RUN records_array_20m scan perry None 4 4 161.93 
RUN records_array_20m scan bun None 4 4 179.08 
RUN records_array_20m roundtrip baseline None 0 2 198.31 
RUN records_array_20m roundtrip node None 0 2 144.95 
RUN records_array_20m roundtrip bun None 0 2 129.42 
RUN records_array_20m roundtrip perry None 0 2 196.81 
RUN records_array_20m roundtrip bun None 1 2 129.8 
RUN records_array_20m roundtrip node None 1 2 148.04 
RUN records_array_20m roundtrip baseline None 1 2 198.27 
RUN records_array_20m roundtrip perry None 1 2 197.16 
RUN records_array_20m roundtrip node None 2 2 148.45 
RUN records_array_20m roundtrip perry None 2 2 197.17 
RUN records_array_20m roundtrip baseline None 2 2 198.45 
RUN records_array_20m roundtrip bun None 2 2 130.46 
RUN records_array_20m roundtrip perry None 3 2 196.54 
RUN records_array_20m roundtrip node None 3 2 147.16 
RUN records_array_20m roundtrip bun None 3 2 129.6 
RUN records_array_20m roundtrip baseline None 3 2 197.81 
RUN records_array_20m roundtrip baseline None 4 2 197.81 
RUN records_array_20m roundtrip perry None 4 2 197.16 
RUN records_array_20m roundtrip node None 4 2 153.85 
RUN records_array_20m roundtrip bun None 4 2 129.38 
RUN records_object_20m parse perry None 0 4 157.84 
RUN records_object_20m parse baseline None 0 4 159.67 
RUN records_object_20m parse bun None 0 4 175.86 
RUN records_object_20m parse node None 0 4 250.28 
RUN records_object_20m parse bun None 1 4 175.41 
RUN records_object_20m parse baseline None 1 4 159.2 
RUN records_object_20m parse perry None 1 4 157.78 
RUN records_object_20m parse node None 1 4 231.11 
RUN records_object_20m parse perry None 2 4 157.97 
RUN records_object_20m parse bun None 2 4 175.33 
RUN records_object_20m parse node None 2 4 228.62 
RUN records_object_20m parse baseline None 2 4 159.35 
RUN records_object_20m parse perry None 3 4 157.92 
RUN records_object_20m parse node None 3 4 236.89 
RUN records_object_20m parse bun None 3 4 175.57 
RUN records_object_20m parse baseline None 3 4 159.07 
RUN records_object_20m parse baseline None 4 4 159.34 
RUN records_object_20m parse bun None 4 4 176.29 
RUN records_object_20m parse node None 4 4 241.08 
RUN records_object_20m parse perry None 4 4 157.76 
RUN records_object_20m stringify perry None 0 12 140.88 
RUN records_object_20m stringify baseline None 0 12 140.52 
RUN records_object_20m stringify node None 0 12 205.24 
RUN records_object_20m stringify bun None 0 12 230.12 
RUN records_object_20m stringify baseline None 1 12 140.79 
RUN records_object_20m stringify perry None 1 12 140.22 
RUN records_object_20m stringify node None 1 12 206.47 
RUN records_object_20m stringify bun None 1 12 229.45 
RUN records_object_20m stringify bun None 2 12 229.17 
RUN records_object_20m stringify node None 2 12 206.49 
RUN records_object_20m stringify baseline None 2 12 140.6 
RUN records_object_20m stringify perry None 2 12 140.31 
RUN records_object_20m stringify baseline None 3 12 140.79 
RUN records_object_20m stringify bun None 3 12 229.57 
RUN records_object_20m stringify perry None 3 12 140.18 
RUN records_object_20m stringify node None 3 12 206.28 
RUN records_object_20m stringify node None 4 12 208.11 
RUN records_object_20m stringify baseline None 4 12 140.78 
RUN records_object_20m stringify perry None 4 12 140.54 
RUN records_object_20m stringify bun None 4 12 232.68 
RUN numbers_1m parse baseline None 0 100 159.1 
RUN numbers_1m parse perry None 0 100 159.33 
RUN numbers_1m parse node None 0 100 307.95 
RUN numbers_1m parse bun None 0 100 318.76 
RUN numbers_1m parse baseline None 1 100 159.29 
RUN numbers_1m parse perry None 1 100 159.37 
RUN numbers_1m parse bun None 1 100 320.49 
RUN numbers_1m parse node None 1 100 307.7 
RUN numbers_1m parse perry None 2 100 159.29 
RUN numbers_1m parse node None 2 100 307.51 
RUN numbers_1m parse baseline None 2 100 159.34 
RUN numbers_1m parse bun None 2 100 319.77 
RUN numbers_1m parse bun None 3 100 319.54 
RUN numbers_1m parse perry None 3 100 158.9 
RUN numbers_1m parse baseline None 3 100 159.21 
RUN numbers_1m parse node None 3 100 307.59 
RUN numbers_1m parse perry None 4 100 159.56 
RUN numbers_1m parse bun None 4 100 321.89 
RUN numbers_1m parse baseline None 4 100 159.47 
RUN numbers_1m parse node None 4 100 307.89 
RUN numbers_1m stringify baseline None 0 146 148.24 
RUN numbers_1m stringify node None 0 146 283.7 
RUN numbers_1m stringify bun None 0 146 428.97 
RUN numbers_1m stringify perry None 0 146 148.18 
RUN numbers_1m stringify node None 1 146 283.71 
RUN numbers_1m stringify bun None 1 146 429.44 
RUN numbers_1m stringify baseline None 1 146 148.6 
RUN numbers_1m stringify perry None 1 146 148.15 
RUN numbers_1m stringify baseline None 2 146 148.23 
RUN numbers_1m stringify bun None 2 146 428.59 
RUN numbers_1m stringify node None 2 146 284.22 
RUN numbers_1m stringify perry None 2 146 148.07 
RUN numbers_1m stringify bun None 3 146 428.99 
RUN numbers_1m stringify baseline None 3 146 148.45 
RUN numbers_1m stringify perry None 3 146 148.11 
RUN numbers_1m stringify node None 3 146 283.68 
RUN numbers_1m stringify node None 4 146 283.64 
RUN numbers_1m stringify bun None 4 146 429.5 
RUN numbers_1m stringify perry None 4 146 147.82 
RUN numbers_1m stringify baseline None 4 146 148.28 
RUN long_string_1m parse perry None 0 2814 1.0 
RUN long_string_1m parse node None 0 2814 1021.31 
RUN long_string_1m parse baseline None 0 2814 0.98 
RUN long_string_1m parse bun None 0 2814 178.96 
RUN long_string_1m parse node None 1 2814 1038.02 
RUN long_string_1m parse perry None 1 2814 0.98 
RUN long_string_1m parse bun None 1 2814 178.56 
RUN long_string_1m parse baseline None 1 2814 0.98 
RUN long_string_1m parse bun None 2 2814 178.13 
RUN long_string_1m parse baseline None 2 2814 0.97 
RUN long_string_1m parse perry None 2 2814 0.98 
RUN long_string_1m parse node None 2 2814 1020.97 
RUN long_string_1m parse node None 3 2814 1020.52 
RUN long_string_1m parse baseline None 3 2814 0.97 
RUN long_string_1m parse perry None 3 2814 0.98 
RUN long_string_1m parse bun None 3 2814 176.27 
RUN long_string_1m parse baseline None 4 2814 0.97 
RUN long_string_1m parse bun None 4 2814 178.72 
RUN long_string_1m parse node None 4 2814 1020.29 
RUN long_string_1m parse perry None 4 2814 1.07 
RUN long_string_1m stringify node None 0 1799 179.67 
RUN long_string_1m stringify bun None 0 1799 168.94 
RUN long_string_1m stringify perry None 0 1799 63.74 
RUN long_string_1m stringify baseline None 0 1799 63.08 
RUN long_string_1m stringify baseline None 1 1799 67.23 
RUN long_string_1m stringify bun None 1 1799 169.26 
RUN long_string_1m stringify perry None 1 1799 62.56 
RUN long_string_1m stringify node None 1 1799 179.21 
RUN long_string_1m stringify bun None 2 1799 169.17 
RUN long_string_1m stringify perry None 2 1799 66.48 
RUN long_string_1m stringify baseline None 2 1799 63.29 
RUN long_string_1m stringify node None 2 1799 177.46 
RUN long_string_1m stringify perry None 3 1799 70.91 
RUN long_string_1m stringify baseline None 3 1799 61.34 
RUN long_string_1m stringify bun None 3 1799 167.91 
RUN long_string_1m stringify node None 3 1799 182.57 
RUN long_string_1m stringify perry None 4 1799 60.24 
RUN long_string_1m stringify bun None 4 1799 169.13 
RUN long_string_1m stringify node None 4 1799 178.19 
RUN long_string_1m stringify baseline None 4 1799 62.45 
RUN escaped_1m parse baseline None 0 158 156.03 
RUN escaped_1m parse perry None 0 158 156.42 
RUN escaped_1m parse node None 0 158 274.02 
RUN escaped_1m parse bun None 0 158 327.27 
RUN escaped_1m parse bun None 1 158 326.87 
RUN escaped_1m parse baseline None 1 158 156.11 
RUN escaped_1m parse perry None 1 158 156.26 
RUN escaped_1m parse node None 1 158 274.45 
RUN escaped_1m parse perry None 2 158 156.23 
RUN escaped_1m parse node None 2 158 274.11 
RUN escaped_1m parse bun None 2 158 327.23 
RUN escaped_1m parse baseline None 2 158 156.0 
RUN escaped_1m parse perry None 3 158 156.28 
RUN escaped_1m parse baseline None 3 158 156.2 
RUN escaped_1m parse bun None 3 158 326.65 
RUN escaped_1m parse node None 3 158 274.4 
RUN escaped_1m parse perry None 4 158 156.45 
RUN escaped_1m parse node None 4 158 274.36 
RUN escaped_1m parse bun None 4 158 326.95 
RUN escaped_1m parse baseline None 4 158 156.74 
RUN escaped_1m stringify perry None 0 167 147.75 
RUN escaped_1m stringify node None 0 167 310.99 
RUN escaped_1m stringify baseline None 0 167 147.73 
RUN escaped_1m stringify bun None 0 167 346.9 
RUN escaped_1m stringify node None 1 167 313.02 
RUN escaped_1m stringify perry None 1 167 147.85 
RUN escaped_1m stringify baseline None 1 167 148.04 
RUN escaped_1m stringify bun None 1 167 347.64 
RUN escaped_1m stringify bun None 2 167 349.17 
RUN escaped_1m stringify baseline None 2 167 147.6 
RUN escaped_1m stringify perry None 2 167 147.7 
RUN escaped_1m stringify node None 2 167 311.85 
RUN escaped_1m stringify bun None 3 167 347.46 
RUN escaped_1m stringify perry None 3 167 147.86 
RUN escaped_1m stringify node None 3 167 313.3 
RUN escaped_1m stringify baseline None 3 167 147.62 
RUN escaped_1m stringify baseline None 4 167 147.59 
RUN escaped_1m stringify bun None 4 167 348.34 
RUN escaped_1m stringify perry None 4 167 147.54 
RUN escaped_1m stringify node None 4 167 311.29 
RUN unicode_1m parse node None 0 2846 1250.07 
RUN unicode_1m parse perry None 0 2846 0.99 
RUN unicode_1m parse bun None 0 2846 163.14 
RUN unicode_1m parse baseline None 0 2846 0.99 
RUN unicode_1m parse perry None 1 2846 1.0 
RUN unicode_1m parse node None 1 2846 1246.64 
RUN unicode_1m parse bun None 1 2846 162.59 
RUN unicode_1m parse baseline None 1 2846 0.98 
RUN unicode_1m parse perry None 2 2846 1.0 
RUN unicode_1m parse node None 2 2846 1247.41 
RUN unicode_1m parse bun None 2 2846 161.96 
RUN unicode_1m parse baseline None 2 2846 0.98 
RUN unicode_1m parse perry None 3 2846 1.0 
RUN unicode_1m parse bun None 3 2846 161.99 
RUN unicode_1m parse node None 3 2846 1249.9 
RUN unicode_1m parse baseline None 3 2846 0.99 
RUN unicode_1m parse perry None 4 2846 0.99 
RUN unicode_1m parse node None 4 2846 1248.52 
RUN unicode_1m parse baseline None 4 2846 1.0 
RUN unicode_1m parse bun None 4 2846 161.88 
RUN unicode_1m stringify bun None 0 2425 1086.12 
RUN unicode_1m stringify node None 0 2425 996.17 
RUN unicode_1m stringify baseline None 0 2425 77.6 
RUN unicode_1m stringify perry None 0 2425 72.52 
RUN unicode_1m stringify baseline None 1 2425 72.22 
RUN unicode_1m stringify perry None 1 2425 72.37 
RUN unicode_1m stringify bun None 1 2425 1086.68 
RUN unicode_1m stringify node None 1 2425 989.13 
RUN unicode_1m stringify perry None 2 2425 80.58 
RUN unicode_1m stringify bun None 2 2425 1081.67 
RUN unicode_1m stringify node None 2 2425 994.92 
RUN unicode_1m stringify baseline None 2 2425 68.36 
RUN unicode_1m stringify node None 3 2425 988.54 
RUN unicode_1m stringify baseline None 3 2425 74.73 
RUN unicode_1m stringify perry None 3 2425 70.05 
RUN unicode_1m stringify bun None 3 2425 1082.84 
RUN unicode_1m stringify bun None 4 2425 1081.59 
RUN unicode_1m stringify baseline None 4 2425 75.07 
RUN unicode_1m stringify node None 4 2425 988.61 
RUN unicode_1m stringify perry None 4 2425 73.98 
RUN wide_1m parse perry None 0 64 185.51 
RUN wide_1m parse baseline None 0 64 184.56 
RUN wide_1m parse bun None 0 64 263.6 
RUN wide_1m parse node None 0 64 327.38 
RUN wide_1m parse node None 1 64 327.71 
RUN wide_1m parse baseline None 1 64 184.65 
RUN wide_1m parse bun None 1 64 266.9 
RUN wide_1m parse perry None 1 64 185.57 
RUN wide_1m parse baseline None 2 64 184.73 
RUN wide_1m parse perry None 2 64 184.56 
RUN wide_1m parse node None 2 64 325.43 
RUN wide_1m parse bun None 2 64 263.55 
RUN wide_1m parse bun None 3 64 263.0 
RUN wide_1m parse perry None 3 64 184.86 
RUN wide_1m parse node None 3 64 327.19 
RUN wide_1m parse baseline None 3 64 184.63 
RUN wide_1m parse baseline None 4 64 184.78 
RUN wide_1m parse bun None 4 64 263.86 
RUN wide_1m parse perry None 4 64 184.76 
RUN wide_1m parse node None 4 64 328.34 
RUN wide_1m stringify bun None 0 232 153.06 
RUN wide_1m stringify baseline None 0 232 147.09 
RUN wide_1m stringify node None 0 232 1473.61 
RUN wide_1m stringify perry None 0 232 146.99 
RUN wide_1m stringify node None 1 232 1469.7 
RUN wide_1m stringify perry None 1 232 147.06 
RUN wide_1m stringify baseline None 1 232 147.19 
RUN wide_1m stringify bun None 1 232 153.39 
RUN wide_1m stringify bun None 2 232 153.02 
RUN wide_1m stringify perry None 2 232 147.21 
RUN wide_1m stringify baseline None 2 232 147.46 
RUN wide_1m stringify node None 2 232 1462.01 
RUN wide_1m stringify perry None 3 232 146.9 
RUN wide_1m stringify bun None 3 232 153.12 
RUN wide_1m stringify node None 3 232 1472.8 
RUN wide_1m stringify baseline None 3 232 146.98 
RUN wide_1m stringify node None 4 232 1474.11 
RUN wide_1m stringify bun None 4 232 153.07 
RUN wide_1m stringify baseline None 4 232 146.93 
RUN wide_1m stringify perry None 4 232 147.09 
RUN heterogeneous_1m parse bun None 0 111 323.24 
RUN heterogeneous_1m parse node None 0 111 411.07 
RUN heterogeneous_1m parse perry None 0 111 156.09 
RUN heterogeneous_1m parse baseline None 0 111 156.57 
RUN heterogeneous_1m parse bun None 1 111 319.67 
RUN heterogeneous_1m parse baseline None 1 111 155.87 
RUN heterogeneous_1m parse perry None 1 111 155.98 
RUN heterogeneous_1m parse node None 1 111 414.47 
RUN heterogeneous_1m parse node None 2 111 415.25 
RUN heterogeneous_1m parse perry None 2 111 156.17 
RUN heterogeneous_1m parse baseline None 2 111 156.57 
RUN heterogeneous_1m parse bun None 2 111 321.41 
RUN heterogeneous_1m parse node None 3 111 434.98 
RUN heterogeneous_1m parse perry None 3 111 156.07 
RUN heterogeneous_1m parse bun None 3 111 318.16 
RUN heterogeneous_1m parse baseline None 3 111 156.07 
RUN heterogeneous_1m parse perry None 4 111 156.3 
RUN heterogeneous_1m parse bun None 4 111 320.61 
RUN heterogeneous_1m parse baseline None 4 111 156.48 
RUN heterogeneous_1m parse node None 4 111 431.79 
RUN heterogeneous_1m stringify node None 0 217 187.68 
RUN heterogeneous_1m stringify perry None 0 217 155.45 
RUN heterogeneous_1m stringify baseline None 0 217 156.06 
RUN heterogeneous_1m stringify bun None 0 217 229.65 
RUN heterogeneous_1m stringify node None 1 217 192.2 
RUN heterogeneous_1m stringify baseline None 1 217 155.95 
RUN heterogeneous_1m stringify bun None 1 217 227.28 
RUN heterogeneous_1m stringify perry None 1 217 155.02 
RUN heterogeneous_1m stringify baseline None 2 217 156.17 
RUN heterogeneous_1m stringify node None 2 217 187.47 
RUN heterogeneous_1m stringify perry None 2 217 155.5 
RUN heterogeneous_1m stringify bun None 2 217 228.76 
RUN heterogeneous_1m stringify node None 3 217 187.86 
RUN heterogeneous_1m stringify bun None 3 217 227.61 
RUN heterogeneous_1m stringify perry None 3 217 155.29 
RUN heterogeneous_1m stringify baseline None 3 217 155.98 
RUN heterogeneous_1m stringify node None 4 217 188.14 
RUN heterogeneous_1m stringify bun None 4 217 228.97 
RUN heterogeneous_1m stringify baseline None 4 217 155.7 
RUN heterogeneous_1m stringify perry None 4 217 155.04 
MEM tiny_object retain-parse perry 1 11.8 
MEM tiny_object retain-parse node 1 52.7 
MEM tiny_object retain-parse bun 1 28.3 
MEM tiny_object retain-parse baseline 1 11.8 
MEM tiny_object retain-parse perry 1 11.8 
MEM tiny_object retain-parse node 1 52.7 
MEM tiny_object retain-parse bun 1 28.3 
MEM tiny_object retain-parse baseline 1 11.8 
MEM tiny_object retain-parse perry 1 11.8 
MEM tiny_object retain-parse node 1 52.7 
MEM tiny_object retain-parse bun 1 28.3 
MEM tiny_object retain-parse baseline 1 11.8 
MEM tiny_object retain-parse perry 1 11.8 
MEM tiny_object retain-parse node 1 52.7 
MEM tiny_object retain-parse bun 1 28.3 
MEM tiny_object retain-parse baseline 1 11.8 
MEM tiny_object retain-parse perry 1 11.8 
MEM tiny_object retain-parse node 1 52.8 
MEM tiny_object retain-parse bun 1 28.3 
MEM tiny_object retain-parse baseline 1 11.8 
MEM tiny_object retain-parse perry 200000 24.3 
MEM tiny_object retain-parse node 200000 75.0 
MEM tiny_object retain-parse bun 200000 50.2 
MEM tiny_object retain-parse baseline 200000 24.3 
MEM tiny_object retain-parse perry 200000 24.3 
MEM tiny_object retain-parse node 200000 74.9 
MEM tiny_object retain-parse bun 200000 50.2 
MEM tiny_object retain-parse baseline 200000 24.3 
MEM tiny_object retain-parse perry 200000 24.3 
MEM tiny_object retain-parse node 200000 75.0 
MEM tiny_object retain-parse bun 200000 50.2 
MEM tiny_object retain-parse baseline 200000 24.3 
MEM tiny_object retain-parse perry 200000 24.3 
MEM tiny_object retain-parse node 200000 74.8 
MEM tiny_object retain-parse bun 200000 50.2 
MEM tiny_object retain-parse baseline 200000 24.3 
MEM tiny_object retain-parse perry 200000 24.3 
MEM tiny_object retain-parse node 200000 75.0 
MEM tiny_object retain-parse bun 200000 50.2 
MEM tiny_object retain-parse baseline 200000 24.3 
MEM tiny_object retain-stringify perry 1 11.9 
MEM tiny_object retain-stringify node 1 52.7 
MEM tiny_object retain-stringify bun 1 28.3 
MEM tiny_object retain-stringify baseline 1 11.9 
MEM tiny_object retain-stringify perry 1 11.9 
MEM tiny_object retain-stringify node 1 52.8 
MEM tiny_object retain-stringify bun 1 28.4 
MEM tiny_object retain-stringify baseline 1 11.9 
MEM tiny_object retain-stringify perry 1 11.9 
MEM tiny_object retain-stringify node 1 52.8 
MEM tiny_object retain-stringify bun 1 28.3 
MEM tiny_object retain-stringify baseline 1 11.9 
MEM tiny_object retain-stringify perry 1 11.9 
MEM tiny_object retain-stringify node 1 52.8 
MEM tiny_object retain-stringify bun 1 28.3 
MEM tiny_object retain-stringify baseline 1 12.0 
MEM tiny_object retain-stringify perry 1 11.9 
MEM tiny_object retain-stringify node 1 53.0 
MEM tiny_object retain-stringify bun 1 28.3 
MEM tiny_object retain-stringify baseline 1 12.0 
MEM tiny_object retain-stringify perry 200000 24.4 
MEM tiny_object retain-stringify node 200000 71.3 
MEM tiny_object retain-stringify bun 200000 47.1 
MEM tiny_object retain-stringify baseline 200000 24.4 
MEM tiny_object retain-stringify perry 200000 24.4 
MEM tiny_object retain-stringify node 200000 71.3 
MEM tiny_object retain-stringify bun 200000 47.1 
MEM tiny_object retain-stringify baseline 200000 24.4 
MEM tiny_object retain-stringify perry 200000 24.4 
MEM tiny_object retain-stringify node 200000 71.3 
MEM tiny_object retain-stringify bun 200000 47.1 
MEM tiny_object retain-stringify baseline 200000 24.4 
MEM tiny_object retain-stringify perry 200000 24.4 
MEM tiny_object retain-stringify node 200000 71.3 
MEM tiny_object retain-stringify bun 200000 47.1 
MEM tiny_object retain-stringify baseline 200000 24.4 
MEM tiny_object retain-stringify perry 200000 24.4 
MEM tiny_object retain-stringify node 200000 71.3 
MEM tiny_object retain-stringify bun 200000 47.1 
MEM tiny_object retain-stringify baseline 200000 24.4 
MEM small_record retain-parse perry 1 11.8 
MEM small_record retain-parse node 1 52.8 
MEM small_record retain-parse bun 1 28.3 
MEM small_record retain-parse baseline 1 11.8 
MEM small_record retain-parse perry 1 11.8 
MEM small_record retain-parse node 1 52.8 
MEM small_record retain-parse bun 1 28.3 
MEM small_record retain-parse baseline 1 11.8 
MEM small_record retain-parse perry 1 11.8 
MEM small_record retain-parse node 1 52.8 
MEM small_record retain-parse bun 1 28.3 
MEM small_record retain-parse baseline 1 11.8 
MEM small_record retain-parse perry 1 11.8 
MEM small_record retain-parse node 1 52.7 
MEM small_record retain-parse bun 1 28.3 
MEM small_record retain-parse baseline 1 11.8 
MEM small_record retain-parse perry 1 11.8 
MEM small_record retain-parse node 1 52.7 
MEM small_record retain-parse bun 1 28.3 
MEM small_record retain-parse baseline 1 11.8 
MEM small_record retain-parse perry 100000 24.3 
MEM small_record retain-parse node 100000 85.5 
MEM small_record retain-parse bun 100000 52.7 
MEM small_record retain-parse baseline 100000 24.3 
MEM small_record retain-parse perry 100000 24.3 
MEM small_record retain-parse node 100000 85.5 
MEM small_record retain-parse bun 100000 52.7 
MEM small_record retain-parse baseline 100000 24.3 
MEM small_record retain-parse perry 100000 24.3 
MEM small_record retain-parse node 100000 85.5 
MEM small_record retain-parse bun 100000 52.7 
MEM small_record retain-parse baseline 100000 24.3 
MEM small_record retain-parse perry 100000 24.3 
MEM small_record retain-parse node 100000 85.5 
MEM small_record retain-parse bun 100000 52.7 
MEM small_record retain-parse baseline 100000 24.3 
MEM small_record retain-parse perry 100000 24.3 
MEM small_record retain-parse node 100000 85.5 
MEM small_record retain-parse bun 100000 52.7 
MEM small_record retain-parse baseline 100000 24.3 
MEM small_record retain-stringify perry 1 11.9 
MEM small_record retain-stringify node 1 52.9 
MEM small_record retain-stringify bun 1 28.4 
MEM small_record retain-stringify baseline 1 11.9 
MEM small_record retain-stringify perry 1 11.9 
MEM small_record retain-stringify node 1 52.9 
MEM small_record retain-stringify bun 1 28.3 
MEM small_record retain-stringify baseline 1 11.9 
MEM small_record retain-stringify perry 1 11.9 
MEM small_record retain-stringify node 1 52.9 
MEM small_record retain-stringify bun 1 28.3 
MEM small_record retain-stringify baseline 1 11.9 
MEM small_record retain-stringify perry 1 11.9 
MEM small_record retain-stringify node 1 52.8 
MEM small_record retain-stringify bun 1 28.3 
MEM small_record retain-stringify baseline 1 11.9 
MEM small_record retain-stringify perry 1 11.9 
MEM small_record retain-stringify node 1 52.8 
MEM small_record retain-stringify bun 1 28.3 
MEM small_record retain-stringify baseline 1 11.9 
MEM small_record retain-stringify perry 100000 27.6 
MEM small_record retain-stringify node 100000 80.4 
MEM small_record retain-stringify bun 100000 51.1 
MEM small_record retain-stringify baseline 100000 27.6 
MEM small_record retain-stringify perry 100000 27.6 
MEM small_record retain-stringify node 100000 80.5 
MEM small_record retain-stringify bun 100000 51.1 
MEM small_record retain-stringify baseline 100000 27.6 
MEM small_record retain-stringify perry 100000 27.5 
MEM small_record retain-stringify node 100000 80.4 
MEM small_record retain-stringify bun 100000 51.0 
MEM small_record retain-stringify baseline 100000 27.6 
MEM small_record retain-stringify perry 100000 27.6 
MEM small_record retain-stringify node 100000 80.4 
MEM small_record retain-stringify bun 100000 51.1 
MEM small_record retain-stringify baseline 100000 27.6 
MEM small_record retain-stringify perry 100000 27.5 
MEM small_record retain-stringify node 100000 80.4 
MEM small_record retain-stringify bun 100000 51.1 
MEM small_record retain-stringify baseline 100000 27.6 
MEM records_array_1m retain-parse perry 1 16.5 
MEM records_array_1m retain-parse node 1 58.5 
MEM records_array_1m retain-parse bun 1 31.7 
MEM records_array_1m retain-parse baseline 1 16.5 
MEM records_array_1m retain-parse perry 1 16.5 
MEM records_array_1m retain-parse node 1 58.5 
MEM records_array_1m retain-parse bun 1 31.6 
MEM records_array_1m retain-parse baseline 1 16.5 
MEM records_array_1m retain-parse perry 1 16.5 
MEM records_array_1m retain-parse node 1 58.5 
MEM records_array_1m retain-parse bun 1 31.6 
MEM records_array_1m retain-parse baseline 1 16.5 
MEM records_array_1m retain-parse perry 1 16.5 
MEM records_array_1m retain-parse node 1 58.5 
MEM records_array_1m retain-parse bun 1 31.7 
MEM records_array_1m retain-parse baseline 1 16.5 
MEM records_array_1m retain-parse perry 1 16.5 
MEM records_array_1m retain-parse node 1 58.5 
MEM records_array_1m retain-parse bun 1 31.7 
MEM records_array_1m retain-parse baseline 1 16.5 
MEM records_array_1m retain-parse perry 16 40.4 
MEM records_array_1m retain-parse node 16 88.8 
MEM records_array_1m retain-parse bun 16 55.9 
MEM records_array_1m retain-parse baseline 16 40.4 
MEM records_array_1m retain-parse perry 16 40.4 
MEM records_array_1m retain-parse node 16 88.8 
MEM records_array_1m retain-parse bun 16 55.9 
MEM records_array_1m retain-parse baseline 16 40.4 
MEM records_array_1m retain-parse perry 16 40.4 
MEM records_array_1m retain-parse node 16 88.6 
MEM records_array_1m retain-parse bun 16 55.9 
MEM records_array_1m retain-parse baseline 16 40.4 
MEM records_array_1m retain-parse perry 16 40.4 
MEM records_array_1m retain-parse node 16 88.8 
MEM records_array_1m retain-parse bun 16 55.9 
MEM records_array_1m retain-parse baseline 16 40.4 
MEM records_array_1m retain-parse perry 16 40.4 
MEM records_array_1m retain-parse node 16 88.7 
MEM records_array_1m retain-parse bun 16 55.9 
MEM records_array_1m retain-parse baseline 16 40.4 
MEM records_array_1m retain-stringify perry 1 19.1 
MEM records_array_1m retain-stringify node 1 60.7 
MEM records_array_1m retain-stringify bun 1 34.5 
MEM records_array_1m retain-stringify baseline 1 19.1 
MEM records_array_1m retain-stringify perry 1 19.0 
MEM records_array_1m retain-stringify node 1 60.5 
MEM records_array_1m retain-stringify bun 1 34.4 
MEM records_array_1m retain-stringify baseline 1 19.1 
MEM records_array_1m retain-stringify perry 1 19.1 
MEM records_array_1m retain-stringify node 1 60.7 
MEM records_array_1m retain-stringify bun 1 34.4 
MEM records_array_1m retain-stringify baseline 1 19.1 
MEM records_array_1m retain-stringify perry 1 19.1 
MEM records_array_1m retain-stringify node 1 60.7 
MEM records_array_1m retain-stringify bun 1 34.5 
MEM records_array_1m retain-stringify baseline 1 19.1 
MEM records_array_1m retain-stringify perry 1 19.0 
MEM records_array_1m retain-stringify node 1 60.6 
MEM records_array_1m retain-stringify bun 1 34.4 
MEM records_array_1m retain-stringify baseline 1 19.1 
MEM records_array_1m retain-stringify perry 16 31.7 
MEM records_array_1m retain-stringify node 16 76.4 
MEM records_array_1m retain-stringify bun 16 47.3 
MEM records_array_1m retain-stringify baseline 16 31.8 
MEM records_array_1m retain-stringify perry 16 31.7 
MEM records_array_1m retain-stringify node 16 76.5 
MEM records_array_1m retain-stringify bun 16 47.3 
MEM records_array_1m retain-stringify baseline 16 31.8 
MEM records_array_1m retain-stringify perry 16 31.7 
MEM records_array_1m retain-stringify node 16 76.4 
MEM records_array_1m retain-stringify bun 16 47.3 
MEM records_array_1m retain-stringify baseline 16 31.8 
MEM records_array_1m retain-stringify perry 16 31.7 
MEM records_array_1m retain-stringify node 16 76.4 
MEM records_array_1m retain-stringify bun 16 47.3 
MEM records_array_1m retain-stringify baseline 16 31.8 
MEM records_array_1m retain-stringify perry 16 31.7 
MEM records_array_1m retain-stringify node 16 76.5 
MEM records_array_1m retain-stringify bun 16 47.3 
MEM records_array_1m retain-stringify baseline 16 31.8 
MEM records_object_1m retain-parse perry 1 15.2 
MEM records_object_1m retain-parse node 1 58.3 
MEM records_object_1m retain-parse bun 1 31.7 
MEM records_object_1m retain-parse baseline 1 15.3 
MEM records_object_1m retain-parse perry 1 15.2 
MEM records_object_1m retain-parse node 1 58.5 
MEM records_object_1m retain-parse bun 1 31.7 
MEM records_object_1m retain-parse baseline 1 15.2 
MEM records_object_1m retain-parse perry 1 15.2 
MEM records_object_1m retain-parse node 1 58.5 
MEM records_object_1m retain-parse bun 1 31.7 
MEM records_object_1m retain-parse baseline 1 15.3 
MEM records_object_1m retain-parse perry 1 15.2 
MEM records_object_1m retain-parse node 1 58.5 
MEM records_object_1m retain-parse bun 1 31.6 
MEM records_object_1m retain-parse baseline 1 15.2 
MEM records_object_1m retain-parse perry 1 15.2 
MEM records_object_1m retain-parse node 1 58.6 
MEM records_object_1m retain-parse bun 1 31.7 
MEM records_object_1m retain-parse baseline 1 15.2 
MEM records_object_1m retain-parse perry 16 52.3 
MEM records_object_1m retain-parse node 16 88.6 
MEM records_object_1m retain-parse bun 16 56.0 
MEM records_object_1m retain-parse baseline 16 52.4 
MEM records_object_1m retain-parse perry 16 52.3 
MEM records_object_1m retain-parse node 16 88.9 
MEM records_object_1m retain-parse bun 16 55.9 
MEM records_object_1m retain-parse baseline 16 52.4 
MEM records_object_1m retain-parse perry 16 52.3 
MEM records_object_1m retain-parse node 16 88.9 
MEM records_object_1m retain-parse bun 16 56.0 
MEM records_object_1m retain-parse baseline 16 52.4 
MEM records_object_1m retain-parse perry 16 52.3 
MEM records_object_1m retain-parse node 16 88.7 
MEM records_object_1m retain-parse bun 16 56.0 
MEM records_object_1m retain-parse baseline 16 52.4 
MEM records_object_1m retain-parse perry 16 52.3 
MEM records_object_1m retain-parse node 16 88.9 
MEM records_object_1m retain-parse bun 16 56.0 
MEM records_object_1m retain-parse baseline 16 52.4 
MEM records_object_1m retain-stringify perry 1 19.1 
MEM records_object_1m retain-stringify node 1 60.6 
MEM records_object_1m retain-stringify bun 1 34.5 
MEM records_object_1m retain-stringify baseline 1 19.1 
MEM records_object_1m retain-stringify perry 1 19.1 
MEM records_object_1m retain-stringify node 1 60.6 
MEM records_object_1m retain-stringify bun 1 34.5 
MEM records_object_1m retain-stringify baseline 1 19.1 
MEM records_object_1m retain-stringify perry 1 19.1 
MEM records_object_1m retain-stringify node 1 60.6 
MEM records_object_1m retain-stringify bun 1 34.4 
MEM records_object_1m retain-stringify baseline 1 19.1 
MEM records_object_1m retain-stringify perry 1 19.1 
MEM records_object_1m retain-stringify node 1 60.6 
MEM records_object_1m retain-stringify bun 1 34.5 
MEM records_object_1m retain-stringify baseline 1 19.1 
MEM records_object_1m retain-stringify perry 1 19.1 
MEM records_object_1m retain-stringify node 1 60.5 
MEM records_object_1m retain-stringify bun 1 34.5 
MEM records_object_1m retain-stringify baseline 1 19.1 
MEM records_object_1m retain-stringify perry 16 31.8 
MEM records_object_1m retain-stringify node 16 76.5 
MEM records_object_1m retain-stringify bun 16 47.3 
MEM records_object_1m retain-stringify baseline 16 31.8 
MEM records_object_1m retain-stringify perry 16 31.8 
MEM records_object_1m retain-stringify node 16 76.5 
MEM records_object_1m retain-stringify bun 16 47.3 
MEM records_object_1m retain-stringify baseline 16 31.8 
MEM records_object_1m retain-stringify perry 16 31.8 
MEM records_object_1m retain-stringify node 16 76.4 
MEM records_object_1m retain-stringify bun 16 47.3 
MEM records_object_1m retain-stringify baseline 16 31.8 
MEM records_object_1m retain-stringify perry 16 31.8 
MEM records_object_1m retain-stringify node 16 76.5 
MEM records_object_1m retain-stringify bun 16 47.3 
MEM records_object_1m retain-stringify baseline 16 31.8 
MEM records_object_1m retain-stringify perry 16 31.8 
MEM records_object_1m retain-stringify node 16 76.5 
MEM records_object_1m retain-stringify bun 16 47.2 
MEM records_object_1m retain-stringify baseline 16 31.8 
MEM records_array_8m retain-parse perry 1 48.5 
MEM records_array_8m retain-parse node 1 94.3 
MEM records_array_8m retain-parse bun 1 52.3 
MEM records_array_8m retain-parse baseline 1 48.5 
MEM records_array_8m retain-parse perry 1 48.5 
MEM records_array_8m retain-parse node 1 94.4 
MEM records_array_8m retain-parse bun 1 52.4 
MEM records_array_8m retain-parse baseline 1 48.5 
MEM records_array_8m retain-parse perry 1 48.5 
MEM records_array_8m retain-parse node 1 94.4 
MEM records_array_8m retain-parse bun 1 52.3 
MEM records_array_8m retain-parse baseline 1 48.5 
MEM records_array_8m retain-parse perry 1 48.5 
MEM records_array_8m retain-parse node 1 94.3 
MEM records_array_8m retain-parse bun 1 52.3 
MEM records_array_8m retain-parse baseline 1 48.5 
MEM records_array_8m retain-parse perry 1 48.5 
MEM records_array_8m retain-parse node 1 94.5 
MEM records_array_8m retain-parse bun 1 52.4 
MEM records_array_8m retain-parse baseline 1 48.5 
MEM records_array_8m retain-parse perry 4 85.2 
MEM records_array_8m retain-parse node 4 147.1 
MEM records_array_8m retain-parse bun 4 91.7 
MEM records_array_8m retain-parse baseline 4 85.3 
MEM records_array_8m retain-parse perry 4 85.2 
MEM records_array_8m retain-parse node 4 147.0 
MEM records_array_8m retain-parse bun 4 91.8 
MEM records_array_8m retain-parse baseline 4 85.3 
MEM records_array_8m retain-parse perry 4 85.2 
MEM records_array_8m retain-parse node 4 147.0 
MEM records_array_8m retain-parse bun 4 91.9 
MEM records_array_8m retain-parse baseline 4 85.3 
MEM records_array_8m retain-parse perry 4 85.2 
MEM records_array_8m retain-parse node 4 147.0 
MEM records_array_8m retain-parse bun 4 92.0 
MEM records_array_8m retain-parse baseline 4 85.3 
MEM records_array_8m retain-parse perry 4 85.2 
MEM records_array_8m retain-parse node 4 147.2 
MEM records_array_8m retain-parse bun 4 92.0 
MEM records_array_8m retain-parse baseline 4 85.3 
MEM records_array_8m retain-stringify perry 1 77.3 
MEM records_array_8m retain-stringify node 1 114.3 
MEM records_array_8m retain-stringify bun 1 73.5 
MEM records_array_8m retain-stringify baseline 1 77.4 
MEM records_array_8m retain-stringify perry 1 77.2 
MEM records_array_8m retain-stringify node 1 114.3 
MEM records_array_8m retain-stringify bun 1 73.5 
MEM records_array_8m retain-stringify baseline 1 77.3 
MEM records_array_8m retain-stringify perry 1 77.2 
MEM records_array_8m retain-stringify node 1 114.3 
MEM records_array_8m retain-stringify bun 1 73.5 
MEM records_array_8m retain-stringify baseline 1 77.4 
MEM records_array_8m retain-stringify perry 1 77.3 
MEM records_array_8m retain-stringify node 1 114.3 
MEM records_array_8m retain-stringify bun 1 73.5 
MEM records_array_8m retain-stringify baseline 1 77.4 
MEM records_array_8m retain-stringify perry 1 77.2 
MEM records_array_8m retain-stringify node 1 114.2 
MEM records_array_8m retain-stringify bun 1 73.5 
MEM records_array_8m retain-stringify baseline 1 77.4 
MEM records_array_8m retain-stringify perry 4 98.5 
MEM records_array_8m retain-stringify node 4 144.0 
MEM records_array_8m retain-stringify bun 4 94.5 
MEM records_array_8m retain-stringify baseline 4 98.6 
MEM records_array_8m retain-stringify perry 4 98.5 
MEM records_array_8m retain-stringify node 4 144.1 
MEM records_array_8m retain-stringify bun 4 94.5 
MEM records_array_8m retain-stringify baseline 4 98.6 
MEM records_array_8m retain-stringify perry 4 98.5 
MEM records_array_8m retain-stringify node 4 143.9 
MEM records_array_8m retain-stringify bun 4 94.5 
MEM records_array_8m retain-stringify baseline 4 98.6 
MEM records_array_8m retain-stringify perry 4 98.5 
MEM records_array_8m retain-stringify node 4 144.0 
MEM records_array_8m retain-stringify bun 4 94.5 
MEM records_array_8m retain-stringify baseline 4 98.6 
MEM records_array_8m retain-stringify perry 4 98.5 
MEM records_array_8m retain-stringify node 4 144.0 
MEM records_array_8m retain-stringify bun 4 94.5 
MEM records_array_8m retain-stringify baseline 4 98.6 
MEM records_object_8m retain-parse perry 1 33.1 
MEM records_object_8m retain-parse node 1 94.4 
MEM records_object_8m retain-parse bun 1 52.4 
MEM records_object_8m retain-parse baseline 1 33.1 
MEM records_object_8m retain-parse perry 1 33.1 
MEM records_object_8m retain-parse node 1 94.3 
MEM records_object_8m retain-parse bun 1 52.4 
MEM records_object_8m retain-parse baseline 1 33.1 
MEM records_object_8m retain-parse perry 1 33.1 
MEM records_object_8m retain-parse node 1 94.3 
MEM records_object_8m retain-parse bun 1 52.3 
MEM records_object_8m retain-parse baseline 1 33.1 
MEM records_object_8m retain-parse perry 1 33.1 
MEM records_object_8m retain-parse node 1 94.5 
MEM records_object_8m retain-parse bun 1 52.4 
MEM records_object_8m retain-parse baseline 1 33.1 
MEM records_object_8m retain-parse perry 1 33.1 
MEM records_object_8m retain-parse node 1 94.3 
MEM records_object_8m retain-parse bun 1 52.3 
MEM records_object_8m retain-parse baseline 1 33.1 
MEM records_object_8m retain-parse perry 4 90.8 
MEM records_object_8m retain-parse node 4 147.0 
MEM records_object_8m retain-parse bun 4 91.9 
MEM records_object_8m retain-parse baseline 4 90.9 
MEM records_object_8m retain-parse perry 4 90.8 
MEM records_object_8m retain-parse node 4 147.0 
MEM records_object_8m retain-parse bun 4 92.0 
MEM records_object_8m retain-parse baseline 4 90.9 
MEM records_object_8m retain-parse perry 4 90.8 
MEM records_object_8m retain-parse node 4 147.0 
MEM records_object_8m retain-parse bun 4 91.7 
MEM records_object_8m retain-parse baseline 4 90.9 
MEM records_object_8m retain-parse perry 4 90.8 
MEM records_object_8m retain-parse node 4 147.0 
MEM records_object_8m retain-parse bun 4 92.0 
MEM records_object_8m retain-parse baseline 4 90.9 
MEM records_object_8m retain-parse perry 4 90.8 
MEM records_object_8m retain-parse node 4 146.9 
MEM records_object_8m retain-parse bun 4 91.8 
MEM records_object_8m retain-parse baseline 4 90.9 
MEM records_object_8m retain-stringify perry 1 77.3 
MEM records_object_8m retain-stringify node 1 114.3 
MEM records_object_8m retain-stringify bun 1 73.5 
MEM records_object_8m retain-stringify baseline 1 77.3 
MEM records_object_8m retain-stringify perry 1 77.2 
MEM records_object_8m retain-stringify node 1 114.2 
MEM records_object_8m retain-stringify bun 1 73.5 
MEM records_object_8m retain-stringify baseline 1 77.3 
MEM records_object_8m retain-stringify perry 1 77.3 
MEM records_object_8m retain-stringify node 1 114.2 
MEM records_object_8m retain-stringify bun 1 73.5 
MEM records_object_8m retain-stringify baseline 1 77.4 
MEM records_object_8m retain-stringify perry 1 77.3 
MEM records_object_8m retain-stringify node 1 114.2 
MEM records_object_8m retain-stringify bun 1 73.5 
MEM records_object_8m retain-stringify baseline 1 77.3 
MEM records_object_8m retain-stringify perry 1 77.2 
MEM records_object_8m retain-stringify node 1 114.2 
MEM records_object_8m retain-stringify bun 1 73.5 
MEM records_object_8m retain-stringify baseline 1 77.3 
MEM records_object_8m retain-stringify perry 4 98.6 
MEM records_object_8m retain-stringify node 4 144.0 
MEM records_object_8m retain-stringify bun 4 94.5 
MEM records_object_8m retain-stringify baseline 4 98.7 
MEM records_object_8m retain-stringify perry 4 98.6 
MEM records_object_8m retain-stringify node 4 144.0 
MEM records_object_8m retain-stringify bun 4 94.5 
MEM records_object_8m retain-stringify baseline 4 98.6 
MEM records_object_8m retain-stringify perry 4 98.5 
MEM records_object_8m retain-stringify node 4 144.1 
MEM records_object_8m retain-stringify bun 4 94.5 
MEM records_object_8m retain-stringify baseline 4 98.6 
MEM records_object_8m retain-stringify perry 4 98.5 
MEM records_object_8m retain-stringify node 4 144.1 
MEM records_object_8m retain-stringify bun 4 94.6 
MEM records_object_8m retain-stringify baseline 4 98.6 
MEM records_object_8m retain-stringify perry 4 98.5 
MEM records_object_8m retain-stringify node 4 143.9 
MEM records_object_8m retain-stringify bun 4 94.1 
MEM records_object_8m retain-stringify baseline 4 98.6 
MEM long_string_1m retain-parse perry 1 15.2 
MEM long_string_1m retain-parse node 1 56.7 
MEM long_string_1m retain-parse bun 1 30.6 
MEM long_string_1m retain-parse baseline 1 15.2 
MEM long_string_1m retain-parse perry 1 15.2 
MEM long_string_1m retain-parse node 1 56.6 
MEM long_string_1m retain-parse bun 1 30.6 
MEM long_string_1m retain-parse baseline 1 15.2 
MEM long_string_1m retain-parse perry 1 15.2 
MEM long_string_1m retain-parse node 1 56.6 
MEM long_string_1m retain-parse bun 1 30.6 
MEM long_string_1m retain-parse baseline 1 15.2 
MEM long_string_1m retain-parse perry 1 15.2 
MEM long_string_1m retain-parse node 1 56.6 
MEM long_string_1m retain-parse bun 1 30.6 
MEM long_string_1m retain-parse baseline 1 15.2 
MEM long_string_1m retain-parse perry 1 15.2 
MEM long_string_1m retain-parse node 1 56.7 
MEM long_string_1m retain-parse bun 1 30.6 
MEM long_string_1m retain-parse baseline 1 15.2 
MEM long_string_1m retain-parse perry 32 15.2 
MEM long_string_1m retain-parse node 32 89.3 
MEM long_string_1m retain-parse bun 32 61.7 
MEM long_string_1m retain-parse baseline 32 15.2 
MEM long_string_1m retain-parse perry 32 15.2 
MEM long_string_1m retain-parse node 32 89.2 
MEM long_string_1m retain-parse bun 32 61.7 
MEM long_string_1m retain-parse baseline 32 15.2 
MEM long_string_1m retain-parse perry 32 15.2 
MEM long_string_1m retain-parse node 32 89.1 
MEM long_string_1m retain-parse bun 32 61.7 
MEM long_string_1m retain-parse baseline 32 15.2 
MEM long_string_1m retain-parse perry 32 15.2 
MEM long_string_1m retain-parse node 32 89.2 
MEM long_string_1m retain-parse bun 32 61.6 
MEM long_string_1m retain-parse baseline 32 15.2 
MEM long_string_1m retain-parse perry 32 15.2 
MEM long_string_1m retain-parse node 32 89.2 
MEM long_string_1m retain-parse bun 32 61.7 
MEM long_string_1m retain-parse baseline 32 15.2 
MEM long_string_1m retain-stringify perry 1 17.6 
MEM long_string_1m retain-stringify node 1 60.7 
MEM long_string_1m retain-stringify bun 1 32.7 
MEM long_string_1m retain-stringify baseline 1 17.6 
MEM long_string_1m retain-stringify perry 1 17.6 
MEM long_string_1m retain-stringify node 1 60.6 
MEM long_string_1m retain-stringify bun 1 32.6 
MEM long_string_1m retain-stringify baseline 1 17.6 
MEM long_string_1m retain-stringify perry 1 17.6 
MEM long_string_1m retain-stringify node 1 60.7 
MEM long_string_1m retain-stringify bun 1 32.7 
MEM long_string_1m retain-stringify baseline 1 17.6 
MEM long_string_1m retain-stringify perry 1 17.6 
MEM long_string_1m retain-stringify node 1 60.7 
MEM long_string_1m retain-stringify bun 1 32.6 
MEM long_string_1m retain-stringify baseline 1 17.6 
MEM long_string_1m retain-stringify perry 1 17.6 
MEM long_string_1m retain-stringify node 1 60.7 
MEM long_string_1m retain-stringify bun 1 32.7 
MEM long_string_1m retain-stringify baseline 1 17.6 
MEM long_string_1m retain-stringify perry 32 51.0 
MEM long_string_1m retain-stringify node 32 92.3 
MEM long_string_1m retain-stringify bun 32 63.7 
MEM long_string_1m retain-stringify baseline 32 51.1 
MEM long_string_1m retain-stringify perry 32 51.1 
MEM long_string_1m retain-stringify node 32 92.3 
MEM long_string_1m retain-stringify bun 32 63.7 
MEM long_string_1m retain-stringify baseline 32 51.1 
MEM long_string_1m retain-stringify perry 32 51.0 
MEM long_string_1m retain-stringify node 32 92.3 
MEM long_string_1m retain-stringify bun 32 63.8 
MEM long_string_1m retain-stringify baseline 32 51.1 
MEM long_string_1m retain-stringify perry 32 51.1 
MEM long_string_1m retain-stringify node 32 92.4 
MEM long_string_1m retain-stringify bun 32 63.8 
MEM long_string_1m retain-stringify baseline 32 51.1 
MEM long_string_1m retain-stringify perry 32 51.1 
MEM long_string_1m retain-stringify node 32 92.3 
MEM long_string_1m retain-stringify bun 32 63.8 
MEM long_string_1m retain-stringify baseline 32 51.1 
MEM unicode_1m retain-parse perry 1 14.5 
MEM unicode_1m retain-parse node 1 57.7 
MEM unicode_1m retain-parse bun 1 31.3 
MEM unicode_1m retain-parse baseline 1 14.6 
MEM unicode_1m retain-parse perry 1 14.5 
MEM unicode_1m retain-parse node 1 57.7 
MEM unicode_1m retain-parse bun 1 31.3 
MEM unicode_1m retain-parse baseline 1 14.6 
MEM unicode_1m retain-parse perry 1 14.5 
MEM unicode_1m retain-parse node 1 57.8 
MEM unicode_1m retain-parse bun 1 31.4 
MEM unicode_1m retain-parse baseline 1 14.6 
MEM unicode_1m retain-parse perry 1 14.5 
MEM unicode_1m retain-parse node 1 57.7 
MEM unicode_1m retain-parse bun 1 31.3 
MEM unicode_1m retain-parse baseline 1 14.6 
MEM unicode_1m retain-parse perry 1 14.5 
MEM unicode_1m retain-parse node 1 57.7 
MEM unicode_1m retain-parse bun 1 31.3 
MEM unicode_1m retain-parse baseline 1 14.6 
MEM unicode_1m retain-parse perry 32 14.6 
MEM unicode_1m retain-parse node 32 86.3 
MEM unicode_1m retain-parse bun 32 59.0 
MEM unicode_1m retain-parse baseline 32 14.6 
MEM unicode_1m retain-parse perry 32 14.6 
MEM unicode_1m retain-parse node 32 86.4 
MEM unicode_1m retain-parse bun 32 59.0 
MEM unicode_1m retain-parse baseline 32 14.6 
MEM unicode_1m retain-parse perry 32 14.6 
MEM unicode_1m retain-parse node 32 86.3 
MEM unicode_1m retain-parse bun 32 59.0 
MEM unicode_1m retain-parse baseline 32 14.6 
MEM unicode_1m retain-parse perry 32 14.6 
MEM unicode_1m retain-parse node 32 86.3 
MEM unicode_1m retain-parse bun 32 59.0 
MEM unicode_1m retain-parse baseline 32 14.6 
MEM unicode_1m retain-parse perry 32 14.6 
MEM unicode_1m retain-parse node 32 86.3 
MEM unicode_1m retain-parse bun 32 59.0 
MEM unicode_1m retain-parse baseline 32 14.6 
MEM unicode_1m retain-stringify perry 1 16.4 
MEM unicode_1m retain-stringify node 1 60.9 
MEM unicode_1m retain-stringify bun 1 34.1 
MEM unicode_1m retain-stringify baseline 1 16.5 
MEM unicode_1m retain-stringify perry 1 16.4 
MEM unicode_1m retain-stringify node 1 60.8 
MEM unicode_1m retain-stringify bun 1 34.1 
MEM unicode_1m retain-stringify baseline 1 16.5 
MEM unicode_1m retain-stringify perry 1 16.4 
MEM unicode_1m retain-stringify node 1 60.8 
MEM unicode_1m retain-stringify bun 1 34.1 
MEM unicode_1m retain-stringify baseline 1 16.5 
MEM unicode_1m retain-stringify perry 1 16.4 
MEM unicode_1m retain-stringify node 1 60.9 
MEM unicode_1m retain-stringify bun 1 34.1 
MEM unicode_1m retain-stringify baseline 1 16.4 
MEM unicode_1m retain-stringify perry 1 16.4 
MEM unicode_1m retain-stringify node 1 61.0 
MEM unicode_1m retain-stringify bun 1 34.2 
MEM unicode_1m retain-stringify baseline 1 16.4 
MEM unicode_1m retain-stringify perry 32 41.8 
MEM unicode_1m retain-stringify node 32 89.2 
MEM unicode_1m retain-stringify bun 32 61.8 
MEM unicode_1m retain-stringify baseline 32 41.8 
MEM unicode_1m retain-stringify perry 32 41.8 
MEM unicode_1m retain-stringify node 32 89.2 
MEM unicode_1m retain-stringify bun 32 62.2 
MEM unicode_1m retain-stringify baseline 32 41.8 
MEM unicode_1m retain-stringify perry 32 41.8 
MEM unicode_1m retain-stringify node 32 89.2 
MEM unicode_1m retain-stringify bun 32 61.8 
MEM unicode_1m retain-stringify baseline 32 41.8 
MEM unicode_1m retain-stringify perry 32 41.8 
MEM unicode_1m retain-stringify node 32 89.2 
MEM unicode_1m retain-stringify bun 32 61.7 
MEM unicode_1m retain-stringify baseline 32 41.8 
MEM unicode_1m retain-stringify perry 32 41.8 
MEM unicode_1m retain-stringify node 32 89.3 
MEM unicode_1m retain-stringify bun 32 61.8 
MEM unicode_1m retain-stringify baseline 32 41.8 
MEM wide_1m retain-parse perry 1 20.6 
MEM wide_1m retain-parse node 1 65.6 
MEM wide_1m retain-parse bun 1 36.3 
MEM wide_1m retain-parse baseline 1 20.6 
MEM wide_1m retain-parse perry 1 20.6 
MEM wide_1m retain-parse node 1 65.7 
MEM wide_1m retain-parse bun 1 36.3 
MEM wide_1m retain-parse baseline 1 20.6 
MEM wide_1m retain-parse perry 1 20.6 
MEM wide_1m retain-parse node 1 65.7 
MEM wide_1m retain-parse bun 1 36.4 
MEM wide_1m retain-parse baseline 1 20.6 
MEM wide_1m retain-parse perry 1 20.6 
MEM wide_1m retain-parse node 1 65.7 
MEM wide_1m retain-parse bun 1 36.3 
MEM wide_1m retain-parse baseline 1 20.6 
MEM wide_1m retain-parse perry 1 20.6 
MEM wide_1m retain-parse node 1 65.6 
MEM wide_1m retain-parse bun 1 36.3 
MEM wide_1m retain-parse baseline 1 20.6 
MEM wide_1m retain-parse perry 16 77.0 
MEM wide_1m retain-parse node 16 112.6 
MEM wide_1m retain-parse bun 16 68.9 
MEM wide_1m retain-parse baseline 16 77.1 
MEM wide_1m retain-parse perry 16 77.0 
MEM wide_1m retain-parse node 16 112.6 
MEM wide_1m retain-parse bun 16 69.0 
MEM wide_1m retain-parse baseline 16 77.1 
MEM wide_1m retain-parse perry 16 77.0 
MEM wide_1m retain-parse node 16 112.6 
MEM wide_1m retain-parse bun 16 68.9 
MEM wide_1m retain-parse baseline 16 77.1 
MEM wide_1m retain-parse perry 16 77.0 
MEM wide_1m retain-parse node 16 112.5 
MEM wide_1m retain-parse bun 16 68.9 
MEM wide_1m retain-parse baseline 16 77.1 
MEM wide_1m retain-parse perry 16 77.0 
MEM wide_1m retain-parse node 16 112.5 
MEM wide_1m retain-parse bun 16 69.0 
MEM wide_1m retain-parse baseline 16 77.1 
MEM wide_1m retain-stringify perry 1 22.8 
MEM wide_1m retain-stringify node 1 68.7 
MEM wide_1m retain-stringify bun 1 39.3 
MEM wide_1m retain-stringify baseline 1 22.8 
MEM wide_1m retain-stringify perry 1 22.8 
MEM wide_1m retain-stringify node 1 68.7 
MEM wide_1m retain-stringify bun 1 39.3 
MEM wide_1m retain-stringify baseline 1 22.9 
MEM wide_1m retain-stringify perry 1 22.8 
MEM wide_1m retain-stringify node 1 68.8 
MEM wide_1m retain-stringify bun 1 39.3 
MEM wide_1m retain-stringify baseline 1 22.8 
MEM wide_1m retain-stringify perry 1 22.8 
MEM wide_1m retain-stringify node 1 68.8 
MEM wide_1m retain-stringify bun 1 39.3 
MEM wide_1m retain-stringify baseline 1 22.9 
MEM wide_1m retain-stringify perry 1 22.8 
MEM wide_1m retain-stringify node 1 68.8 
MEM wide_1m retain-stringify bun 1 39.3 
MEM wide_1m retain-stringify baseline 1 22.8 
MEM wide_1m retain-stringify perry 16 36.0 
MEM wide_1m retain-stringify node 16 86.5 
MEM wide_1m retain-stringify bun 16 53.5 
MEM wide_1m retain-stringify baseline 16 36.0 
MEM wide_1m retain-stringify perry 16 36.0 
MEM wide_1m retain-stringify node 16 86.6 
MEM wide_1m retain-stringify bun 16 53.5 
MEM wide_1m retain-stringify baseline 16 36.0 
MEM wide_1m retain-stringify perry 16 36.0 
MEM wide_1m retain-stringify node 16 86.6 
MEM wide_1m retain-stringify bun 16 53.5 
MEM wide_1m retain-stringify baseline 16 36.0 
MEM wide_1m retain-stringify perry 16 36.0 
MEM wide_1m retain-stringify node 16 86.5 
MEM wide_1m retain-stringify bun 16 53.5 
MEM wide_1m retain-stringify baseline 16 36.0 
MEM wide_1m retain-stringify perry 16 36.0 
MEM wide_1m retain-stringify node 16 86.5 
MEM wide_1m retain-stringify bun 16 53.5 
MEM wide_1m retain-stringify baseline 16 36.0 
