CHECKED plan null parse 2000000
CHECKED plan null stringify 2000000
CHECKED plan string_a parse 2000000
CHECKED plan string_a stringify 2000000
CHECKED plan empty_object parse 2000000
CHECKED plan empty_object stringify 2000000
CHECKED plan tiny_object parse 2000000
CHECKED plan tiny_object stringify 2000000
CHECKED plan small_record parse 495185
CHECKED plan small_record stringify 1285484
CHECKED plan object_1k parse 557837
CHECKED plan object_1k stringify 663471
CHECKED plan records_array_16k parse 6672
CHECKED plan records_array_16k stringify 10055
CHECKED plan records_array_1m parse 94
CHECKED plan records_array_1m stringify 176
CHECKED plan records_object_1m parse 69
CHECKED plan records_object_1m stringify 176
CHECKED plan records_array_8m parse 10
CHECKED plan records_array_8m stringify 20
CHECKED plan records_object_8m parse 8
CHECKED plan records_object_8m stringify 20
CHECKED plan records_array_20m parse 3
CHECKED plan records_array_20m stringify 8
CHECKED plan records_object_20m parse 3
CHECKED plan records_object_20m stringify 8
CHECKED plan numbers_1m parse 92
CHECKED plan numbers_1m stringify 95
CHECKED plan long_string_1m parse 1186
CHECKED plan long_string_1m stringify 1151
CHECKED plan escaped_1m parse 82
CHECKED plan escaped_1m stringify 169
CHECKED plan unicode_1m parse 1429
CHECKED plan unicode_1m stringify 1424
CHECKED plan wide_1m parse 36
CHECKED plan wide_1m stringify 213
CHECKED plan heterogeneous_1m parse 80
CHECKED plan heterogeneous_1m stringify 168
CHECKED empty empty_object parse 2000000
CHECKED empty tiny_object parse 2000000
CHECKED empty small_record parse 495185
CHECKED empty object_1k parse 557837
CHECKED empty tiny_object stringify 2000000
CHECKED empty small_record stringify 1285484
CHECKED entry records_array_1m parse 94
CHECKED entry records_array_8m parse 10
CHECKED entry heterogeneous_1m parse 80
CHECKED tape escaped_1m stringify 169
CHECKED tape wide_1m stringify 213
CHECKED tape numbers_1m parse 92
CHECKED count escaped_1m stringify 169
CHECKED count wide_1m stringify 213
CHECKED count numbers_1m parse 92
CHECKED count long_string_1m parse 1186
CHECKED count unicode_1m parse 1429
CHECKED count records_object_20m parse 3
Retained empty-object checks complete 24
