VERIFY null parse [('perry', True), ('node', True), ('bun', True), ('baseline', True)]
VERIFY null stringify [('perry', True), ('node', True), ('bun', True), ('baseline', True)]
VERIFY string_a parse [('perry', True), ('node', True), ('bun', True), ('baseline', True)]
VERIFY string_a stringify [('perry', True), ('node', True), ('bun', True), ('baseline', True)]
VERIFY empty_object parse [('perry', True), ('node', True), ('bun', True), ('baseline', True)]
VERIFY empty_object stringify [('perry', True), ('node', True), ('bun', True), ('baseline', True)]
VERIFY tiny_object parse [('perry', True), ('node', True), ('bun', True), ('baseline', True)]
VERIFY tiny_object stringify [('perry', True), ('node', True), ('bun', True), ('baseline', True)]
VERIFY small_record parse [('perry', True), ('node', True), ('bun', True), ('baseline', True)]
VERIFY small_record stringify [('perry', True), ('node', True), ('bun', True), ('baseline', True)]
VERIFY object_1k parse [('perry', True), ('node', True), ('bun', True), ('baseline', True)]
VERIFY object_1k stringify [('perry', True), ('node', True), ('bun', True), ('baseline', True)]
VERIFY records_array_16k parse [('perry', True), ('node', True), ('bun', True), ('baseline', True)]
VERIFY records_array_16k stringify [('perry', True), ('node', True), ('bun', True), ('baseline', True)]
VERIFY records_array_16k sparse [('perry', True), ('node', True), ('bun', True), ('baseline', True)]
VERIFY records_array_16k scan [('perry', True), ('node', True), ('bun', True), ('baseline', True)]
VERIFY records_array_16k roundtrip [('perry', True), ('node', True), ('bun', True), ('baseline', True)]
VERIFY records_array_1m parse [('perry', True), ('node', True), ('bun', True), ('baseline', True)]
VERIFY records_array_1m stringify [('perry', True), ('node', True), ('bun', True), ('baseline', True)]
VERIFY records_array_1m sparse [('perry', True), ('node', True), ('bun', True), ('baseline', True)]
VERIFY records_array_1m scan [('perry', True), ('node', True), ('bun', True), ('baseline', True)]
VERIFY records_array_1m roundtrip [('perry', True), ('node', True), ('bun', True), ('baseline', True)]
VERIFY records_object_1m parse [('perry', True), ('node', True), ('bun', True), ('baseline', True)]
VERIFY records_object_1m stringify [('perry', True), ('node', True), ('bun', True), ('baseline', True)]
VERIFY records_array_8m parse [('perry', True), ('node', True), ('bun', True), ('baseline', True)]
VERIFY records_array_8m stringify [('perry', True), ('node', True), ('bun', True), ('baseline', True)]
VERIFY records_array_8m sparse [('perry', True), ('node', True), ('bun', True), ('baseline', True)]
VERIFY records_array_8m scan [('perry', True), ('node', True), ('bun', True), ('baseline', True)]
VERIFY records_array_8m roundtrip [('perry', True), ('node', True), ('bun', True), ('baseline', True)]
VERIFY records_object_8m parse [('perry', True), ('node', True), ('bun', True), ('baseline', True)]
VERIFY records_object_8m stringify [('perry', True), ('node', True), ('bun', True), ('baseline', True)]
VERIFY records_array_20m parse [('perry', True), ('node', True), ('bun', True), ('baseline', True)]
VERIFY records_array_20m stringify [('perry', True), ('node', True), ('bun', True), ('baseline', True)]
VERIFY records_array_20m sparse [('perry', True), ('node', True), ('bun', True), ('baseline', True)]
VERIFY records_array_20m scan [('perry', True), ('node', True), ('bun', True), ('baseline', True)]
VERIFY records_array_20m roundtrip [('perry', True), ('node', True), ('bun', True), ('baseline', True)]
VERIFY records_object_20m parse [('perry', True), ('node', True), ('bun', True), ('baseline', True)]
VERIFY records_object_20m stringify [('perry', True), ('node', True), ('bun', True), ('baseline', True)]
VERIFY numbers_1m parse [('perry', True), ('node', True), ('bun', True), ('baseline', True)]
VERIFY numbers_1m stringify [('perry', True), ('node', True), ('bun', True), ('baseline', True)]
VERIFY long_string_1m parse [('perry', True), ('node', True), ('bun', True), ('baseline', True)]
VERIFY long_string_1m stringify [('perry', True), ('node', True), ('bun', True), ('baseline', True)]
VERIFY escaped_1m parse [('perry', True), ('node', True), ('bun', True), ('baseline', True)]
VERIFY escaped_1m stringify [('perry', True), ('node', True), ('bun', True), ('baseline', True)]
VERIFY unicode_1m parse [('perry', True), ('node', True), ('bun', True), ('baseline', True)]
VERIFY unicode_1m stringify [('perry', True), ('node', True), ('bun', True), ('baseline', True)]
VERIFY wide_1m parse [('perry', True), ('node', True), ('bun', True), ('baseline', True)]
VERIFY wide_1m stringify [('perry', True), ('node', True), ('bun', True), ('baseline', True)]
VERIFY heterogeneous_1m parse [('perry', True), ('node', True), ('bun', True), ('baseline', True)]
VERIFY heterogeneous_1m stringify [('perry', True), ('node', True), ('bun', True), ('baseline', True)]
RUN null parse baseline None 0 2000000 21.26 
RUN null parse perry None 0 2000000 21.26 
RUN null parse bun None 0 2000000 34.7 
RUN null parse node None 0 2000000 53.31 
RUN null parse perry None 1 2000000 21.24 
RUN null parse baseline None 1 2000000 21.23 
RUN null parse node None 1 2000000 53.33 
RUN null parse bun None 1 2000000 34.08 
RUN null parse node None 2 2000000 53.38 
RUN null parse perry None 2 2000000 21.28 
RUN null parse bun None 2 2000000 34.46 
RUN null parse baseline None 2 2000000 21.25 
RUN null parse node None 3 2000000 53.26 
RUN null parse perry None 3 2000000 21.25 
RUN null parse baseline None 3 2000000 21.25 
RUN null parse bun None 3 2000000 34.66 
RUN null parse bun None 4 2000000 34.17 
RUN null parse baseline None 4 2000000 21.37 
RUN null parse node None 4 2000000 53.31 
RUN null parse perry None 4 2000000 21.24 
RUN null stringify baseline None 0 2000000 13.13 
RUN null stringify bun None 0 2000000 53.3 
RUN null stringify perry None 0 2000000 13.13 
RUN null stringify node None 0 2000000 52.7 
RUN null stringify baseline None 1 2000000 13.11 
RUN null stringify node None 1 2000000 52.77 
RUN null stringify perry None 1 2000000 13.13 
RUN null stringify bun None 1 2000000 52.94 
RUN null stringify node None 2 2000000 52.62 
RUN null stringify baseline None 2 2000000 13.11 
RUN null stringify perry None 2 2000000 13.12 
RUN null stringify bun None 2 2000000 53.48 
RUN null stringify bun None 3 2000000 52.91 
RUN null stringify perry None 3 2000000 13.12 
RUN null stringify baseline None 3 2000000 13.12 
RUN null stringify node None 3 2000000 52.79 
RUN null stringify bun None 4 2000000 52.95 
RUN null stringify baseline None 4 2000000 13.13 
RUN null stringify node None 4 2000000 52.7 
RUN null stringify perry None 4 2000000 13.12 
RUN string_a parse node None 0 2000000 62.09 
RUN string_a parse baseline None 0 2000000 25.77 
RUN string_a parse bun None 0 2000000 40.7 
RUN string_a parse perry None 0 2000000 25.78 
RUN string_a parse bun None 1 2000000 40.87 
RUN string_a parse perry None 1 2000000 25.63 
RUN string_a parse baseline None 1 2000000 25.75 
RUN string_a parse node None 1 2000000 62.05 
RUN string_a parse perry None 2 2000000 25.62 
RUN string_a parse baseline None 2 2000000 25.78 
RUN string_a parse bun None 2 2000000 40.88 
RUN string_a parse node None 2 2000000 62.08 
RUN string_a parse baseline None 3 2000000 25.75 
RUN string_a parse node None 3 2000000 62.11 
RUN string_a parse perry None 3 2000000 25.67 
RUN string_a parse bun None 3 2000000 40.86 
RUN string_a parse perry None 4 2000000 25.63 
RUN string_a parse node None 4 2000000 62.06 
RUN string_a parse bun None 4 2000000 40.79 
RUN string_a parse baseline None 4 2000000 25.73 
RUN string_a stringify baseline None 0 2000000 19.54 
RUN string_a stringify bun None 0 2000000 52.49 
RUN string_a stringify node None 0 2000000 58.32 
RUN string_a stringify perry None 0 2000000 19.38 
RUN string_a stringify bun None 1 2000000 54.66 
RUN string_a stringify perry None 1 2000000 19.39 
RUN string_a stringify node None 1 2000000 58.32 
RUN string_a stringify baseline None 1 2000000 19.39 
RUN string_a stringify baseline None 2 2000000 19.37 
RUN string_a stringify perry None 2 2000000 19.38 
RUN string_a stringify node None 2 2000000 58.33 
RUN string_a stringify bun None 2 2000000 52.87 
RUN string_a stringify perry None 3 2000000 19.4 
RUN string_a stringify baseline None 3 2000000 19.37 
RUN string_a stringify bun None 3 2000000 54.52 
RUN string_a stringify node None 3 2000000 58.27 
RUN string_a stringify bun None 4 2000000 54.62 
RUN string_a stringify node None 4 2000000 58.36 
RUN string_a stringify baseline None 4 2000000 19.4 
RUN string_a stringify perry None 4 2000000 19.39 
RUN empty_object parse node None 0 2000000 88.5 
RUN empty_object parse perry None 0 2000000 46.7 
RUN empty_object parse bun None 0 2000000 43.12 
RUN empty_object parse baseline None 0 2000000 48.19 
RUN empty_object parse node None 1 2000000 88.46 
RUN empty_object parse bun None 1 2000000 43.09 
RUN empty_object parse baseline None 1 2000000 47.98 
RUN empty_object parse perry None 1 2000000 46.82 
RUN empty_object parse bun None 2 2000000 43.3 
RUN empty_object parse node None 2 2000000 88.47 
RUN empty_object parse perry None 2 2000000 46.92 
RUN empty_object parse baseline None 2 2000000 47.93 
RUN empty_object parse node None 3 2000000 88.48 
RUN empty_object parse perry None 3 2000000 46.91 
RUN empty_object parse bun None 3 2000000 43.23 
RUN empty_object parse baseline None 3 2000000 47.91 
RUN empty_object parse baseline None 4 2000000 47.98 
RUN empty_object parse bun None 4 2000000 43.2 
RUN empty_object parse node None 4 2000000 88.5 
RUN empty_object parse perry None 4 2000000 46.75 
RUN empty_object stringify perry None 0 2000000 35.25 
RUN empty_object stringify node None 0 2000000 62.11 
RUN empty_object stringify baseline None 0 2000000 35.19 
RUN empty_object stringify bun None 0 2000000 55.14 
RUN empty_object stringify node None 1 2000000 62.19 
RUN empty_object stringify bun None 1 2000000 55.15 
RUN empty_object stringify perry None 1 2000000 35.23 
RUN empty_object stringify baseline None 1 2000000 35.2 
RUN empty_object stringify baseline None 2 2000000 35.21 
RUN empty_object stringify bun None 2 2000000 55.6 
RUN empty_object stringify perry None 2 2000000 35.22 
RUN empty_object stringify node None 2 2000000 62.12 
RUN empty_object stringify node None 3 2000000 62.17 
RUN empty_object stringify baseline None 3 2000000 35.22 
RUN empty_object stringify perry None 3 2000000 35.2 
RUN empty_object stringify bun None 3 2000000 55.39 
RUN empty_object stringify perry None 4 2000000 35.22 
RUN empty_object stringify node None 4 2000000 62.2 
RUN empty_object stringify bun None 4 2000000 54.91 
RUN empty_object stringify baseline None 4 2000000 35.34 
RUN tiny_object parse perry None 0 2000000 73.59 
RUN tiny_object parse baseline None 0 2000000 74.39 
RUN tiny_object parse bun None 0 2000000 85.4 
RUN tiny_object parse node None 0 2000000 158.94 
RUN tiny_object parse perry None 1 2000000 73.56 
RUN tiny_object parse node None 1 2000000 159.02 
RUN tiny_object parse baseline None 1 2000000 74.65 
RUN tiny_object parse bun None 1 2000000 85.36 
RUN tiny_object parse baseline None 2 2000000 74.47 
RUN tiny_object parse node None 2 2000000 163.51 
RUN tiny_object parse bun None 2 2000000 85.83 
RUN tiny_object parse perry None 2 2000000 73.71 
RUN tiny_object parse node None 3 2000000 162.04 
RUN tiny_object parse baseline None 3 2000000 74.34 
RUN tiny_object parse perry None 3 2000000 73.41 
RUN tiny_object parse bun None 3 2000000 85.17 
RUN tiny_object parse bun None 4 2000000 85.34 
RUN tiny_object parse node None 4 2000000 162.28 
RUN tiny_object parse baseline None 4 2000000 74.53 
RUN tiny_object parse perry None 4 2000000 73.44 
RUN tiny_object stringify bun None 0 2000000 74.64 
RUN tiny_object stringify perry None 0 2000000 68.06 
RUN tiny_object stringify node None 0 2000000 72.57 
RUN tiny_object stringify baseline None 0 2000000 67.78 
RUN tiny_object stringify bun None 1 2000000 74.69 
RUN tiny_object stringify baseline None 1 2000000 68.0 
RUN tiny_object stringify node None 1 2000000 72.71 
RUN tiny_object stringify perry None 1 2000000 67.91 
RUN tiny_object stringify bun None 2 2000000 75.26 
RUN tiny_object stringify baseline None 2 2000000 68.02 
RUN tiny_object stringify perry None 2 2000000 67.91 
RUN tiny_object stringify node None 2 2000000 72.57 
RUN tiny_object stringify perry None 3 2000000 68.18 
RUN tiny_object stringify node None 3 2000000 72.6 
RUN tiny_object stringify bun None 3 2000000 74.42 
RUN tiny_object stringify baseline None 3 2000000 67.89 
RUN tiny_object stringify bun None 4 2000000 74.53 
RUN tiny_object stringify node None 4 2000000 72.74 
RUN tiny_object stringify perry None 4 2000000 68.01 
RUN tiny_object stringify baseline None 4 2000000 67.78 
RUN small_record parse perry None 0 1590457 156.67 
RUN small_record parse baseline None 0 1590457 157.45 
RUN small_record parse bun None 0 1590457 385.12 
RUN small_record parse node None 0 1590457 530.39 
RUN small_record parse perry None 1 1590457 156.73 
RUN small_record parse baseline None 1 1590457 157.79 
RUN small_record parse bun None 1 1590457 382.96 
RUN small_record parse node None 1 1590457 540.71 
RUN small_record parse node None 2 1590457 515.66 
RUN small_record parse perry None 2 1590457 156.5 
RUN small_record parse baseline None 2 1590457 157.8 
RUN small_record parse bun None 2 1590457 442.65 
RUN small_record parse baseline None 3 1590457 157.77 
RUN small_record parse bun None 3 1590457 383.52 
RUN small_record parse perry None 3 1590457 156.82 
RUN small_record parse node None 3 1590457 607.89 
RUN small_record parse baseline None 4 1590457 157.37 
RUN small_record parse node None 4 1590457 616.07 
RUN small_record parse bun None 4 1590457 382.55 
RUN small_record parse perry None 4 1590457 157.26 
RUN small_record stringify bun None 0 2000000 234.37 
RUN small_record stringify node None 0 2000000 214.23 
RUN small_record stringify perry None 0 2000000 91.67 
RUN small_record stringify baseline None 0 2000000 92.01 
RUN small_record stringify perry None 1 2000000 91.43 
RUN small_record stringify node None 1 2000000 214.4 
RUN small_record stringify baseline None 1 2000000 91.64 
RUN small_record stringify bun None 1 2000000 234.67 
RUN small_record stringify bun None 2 2000000 234.01 
RUN small_record stringify node None 2 2000000 214.61 
RUN small_record stringify perry None 2 2000000 91.29 
RUN small_record stringify baseline None 2 2000000 91.33 
RUN small_record stringify baseline None 3 2000000 91.46 
RUN small_record stringify bun None 3 2000000 233.69 
RUN small_record stringify node None 3 2000000 213.52 
RUN small_record stringify perry None 3 2000000 92.34 
RUN small_record stringify bun None 4 2000000 233.93 
RUN small_record stringify node None 4 2000000 213.21 
RUN small_record stringify perry None 4 2000000 92.44 
RUN small_record stringify baseline None 4 2000000 91.3 
RUN object_1k parse bun None 0 1977470 440.66 
RUN object_1k parse baseline None 0 1977470 162.95 
RUN object_1k parse node None 0 1977470 1047.77 
RUN object_1k parse perry None 0 1977470 161.95 
RUN object_1k parse baseline None 1 1977470 163.1 
RUN object_1k parse node None 1 1977470 1055.41 
RUN object_1k parse perry None 1 1977470 162.01 
RUN object_1k parse bun None 1 1977470 439.99 
RUN object_1k parse baseline None 2 1977470 163.3 
RUN object_1k parse bun None 2 1977470 440.76 
RUN object_1k parse perry None 2 1977470 162.11 
RUN object_1k parse node None 2 1977470 1049.73 
RUN object_1k parse baseline None 3 1977470 163.11 
RUN object_1k parse node None 3 1977470 1051.29 
RUN object_1k parse bun None 3 1977470 440.0 
RUN object_1k parse perry None 3 1977470 161.97 
RUN object_1k parse bun None 4 1977470 441.84 
RUN object_1k parse perry None 4 1977470 161.47 
RUN object_1k parse baseline None 4 1977470 162.86 
RUN object_1k parse node None 4 1977470 1058.19 
RUN object_1k stringify perry None 0 964887 111.89 
RUN object_1k stringify node None 0 964887 185.48 
RUN object_1k stringify baseline None 0 964887 111.94 
RUN object_1k stringify bun None 0 964887 197.21 
RUN object_1k stringify perry None 1 964887 112.29 
RUN object_1k stringify node None 1 964887 184.05 
RUN object_1k stringify baseline None 1 964887 111.84 
RUN object_1k stringify bun None 1 964887 203.3 
RUN object_1k stringify bun None 2 964887 198.47 
RUN object_1k stringify baseline None 2 964887 111.4 
RUN object_1k stringify perry None 2 964887 112.14 
RUN object_1k stringify node None 2 964887 184.76 
RUN object_1k stringify perry None 3 964887 111.73 
RUN object_1k stringify bun None 3 964887 196.78 
RUN object_1k stringify node None 3 964887 184.64 
RUN object_1k stringify baseline None 3 964887 111.47 
RUN object_1k stringify perry None 4 964887 112.01 
RUN object_1k stringify bun None 4 964887 200.28 
RUN object_1k stringify node None 4 964887 185.05 
RUN object_1k stringify baseline None 4 964887 111.69 
RUN records_array_16k parse perry None 0 11483 158.56 
RUN records_array_16k parse baseline None 0 11483 220.33 
RUN records_array_16k parse node None 0 11483 431.07 
RUN records_array_16k parse bun None 0 11483 387.83 
RUN records_array_16k parse baseline None 1 11483 208.74 
RUN records_array_16k parse perry None 1 11483 158.04 
RUN records_array_16k parse node None 1 11483 435.95 
RUN records_array_16k parse bun None 1 11483 387.44 
RUN records_array_16k parse perry None 2 11483 156.98 
RUN records_array_16k parse bun None 2 11483 388.1 
RUN records_array_16k parse node None 2 11483 461.79 
RUN records_array_16k parse baseline None 2 11483 207.55 
RUN records_array_16k parse baseline None 3 11483 207.88 
RUN records_array_16k parse node None 3 11483 435.72 
RUN records_array_16k parse perry None 3 11483 157.09 
RUN records_array_16k parse bun None 3 11483 387.71 
RUN records_array_16k parse baseline None 4 11483 207.58 
RUN records_array_16k parse bun None 4 11483 387.89 
RUN records_array_16k parse node None 4 11483 470.9 
RUN records_array_16k parse perry None 4 11483 156.64 
RUN records_array_16k stringify node None 0 12856 166.56 
RUN records_array_16k stringify bun None 0 12856 297.81 
RUN records_array_16k stringify perry None 0 12856 141.36 
RUN records_array_16k stringify baseline None 0 12856 142.94 
RUN records_array_16k stringify baseline None 1 12856 142.67 
RUN records_array_16k stringify perry None 1 12856 141.38 
RUN records_array_16k stringify bun None 1 12856 296.79 
RUN records_array_16k stringify node None 1 12856 166.26 
RUN records_array_16k stringify perry None 2 12856 141.72 
RUN records_array_16k stringify baseline None 2 12856 141.31 
RUN records_array_16k stringify node None 2 12856 174.57 
RUN records_array_16k stringify bun None 2 12856 297.91 
RUN records_array_16k stringify bun None 3 12856 296.77 
RUN records_array_16k stringify node None 3 12856 166.61 
RUN records_array_16k stringify perry None 3 12856 141.8 
RUN records_array_16k stringify baseline None 3 12856 141.85 
RUN records_array_16k stringify bun None 4 12856 297.89 
RUN records_array_16k stringify baseline None 4 12856 142.0 
RUN records_array_16k stringify node None 4 12856 167.91 
RUN records_array_16k stringify perry None 4 12856 141.28 
RUN records_array_16k sparse baseline None 0 7775 190.76 
RUN records_array_16k sparse perry None 0 7775 160.18 
RUN records_array_16k sparse bun None 0 7775 263.36 
RUN records_array_16k sparse node None 0 7775 302.88 
RUN records_array_16k sparse baseline None 1 7775 190.72 
RUN records_array_16k sparse bun None 1 7775 263.33 
RUN records_array_16k sparse node None 1 7775 309.07 
RUN records_array_16k sparse perry None 1 7775 159.93 
RUN records_array_16k sparse bun None 2 7775 263.51 
RUN records_array_16k sparse perry None 2 7775 159.64 
RUN records_array_16k sparse node None 2 7775 310.15 
RUN records_array_16k sparse baseline None 2 7775 191.45 
RUN records_array_16k sparse node None 3 7775 333.79 
RUN records_array_16k sparse perry None 3 7775 159.62 
RUN records_array_16k sparse baseline None 3 7775 190.79 
RUN records_array_16k sparse bun None 3 7775 263.3 
RUN records_array_16k sparse node None 4 7775 309.38 
RUN records_array_16k sparse bun None 4 7775 263.43 
RUN records_array_16k sparse baseline None 4 7775 190.83 
RUN records_array_16k sparse perry None 4 7775 159.72 
RUN records_array_16k scan bun None 0 3779 129.15 
RUN records_array_16k scan node None 0 3779 158.35 
RUN records_array_16k scan baseline None 0 3779 240.21 
RUN records_array_16k scan perry None 0 3779 221.68 
RUN records_array_16k scan baseline None 1 3779 240.08 
RUN records_array_16k scan perry None 1 3779 221.31 
RUN records_array_16k scan node None 1 3779 143.08 
RUN records_array_16k scan bun None 1 3779 129.33 
RUN records_array_16k scan node None 2 3779 150.05 
RUN records_array_16k scan baseline None 2 3779 240.15 
RUN records_array_16k scan perry None 2 3779 222.33 
RUN records_array_16k scan bun None 2 3779 129.32 
RUN records_array_16k scan baseline None 3 3779 239.05 
RUN records_array_16k scan node None 3 3779 153.0 
RUN records_array_16k scan perry None 3 3779 221.55 
RUN records_array_16k scan bun None 3 3779 129.35 
RUN records_array_16k scan bun None 4 3779 129.1 
RUN records_array_16k scan node None 4 3779 148.01 
RUN records_array_16k scan perry None 4 3779 221.37 
RUN records_array_16k scan baseline None 4 3779 239.88 
RUN records_array_16k roundtrip perry None 0 6983 148.89 
RUN records_array_16k roundtrip node None 0 6983 372.15 
RUN records_array_16k roundtrip baseline None 0 6983 179.03 
RUN records_array_16k roundtrip bun None 0 6983 401.84 
RUN records_array_16k roundtrip bun None 1 6983 402.94 
RUN records_array_16k roundtrip perry None 1 6983 149.34 
RUN records_array_16k roundtrip baseline None 1 6983 179.31 
RUN records_array_16k roundtrip node None 1 6983 366.24 
RUN records_array_16k roundtrip bun None 2 6983 402.4 
RUN records_array_16k roundtrip node None 2 6983 366.17 
RUN records_array_16k roundtrip perry None 2 6983 149.1 
RUN records_array_16k roundtrip baseline None 2 6983 178.96 
RUN records_array_16k roundtrip bun None 3 6983 402.97 
RUN records_array_16k roundtrip baseline None 3 6983 179.08 
RUN records_array_16k roundtrip perry None 3 6983 149.27 
RUN records_array_16k roundtrip node None 3 6983 389.92 
RUN records_array_16k roundtrip baseline None 4 6983 179.48 
RUN records_array_16k roundtrip perry None 4 6983 149.18 
RUN records_array_16k roundtrip bun None 4 6983 402.35 
RUN records_array_16k roundtrip node None 4 6983 374.51 
RUN records_array_1m parse perry None 0 166 151.42 
RUN records_array_1m parse node None 0 166 424.74 
RUN records_array_1m parse baseline None 0 166 197.85 
RUN records_array_1m parse bun None 0 166 348.47 
RUN records_array_1m parse bun None 1 166 348.9 
RUN records_array_1m parse perry None 1 166 151.9 
RUN records_array_1m parse baseline None 1 166 198.37 
RUN records_array_1m parse node None 1 166 466.32 
RUN records_array_1m parse bun None 2 166 349.22 
RUN records_array_1m parse baseline None 2 166 197.75 
RUN records_array_1m parse perry None 2 166 151.99 
RUN records_array_1m parse node None 2 166 463.62 
RUN records_array_1m parse bun None 3 166 351.59 
RUN records_array_1m parse perry None 3 166 150.86 
RUN records_array_1m parse node None 3 166 459.26 
RUN records_array_1m parse baseline None 3 166 198.16 
RUN records_array_1m parse perry None 4 166 151.52 
RUN records_array_1m parse node None 4 166 423.89 
RUN records_array_1m parse bun None 4 166 348.79 
RUN records_array_1m parse baseline None 4 166 198.68 
RUN records_array_1m stringify node None 0 231 188.93 
RUN records_array_1m stringify bun None 0 231 220.51 
RUN records_array_1m stringify perry None 0 231 149.08 
RUN records_array_1m stringify baseline None 0 231 149.81 
RUN records_array_1m stringify bun None 1 231 220.85 
RUN records_array_1m stringify perry None 1 231 148.94 
RUN records_array_1m stringify baseline None 1 231 149.89 
RUN records_array_1m stringify node None 1 231 188.91 
RUN records_array_1m stringify bun None 2 231 220.73 
RUN records_array_1m stringify node None 2 231 188.74 
RUN records_array_1m stringify perry None 2 231 148.28 
RUN records_array_1m stringify baseline None 2 231 150.34 
RUN records_array_1m stringify baseline None 3 231 151.07 
RUN records_array_1m stringify node None 3 231 188.69 
RUN records_array_1m stringify bun None 3 231 220.72 
RUN records_array_1m stringify perry None 3 231 148.95 
RUN records_array_1m stringify perry None 4 231 149.53 
RUN records_array_1m stringify node None 4 231 191.94 
RUN records_array_1m stringify baseline None 4 231 149.68 
RUN records_array_1m stringify bun None 4 231 220.61 
RUN records_array_1m sparse perry None 0 161 156.09 
RUN records_array_1m sparse node None 0 161 437.74 
RUN records_array_1m sparse baseline None 0 161 201.81 
RUN records_array_1m sparse bun None 0 161 340.67 
RUN records_array_1m sparse bun None 1 161 340.47 
RUN records_array_1m sparse baseline None 1 161 201.52 
RUN records_array_1m sparse perry None 1 161 156.83 
RUN records_array_1m sparse node None 1 161 452.35 
RUN records_array_1m sparse bun None 2 161 340.63 
RUN records_array_1m sparse node None 2 161 429.95 
RUN records_array_1m sparse baseline None 2 161 201.63 
RUN records_array_1m sparse perry None 2 161 156.62 
RUN records_array_1m sparse perry None 3 161 155.91 
RUN records_array_1m sparse bun None 3 161 340.85 
RUN records_array_1m sparse node None 3 161 446.87 
RUN records_array_1m sparse baseline None 3 161 201.33 
RUN records_array_1m sparse perry None 4 161 155.61 
RUN records_array_1m sparse node None 4 161 423.75 
RUN records_array_1m sparse baseline None 4 161 201.49 
RUN records_array_1m sparse bun None 4 161 340.98 
RUN records_array_1m scan node None 0 69 185.11 
RUN records_array_1m scan perry None 0 69 202.84 
RUN records_array_1m scan bun None 0 69 145.63 
RUN records_array_1m scan baseline None 0 69 223.83 
RUN records_array_1m scan perry None 1 69 203.16 
RUN records_array_1m scan bun None 1 69 145.45 
RUN records_array_1m scan node None 1 69 192.67 
RUN records_array_1m scan baseline None 1 69 223.21 
RUN records_array_1m scan perry None 2 69 203.82 
RUN records_array_1m scan bun None 2 69 146.15 
RUN records_array_1m scan baseline None 2 69 223.12 
RUN records_array_1m scan node None 2 69 183.42 
RUN records_array_1m scan node None 3 69 187.94 
RUN records_array_1m scan perry None 3 69 202.77 
RUN records_array_1m scan bun None 3 69 145.74 
RUN records_array_1m scan baseline None 3 69 223.4 
RUN records_array_1m scan bun None 4 69 146.07 
RUN records_array_1m scan perry None 4 69 202.98 
RUN records_array_1m scan node None 4 69 177.37 
RUN records_array_1m scan baseline None 4 69 222.95 
RUN records_array_1m roundtrip perry None 0 116 163.49 
RUN records_array_1m roundtrip bun None 0 116 355.12 
RUN records_array_1m roundtrip baseline None 0 116 196.51 
RUN records_array_1m roundtrip node None 0 116 383.18 
RUN records_array_1m roundtrip bun None 1 116 355.59 
RUN records_array_1m roundtrip perry None 1 116 163.33 
RUN records_array_1m roundtrip baseline None 1 116 197.03 
RUN records_array_1m roundtrip node None 1 116 401.23 
RUN records_array_1m roundtrip baseline None 2 116 197.07 
RUN records_array_1m roundtrip node None 2 116 419.82 
RUN records_array_1m roundtrip perry None 2 116 163.4 
RUN records_array_1m roundtrip bun None 2 116 355.69 
RUN records_array_1m roundtrip bun None 3 116 355.86 
RUN records_array_1m roundtrip node None 3 116 418.75 
RUN records_array_1m roundtrip baseline None 3 116 196.35 
RUN records_array_1m roundtrip perry None 3 116 163.7 
RUN records_array_1m roundtrip baseline None 4 116 196.55 
RUN records_array_1m roundtrip perry None 4 116 163.69 
RUN records_array_1m roundtrip node None 4 116 387.47 
RUN records_array_1m roundtrip bun None 4 116 354.39 
RUN records_object_1m parse bun None 0 81 170.59 
RUN records_object_1m parse perry None 0 81 163.14 
RUN records_object_1m parse node None 0 81 208.56 
RUN records_object_1m parse baseline None 0 81 164.13 
RUN records_object_1m parse baseline None 1 81 164.26 
RUN records_object_1m parse node None 1 81 213.64 
RUN records_object_1m parse bun None 1 81 170.92 
RUN records_object_1m parse perry None 1 81 163.49 
RUN records_object_1m parse baseline None 2 81 164.33 
RUN records_object_1m parse bun None 2 81 170.91 
RUN records_object_1m parse node None 2 81 211.22 
RUN records_object_1m parse perry None 2 81 163.37 
RUN records_object_1m parse node None 3 81 221.77 
RUN records_object_1m parse baseline None 3 81 164.07 
RUN records_object_1m parse perry None 3 81 163.05 
RUN records_object_1m parse bun None 3 81 171.41 
RUN records_object_1m parse node None 4 81 210.47 
RUN records_object_1m parse baseline None 4 81 163.99 
RUN records_object_1m parse perry None 4 81 163.15 
RUN records_object_1m parse bun None 4 81 170.88 
RUN records_object_1m stringify baseline None 0 233 151.83 
RUN records_object_1m stringify node None 0 233 189.99 
RUN records_object_1m stringify perry None 0 233 151.82 
RUN records_object_1m stringify bun None 0 233 222.88 
RUN records_object_1m stringify node None 1 233 190.75 
RUN records_object_1m stringify bun None 1 233 222.64 
RUN records_object_1m stringify baseline None 1 233 151.28 
RUN records_object_1m stringify perry None 1 233 150.34 
RUN records_object_1m stringify node None 2 233 191.07 
RUN records_object_1m stringify baseline None 2 233 151.74 
RUN records_object_1m stringify perry None 2 233 151.11 
RUN records_object_1m stringify bun None 2 233 223.07 
RUN records_object_1m stringify node None 3 233 189.87 
RUN records_object_1m stringify perry None 3 233 151.01 
RUN records_object_1m stringify bun None 3 233 223.65 
RUN records_object_1m stringify baseline None 3 233 151.54 
RUN records_object_1m stringify perry None 4 233 150.82 
RUN records_object_1m stringify baseline None 4 233 152.59 
RUN records_object_1m stringify bun None 4 233 222.79 
RUN records_object_1m stringify node None 4 233 190.04 
RUN records_array_8m parse perry None 0 16 133.38 
RUN records_array_8m parse bun None 0 16 284.39 
RUN records_array_8m parse node None 0 16 366.55 
RUN records_array_8m parse baseline None 0 16 169.56 
RUN records_array_8m parse node None 1 16 339.98 
RUN records_array_8m parse bun None 1 16 284.17 
RUN records_array_8m parse baseline None 1 16 169.22 
RUN records_array_8m parse perry None 1 16 133.05 
RUN records_array_8m parse node None 2 16 367.81 
RUN records_array_8m parse bun None 2 16 285.07 
RUN records_array_8m parse baseline None 2 16 169.41 
RUN records_array_8m parse perry None 2 16 133.32 
RUN records_array_8m parse bun None 3 16 284.7 
RUN records_array_8m parse baseline None 3 16 169.27 
RUN records_array_8m parse perry None 3 16 132.56 
RUN records_array_8m parse node None 3 16 342.01 
RUN records_array_8m parse baseline None 4 16 169.38 
RUN records_array_8m parse bun None 4 16 284.68 
RUN records_array_8m parse node None 4 16 358.55 
RUN records_array_8m parse perry None 4 16 133.27 
RUN records_array_8m stringify perry None 0 29 137.24 
RUN records_array_8m stringify node None 0 29 197.11 
RUN records_array_8m stringify bun None 0 29 221.38 
RUN records_array_8m stringify baseline None 0 29 138.43 
RUN records_array_8m stringify bun None 1 29 222.9 
RUN records_array_8m stringify node None 1 29 194.86 
RUN records_array_8m stringify baseline None 1 29 138.45 
RUN records_array_8m stringify perry None 1 29 136.88 
RUN records_array_8m stringify perry None 2 29 137.11 
RUN records_array_8m stringify node None 2 29 194.81 
RUN records_array_8m stringify bun None 2 29 223.33 
RUN records_array_8m stringify baseline None 2 29 141.05 
RUN records_array_8m stringify bun None 3 29 223.38 
RUN records_array_8m stringify node None 3 29 197.35 
RUN records_array_8m stringify perry None 3 29 136.74 
RUN records_array_8m stringify baseline None 3 29 138.64 
RUN records_array_8m stringify node None 4 29 194.46 
RUN records_array_8m stringify baseline None 4 29 138.54 
RUN records_array_8m stringify perry None 4 29 136.78 
RUN records_array_8m stringify bun None 4 29 221.43 
RUN records_array_8m sparse baseline None 0 15 167.79 
RUN records_array_8m sparse perry None 0 15 133.25 
RUN records_array_8m sparse node None 0 15 326.08 
RUN records_array_8m sparse bun None 0 15 301.01 
RUN records_array_8m sparse node None 1 15 341.54 
RUN records_array_8m sparse perry None 1 15 132.83 
RUN records_array_8m sparse baseline None 1 15 167.95 
RUN records_array_8m sparse bun None 1 15 268.58 
RUN records_array_8m sparse node None 2 15 340.0 
RUN records_array_8m sparse bun None 2 15 268.75 
RUN records_array_8m sparse perry None 2 15 132.91 
RUN records_array_8m sparse baseline None 2 15 167.13 
RUN records_array_8m sparse node None 3 15 323.81 
RUN records_array_8m sparse perry None 3 15 133.58 
RUN records_array_8m sparse baseline None 3 15 166.96 
RUN records_array_8m sparse bun None 3 15 269.1 
RUN records_array_8m sparse perry None 4 15 133.57 
RUN records_array_8m sparse bun None 4 15 268.57 
RUN records_array_8m sparse node None 4 15 317.38 
RUN records_array_8m sparse baseline None 4 15 167.08 
RUN records_array_8m scan perry None 0 8 181.16 
RUN records_array_8m scan baseline None 0 8 200.3 
RUN records_array_8m scan node None 0 8 175.47 
RUN records_array_8m scan bun None 0 8 145.71 
RUN records_array_8m scan perry None 1 8 181.42 
RUN records_array_8m scan node None 1 8 173.73 
RUN records_array_8m scan baseline None 1 8 200.26 
RUN records_array_8m scan bun None 1 8 145.87 
RUN records_array_8m scan bun None 2 8 145.76 
RUN records_array_8m scan baseline None 2 8 200.22 
RUN records_array_8m scan node None 2 8 179.34 
RUN records_array_8m scan perry None 2 8 181.82 
RUN records_array_8m scan node None 3 8 174.75 
RUN records_array_8m scan baseline None 3 8 200.26 
RUN records_array_8m scan bun None 3 8 145.47 
RUN records_array_8m scan perry None 3 8 181.64 
RUN records_array_8m scan bun None 4 8 146.14 
RUN records_array_8m scan node None 4 8 188.33 
RUN records_array_8m scan perry None 4 8 181.29 
RUN records_array_8m scan baseline None 4 8 200.1 
RUN records_array_8m roundtrip perry None 0 11 145.28 
RUN records_array_8m roundtrip bun None 0 11 280.44 
RUN records_array_8m roundtrip baseline None 0 11 169.14 
RUN records_array_8m roundtrip node None 0 11 326.02 
RUN records_array_8m roundtrip node None 1 11 324.93 
RUN records_array_8m roundtrip bun None 1 11 279.82 
RUN records_array_8m roundtrip perry None 1 11 144.87 
RUN records_array_8m roundtrip baseline None 1 11 169.59 
RUN records_array_8m roundtrip node None 2 11 312.6 
RUN records_array_8m roundtrip bun None 2 11 279.64 
RUN records_array_8m roundtrip perry None 2 11 145.06 
RUN records_array_8m roundtrip baseline None 2 11 169.38 
RUN records_array_8m roundtrip node None 3 11 310.69 
RUN records_array_8m roundtrip baseline None 3 11 169.62 
RUN records_array_8m roundtrip bun None 3 11 279.53 
RUN records_array_8m roundtrip perry None 3 11 144.71 
RUN records_array_8m roundtrip bun None 4 11 280.7 
RUN records_array_8m roundtrip node None 4 11 323.57 
RUN records_array_8m roundtrip baseline None 4 11 169.05 
RUN records_array_8m roundtrip perry None 4 11 145.05 
RUN records_object_8m parse bun None 0 10 179.13 
RUN records_object_8m parse perry None 0 10 159.39 
RUN records_object_8m parse baseline None 0 10 160.19 
RUN records_object_8m parse node None 0 10 218.07 
RUN records_object_8m parse node None 1 10 218.9 
RUN records_object_8m parse bun None 1 10 178.97 
RUN records_object_8m parse baseline None 1 10 159.94 
RUN records_object_8m parse perry None 1 10 159.48 
RUN records_object_8m parse baseline None 2 10 159.92 
RUN records_object_8m parse bun None 2 10 178.52 
RUN records_object_8m parse node None 2 10 218.33 
RUN records_object_8m parse perry None 2 10 159.82 
RUN records_object_8m parse bun None 3 10 178.72 
RUN records_object_8m parse node None 3 10 214.92 
RUN records_object_8m parse baseline None 3 10 159.97 
RUN records_object_8m parse perry None 3 10 159.89 
RUN records_object_8m parse perry None 4 10 160.12 
RUN records_object_8m parse node None 4 10 218.35 
RUN records_object_8m parse bun None 4 10 178.53 
RUN records_object_8m parse baseline None 4 10 160.12 
RUN records_object_8m stringify node None 0 29 193.84 
RUN records_object_8m stringify bun None 0 29 222.44 
RUN records_object_8m stringify perry None 0 29 137.7 
RUN records_object_8m stringify baseline None 0 29 138.92 
RUN records_object_8m stringify perry None 1 29 138.6 
RUN records_object_8m stringify node None 1 29 194.53 
RUN records_object_8m stringify bun None 1 29 223.23 
RUN records_object_8m stringify baseline None 1 29 139.75 
RUN records_object_8m stringify node None 2 29 194.04 
RUN records_object_8m stringify baseline None 2 29 138.65 
RUN records_object_8m stringify perry None 2 29 138.64 
RUN records_object_8m stringify bun None 2 29 221.31 
RUN records_object_8m stringify baseline None 3 29 138.99 
RUN records_object_8m stringify perry None 3 29 138.36 
RUN records_object_8m stringify node None 3 29 194.16 
RUN records_object_8m stringify bun None 3 29 222.46 
RUN records_object_8m stringify bun None 4 29 222.12 
RUN records_object_8m stringify perry None 4 29 138.86 
RUN records_object_8m stringify node None 4 29 192.48 
RUN records_object_8m stringify baseline None 4 29 138.68 
RUN records_array_20m parse perry None 0 4 157.86 
RUN records_array_20m parse node None 0 4 246.74 
RUN records_array_20m parse baseline None 0 4 158.33 
RUN records_array_20m parse bun None 0 4 175.2 
RUN records_array_20m parse perry None 1 4 157.97 
RUN records_array_20m parse node None 1 4 246.46 
RUN records_array_20m parse baseline None 1 4 158.69 
RUN records_array_20m parse bun None 1 4 175.15 
RUN records_array_20m parse perry None 2 4 157.92 
RUN records_array_20m parse node None 2 4 247.99 
RUN records_array_20m parse baseline None 2 4 158.24 
RUN records_array_20m parse bun None 2 4 175.0 
RUN records_array_20m parse bun None 3 4 175.31 
RUN records_array_20m parse node None 3 4 252.94 
RUN records_array_20m parse perry None 3 4 157.84 
RUN records_array_20m parse baseline None 3 4 158.33 
RUN records_array_20m parse bun None 4 4 175.99 
RUN records_array_20m parse perry None 4 4 158.24 
RUN records_array_20m parse node None 4 4 234.72 
RUN records_array_20m parse baseline None 4 4 158.16 
RUN records_array_20m stringify node None 0 12 206.66 
RUN records_array_20m stringify perry None 0 12 140.77 
RUN records_array_20m stringify baseline None 0 12 142.08 
RUN records_array_20m stringify bun None 0 12 229.02 
RUN records_array_20m stringify bun None 1 12 229.69 
RUN records_array_20m stringify perry None 1 12 141.5 
RUN records_array_20m stringify node None 1 12 205.97 
RUN records_array_20m stringify baseline None 1 12 141.59 
RUN records_array_20m stringify bun None 2 12 229.51 
RUN records_array_20m stringify node None 2 12 209.0 
RUN records_array_20m stringify baseline None 2 12 141.64 
RUN records_array_20m stringify perry None 2 12 140.9 
RUN records_array_20m stringify node None 3 12 205.93 
RUN records_array_20m stringify baseline None 3 12 141.87 
RUN records_array_20m stringify bun None 3 12 229.32 
RUN records_array_20m stringify perry None 3 12 140.92 
RUN records_array_20m stringify node None 4 12 205.56 
RUN records_array_20m stringify baseline None 4 12 142.05 
RUN records_array_20m stringify bun None 4 12 229.01 
RUN records_array_20m stringify perry None 4 12 141.06 
RUN records_array_20m sparse baseline None 0 4 158.19 
RUN records_array_20m sparse perry None 0 4 159.6 
RUN records_array_20m sparse node None 0 4 231.7 
RUN records_array_20m sparse bun None 0 4 176.68 
RUN records_array_20m sparse node None 1 4 232.74 
RUN records_array_20m sparse baseline None 1 4 157.79 
RUN records_array_20m sparse perry None 1 4 157.27 
RUN records_array_20m sparse bun None 1 4 176.0 
RUN records_array_20m sparse node None 2 4 222.84 
RUN records_array_20m sparse baseline None 2 4 157.71 
RUN records_array_20m sparse perry None 2 4 157.37 
RUN records_array_20m sparse bun None 2 4 175.0 
RUN records_array_20m sparse node None 3 4 255.26 
RUN records_array_20m sparse baseline None 3 4 157.95 
RUN records_array_20m sparse perry None 3 4 157.53 
RUN records_array_20m sparse bun None 3 4 177.15 
RUN records_array_20m sparse node None 4 4 227.14 
RUN records_array_20m sparse bun None 4 4 175.11 
RUN records_array_20m sparse baseline None 4 4 157.82 
RUN records_array_20m sparse perry None 4 4 157.48 
RUN records_array_20m scan node None 0 4 235.09 
RUN records_array_20m scan baseline None 0 4 161.34 
RUN records_array_20m scan bun None 0 4 176.73 
RUN records_array_20m scan perry None 0 4 161.29 
RUN records_array_20m scan bun None 1 4 178.05 
RUN records_array_20m scan perry None 1 4 161.66 
RUN records_array_20m scan node None 1 4 236.43 
RUN records_array_20m scan baseline None 1 4 161.45 
RUN records_array_20m scan baseline None 2 4 161.5 
RUN records_array_20m scan perry None 2 4 161.25 
RUN records_array_20m scan node None 2 4 234.2 
RUN records_array_20m scan bun None 2 4 177.71 
RUN records_array_20m scan node None 3 4 231.01 
RUN records_array_20m scan bun None 3 4 176.94 
RUN records_array_20m scan baseline None 3 4 161.82 
RUN records_array_20m scan perry None 3 4 161.32 
RUN records_array_20m scan baseline None 4 4 161.81 
RUN records_array_20m scan node None 4 4 230.7 
RUN records_array_20m scan perry None 4 4 160.79 
RUN records_array_20m scan bun None 4 4 176.91 
RUN records_array_20m roundtrip baseline None 0 2 197.24 
RUN records_array_20m roundtrip node None 0 2 148.99 
RUN records_array_20m roundtrip bun None 0 2 129.2 
RUN records_array_20m roundtrip perry None 0 2 196.75 
RUN records_array_20m roundtrip bun None 1 2 139.91 
RUN records_array_20m roundtrip node None 1 2 151.81 
RUN records_array_20m roundtrip baseline None 1 2 197.05 
RUN records_array_20m roundtrip perry None 1 2 196.9 
RUN records_array_20m roundtrip node None 2 2 155.4 
RUN records_array_20m roundtrip perry None 2 2 197.79 
RUN records_array_20m roundtrip baseline None 2 2 197.18 
RUN records_array_20m roundtrip bun None 2 2 129.74 
RUN records_array_20m roundtrip perry None 3 2 196.49 
RUN records_array_20m roundtrip node None 3 2 144.71 
RUN records_array_20m roundtrip bun None 3 2 129.11 
RUN records_array_20m roundtrip baseline None 3 2 196.95 
RUN records_array_20m roundtrip baseline None 4 2 197.01 
RUN records_array_20m roundtrip perry None 4 2 196.91 
RUN records_array_20m roundtrip node None 4 2 143.43 
RUN records_array_20m roundtrip bun None 4 2 129.37 
RUN records_object_20m parse perry None 0 4 157.9 
RUN records_object_20m parse baseline None 0 4 158.03 
RUN records_object_20m parse bun None 0 4 175.14 
RUN records_object_20m parse node None 0 4 232.85 
RUN records_object_20m parse bun None 1 4 175.49 
RUN records_object_20m parse baseline None 1 4 158.33 
RUN records_object_20m parse perry None 1 4 158.51 
RUN records_object_20m parse node None 1 4 232.52 
RUN records_object_20m parse perry None 2 4 158.05 
RUN records_object_20m parse bun None 2 4 175.9 
RUN records_object_20m parse node None 2 4 250.46 
RUN records_object_20m parse baseline None 2 4 158.48 
RUN records_object_20m parse perry None 3 4 158.14 
RUN records_object_20m parse node None 3 4 245.37 
RUN records_object_20m parse bun None 3 4 175.34 
RUN records_object_20m parse baseline None 3 4 158.22 
RUN records_object_20m parse baseline None 4 4 157.41 
RUN records_object_20m parse bun None 4 4 175.63 
RUN records_object_20m parse node None 4 4 235.5 
RUN records_object_20m parse perry None 4 4 157.62 
RUN records_object_20m stringify perry None 0 12 140.21 
RUN records_object_20m stringify baseline None 0 12 141.79 
RUN records_object_20m stringify node None 0 12 205.75 
RUN records_object_20m stringify bun None 0 12 230.27 
RUN records_object_20m stringify baseline None 1 12 141.7 
RUN records_object_20m stringify perry None 1 12 140.43 
RUN records_object_20m stringify node None 1 12 206.9 
RUN records_object_20m stringify bun None 1 12 233.73 
RUN records_object_20m stringify bun None 2 12 229.31 
RUN records_object_20m stringify node None 2 12 206.25 
RUN records_object_20m stringify baseline None 2 12 142.08 
RUN records_object_20m stringify perry None 2 12 140.18 
RUN records_object_20m stringify baseline None 3 12 142.38 
RUN records_object_20m stringify bun None 3 12 229.45 
RUN records_object_20m stringify perry None 3 12 140.47 
RUN records_object_20m stringify node None 3 12 206.32 
RUN records_object_20m stringify node None 4 12 206.17 
RUN records_object_20m stringify baseline None 4 12 141.64 
RUN records_object_20m stringify perry None 4 12 140.79 
RUN records_object_20m stringify bun None 4 12 230.16 
RUN numbers_1m parse baseline None 0 103 163.32 
RUN numbers_1m parse perry None 0 103 164.43 
RUN numbers_1m parse node None 0 103 317.12 
RUN numbers_1m parse bun None 0 103 329.71 
RUN numbers_1m parse baseline None 1 103 163.27 
RUN numbers_1m parse perry None 1 103 159.51 
RUN numbers_1m parse bun None 1 103 331.95 
RUN numbers_1m parse node None 1 103 316.87 
RUN numbers_1m parse perry None 2 103 159.67 
RUN numbers_1m parse node None 2 103 317.44 
RUN numbers_1m parse baseline None 2 103 163.34 
RUN numbers_1m parse bun None 2 103 329.77 
RUN numbers_1m parse bun None 3 103 329.8 
RUN numbers_1m parse perry None 3 103 162.97 
RUN numbers_1m parse baseline None 3 103 163.41 
RUN numbers_1m parse node None 3 103 317.67 
RUN numbers_1m parse perry None 4 103 163.06 
RUN numbers_1m parse bun None 4 103 330.69 
RUN numbers_1m parse baseline None 4 103 163.41 
RUN numbers_1m parse node None 4 103 317.32 
RUN numbers_1m stringify baseline None 0 147 149.18 
RUN numbers_1m stringify node None 0 147 285.7 
RUN numbers_1m stringify bun None 0 147 432.41 
RUN numbers_1m stringify perry None 0 147 149.36 
RUN numbers_1m stringify node None 1 147 287.99 
RUN numbers_1m stringify bun None 1 147 432.19 
RUN numbers_1m stringify baseline None 1 147 149.03 
RUN numbers_1m stringify perry None 1 147 149.48 
RUN numbers_1m stringify baseline None 2 147 148.74 
RUN numbers_1m stringify bun None 2 147 432.21 
RUN numbers_1m stringify node None 2 147 285.44 
RUN numbers_1m stringify perry None 2 147 149.29 
RUN numbers_1m stringify bun None 3 147 431.82 
RUN numbers_1m stringify baseline None 3 147 149.08 
RUN numbers_1m stringify perry None 3 147 149.0 
RUN numbers_1m stringify node None 3 147 285.77 
RUN numbers_1m stringify node None 4 147 285.98 
RUN numbers_1m stringify bun None 4 147 431.82 
RUN numbers_1m stringify perry None 4 147 149.3 
RUN numbers_1m stringify baseline None 4 147 149.13 
RUN long_string_1m parse perry None 0 2834 0.99 
RUN long_string_1m parse node None 0 2834 1025.52 
RUN long_string_1m parse baseline None 0 2834 0.98 
RUN long_string_1m parse bun None 0 2834 179.98 
RUN long_string_1m parse node None 1 2834 1026.95 
RUN long_string_1m parse perry None 1 2834 0.98 
RUN long_string_1m parse bun None 1 2834 179.51 
RUN long_string_1m parse baseline None 1 2834 0.98 
RUN long_string_1m parse bun None 2 2834 179.08 
RUN long_string_1m parse baseline None 2 2834 0.98 
RUN long_string_1m parse perry None 2 2834 0.99 
RUN long_string_1m parse node None 2 2834 1027.38 
RUN long_string_1m parse node None 3 2834 1026.6 
RUN long_string_1m parse baseline None 3 2834 1.0 
RUN long_string_1m parse perry None 3 2834 0.99 
RUN long_string_1m parse bun None 3 2834 180.06 
RUN long_string_1m parse baseline None 4 2834 1.0 
RUN long_string_1m parse bun None 4 2834 179.46 
RUN long_string_1m parse node None 4 2834 1037.93 
RUN long_string_1m parse perry None 4 2834 0.98 
RUN long_string_1m stringify node None 0 1783 177.7 
RUN long_string_1m stringify bun None 0 1783 167.47 
RUN long_string_1m stringify perry None 0 1783 61.28 
RUN long_string_1m stringify baseline None 0 1783 61.64 
RUN long_string_1m stringify baseline None 1 1783 59.88 
RUN long_string_1m stringify bun None 1 1783 167.69 
RUN long_string_1m stringify perry None 1 1783 54.65 
RUN long_string_1m stringify node None 1 1783 176.51 
RUN long_string_1m stringify bun None 2 1783 168.58 
RUN long_string_1m stringify perry None 2 1783 63.3 
RUN long_string_1m stringify baseline None 2 1783 62.21 
RUN long_string_1m stringify node None 2 1783 177.53 
RUN long_string_1m stringify perry None 3 1783 64.91 
RUN long_string_1m stringify baseline None 3 1783 63.89 
RUN long_string_1m stringify bun None 3 1783 165.61 
RUN long_string_1m stringify node None 3 1783 178.3 
RUN long_string_1m stringify perry None 4 1783 61.88 
RUN long_string_1m stringify bun None 4 1783 166.69 
RUN long_string_1m stringify node None 4 1783 178.73 
RUN long_string_1m stringify baseline None 4 1783 59.35 
RUN escaped_1m parse baseline None 0 158 156.18 
RUN escaped_1m parse perry None 0 158 155.09 
RUN escaped_1m parse node None 0 158 274.36 
RUN escaped_1m parse bun None 0 158 327.12 
RUN escaped_1m parse bun None 1 158 327.15 
RUN escaped_1m parse baseline None 1 158 156.37 
RUN escaped_1m parse perry None 1 158 155.3 
RUN escaped_1m parse node None 1 158 274.34 
RUN escaped_1m parse perry None 2 158 155.24 
RUN escaped_1m parse node None 2 158 274.1 
RUN escaped_1m parse bun None 2 158 327.08 
RUN escaped_1m parse baseline None 2 158 156.62 
RUN escaped_1m parse perry None 3 158 155.42 
RUN escaped_1m parse baseline None 3 158 156.17 
RUN escaped_1m parse bun None 3 158 327.28 
RUN escaped_1m parse node None 3 158 274.15 
RUN escaped_1m parse perry None 4 158 155.94 
RUN escaped_1m parse node None 4 158 274.05 
RUN escaped_1m parse bun None 4 158 327.09 
RUN escaped_1m parse baseline None 4 158 156.32 
RUN escaped_1m stringify perry None 0 167 148.11 
RUN escaped_1m stringify node None 0 167 312.1 
RUN escaped_1m stringify baseline None 0 167 147.74 
RUN escaped_1m stringify bun None 0 167 346.89 
RUN escaped_1m stringify node None 1 167 311.32 
RUN escaped_1m stringify perry None 1 167 147.71 
RUN escaped_1m stringify baseline None 1 167 147.98 
RUN escaped_1m stringify bun None 1 167 346.44 
RUN escaped_1m stringify bun None 2 167 349.29 
RUN escaped_1m stringify baseline None 2 167 147.71 
RUN escaped_1m stringify perry None 2 167 148.02 
RUN escaped_1m stringify node None 2 167 311.97 
RUN escaped_1m stringify bun None 3 167 348.95 
RUN escaped_1m stringify perry None 3 167 147.66 
RUN escaped_1m stringify node None 3 167 311.23 
RUN escaped_1m stringify baseline None 3 167 147.97 
RUN escaped_1m stringify baseline None 4 167 148.1 
RUN escaped_1m stringify bun None 4 167 347.07 
RUN escaped_1m stringify perry None 4 167 147.94 
RUN escaped_1m stringify node None 4 167 312.87 
RUN unicode_1m parse node None 0 2809 1231.41 
RUN unicode_1m parse perry None 0 2809 0.98 
RUN unicode_1m parse bun None 0 2809 160.52 
RUN unicode_1m parse baseline None 0 2809 0.97 
RUN unicode_1m parse perry None 1 2809 0.98 
RUN unicode_1m parse node None 1 2809 1231.39 
RUN unicode_1m parse bun None 1 2809 159.9 
RUN unicode_1m parse baseline None 1 2809 0.98 
RUN unicode_1m parse perry None 2 2809 0.99 
RUN unicode_1m parse node None 2 2809 1225.62 
RUN unicode_1m parse bun None 2 2809 160.51 
RUN unicode_1m parse baseline None 2 2809 0.98 
RUN unicode_1m parse perry None 3 2809 0.98 
RUN unicode_1m parse bun None 3 2809 160.25 
RUN unicode_1m parse node None 3 2809 1235.03 
RUN unicode_1m parse baseline None 3 2809 0.97 
RUN unicode_1m parse perry None 4 2809 0.98 
RUN unicode_1m parse node None 4 2809 1232.96 
RUN unicode_1m parse baseline None 4 2809 0.98 
RUN unicode_1m parse bun None 4 2809 161.02 
RUN unicode_1m stringify bun None 0 2399 1075.01 
RUN unicode_1m stringify node None 0 2399 979.2 
RUN unicode_1m stringify baseline None 0 2399 68.18 
RUN unicode_1m stringify perry None 0 2399 70.06 
RUN unicode_1m stringify baseline None 1 2399 72.32 
RUN unicode_1m stringify perry None 1 2399 68.28 
RUN unicode_1m stringify bun None 1 2399 1071.66 
RUN unicode_1m stringify node None 1 2399 977.45 
RUN unicode_1m stringify perry None 2 2399 72.65 
RUN unicode_1m stringify bun None 2 2399 1072.15 
RUN unicode_1m stringify node None 2 2399 979.76 
RUN unicode_1m stringify baseline None 2 2399 66.98 
RUN unicode_1m stringify node None 3 2399 983.82 
RUN unicode_1m stringify baseline None 3 2399 72.3 
RUN unicode_1m stringify perry None 3 2399 73.17 
RUN unicode_1m stringify bun None 3 2399 1072.11 
RUN unicode_1m stringify bun None 4 2399 1071.97 
RUN unicode_1m stringify baseline None 4 2399 66.47 
RUN unicode_1m stringify node None 4 2399 973.46 
RUN unicode_1m stringify perry None 4 2399 59.56 
RUN wide_1m parse perry None 0 63 183.26 
RUN wide_1m parse baseline None 0 63 183.14 
RUN wide_1m parse bun None 0 63 259.77 
RUN wide_1m parse node None 0 63 317.01 
RUN wide_1m parse node None 1 63 323.06 
RUN wide_1m parse baseline None 1 63 183.15 
RUN wide_1m parse bun None 1 63 260.36 
RUN wide_1m parse perry None 1 63 182.67 
RUN wide_1m parse baseline None 2 63 183.12 
RUN wide_1m parse perry None 2 63 182.31 
RUN wide_1m parse node None 2 63 320.27 
RUN wide_1m parse bun None 2 63 260.85 
RUN wide_1m parse bun None 3 63 261.05 
RUN wide_1m parse perry None 3 63 182.39 
RUN wide_1m parse node None 3 63 319.82 
RUN wide_1m parse baseline None 3 63 183.06 
RUN wide_1m parse baseline None 4 63 182.32 
RUN wide_1m parse bun None 4 63 259.82 
RUN wide_1m parse perry None 4 63 182.69 
RUN wide_1m parse node None 4 63 325.01 
RUN wide_1m stringify bun None 0 232 153.23 
RUN wide_1m stringify baseline None 0 232 146.96 
RUN wide_1m stringify node None 0 232 1468.19 
RUN wide_1m stringify perry None 0 232 147.13 
RUN wide_1m stringify node None 1 232 1470.61 
RUN wide_1m stringify perry None 1 232 146.95 
RUN wide_1m stringify baseline None 1 232 147.39 
RUN wide_1m stringify bun None 1 232 153.11 
RUN wide_1m stringify bun None 2 232 153.38 
RUN wide_1m stringify perry None 2 232 147.23 
RUN wide_1m stringify baseline None 2 232 147.48 
RUN wide_1m stringify node None 2 232 1470.29 
RUN wide_1m stringify perry None 3 232 147.51 
RUN wide_1m stringify bun None 3 232 153.32 
RUN wide_1m stringify node None 3 232 1454.91 
RUN wide_1m stringify baseline None 3 232 147.16 
RUN wide_1m stringify node None 4 232 1471.42 
RUN wide_1m stringify bun None 4 232 153.25 
RUN wide_1m stringify baseline None 4 232 147.06 
RUN wide_1m stringify perry None 4 232 147.46 
RUN heterogeneous_1m parse bun None 0 140 401.29 
RUN heterogeneous_1m parse node None 0 140 524.89 
RUN heterogeneous_1m parse perry None 0 140 157.26 
RUN heterogeneous_1m parse baseline None 0 140 197.21 
RUN heterogeneous_1m parse bun None 1 140 402.33 
RUN heterogeneous_1m parse baseline None 1 140 196.73 
RUN heterogeneous_1m parse perry None 1 140 157.84 
RUN heterogeneous_1m parse node None 1 140 523.91 
RUN heterogeneous_1m parse node None 2 140 545.97 
RUN heterogeneous_1m parse perry None 2 140 157.25 
RUN heterogeneous_1m parse baseline None 2 140 196.52 
RUN heterogeneous_1m parse bun None 2 140 404.41 
RUN heterogeneous_1m parse node None 3 140 540.98 
RUN heterogeneous_1m parse perry None 3 140 156.79 
RUN heterogeneous_1m parse bun None 3 140 401.42 
RUN heterogeneous_1m parse baseline None 3 140 196.37 
RUN heterogeneous_1m parse perry None 4 140 157.57 
RUN heterogeneous_1m parse bun None 4 140 400.29 
RUN heterogeneous_1m parse baseline None 4 140 196.94 
RUN heterogeneous_1m parse node None 4 140 515.76 
RUN heterogeneous_1m stringify node None 0 218 193.75 
RUN heterogeneous_1m stringify perry None 0 218 156.83 
RUN heterogeneous_1m stringify baseline None 0 218 155.69 
RUN heterogeneous_1m stringify bun None 0 218 229.88 
RUN heterogeneous_1m stringify node None 1 218 188.48 
RUN heterogeneous_1m stringify baseline None 1 218 156.15 
RUN heterogeneous_1m stringify bun None 1 218 228.94 
RUN heterogeneous_1m stringify perry None 1 218 156.51 
RUN heterogeneous_1m stringify baseline None 2 218 156.09 
RUN heterogeneous_1m stringify node None 2 218 188.67 
RUN heterogeneous_1m stringify perry None 2 218 156.81 
RUN heterogeneous_1m stringify bun None 2 218 230.05 
RUN heterogeneous_1m stringify node None 3 218 188.61 
RUN heterogeneous_1m stringify bun None 3 218 229.54 
RUN heterogeneous_1m stringify perry None 3 218 157.12 
RUN heterogeneous_1m stringify baseline None 3 218 155.94 
RUN heterogeneous_1m stringify node None 4 218 188.69 
RUN heterogeneous_1m stringify bun None 4 218 228.63 
RUN heterogeneous_1m stringify baseline None 4 218 156.43 
RUN heterogeneous_1m stringify perry None 4 218 156.8 
MEM tiny_object retain-parse perry 1 11.9 
MEM tiny_object retain-parse node 1 52.7 
MEM tiny_object retain-parse bun 1 28.3 
MEM tiny_object retain-parse baseline 1 11.8 
MEM tiny_object retain-parse perry 1 11.9 
MEM tiny_object retain-parse node 1 52.7 
MEM tiny_object retain-parse bun 1 28.3 
MEM tiny_object retain-parse baseline 1 11.8 
MEM tiny_object retain-parse perry 1 11.9 
MEM tiny_object retain-parse node 1 52.8 
MEM tiny_object retain-parse bun 1 28.3 
MEM tiny_object retain-parse baseline 1 11.8 
MEM tiny_object retain-parse perry 1 11.9 
MEM tiny_object retain-parse node 1 52.8 
MEM tiny_object retain-parse bun 1 28.3 
MEM tiny_object retain-parse baseline 1 11.9 
MEM tiny_object retain-parse perry 1 11.9 
MEM tiny_object retain-parse node 1 52.8 
MEM tiny_object retain-parse bun 1 28.3 
MEM tiny_object retain-parse baseline 1 11.8 
MEM tiny_object retain-parse perry 200000 24.4 
MEM tiny_object retain-parse node 200000 74.9 
MEM tiny_object retain-parse bun 200000 50.2 
MEM tiny_object retain-parse baseline 200000 24.3 
MEM tiny_object retain-parse perry 200000 24.4 
MEM tiny_object retain-parse node 200000 75.0 
MEM tiny_object retain-parse bun 200000 50.2 
MEM tiny_object retain-parse baseline 200000 24.4 
MEM tiny_object retain-parse perry 200000 24.4 
MEM tiny_object retain-parse node 200000 74.9 
MEM tiny_object retain-parse bun 200000 50.3 
MEM tiny_object retain-parse baseline 200000 24.4 
MEM tiny_object retain-parse perry 200000 24.4 
MEM tiny_object retain-parse node 200000 74.9 
MEM tiny_object retain-parse bun 200000 50.2 
MEM tiny_object retain-parse baseline 200000 24.4 
MEM tiny_object retain-parse perry 200000 24.4 
MEM tiny_object retain-parse node 200000 74.9 
MEM tiny_object retain-parse bun 200000 50.2 
MEM tiny_object retain-parse baseline 200000 24.4 
MEM tiny_object retain-stringify perry 1 12.0 
MEM tiny_object retain-stringify node 1 52.9 
MEM tiny_object retain-stringify bun 1 28.3 
MEM tiny_object retain-stringify baseline 1 11.9 
MEM tiny_object retain-stringify perry 1 12.0 
MEM tiny_object retain-stringify node 1 52.9 
MEM tiny_object retain-stringify bun 1 28.3 
MEM tiny_object retain-stringify baseline 1 11.9 
MEM tiny_object retain-stringify perry 1 12.0 
MEM tiny_object retain-stringify node 1 52.8 
MEM tiny_object retain-stringify bun 1 28.3 
MEM tiny_object retain-stringify baseline 1 11.9 
MEM tiny_object retain-stringify perry 1 12.0 
MEM tiny_object retain-stringify node 1 52.8 
MEM tiny_object retain-stringify bun 1 28.3 
MEM tiny_object retain-stringify baseline 1 11.9 
MEM tiny_object retain-stringify perry 1 12.0 
MEM tiny_object retain-stringify node 1 52.8 
MEM tiny_object retain-stringify bun 1 28.3 
MEM tiny_object retain-stringify baseline 1 11.9 
MEM tiny_object retain-stringify perry 200000 24.5 
MEM tiny_object retain-stringify node 200000 71.2 
MEM tiny_object retain-stringify bun 200000 47.0 
MEM tiny_object retain-stringify baseline 200000 24.4 
MEM tiny_object retain-stringify perry 200000 24.5 
MEM tiny_object retain-stringify node 200000 71.3 
MEM tiny_object retain-stringify bun 200000 47.1 
MEM tiny_object retain-stringify baseline 200000 24.4 
MEM tiny_object retain-stringify perry 200000 24.5 
MEM tiny_object retain-stringify node 200000 71.3 
MEM tiny_object retain-stringify bun 200000 47.0 
MEM tiny_object retain-stringify baseline 200000 24.4 
MEM tiny_object retain-stringify perry 200000 24.5 
MEM tiny_object retain-stringify node 200000 71.3 
MEM tiny_object retain-stringify bun 200000 47.0 
MEM tiny_object retain-stringify baseline 200000 24.4 
MEM tiny_object retain-stringify perry 200000 24.5 
MEM tiny_object retain-stringify node 200000 71.3 
MEM tiny_object retain-stringify bun 200000 47.0 
MEM tiny_object retain-stringify baseline 200000 24.4 
MEM small_record retain-parse perry 1 11.9 
MEM small_record retain-parse node 1 52.7 
MEM small_record retain-parse bun 1 28.3 
MEM small_record retain-parse baseline 1 11.8 
MEM small_record retain-parse perry 1 11.9 
MEM small_record retain-parse node 1 52.8 
MEM small_record retain-parse bun 1 28.3 
MEM small_record retain-parse baseline 1 11.8 
MEM small_record retain-parse perry 1 11.9 
MEM small_record retain-parse node 1 52.7 
MEM small_record retain-parse bun 1 28.3 
MEM small_record retain-parse baseline 1 11.8 
MEM small_record retain-parse perry 1 11.9 
MEM small_record retain-parse node 1 52.8 
MEM small_record retain-parse bun 1 28.3 
MEM small_record retain-parse baseline 1 11.8 
MEM small_record retain-parse perry 1 11.9 
MEM small_record retain-parse node 1 52.7 
MEM small_record retain-parse bun 1 28.4 
MEM small_record retain-parse baseline 1 11.8 
MEM small_record retain-parse perry 100000 24.4 
MEM small_record retain-parse node 100000 85.8 
MEM small_record retain-parse bun 100000 52.7 
MEM small_record retain-parse baseline 100000 24.4 
MEM small_record retain-parse perry 100000 24.4 
MEM small_record retain-parse node 100000 86.2 
MEM small_record retain-parse bun 100000 52.7 
MEM small_record retain-parse baseline 100000 24.4 
MEM small_record retain-parse perry 100000 24.4 
MEM small_record retain-parse node 100000 85.5 
MEM small_record retain-parse bun 100000 52.7 
MEM small_record retain-parse baseline 100000 24.4 
MEM small_record retain-parse perry 100000 24.4 
MEM small_record retain-parse node 100000 85.5 
MEM small_record retain-parse bun 100000 52.7 
MEM small_record retain-parse baseline 100000 24.4 
MEM small_record retain-parse perry 100000 24.4 
MEM small_record retain-parse node 100000 85.5 
MEM small_record retain-parse bun 100000 52.7 
MEM small_record retain-parse baseline 100000 24.4 
MEM small_record retain-stringify perry 1 12.0 
MEM small_record retain-stringify node 1 52.8 
MEM small_record retain-stringify bun 1 28.3 
MEM small_record retain-stringify baseline 1 11.9 
MEM small_record retain-stringify perry 1 12.0 
MEM small_record retain-stringify node 1 52.9 
MEM small_record retain-stringify bun 1 28.3 
MEM small_record retain-stringify baseline 1 11.9 
MEM small_record retain-stringify perry 1 12.0 
MEM small_record retain-stringify node 1 52.9 
MEM small_record retain-stringify bun 1 28.3 
MEM small_record retain-stringify baseline 1 11.9 
MEM small_record retain-stringify perry 1 12.0 
MEM small_record retain-stringify node 1 52.9 
MEM small_record retain-stringify bun 1 28.3 
MEM small_record retain-stringify baseline 1 11.9 
MEM small_record retain-stringify perry 1 12.0 
MEM small_record retain-stringify node 1 52.9 
MEM small_record retain-stringify bun 1 28.3 
MEM small_record retain-stringify baseline 1 11.9 
MEM small_record retain-stringify perry 100000 27.7 
MEM small_record retain-stringify node 100000 80.4 
MEM small_record retain-stringify bun 100000 51.1 
MEM small_record retain-stringify baseline 100000 27.6 
MEM small_record retain-stringify perry 100000 27.7 
MEM small_record retain-stringify node 100000 80.4 
MEM small_record retain-stringify bun 100000 51.0 
MEM small_record retain-stringify baseline 100000 27.6 
MEM small_record retain-stringify perry 100000 27.7 
MEM small_record retain-stringify node 100000 80.3 
MEM small_record retain-stringify bun 100000 51.1 
MEM small_record retain-stringify baseline 100000 27.6 
MEM small_record retain-stringify perry 100000 27.7 
MEM small_record retain-stringify node 100000 80.5 
MEM small_record retain-stringify bun 100000 51.1 
MEM small_record retain-stringify baseline 100000 27.6 
MEM small_record retain-stringify perry 100000 27.7 
MEM small_record retain-stringify node 100000 80.3 
MEM small_record retain-stringify bun 100000 51.1 
MEM small_record retain-stringify baseline 100000 27.6 
MEM records_array_1m retain-parse perry 1 16.6 
MEM records_array_1m retain-parse node 1 58.5 
MEM records_array_1m retain-parse bun 1 31.7 
MEM records_array_1m retain-parse baseline 1 16.5 
MEM records_array_1m retain-parse perry 1 16.6 
MEM records_array_1m retain-parse node 1 58.5 
MEM records_array_1m retain-parse bun 1 31.7 
MEM records_array_1m retain-parse baseline 1 16.5 
MEM records_array_1m retain-parse perry 1 16.6 
MEM records_array_1m retain-parse node 1 58.5 
MEM records_array_1m retain-parse bun 1 31.6 
MEM records_array_1m retain-parse baseline 1 16.5 
MEM records_array_1m retain-parse perry 1 16.6 
MEM records_array_1m retain-parse node 1 58.4 
MEM records_array_1m retain-parse bun 1 31.7 
MEM records_array_1m retain-parse baseline 1 16.5 
MEM records_array_1m retain-parse perry 1 16.6 
MEM records_array_1m retain-parse node 1 58.5 
MEM records_array_1m retain-parse bun 1 31.7 
MEM records_array_1m retain-parse baseline 1 16.5 
MEM records_array_1m retain-parse perry 16 40.5 
MEM records_array_1m retain-parse node 16 88.6 
MEM records_array_1m retain-parse bun 16 55.9 
MEM records_array_1m retain-parse baseline 16 40.4 
MEM records_array_1m retain-parse perry 16 40.5 
MEM records_array_1m retain-parse node 16 88.8 
MEM records_array_1m retain-parse bun 16 55.9 
MEM records_array_1m retain-parse baseline 16 40.4 
MEM records_array_1m retain-parse perry 16 40.5 
MEM records_array_1m retain-parse node 16 89.0 
MEM records_array_1m retain-parse bun 16 55.9 
MEM records_array_1m retain-parse baseline 16 40.4 
MEM records_array_1m retain-parse perry 16 40.5 
MEM records_array_1m retain-parse node 16 88.8 
MEM records_array_1m retain-parse bun 16 55.9 
MEM records_array_1m retain-parse baseline 16 40.4 
MEM records_array_1m retain-parse perry 16 40.5 
MEM records_array_1m retain-parse node 16 88.9 
MEM records_array_1m retain-parse bun 16 56.0 
MEM records_array_1m retain-parse baseline 16 40.4 
MEM records_array_1m retain-stringify perry 1 19.1 
MEM records_array_1m retain-stringify node 1 60.7 
MEM records_array_1m retain-stringify bun 1 34.5 
MEM records_array_1m retain-stringify baseline 1 19.1 
MEM records_array_1m retain-stringify perry 1 19.1 
MEM records_array_1m retain-stringify node 1 60.6 
MEM records_array_1m retain-stringify bun 1 34.5 
MEM records_array_1m retain-stringify baseline 1 19.1 
MEM records_array_1m retain-stringify perry 1 19.1 
MEM records_array_1m retain-stringify node 1 60.5 
MEM records_array_1m retain-stringify bun 1 34.5 
MEM records_array_1m retain-stringify baseline 1 19.1 
MEM records_array_1m retain-stringify perry 1 19.1 
MEM records_array_1m retain-stringify node 1 60.8 
MEM records_array_1m retain-stringify bun 1 34.5 
MEM records_array_1m retain-stringify baseline 1 19.1 
MEM records_array_1m retain-stringify perry 1 19.1 
MEM records_array_1m retain-stringify node 1 60.7 
MEM records_array_1m retain-stringify bun 1 34.5 
MEM records_array_1m retain-stringify baseline 1 19.1 
MEM records_array_1m retain-stringify perry 16 31.8 
MEM records_array_1m retain-stringify node 16 76.4 
MEM records_array_1m retain-stringify bun 16 47.3 
MEM records_array_1m retain-stringify baseline 16 31.8 
MEM records_array_1m retain-stringify perry 16 31.8 
MEM records_array_1m retain-stringify node 16 76.4 
MEM records_array_1m retain-stringify bun 16 47.3 
MEM records_array_1m retain-stringify baseline 16 31.8 
MEM records_array_1m retain-stringify perry 16 31.8 
MEM records_array_1m retain-stringify node 16 76.4 
MEM records_array_1m retain-stringify bun 16 47.3 
MEM records_array_1m retain-stringify baseline 16 31.8 
MEM records_array_1m retain-stringify perry 16 31.8 
MEM records_array_1m retain-stringify node 16 76.5 
MEM records_array_1m retain-stringify bun 16 47.3 
MEM records_array_1m retain-stringify baseline 16 31.8 
MEM records_array_1m retain-stringify perry 16 31.8 
MEM records_array_1m retain-stringify node 16 76.5 
MEM records_array_1m retain-stringify bun 16 47.3 
MEM records_array_1m retain-stringify baseline 16 31.8 
MEM records_object_1m retain-parse perry 1 15.3 
MEM records_object_1m retain-parse node 1 58.5 
MEM records_object_1m retain-parse bun 1 31.7 
MEM records_object_1m retain-parse baseline 1 15.3 
MEM records_object_1m retain-parse perry 1 15.3 
MEM records_object_1m retain-parse node 1 58.6 
MEM records_object_1m retain-parse bun 1 31.7 
MEM records_object_1m retain-parse baseline 1 15.3 
MEM records_object_1m retain-parse perry 1 15.4 
MEM records_object_1m retain-parse node 1 58.5 
MEM records_object_1m retain-parse bun 1 31.7 
MEM records_object_1m retain-parse baseline 1 15.3 
MEM records_object_1m retain-parse perry 1 15.4 
MEM records_object_1m retain-parse node 1 58.4 
MEM records_object_1m retain-parse bun 1 31.7 
MEM records_object_1m retain-parse baseline 1 15.3 
MEM records_object_1m retain-parse perry 1 15.3 
MEM records_object_1m retain-parse node 1 58.5 
MEM records_object_1m retain-parse bun 1 31.7 
MEM records_object_1m retain-parse baseline 1 15.3 
MEM records_object_1m retain-parse perry 16 52.5 
MEM records_object_1m retain-parse node 16 88.9 
MEM records_object_1m retain-parse bun 16 55.9 
MEM records_object_1m retain-parse baseline 16 52.3 
MEM records_object_1m retain-parse perry 16 52.5 
MEM records_object_1m retain-parse node 16 88.9 
MEM records_object_1m retain-parse bun 16 55.9 
MEM records_object_1m retain-parse baseline 16 52.3 
MEM records_object_1m retain-parse perry 16 52.5 
MEM records_object_1m retain-parse node 16 88.8 
MEM records_object_1m retain-parse bun 16 56.0 
MEM records_object_1m retain-parse baseline 16 52.3 
MEM records_object_1m retain-parse perry 16 52.5 
MEM records_object_1m retain-parse node 16 89.0 
MEM records_object_1m retain-parse bun 16 55.9 
MEM records_object_1m retain-parse baseline 16 52.3 
MEM records_object_1m retain-parse perry 16 52.5 
MEM records_object_1m retain-parse node 16 88.8 
MEM records_object_1m retain-parse bun 16 55.9 
MEM records_object_1m retain-parse baseline 16 52.3 
MEM records_object_1m retain-stringify perry 1 19.2 
MEM records_object_1m retain-stringify node 1 60.7 
MEM records_object_1m retain-stringify bun 1 34.5 
MEM records_object_1m retain-stringify baseline 1 19.1 
MEM records_object_1m retain-stringify perry 1 19.1 
MEM records_object_1m retain-stringify node 1 60.6 
MEM records_object_1m retain-stringify bun 1 34.4 
MEM records_object_1m retain-stringify baseline 1 19.1 
MEM records_object_1m retain-stringify perry 1 19.1 
MEM records_object_1m retain-stringify node 1 60.6 
MEM records_object_1m retain-stringify bun 1 34.5 
MEM records_object_1m retain-stringify baseline 1 19.1 
MEM records_object_1m retain-stringify perry 1 19.2 
MEM records_object_1m retain-stringify node 1 60.6 
MEM records_object_1m retain-stringify bun 1 34.4 
MEM records_object_1m retain-stringify baseline 1 19.1 
MEM records_object_1m retain-stringify perry 1 19.1 
MEM records_object_1m retain-stringify node 1 60.8 
MEM records_object_1m retain-stringify bun 1 34.4 
MEM records_object_1m retain-stringify baseline 1 19.1 
MEM records_object_1m retain-stringify perry 16 31.8 
MEM records_object_1m retain-stringify node 16 76.4 
MEM records_object_1m retain-stringify bun 16 47.2 
MEM records_object_1m retain-stringify baseline 16 31.8 
MEM records_object_1m retain-stringify perry 16 31.8 
MEM records_object_1m retain-stringify node 16 76.4 
MEM records_object_1m retain-stringify bun 16 47.2 
MEM records_object_1m retain-stringify baseline 16 31.8 
MEM records_object_1m retain-stringify perry 16 31.8 
MEM records_object_1m retain-stringify node 16 76.5 
MEM records_object_1m retain-stringify bun 16 47.3 
MEM records_object_1m retain-stringify baseline 16 31.8 
MEM records_object_1m retain-stringify perry 16 31.8 
MEM records_object_1m retain-stringify node 16 76.3 
MEM records_object_1m retain-stringify bun 16 47.3 
MEM records_object_1m retain-stringify baseline 16 31.8 
MEM records_object_1m retain-stringify perry 16 31.8 
MEM records_object_1m retain-stringify node 16 76.5 
MEM records_object_1m retain-stringify bun 16 47.2 
MEM records_object_1m retain-stringify baseline 16 31.8 
MEM records_array_8m retain-parse perry 1 48.5 
MEM records_array_8m retain-parse node 1 94.3 
MEM records_array_8m retain-parse bun 1 52.3 
MEM records_array_8m retain-parse baseline 1 48.5 
MEM records_array_8m retain-parse perry 1 48.5 
MEM records_array_8m retain-parse node 1 94.4 
MEM records_array_8m retain-parse bun 1 52.4 
MEM records_array_8m retain-parse baseline 1 48.5 
MEM records_array_8m retain-parse perry 1 48.5 
MEM records_array_8m retain-parse node 1 94.4 
MEM records_array_8m retain-parse bun 1 52.4 
MEM records_array_8m retain-parse baseline 1 48.5 
MEM records_array_8m retain-parse perry 1 48.5 
MEM records_array_8m retain-parse node 1 94.4 
MEM records_array_8m retain-parse bun 1 52.4 
MEM records_array_8m retain-parse baseline 1 48.5 
MEM records_array_8m retain-parse perry 1 48.5 
MEM records_array_8m retain-parse node 1 94.4 
MEM records_array_8m retain-parse bun 1 52.3 
MEM records_array_8m retain-parse baseline 1 48.5 
MEM records_array_8m retain-parse perry 4 85.3 
MEM records_array_8m retain-parse node 4 147.1 
MEM records_array_8m retain-parse bun 4 92.0 
MEM records_array_8m retain-parse baseline 4 85.2 
MEM records_array_8m retain-parse perry 4 85.3 
MEM records_array_8m retain-parse node 4 147.2 
MEM records_array_8m retain-parse bun 4 92.0 
MEM records_array_8m retain-parse baseline 4 85.3 
MEM records_array_8m retain-parse perry 4 85.3 
MEM records_array_8m retain-parse node 4 147.1 
MEM records_array_8m retain-parse bun 4 92.0 
MEM records_array_8m retain-parse baseline 4 85.2 
MEM records_array_8m retain-parse perry 4 85.3 
MEM records_array_8m retain-parse node 4 146.9 
MEM records_array_8m retain-parse bun 4 91.8 
MEM records_array_8m retain-parse baseline 4 85.3 
MEM records_array_8m retain-parse perry 4 85.3 
MEM records_array_8m retain-parse node 4 147.1 
MEM records_array_8m retain-parse bun 4 91.9 
MEM records_array_8m retain-parse baseline 4 85.3 
MEM records_array_8m retain-stringify perry 1 77.3 
MEM records_array_8m retain-stringify node 1 114.2 
MEM records_array_8m retain-stringify bun 1 73.5 
MEM records_array_8m retain-stringify baseline 1 77.2 
MEM records_array_8m retain-stringify perry 1 77.3 
MEM records_array_8m retain-stringify node 1 114.2 
MEM records_array_8m retain-stringify bun 1 73.5 
MEM records_array_8m retain-stringify baseline 1 77.2 
MEM records_array_8m retain-stringify perry 1 77.3 
MEM records_array_8m retain-stringify node 1 114.2 
MEM records_array_8m retain-stringify bun 1 73.1 
MEM records_array_8m retain-stringify baseline 1 77.3 
MEM records_array_8m retain-stringify perry 1 77.3 
MEM records_array_8m retain-stringify node 1 114.2 
MEM records_array_8m retain-stringify bun 1 73.5 
MEM records_array_8m retain-stringify baseline 1 77.3 
MEM records_array_8m retain-stringify perry 1 77.3 
MEM records_array_8m retain-stringify node 1 114.3 
MEM records_array_8m retain-stringify bun 1 73.5 
MEM records_array_8m retain-stringify baseline 1 77.2 
MEM records_array_8m retain-stringify perry 4 98.7 
MEM records_array_8m retain-stringify node 4 144.0 
MEM records_array_8m retain-stringify bun 4 94.5 
MEM records_array_8m retain-stringify baseline 4 98.5 
MEM records_array_8m retain-stringify perry 4 98.6 
MEM records_array_8m retain-stringify node 4 144.1 
MEM records_array_8m retain-stringify bun 4 94.5 
MEM records_array_8m retain-stringify baseline 4 98.5 
MEM records_array_8m retain-stringify perry 4 98.6 
MEM records_array_8m retain-stringify node 4 143.7 
MEM records_array_8m retain-stringify bun 4 94.5 
MEM records_array_8m retain-stringify baseline 4 98.5 
MEM records_array_8m retain-stringify perry 4 98.7 
MEM records_array_8m retain-stringify node 4 144.1 
MEM records_array_8m retain-stringify bun 4 94.5 
MEM records_array_8m retain-stringify baseline 4 98.6 
MEM records_array_8m retain-stringify perry 4 98.6 
MEM records_array_8m retain-stringify node 4 144.1 
MEM records_array_8m retain-stringify bun 4 94.5 
MEM records_array_8m retain-stringify baseline 4 98.6 
MEM records_object_8m retain-parse perry 1 33.2 
MEM records_object_8m retain-parse node 1 94.2 
MEM records_object_8m retain-parse bun 1 52.4 
MEM records_object_8m retain-parse baseline 1 33.1 
MEM records_object_8m retain-parse perry 1 33.2 
MEM records_object_8m retain-parse node 1 94.3 
MEM records_object_8m retain-parse bun 1 52.4 
MEM records_object_8m retain-parse baseline 1 33.1 
MEM records_object_8m retain-parse perry 1 33.2 
MEM records_object_8m retain-parse node 1 94.4 
MEM records_object_8m retain-parse bun 1 52.3 
MEM records_object_8m retain-parse baseline 1 33.1 
MEM records_object_8m retain-parse perry 1 33.2 
MEM records_object_8m retain-parse node 1 94.4 
MEM records_object_8m retain-parse bun 1 52.3 
MEM records_object_8m retain-parse baseline 1 33.1 
MEM records_object_8m retain-parse perry 1 33.2 
MEM records_object_8m retain-parse node 1 94.4 
MEM records_object_8m retain-parse bun 1 52.3 
MEM records_object_8m retain-parse baseline 1 33.1 
MEM records_object_8m retain-parse perry 4 90.9 
MEM records_object_8m retain-parse node 4 146.9 
MEM records_object_8m retain-parse bun 4 92.1 
MEM records_object_8m retain-parse baseline 4 90.8 
MEM records_object_8m retain-parse perry 4 90.9 
MEM records_object_8m retain-parse node 4 147.0 
MEM records_object_8m retain-parse bun 4 91.7 
MEM records_object_8m retain-parse baseline 4 90.8 
MEM records_object_8m retain-parse perry 4 90.9 
MEM records_object_8m retain-parse node 4 147.0 
MEM records_object_8m retain-parse bun 4 92.0 
MEM records_object_8m retain-parse baseline 4 90.8 
MEM records_object_8m retain-parse perry 4 90.9 
MEM records_object_8m retain-parse node 4 147.1 
MEM records_object_8m retain-parse bun 4 91.9 
MEM records_object_8m retain-parse baseline 4 90.8 
MEM records_object_8m retain-parse perry 4 90.9 
MEM records_object_8m retain-parse node 4 147.1 
MEM records_object_8m retain-parse bun 4 91.7 
MEM records_object_8m retain-parse baseline 4 90.8 
MEM records_object_8m retain-stringify perry 1 77.4 
MEM records_object_8m retain-stringify node 1 114.3 
MEM records_object_8m retain-stringify bun 1 73.5 
MEM records_object_8m retain-stringify baseline 1 77.3 
MEM records_object_8m retain-stringify perry 1 77.3 
MEM records_object_8m retain-stringify node 1 114.4 
MEM records_object_8m retain-stringify bun 1 73.5 
MEM records_object_8m retain-stringify baseline 1 77.3 
MEM records_object_8m retain-stringify perry 1 77.3 
MEM records_object_8m retain-stringify node 1 114.3 
MEM records_object_8m retain-stringify bun 1 73.1 
MEM records_object_8m retain-stringify baseline 1 77.3 
MEM records_object_8m retain-stringify perry 1 77.3 
MEM records_object_8m retain-stringify node 1 114.3 
MEM records_object_8m retain-stringify bun 1 73.5 
MEM records_object_8m retain-stringify baseline 1 77.3 
MEM records_object_8m retain-stringify perry 1 77.4 
MEM records_object_8m retain-stringify node 1 114.2 
MEM records_object_8m retain-stringify bun 1 73.5 
MEM records_object_8m retain-stringify baseline 1 77.3 
MEM records_object_8m retain-stringify perry 4 98.6 
MEM records_object_8m retain-stringify node 4 144.0 
MEM records_object_8m retain-stringify bun 4 94.5 
MEM records_object_8m retain-stringify baseline 4 98.6 
MEM records_object_8m retain-stringify perry 4 98.6 
MEM records_object_8m retain-stringify node 4 144.0 
MEM records_object_8m retain-stringify bun 4 94.5 
MEM records_object_8m retain-stringify baseline 4 98.6 
MEM records_object_8m retain-stringify perry 4 98.7 
MEM records_object_8m retain-stringify node 4 143.9 
MEM records_object_8m retain-stringify bun 4 94.5 
MEM records_object_8m retain-stringify baseline 4 98.5 
MEM records_object_8m retain-stringify perry 4 98.6 
MEM records_object_8m retain-stringify node 4 144.1 
MEM records_object_8m retain-stringify bun 4 94.5 
MEM records_object_8m retain-stringify baseline 4 98.5 
MEM records_object_8m retain-stringify perry 4 98.6 
MEM records_object_8m retain-stringify node 4 143.9 
MEM records_object_8m retain-stringify bun 4 94.5 
MEM records_object_8m retain-stringify baseline 4 98.5 
MEM long_string_1m retain-parse perry 1 15.3 
MEM long_string_1m retain-parse node 1 56.6 
MEM long_string_1m retain-parse bun 1 30.6 
MEM long_string_1m retain-parse baseline 1 15.2 
MEM long_string_1m retain-parse perry 1 15.3 
MEM long_string_1m retain-parse node 1 56.6 
MEM long_string_1m retain-parse bun 1 30.6 
MEM long_string_1m retain-parse baseline 1 15.2 
MEM long_string_1m retain-parse perry 1 15.3 
MEM long_string_1m retain-parse node 1 56.7 
MEM long_string_1m retain-parse bun 1 30.6 
MEM long_string_1m retain-parse baseline 1 15.2 
MEM long_string_1m retain-parse perry 1 15.3 
MEM long_string_1m retain-parse node 1 56.7 
MEM long_string_1m retain-parse bun 1 30.7 
MEM long_string_1m retain-parse baseline 1 15.2 
MEM long_string_1m retain-parse perry 1 15.3 
MEM long_string_1m retain-parse node 1 56.7 
MEM long_string_1m retain-parse bun 1 30.7 
MEM long_string_1m retain-parse baseline 1 15.2 
MEM long_string_1m retain-parse perry 32 15.3 
MEM long_string_1m retain-parse node 32 89.2 
MEM long_string_1m retain-parse bun 32 61.6 
MEM long_string_1m retain-parse baseline 32 15.3 
MEM long_string_1m retain-parse perry 32 15.3 
MEM long_string_1m retain-parse node 32 89.2 
MEM long_string_1m retain-parse bun 32 61.7 
MEM long_string_1m retain-parse baseline 32 15.3 
MEM long_string_1m retain-parse perry 32 15.3 
MEM long_string_1m retain-parse node 32 89.2 
MEM long_string_1m retain-parse bun 32 61.7 
MEM long_string_1m retain-parse baseline 32 15.3 
MEM long_string_1m retain-parse perry 32 15.3 
MEM long_string_1m retain-parse node 32 89.2 
MEM long_string_1m retain-parse bun 32 61.6 
MEM long_string_1m retain-parse baseline 32 15.3 
MEM long_string_1m retain-parse perry 32 15.3 
MEM long_string_1m retain-parse node 32 89.3 
MEM long_string_1m retain-parse bun 32 61.6 
MEM long_string_1m retain-parse baseline 32 15.3 
MEM long_string_1m retain-stringify perry 1 17.7 
MEM long_string_1m retain-stringify node 1 60.7 
MEM long_string_1m retain-stringify bun 1 32.7 
MEM long_string_1m retain-stringify baseline 1 17.6 
MEM long_string_1m retain-stringify perry 1 17.7 
MEM long_string_1m retain-stringify node 1 60.6 
MEM long_string_1m retain-stringify bun 1 32.6 
MEM long_string_1m retain-stringify baseline 1 17.6 
MEM long_string_1m retain-stringify perry 1 17.7 
MEM long_string_1m retain-stringify node 1 60.7 
MEM long_string_1m retain-stringify bun 1 32.6 
MEM long_string_1m retain-stringify baseline 1 17.6 
MEM long_string_1m retain-stringify perry 1 17.7 
MEM long_string_1m retain-stringify node 1 60.7 
MEM long_string_1m retain-stringify bun 1 32.6 
MEM long_string_1m retain-stringify baseline 1 17.6 
MEM long_string_1m retain-stringify perry 1 17.7 
MEM long_string_1m retain-stringify node 1 60.6 
MEM long_string_1m retain-stringify bun 1 32.6 
MEM long_string_1m retain-stringify baseline 1 17.6 
MEM long_string_1m retain-stringify perry 32 51.2 
MEM long_string_1m retain-stringify node 32 92.4 
MEM long_string_1m retain-stringify bun 32 63.7 
MEM long_string_1m retain-stringify baseline 32 51.0 
MEM long_string_1m retain-stringify perry 32 51.2 
MEM long_string_1m retain-stringify node 32 92.4 
MEM long_string_1m retain-stringify bun 32 63.8 
MEM long_string_1m retain-stringify baseline 32 51.0 
MEM long_string_1m retain-stringify perry 32 51.2 
MEM long_string_1m retain-stringify node 32 92.4 
MEM long_string_1m retain-stringify bun 32 63.8 
MEM long_string_1m retain-stringify baseline 32 51.0 
MEM long_string_1m retain-stringify perry 32 51.2 
MEM long_string_1m retain-stringify node 32 92.3 
MEM long_string_1m retain-stringify bun 32 63.7 
MEM long_string_1m retain-stringify baseline 32 51.0 
MEM long_string_1m retain-stringify perry 32 51.2 
MEM long_string_1m retain-stringify node 32 92.4 
MEM long_string_1m retain-stringify bun 32 63.8 
MEM long_string_1m retain-stringify baseline 32 51.1 
MEM unicode_1m retain-parse perry 1 14.6 
MEM unicode_1m retain-parse node 1 57.8 
MEM unicode_1m retain-parse bun 1 31.3 
MEM unicode_1m retain-parse baseline 1 14.6 
MEM unicode_1m retain-parse perry 1 14.6 
MEM unicode_1m retain-parse node 1 57.7 
MEM unicode_1m retain-parse bun 1 31.3 
MEM unicode_1m retain-parse baseline 1 14.6 
MEM unicode_1m retain-parse perry 1 14.6 
MEM unicode_1m retain-parse node 1 57.7 
MEM unicode_1m retain-parse bun 1 31.3 
MEM unicode_1m retain-parse baseline 1 14.6 
MEM unicode_1m retain-parse perry 1 14.6 
MEM unicode_1m retain-parse node 1 57.8 
MEM unicode_1m retain-parse bun 1 31.3 
MEM unicode_1m retain-parse baseline 1 14.6 
MEM unicode_1m retain-parse perry 1 14.6 
MEM unicode_1m retain-parse node 1 57.7 
MEM unicode_1m retain-parse bun 1 31.3 
MEM unicode_1m retain-parse baseline 1 14.6 
MEM unicode_1m retain-parse perry 32 14.7 
MEM unicode_1m retain-parse node 32 86.4 
MEM unicode_1m retain-parse bun 32 59.0 
MEM unicode_1m retain-parse baseline 32 14.6 
MEM unicode_1m retain-parse perry 32 14.6 
MEM unicode_1m retain-parse node 32 86.4 
MEM unicode_1m retain-parse bun 32 59.0 
MEM unicode_1m retain-parse baseline 32 14.6 
MEM unicode_1m retain-parse perry 32 14.6 
MEM unicode_1m retain-parse node 32 86.3 
MEM unicode_1m retain-parse bun 32 59.0 
MEM unicode_1m retain-parse baseline 32 14.6 
MEM unicode_1m retain-parse perry 32 14.7 
MEM unicode_1m retain-parse node 32 86.4 
MEM unicode_1m retain-parse bun 32 59.0 
MEM unicode_1m retain-parse baseline 32 14.6 
MEM unicode_1m retain-parse perry 32 14.7 
MEM unicode_1m retain-parse node 32 86.3 
MEM unicode_1m retain-parse bun 32 59.0 
MEM unicode_1m retain-parse baseline 32 14.6 
MEM unicode_1m retain-stringify perry 1 16.6 
MEM unicode_1m retain-stringify node 1 61.0 
MEM unicode_1m retain-stringify bun 1 34.1 
MEM unicode_1m retain-stringify baseline 1 16.5 
MEM unicode_1m retain-stringify perry 1 16.5 
MEM unicode_1m retain-stringify node 1 60.9 
MEM unicode_1m retain-stringify bun 1 34.1 
MEM unicode_1m retain-stringify baseline 1 16.5 
MEM unicode_1m retain-stringify perry 1 16.6 
MEM unicode_1m retain-stringify node 1 61.0 
MEM unicode_1m retain-stringify bun 1 34.1 
MEM unicode_1m retain-stringify baseline 1 16.5 
MEM unicode_1m retain-stringify perry 1 16.6 
MEM unicode_1m retain-stringify node 1 61.0 
MEM unicode_1m retain-stringify bun 1 34.1 
MEM unicode_1m retain-stringify baseline 1 16.5 
MEM unicode_1m retain-stringify perry 1 16.6 
MEM unicode_1m retain-stringify node 1 60.9 
MEM unicode_1m retain-stringify bun 1 34.1 
MEM unicode_1m retain-stringify baseline 1 16.5 
MEM unicode_1m retain-stringify perry 32 41.9 
MEM unicode_1m retain-stringify node 32 89.2 
MEM unicode_1m retain-stringify bun 32 61.8 
MEM unicode_1m retain-stringify baseline 32 41.9 
MEM unicode_1m retain-stringify perry 32 41.9 
MEM unicode_1m retain-stringify node 32 89.2 
MEM unicode_1m retain-stringify bun 32 62.2 
MEM unicode_1m retain-stringify baseline 32 41.8 
MEM unicode_1m retain-stringify perry 32 41.9 
MEM unicode_1m retain-stringify node 32 89.2 
MEM unicode_1m retain-stringify bun 32 61.8 
MEM unicode_1m retain-stringify baseline 32 41.8 
MEM unicode_1m retain-stringify perry 32 41.9 
MEM unicode_1m retain-stringify node 32 89.2 
MEM unicode_1m retain-stringify bun 32 61.8 
MEM unicode_1m retain-stringify baseline 32 41.9 
MEM unicode_1m retain-stringify perry 32 41.9 
MEM unicode_1m retain-stringify node 32 89.2 
MEM unicode_1m retain-stringify bun 32 61.8 
MEM unicode_1m retain-stringify baseline 32 41.9 
MEM wide_1m retain-parse perry 1 20.6 
MEM wide_1m retain-parse node 1 65.6 
MEM wide_1m retain-parse bun 1 36.3 
MEM wide_1m retain-parse baseline 1 20.6 
MEM wide_1m retain-parse perry 1 20.6 
MEM wide_1m retain-parse node 1 65.6 
MEM wide_1m retain-parse bun 1 36.3 
MEM wide_1m retain-parse baseline 1 20.6 
MEM wide_1m retain-parse perry 1 20.6 
MEM wide_1m retain-parse node 1 65.7 
MEM wide_1m retain-parse bun 1 36.3 
MEM wide_1m retain-parse baseline 1 20.6 
MEM wide_1m retain-parse perry 1 20.6 
MEM wide_1m retain-parse node 1 65.7 
MEM wide_1m retain-parse bun 1 36.3 
MEM wide_1m retain-parse baseline 1 20.6 
MEM wide_1m retain-parse perry 1 20.7 
MEM wide_1m retain-parse node 1 65.8 
MEM wide_1m retain-parse bun 1 36.3 
MEM wide_1m retain-parse baseline 1 20.6 
MEM wide_1m retain-parse perry 16 77.1 
MEM wide_1m retain-parse node 16 112.6 
MEM wide_1m retain-parse bun 16 68.9 
MEM wide_1m retain-parse baseline 16 77.0 
MEM wide_1m retain-parse perry 16 77.1 
MEM wide_1m retain-parse node 16 112.5 
MEM wide_1m retain-parse bun 16 68.9 
MEM wide_1m retain-parse baseline 16 77.0 
MEM wide_1m retain-parse perry 16 77.1 
MEM wide_1m retain-parse node 16 112.5 
MEM wide_1m retain-parse bun 16 68.9 
MEM wide_1m retain-parse baseline 16 77.0 
MEM wide_1m retain-parse perry 16 77.2 
MEM wide_1m retain-parse node 16 112.6 
MEM wide_1m retain-parse bun 16 68.9 
MEM wide_1m retain-parse baseline 16 77.0 
MEM wide_1m retain-parse perry 16 77.2 
MEM wide_1m retain-parse node 16 112.5 
MEM wide_1m retain-parse bun 16 68.9 
MEM wide_1m retain-parse baseline 16 77.0 
MEM wide_1m retain-stringify perry 1 22.8 
MEM wide_1m retain-stringify node 1 68.6 
MEM wide_1m retain-stringify bun 1 39.3 
MEM wide_1m retain-stringify baseline 1 22.8 
MEM wide_1m retain-stringify perry 1 22.8 
MEM wide_1m retain-stringify node 1 68.7 
MEM wide_1m retain-stringify bun 1 39.2 
MEM wide_1m retain-stringify baseline 1 22.8 
MEM wide_1m retain-stringify perry 1 22.8 
MEM wide_1m retain-stringify node 1 68.7 
MEM wide_1m retain-stringify bun 1 39.3 
MEM wide_1m retain-stringify baseline 1 22.8 
MEM wide_1m retain-stringify perry 1 22.8 
MEM wide_1m retain-stringify node 1 68.7 
MEM wide_1m retain-stringify bun 1 39.3 
MEM wide_1m retain-stringify baseline 1 22.8 
MEM wide_1m retain-stringify perry 1 22.8 
MEM wide_1m retain-stringify node 1 68.6 
MEM wide_1m retain-stringify bun 1 39.3 
MEM wide_1m retain-stringify baseline 1 22.8 
MEM wide_1m retain-stringify perry 16 36.0 
MEM wide_1m retain-stringify node 16 86.4 
MEM wide_1m retain-stringify bun 16 53.5 
MEM wide_1m retain-stringify baseline 16 36.0 
MEM wide_1m retain-stringify perry 16 36.0 
MEM wide_1m retain-stringify node 16 86.5 
MEM wide_1m retain-stringify bun 16 53.5 
MEM wide_1m retain-stringify baseline 16 36.0 
MEM wide_1m retain-stringify perry 16 36.0 
MEM wide_1m retain-stringify node 16 86.5 
MEM wide_1m retain-stringify bun 16 53.5 
MEM wide_1m retain-stringify baseline 16 36.0 
MEM wide_1m retain-stringify perry 16 36.0 
MEM wide_1m retain-stringify node 16 86.5 
MEM wide_1m retain-stringify bun 16 53.5 
MEM wide_1m retain-stringify baseline 16 36.0 
MEM wide_1m retain-stringify perry 16 36.0 
MEM wide_1m retain-stringify node 16 86.5 
MEM wide_1m retain-stringify bun 16 53.5 
MEM wide_1m retain-stringify baseline 16 36.0 
