copy41 test_gap_json_scanning_boundaries True
copy41 test_issue_9184_json_parse_strict True
copy41 test_json True
copy41 test_json_sso_strings True
copy41 test_gap_json_advanced True
copy41 test_gap_json_stringify_replacer_tojson True
copy41 test_gap_json_prototype_tojson True
copy41 test_gap_json_replacer_sparse_hole True
copy41 test_gap_json_array_element_overflow_fields True
copy41 test_issue_9398_json_pretty_tombstoned_key True
copy41 test_json_typed_basic True
copy41 test_json_typed_array True
copy41 test_json_typed_nested True
copy41 test_json_typed_mismatch True
copy41 test_json_lazy_edge_cases True
copy41 test_json_lazy_predicates True
copy41 test_json_lazy_iteration True
copy41 test_json_lazy_indexed True
copy41 test_json_lazy_reviver True
copy41 test_json_lazy_per_element True
copy41 test_gap_json_flat_scalar_depth True
copy41 test_gap_json_number_formatting True
copy41 test_gap_json_wide_cache_lifetime True
copy41 test_gap_json_unicode_lengths True
copy41 test_gap_json_small_results True
copy41 test_gap_json_primitive_arrays True
copy41 test_gap_json_direct_strings True
copy41 test_gap_json_direct_objects True
copy41 test_gap_json_tape_scanning True
copy41 test_gap_json_parse_scalars True
copy41 test_gap_json_data_records True
copy41 test_gap_json_empty_object True
copy41 test_gap_json_primitive_object True
copy41 test_gap_json_parse_entry True
copy41 test_gap_json_record_output True
copy41 test_gap_json_owned_tape True
copy41 test_gap_json_parse_empty True
copy41 test_gap_json_escaped_output True
copy41 test_gap_json_parse_inline_object True
copy41 test_gap_json_short_array_storage True
FINISHED copy41 40 matched 40
