test_gap_json_scanning_boundaries 17 True True {'scheduled_collections': 9, 'copying_minors': 9, 'moved_objects': 19278, 'loop_polls': 2331144}
test_gap_json_scanning_boundaries 9013 True True {'scheduled_collections': 11, 'copying_minors': 11, 'moved_objects': 19101, 'loop_polls': 2331144}
test_gap_json_wide_cache_lifetime 17 True True {'scheduled_collections': 13, 'copying_minors': 13, 'moved_objects': 19880, 'loop_polls': 5045}
test_gap_json_wide_cache_lifetime 9013 True True {'scheduled_collections': 17, 'copying_minors': 17, 'moved_objects': 26542, 'loop_polls': 5045}
test_gap_json_unicode_lengths 17 True True {'scheduled_collections': 5, 'copying_minors': 5, 'moved_objects': 19124, 'loop_polls': 71976}
test_gap_json_unicode_lengths 9013 True True {'scheduled_collections': 3, 'copying_minors': 3, 'moved_objects': 12800, 'loop_polls': 71976}
test_gap_json_small_results 17 True True {'scheduled_collections': 9, 'copying_minors': 9, 'moved_objects': 20234, 'loop_polls': 28800}
test_gap_json_small_results 9013 True True {'scheduled_collections': 10, 'copying_minors': 10, 'moved_objects': 20446, 'loop_polls': 28800}
test_gap_json_primitive_arrays 17 True True {'scheduled_collections': 9, 'copying_minors': 9, 'moved_objects': 19924, 'loop_polls': 553460}
test_gap_json_primitive_arrays 9013 True True {'scheduled_collections': 11, 'copying_minors': 11, 'moved_objects': 13830, 'loop_polls': 553460}
test_gap_json_direct_strings 17 True True {'scheduled_collections': 36, 'copying_minors': 36, 'moved_objects': 5304, 'loop_polls': 2927753}
test_gap_json_direct_strings 9013 True True {'scheduled_collections': 44, 'copying_minors': 44, 'moved_objects': 5800, 'loop_polls': 2927753}
test_gap_json_direct_objects 17 True True {'scheduled_collections': 17, 'copying_minors': 17, 'moved_objects': 22096, 'loop_polls': 1324521}
test_gap_json_direct_objects 9013 True True {'scheduled_collections': 27, 'copying_minors': 27, 'moved_objects': 15565, 'loop_polls': 1324521}
test_gap_json_tape_scanning 17 True True {'scheduled_collections': 111, 'copying_minors': 111, 'moved_objects': 38074, 'loop_polls': 53796}
test_gap_json_tape_scanning 9013 True True {'scheduled_collections': 113, 'copying_minors': 113, 'moved_objects': 31201, 'loop_polls': 53796}
test_gap_json_parse_scalars 17 True True {'scheduled_collections': 11, 'copying_minors': 11, 'moved_objects': 17342, 'loop_polls': 33309}
test_gap_json_parse_scalars 9013 True True {'scheduled_collections': 14, 'copying_minors': 14, 'moved_objects': 17903, 'loop_polls': 33309}
test_gap_json_data_records 17 True True {'scheduled_collections': 1, 'copying_minors': 1, 'moved_objects': 6537, 'loop_polls': 48}
test_gap_json_data_records 9013 True True {'scheduled_collections': 1, 'copying_minors': 1, 'moved_objects': 6483, 'loop_polls': 48}
test_gap_json_empty_object 17 True True {'scheduled_collections': 2, 'copying_minors': 2, 'moved_objects': 14167, 'loop_polls': 6145}
test_gap_json_empty_object 9013 True True {'scheduled_collections': 2, 'copying_minors': 2, 'moved_objects': 14625, 'loop_polls': 6145}
test_gap_json_primitive_object 17 True True {'scheduled_collections': 6, 'copying_minors': 6, 'moved_objects': 12754, 'loop_polls': 832}
test_gap_json_primitive_object 9013 True True {'scheduled_collections': 3, 'copying_minors': 3, 'moved_objects': 12749, 'loop_polls': 832}
test_gap_json_parse_entry 17 True True {'scheduled_collections': 66, 'copying_minors': 66, 'moved_objects': 20669, 'loop_polls': 76069}
test_gap_json_parse_entry 9013 True True {'scheduled_collections': 77, 'copying_minors': 77, 'moved_objects': 20685, 'loop_polls': 76069}
test_gap_json_record_output 17 True True {'scheduled_collections': 7, 'copying_minors': 7, 'moved_objects': 20690, 'loop_polls': 237448}
test_gap_json_record_output 9013 True True {'scheduled_collections': 4, 'copying_minors': 4, 'moved_objects': 20410, 'loop_polls': 237448}
test_gap_json_owned_tape 17 True True {'scheduled_collections': 1, 'copying_minors': 1, 'moved_objects': 6491, 'loop_polls': 3200081}
test_gap_json_owned_tape 9013 True True {'scheduled_collections': 1, 'copying_minors': 1, 'moved_objects': 28, 'loop_polls': 3200081}
test_gap_json_parse_empty 17 True True {'scheduled_collections': 434, 'copying_minors': 434, 'moved_objects': 139250, 'loop_polls': 1678374}
test_gap_json_parse_empty 9013 True True {'scheduled_collections': 400, 'copying_minors': 400, 'moved_objects': 168287, 'loop_polls': 1678374}
test_gap_json_escaped_output 17 True True {'scheduled_collections': 13, 'copying_minors': 13, 'moved_objects': 22167, 'loop_polls': 7204300}
test_gap_json_escaped_output 9013 True True {'scheduled_collections': 21, 'copying_minors': 21, 'moved_objects': 23696, 'loop_polls': 7204300}
test_gap_json_parse_inline_object 17 True True {'scheduled_collections': 130, 'copying_minors': 181, 'moved_objects': 75643, 'loop_polls': 50323}
test_gap_json_parse_inline_object 9013 True True {'scheduled_collections': 140, 'copying_minors': 294, 'moved_objects': 76072, 'loop_polls': 50323}
test_gap_json_short_array_storage 17 True True {'scheduled_collections': 79, 'copying_minors': 79, 'moved_objects': 197829, 'loop_polls': 277338}
test_gap_json_short_array_storage 9013 True True {'scheduled_collections': 90, 'copying_minors': 90, 'moved_objects': 216849, 'loop_polls': 277338}
