piece-ref test_gap_json_scanning_boundaries True
piece-ref test_issue_9184_json_parse_strict True
piece-ref test_json True
piece-ref test_json_sso_strings True
piece-ref test_gap_json_advanced True
piece-ref test_gap_json_stringify_replacer_tojson True
piece-ref test_gap_json_prototype_tojson True
piece-ref test_gap_json_replacer_sparse_hole True
piece-ref test_gap_json_array_element_overflow_fields True
piece-ref test_issue_9398_json_pretty_tombstoned_key True
piece-ref test_json_typed_basic True
piece-ref test_json_typed_array True
piece-ref test_json_typed_nested True
piece-ref test_json_typed_mismatch True
piece-ref test_json_lazy_edge_cases True
piece-ref test_json_lazy_predicates True
piece-ref test_json_lazy_iteration True
piece-ref test_json_lazy_indexed True
piece-ref test_json_lazy_reviver True
piece-ref test_json_lazy_per_element True
piece-ref test_gap_json_flat_scalar_depth True
piece-ref test_gap_json_number_formatting True
piece-ref test_gap_json_wide_cache_lifetime True
piece-ref test_gap_json_unicode_lengths True
piece-ref test_gap_json_small_results True
piece-ref test_gap_json_primitive_arrays True
piece-ref test_gap_json_direct_strings True
piece-ref test_gap_json_direct_objects True
piece-ref test_gap_json_tape_scanning True
piece-ref test_gap_json_parse_scalars True
piece-ref test_gap_json_data_records True
piece-ref test_gap_json_empty_object True
piece-ref test_gap_json_primitive_object True
piece-ref test_gap_json_parse_entry True
piece-ref test_gap_json_record_output True
piece-ref test_gap_json_owned_tape True
piece-ref test_gap_json_parse_empty True
FINISHED piece-ref 37 matched 37
