CHECKED count null parse 2000000
CHECKED count null stringify 2000000
CHECKED count string_a parse 2000000
CHECKED count string_a stringify 2000000
CHECKED count empty_object parse 2000000
CHECKED count empty_object stringify 2000000
CHECKED count tiny_object parse 2000000
CHECKED count tiny_object stringify 2000000
CHECKED count small_record parse 579197
CHECKED count small_record stringify 1289396
CHECKED count object_1k parse 555298
CHECKED count object_1k stringify 640057
CHECKED count records_array_16k parse 6766
CHECKED count records_array_16k stringify 9587
CHECKED count records_array_1m parse 97
CHECKED count records_array_1m stringify 176
CHECKED count records_object_1m parse 71
CHECKED count records_object_1m stringify 177
CHECKED count records_array_8m parse 10
CHECKED count records_array_8m stringify 20
CHECKED count records_object_8m parse 7
CHECKED count records_object_8m stringify 20
CHECKED count records_array_20m parse 3
CHECKED count records_array_20m stringify 8
CHECKED count records_object_20m parse 3
CHECKED count records_object_20m stringify 8
CHECKED count numbers_1m parse 92
CHECKED count numbers_1m stringify 96
CHECKED count long_string_1m parse 1298
CHECKED count long_string_1m stringify 1126
CHECKED count escaped_1m parse 83
CHECKED count escaped_1m stringify 169
CHECKED count unicode_1m parse 1476
CHECKED count unicode_1m stringify 1349
CHECKED count wide_1m parse 36
CHECKED count wide_1m stringify 213
CHECKED count heterogeneous_1m parse 83
CHECKED count heterogeneous_1m stringify 166
CHECKED empty empty_object parse 2000000
CHECKED empty tiny_object parse 2000000
CHECKED empty small_record parse 579197
CHECKED empty object_1k parse 555298
CHECKED empty tiny_object stringify 2000000
CHECKED empty small_record stringify 1289396
CHECKED entry records_array_1m parse 97
CHECKED entry records_array_8m parse 10
CHECKED entry heterogeneous_1m parse 83
CHECKED tape escaped_1m stringify 169
CHECKED tape wide_1m stringify 213
CHECKED tape numbers_1m parse 92
Retained empty-object checks complete 24
