[gc-globalthis-bootstrap] elapsed_us=3024 per_object_slot_masks=1 per_object_typed_layouts=0
[gc-trigger] site=alloc_point kind=OldReclaim arena_total=37748736 next_base=134217728 armed=false from_space=494568 nursery_cap=17765976 old_in_use=35531952 old_free=0 old_reclaimable=35531952 external_side=0 old_baseline=0 old_band=33554432 old_threshold=50331648 old_pending=false retaining=false malloc=0 next_malloc=100000
[gc-scan-fallback] site=old_reclaim_alloc_point automatic=true count=1
[gc-full] site=alloc_point_old_reclaim trigger=OldGenBytes count_at_site=1 old_reclaimable=35531952 old_baseline=0
[gc-proxy-registry] live=0 tombstones=0 slots=0 reclaimed=0 reclaimed_total=0
[gc] blocks: general=1 (1 live), non_general=5 (3 live, survivors+longlived+old), freed_bytes=40120 retained_forwarded_stub_bytes=1984 retained_forwarded_stub_objects=8
[gc-old-free] reusable_bytes=0
[gc-general-reclaim] examined=1 released=0 rejected: no_snapshot=0 snapshot_moved=0 keep_window=1 has_live=0 in_use=0 aging=0
[gc-restore-coverage] budgeted_cycle dirty_pages=0 objects_walked=0 objects_skipped=0 pages_added=0
[gc-young-log] budgeted_full table=object.descriptors mode=full passes=1 logged=1833 visited=1833 kept=1800 table_len=1833 skipped=0
[gc-young-log] budgeted_full table=shapes.families+indices mode=full passes=1 logged=1373 visited=1373 kept=1207 table_len=1373 skipped=0
[gc-young-log] budgeted_full table=object.transition_cache mode=full passes=1 logged=16384 visited=16384 kept=1234 table_len=16384 skipped=0
[gc-young-log] budgeted_full table=box.roots mode=full passes=1 logged=0 visited=0 kept=0 table_len=0 skipped=0
[gc-young-log] budgeted_full table=closure.dynamic_props mode=full passes=1 logged=1670 visited=1670 kept=1670 table_len=1670 skipped=0
[gc-young-log] budgeted_full table=object.builtin_closure_metadata mode=full passes=1 logged=1547 visited=1547 kept=1547 table_len=2843 skipped=1296
[gc-young-log] budgeted_full table=gc.layout_tables mode=full passes=1 logged=1 visited=1 kept=1 table_len=1 skipped=0
[gc-trigger] site=alloc_point kind=OldReclaim arena_total=55574528 next_base=134217728 armed=false from_space=494696 nursery_cap=26648964 old_in_use=53297928 old_free=0 old_reclaimable=53297928 external_side=0 old_baseline=35531952 old_band=33554432 old_threshold=50331648 old_pending=false retaining=false malloc=0 next_malloc=100000
[gc-scan-fallback] site=old_reclaim_alloc_point automatic=true count=2
[gc-full] site=alloc_point_old_reclaim trigger=OldGenBytes count_at_site=2 old_reclaimable=53297928 old_baseline=35531952
[gc-proxy-registry] live=0 tombstones=0 slots=0 reclaimed=0 reclaimed_total=0
[gc] blocks: general=1 (1 live), non_general=6 (4 live, survivors+longlived+old), freed_bytes=62592 retained_forwarded_stub_bytes=1984 retained_forwarded_stub_objects=8
[gc-old-free] reusable_bytes=0
[gc-general-reclaim] examined=1 released=0 rejected: no_snapshot=0 snapshot_moved=0 keep_window=1 has_live=0 in_use=0 aging=0
[gc-restore-coverage] budgeted_cycle dirty_pages=0 objects_walked=0 objects_skipped=0 pages_added=0
[gc-young-log] budgeted_full table=object.descriptors mode=full passes=1 logged=1612 visited=1612 kept=1579 table_len=1612 skipped=0
[gc-young-log] budgeted_full table=shapes.families+indices mode=full passes=1 logged=1320 visited=1320 kept=1161 table_len=1320 skipped=0
[gc-young-log] budgeted_full table=object.transition_cache mode=full passes=1 logged=16384 visited=16384 kept=83 table_len=16384 skipped=0
[gc-young-log] budgeted_full table=box.roots mode=full passes=1 logged=0 visited=0 kept=0 table_len=0 skipped=0
[gc-young-log] budgeted_full table=closure.dynamic_props mode=full passes=1 logged=1449 visited=1449 kept=1449 table_len=1449 skipped=0
[gc-young-log] budgeted_full table=object.builtin_closure_metadata mode=full passes=1 logged=1326 visited=1326 kept=1326 table_len=2429 skipped=1103
[gc-young-log] budgeted_full table=gc.layout_tables mode=full passes=1 logged=1 visited=1 kept=1 table_len=1 skipped=0
[gc-trigger] site=alloc_point kind=OldReclaim arena_total=91226112 next_base=134217728 armed=false from_space=494952 nursery_cap=44414940 old_in_use=88829880 old_free=0 old_reclaimable=88829880 external_side=0 old_baseline=53297928 old_band=33554432 old_threshold=50331648 old_pending=false retaining=false malloc=0 next_malloc=100000
[gc-scan-fallback] site=old_reclaim_alloc_point automatic=true count=3
[gc-full] site=alloc_point_old_reclaim trigger=OldGenBytes count_at_site=3 old_reclaimable=88829880 old_baseline=53297928
[gc-proxy-registry] live=0 tombstones=0 slots=0 reclaimed=0 reclaimed_total=0
[gc] blocks: general=1 (1 live), non_general=8 (6 live, survivors+longlived+old), freed_bytes=241384 retained_forwarded_stub_bytes=1984 retained_forwarded_stub_objects=8
[gc-old-free] reusable_bytes=0
[gc-general-reclaim] examined=1 released=0 rejected: no_snapshot=0 snapshot_moved=0 keep_window=1 has_live=0 in_use=0 aging=0
[gc-restore-coverage] budgeted_cycle dirty_pages=0 objects_walked=0 objects_skipped=0 pages_added=0
[gc-young-log] budgeted_full table=object.descriptors mode=full passes=1 logged=1612 visited=1612 kept=1579 table_len=1612 skipped=0
[gc-young-log] budgeted_full table=shapes.families+indices mode=full passes=1 logged=370 visited=370 kept=329 table_len=370 skipped=0
[gc-young-log] budgeted_full table=object.transition_cache mode=full passes=1 logged=16384 visited=16384 kept=79 table_len=16384 skipped=0
[gc-young-log] budgeted_full table=box.roots mode=full passes=1 logged=0 visited=0 kept=0 table_len=0 skipped=0
[gc-young-log] budgeted_full table=closure.dynamic_props mode=full passes=1 logged=1449 visited=1449 kept=1449 table_len=1449 skipped=0
[gc-young-log] budgeted_full table=object.builtin_closure_metadata mode=full passes=1 logged=1326 visited=1326 kept=1326 table_len=2429 skipped=1103
[gc-young-log] budgeted_full table=gc.layout_tables mode=full passes=1 logged=1 visited=1 kept=1 table_len=1 skipped=0
[gc-trigger] site=alloc_point kind=OldReclaim arena_total=144703488 next_base=134217728 armed=false from_space=496584 nursery_cap=71063904 old_in_use=142127808 old_free=0 old_reclaimable=142127808 external_side=0 old_baseline=88829880 old_band=44414940 old_threshold=50331648 old_pending=false retaining=false malloc=0 next_malloc=100000
[gc-scan-fallback] site=old_reclaim_alloc_point automatic=true count=4
[gc-full] site=alloc_point_old_reclaim trigger=OldGenBytes count_at_site=4 old_reclaimable=142127808 old_baseline=88829880
[gc-proxy-registry] live=0 tombstones=0 slots=0 reclaimed=0 reclaimed_total=0
[gc] blocks: general=1 (1 live), non_general=11 (9 live, survivors+longlived+old), freed_bytes=242472 retained_forwarded_stub_bytes=1984 retained_forwarded_stub_objects=8
[gc-old-free] reusable_bytes=0
[gc-general-reclaim] examined=1 released=0 rejected: no_snapshot=0 snapshot_moved=0 keep_window=1 has_live=0 in_use=0 aging=0
[gc-restore-coverage] budgeted_cycle dirty_pages=0 objects_walked=0 objects_skipped=0 pages_added=0
[gc-young-log] budgeted_full table=object.descriptors mode=full passes=1 logged=1612 visited=1612 kept=1579 table_len=1612 skipped=0
[gc-young-log] budgeted_full table=shapes.families+indices mode=full passes=1 logged=255 visited=255 kept=214 table_len=255 skipped=0
[gc-young-log] budgeted_full table=object.transition_cache mode=full passes=1 logged=16384 visited=16384 kept=82 table_len=16384 skipped=0
[gc-young-log] budgeted_full table=box.roots mode=full passes=1 logged=0 visited=0 kept=0 table_len=0 skipped=0
[gc-young-log] budgeted_full table=closure.dynamic_props mode=full passes=1 logged=1449 visited=1449 kept=1449 table_len=1449 skipped=0
[gc-young-log] budgeted_full table=object.builtin_closure_metadata mode=full passes=1 logged=1326 visited=1326 kept=1326 table_len=2429 skipped=1103
[gc-young-log] budgeted_full table=gc.layout_tables mode=full passes=1 logged=2 visited=2 kept=2 table_len=2 skipped=0
[gc-tenuring] nursery cap object denomination: allocation census seeded mean_object_bytes 72 -> 50 (587374 objects / 29488968 B in from-space; scale 694 permille, band 11643387 B)
[gc-trigger] site=safepoint kind=ArenaBytes arena_total=283115520 next_base=314572800 armed=true from_space=116465088 nursery_cap=79190528 old_in_use=158381056 old_free=0 old_reclaimable=158381056 external_side=0 old_baseline=142127808 old_band=71063904 old_threshold=50331648 old_pending=false retaining=false malloc=0 next_malloc=100000
[gc-full] site=sync trigger=ArenaBytes count_at_site=1 old_reclaimable=158381056 old_baseline=142127808
[gc-proxy-registry] live=0 tombstones=0 slots=0 reclaimed=0 reclaimed_total=0
[gc] blocks: general=112 (33 live), non_general=20 (10 live, survivors+longlived+old), freed_bytes=101377424 retained_forwarded_stub_bytes=0 retained_forwarded_stub_objects=0
[gc-old-free] reusable_bytes=0
[gc-general-reclaim] examined=112 released=0 rejected: no_snapshot=0 snapshot_moved=0 keep_window=5 has_live=28 in_use=0 aging=79
[gc-tenuring] sweep-seed eden_live_bytes=29243744 eden_dead_bytes=87219360 live_pct=25 desired=4507030 seeds=false already_locked=false
[gc-restore-coverage] budgeted_cycle dirty_pages=3064 objects_walked=1 objects_skipped=0 pages_added=0
[gc-young-log] budgeted_full table=object.descriptors mode=full passes=1 logged=1612 visited=1612 kept=1579 table_len=1612 skipped=0
[gc-young-log] budgeted_full table=shapes.families+indices mode=full passes=1 logged=253 visited=253 kept=212 table_len=253 skipped=0
[gc-young-log] budgeted_full table=object.transition_cache mode=full passes=1 logged=16384 visited=16384 kept=76 table_len=16384 skipped=0
[gc-young-log] budgeted_full table=box.roots mode=full passes=1 logged=0 visited=0 kept=0 table_len=0 skipped=0
[gc-young-log] budgeted_full table=closure.dynamic_props mode=full passes=1 logged=1449 visited=1449 kept=1449 table_len=1449 skipped=0
[gc-young-log] budgeted_full table=object.builtin_closure_metadata mode=full passes=1 logged=1326 visited=1326 kept=1326 table_len=2429 skipped=1103
[gc-young-log] budgeted_full table=gc.layout_tables mode=full passes=1 logged=2 visited=2 kept=2 table_len=2 skipped=0
[gc-step] pre_in_use=274846712 post_in_use=177853888 sweep_freed=101377424 block_reclaim=96992824 pct=36% step=134217728→67108864
[gc-arena-rebaseline] arm=arena next_trigger=281018368 total=264241152 headroom=16777216 pct=36% step=134217728→67108864
[gc-safepoint-drain] kind=nursery_minor count=1
[gc-trigger] site=safepoint kind=ArenaBytes arena_total=284164096 next_base=336592896 armed=true from_space=120604464 nursery_cap=78207456 old_in_use=156414912 old_free=0 old_reclaimable=156414912 external_side=0 old_baseline=144224976 old_band=72112488 old_threshold=50331648 old_pending=false retaining=false malloc=0 next_malloc=100000
[gc-full] site=sync trigger=ArenaBytes count_at_site=2 old_reclaimable=156414912 old_baseline=144224976
[gc-proxy-registry] live=0 tombstones=0 slots=0 reclaimed=0 reclaimed_total=0
[gc] blocks: general=116 (32 live), non_general=20 (10 live, survivors+longlived+old), freed_bytes=103551600 retained_forwarded_stub_bytes=0 retained_forwarded_stub_objects=0
[gc-old-free] reusable_bytes=0
[gc-general-reclaim] examined=116 released=54 rejected: no_snapshot=0 snapshot_moved=0 keep_window=5 has_live=28 in_use=0 aging=29
[gc-tenuring] sweep-seed eden_live_bytes=29242800 eden_dead_bytes=91361664 live_pct=24 desired=4507030 seeds=false already_locked=false
[gc-restore-coverage] budgeted_cycle dirty_pages=2582 objects_walked=1 objects_skipped=0 pages_added=0
[gc-young-log] budgeted_full table=object.descriptors mode=full passes=1 logged=1612 visited=1612 kept=1579 table_len=1612 skipped=0
[gc-young-log] budgeted_full table=shapes.families+indices mode=full passes=1 logged=247 visited=247 kept=206 table_len=247 skipped=0
[gc-young-log] budgeted_full table=object.transition_cache mode=full passes=1 logged=16384 visited=16384 kept=70 table_len=16384 skipped=0
[gc-young-log] budgeted_full table=box.roots mode=full passes=1 logged=0 visited=0 kept=0 table_len=0 skipped=0
[gc-young-log] budgeted_full table=closure.dynamic_props mode=full passes=1 logged=1449 visited=1449 kept=1449 table_len=1449 skipped=0
[gc-young-log] budgeted_full table=object.builtin_closure_metadata mode=full passes=1 logged=1326 visited=1326 kept=1326 table_len=2429 skipped=1103
[gc-young-log] budgeted_full table=gc.layout_tables mode=full passes=1 logged=2 visited=2 kept=2 table_len=2 skipped=0
[gc-step] pre_in_use=277019944 post_in_use=177799016 sweep_freed=103551600 block_reclaim=99220928 pct=37% step=67108864→33554432
[gc-arena-rebaseline] arm=arena next_trigger=228589568 total=211812352 headroom=16777216 pct=37% step=67108864→33554432
[gc-safepoint-drain] kind=nursery_minor count=2
[gc-trigger] site=safepoint kind=ArenaBytes arena_total=283115520 next_base=250609664 armed=true from_space=120549592 nursery_cap=78207456 old_in_use=156414912 old_free=0 old_reclaimable=156414912 external_side=0 old_baseline=144224976 old_band=72112488 old_threshold=50331648 old_pending=false retaining=false malloc=0 next_malloc=100000
[gc-full] site=sync trigger=ArenaBytes count_at_site=3 old_reclaimable=156414912 old_baseline=144224976
[gc-proxy-registry] live=0 tombstones=0 slots=0 reclaimed=0 reclaimed_total=0
[gc] blocks: general=116 (33 live), non_general=20 (10 live, survivors+longlived+old), freed_bytes=103497536 retained_forwarded_stub_bytes=0 retained_forwarded_stub_objects=0
[gc-old-free] reusable_bytes=0
[gc-general-reclaim] examined=116 released=29 rejected: no_snapshot=1 snapshot_moved=0 keep_window=5 has_live=28 in_use=0 aging=53
[gc-tenuring] sweep-seed eden_live_bytes=29241992 eden_dead_bytes=91307600 live_pct=24 desired=4507030 seeds=false already_locked=false
[gc-restore-coverage] budgeted_cycle dirty_pages=2582 objects_walked=1 objects_skipped=0 pages_added=0
[gc-young-log] budgeted_full table=object.descriptors mode=full passes=1 logged=1612 visited=1612 kept=1579 table_len=1612 skipped=0
[gc-young-log] budgeted_full table=shapes.families+indices mode=full passes=1 logged=242 visited=242 kept=201 table_len=242 skipped=0
[gc-young-log] budgeted_full table=object.transition_cache mode=full passes=1 logged=16384 visited=16384 kept=65 table_len=16384 skipped=0
[gc-young-log] budgeted_full table=box.roots mode=full passes=1 logged=0 visited=0 kept=0 table_len=0 skipped=0
[gc-young-log] budgeted_full table=closure.dynamic_props mode=full passes=1 logged=1449 visited=1449 kept=1449 table_len=1449 skipped=0
[gc-young-log] budgeted_full table=object.builtin_closure_metadata mode=full passes=1 logged=1326 visited=1326 kept=1326 table_len=2429 skipped=1103
[gc-young-log] budgeted_full table=gc.layout_tables mode=full passes=1 logged=2 visited=2 kept=2 table_len=2 skipped=0
[gc-step] pre_in_use=276965072 post_in_use=178792688 sweep_freed=103497536 block_reclaim=98172384 pct=37% step=33554432→16777216
[gc-arena-rebaseline] arm=arena next_trigger=253755392 total=236978176 headroom=16777216 pct=37% step=33554432→16777216
[gc-safepoint-drain] kind=nursery_minor count=3
[gc-trigger] site=safepoint kind=ArenaBytes arena_total=284164096 next_base=258998272 armed=true from_space=121543264 nursery_cap=78207456 old_in_use=156414912 old_free=0 old_reclaimable=156414912 external_side=0 old_baseline=144224976 old_band=72112488 old_threshold=50331648 old_pending=false retaining=false malloc=0 next_malloc=100000
[gc-full] site=sync trigger=ArenaBytes count_at_site=4 old_reclaimable=156414912 old_baseline=144224976
[gc-proxy-registry] live=0 tombstones=0 slots=0 reclaimed=0 reclaimed_total=0
[gc] blocks: general=116 (31 live), non_general=20 (10 live, survivors+longlived+old), freed_bytes=104491880 retained_forwarded_stub_bytes=0 retained_forwarded_stub_objects=0
[gc-old-free] reusable_bytes=0
[gc-general-reclaim] examined=116 released=53 rejected: no_snapshot=0 snapshot_moved=0 keep_window=5 has_live=26 in_use=0 aging=32
[gc-tenuring] sweep-seed eden_live_bytes=29241320 eden_dead_bytes=92301944 live_pct=24 desired=4507030 seeds=false already_locked=false
[gc-restore-coverage] budgeted_cycle dirty_pages=2582 objects_walked=1 objects_skipped=0 pages_added=0
[gc-young-log] budgeted_full table=object.descriptors mode=full passes=1 logged=1612 visited=1612 kept=1579 table_len=1612 skipped=0
[gc-young-log] budgeted_full table=shapes.families+indices mode=full passes=1 logged=238 visited=238 kept=197 table_len=238 skipped=0
[gc-young-log] budgeted_full table=object.transition_cache mode=full passes=1 logged=16384 visited=16384 kept=61 table_len=16384 skipped=0
[gc-young-log] budgeted_full table=box.roots mode=full passes=1 logged=0 visited=0 kept=0 table_len=0 skipped=0
[gc-young-log] budgeted_full table=closure.dynamic_props mode=full passes=1 logged=1449 visited=1449 kept=1449 table_len=1449 skipped=0
[gc-young-log] budgeted_full table=object.builtin_closure_metadata mode=full passes=1 logged=1326 visited=1326 kept=1326 table_len=2429 skipped=1103
[gc-young-log] budgeted_full table=gc.layout_tables mode=full passes=1 logged=2 visited=2 kept=2 table_len=2 skipped=0
[gc-step] pre_in_use=277958744 post_in_use=176640616 sweep_freed=104491880 block_reclaim=101318128 pct=37% step=16777216→16777216
[gc-arena-rebaseline] arm=arena next_trigger=229638144 total=212860928 headroom=16777216 pct=37% step=16777216→16777216
[gc-safepoint-drain] kind=nursery_minor count=4
[gc-trigger] site=safepoint kind=ArenaBytes arena_total=282066944 next_base=234881024 armed=true from_space=119391192 nursery_cap=78207456 old_in_use=156414912 old_free=0 old_reclaimable=156414912 external_side=0 old_baseline=144224976 old_band=72112488 old_threshold=50331648 old_pending=false retaining=false malloc=0 next_malloc=100000
[gc-full] site=sync trigger=ArenaBytes count_at_site=5 old_reclaimable=156414912 old_baseline=144224976
[gc-proxy-registry] live=0 tombstones=0 slots=0 reclaimed=0 reclaimed_total=0
[gc] blocks: general=116 (32 live), non_general=20 (10 live, survivors+longlived+old), freed_bytes=102340488 retained_forwarded_stub_bytes=0 retained_forwarded_stub_objects=0
[gc-old-free] reusable_bytes=0
[gc-general-reclaim] examined=116 released=32 rejected: no_snapshot=2 snapshot_moved=0 keep_window=5 has_live=29 in_use=0 aging=48
[gc-tenuring] sweep-seed eden_live_bytes=29240640 eden_dead_bytes=90150552 live_pct=24 desired=4507030 seeds=false already_locked=false
[gc-restore-coverage] budgeted_cycle dirty_pages=2582 objects_walked=1 objects_skipped=0 pages_added=0
[gc-young-log] budgeted_full table=object.descriptors mode=full passes=1 logged=1612 visited=1612 kept=1579 table_len=1612 skipped=0
[gc-young-log] budgeted_full table=shapes.families+indices mode=full passes=1 logged=234 visited=234 kept=193 table_len=234 skipped=0
[gc-young-log] budgeted_full table=object.transition_cache mode=full passes=1 logged=16384 visited=16384 kept=57 table_len=16384 skipped=0
[gc-young-log] budgeted_full table=box.roots mode=full passes=1 logged=0 visited=0 kept=0 table_len=0 skipped=0
[gc-young-log] budgeted_full table=closure.dynamic_props mode=full passes=1 logged=1449 visited=1449 kept=1449 table_len=1449 skipped=0
[gc-young-log] budgeted_full table=object.builtin_closure_metadata mode=full passes=1 logged=1326 visited=1326 kept=1326 table_len=2429 skipped=1103
[gc-young-log] budgeted_full table=gc.layout_tables mode=full passes=1 logged=2 visited=2 kept=2 table_len=2 skipped=0
[gc-step] pre_in_use=275806672 post_in_use=179731376 sweep_freed=102340488 block_reclaim=96075296 pct=37% step=16777216→16777216
[gc-arena-rebaseline] arm=arena next_trigger=249561088 total=232783872 headroom=16777216 pct=37% step=16777216→16777216
[gc-safepoint-drain] kind=nursery_minor count=5
[box-stats] allocs=0 pool_reuses=0 releases=0 resident_cells=0 registry_len=0 i32_registry_len=0 bool_registry_len=0 flushes=6 published=0
[gc-charge] exit: sites=2 calls=4 total_us=10077
[gc-charge]   us=7320 calls=3 units=0 fulls=3 minors=0 site=_RNvNtNtCs9k3JaD5zP7m_13perry_runtime2gc6policy16gc_check_trigger+0x6c8 < _RNvNtNtCs9k3JaD5zP7m_13perry_runtime5arena5block16arena_cell_alloc+0xfc < _RNvNtNtCs9k3JaD5zP7m_13perry_runtime5arena10allocators18arena_alloc_gc_+0x254 < _RNvNtCs9k3JaD5zP7m_13perry_runtime6string20string_storage_alloc+0x48 < js_string_from_bytes_with_capacity+0x30
[gc-charge]   us=2757 calls=1 units=0 fulls=1 minors=0 site=_RNvNtNtCs9k3JaD5zP7m_13perry_runtime2gc6policy16gc_check_trigger+0x6c8 < _RNvNtNtCs9k3JaD5zP7m_13perry_runtime4json9parse_api10parse_slow+0xb64 < perry_fn_rotating_worker_ts__run$spec_b+0x16e4 < js:run < start+0x1b50
[gc-incremental] cycle_starts=0 steps=0 completions=0 active_at_exit=false mark_barrier_arms=9 mark_barrier_armed_us=272950 skips(reentrant=0 no_trigger=7 start_blocked=0 resume_blocked=0 nursery_cap_deferred=0) safepoints_blocked_by_budgeted=0 safepoints_blocked(in_alloc=0 unsafe_zone=0 root_lock=0) copying_minors=0 loop_polls=6 poll_arm_events=5 poll_armed_at_exit=0 forwarded_stub_recoveries=0
[gc-idle-reclaim] enabled=true attempts=0 completions=0 productive=0 freed_bytes=0 old_reclaimed_bytes=0 slices=0 yields=0 start_blocked=0 work_capped=0 post_purges=0 backoff_shift=0
[gc-idle-compact] enabled=true attempts=0 productive=0 broken_promises=0 released_bytes=0 pause_us_total=0 pause_us_max=0 wake_declined=0 backoff_shift=0
[gc-arena-right-size] episodes=0 starts=0 released_capacity_bytes=0 low_collections=0 fulls_remaining=0 disarmed=false arena_live=173466184 arena_capacity=232783872
[gc-step-bounds] step_max_us=0 final_remark_max_us=0 final_remarks=0 weak_records=0 weak_max_records_per_step=0 weak_steps_sliced=0 weak_registry_restarts=0 weak_registry_atomic_finishes=0
[gc-time] wall_us=1164614 step_us=0 remark_us=0 minor_us=0 full_sync_us=0 share_permille=0
        1.17 real         1.10 user         0.06 sys
           367968256  maximum resident set size
                   0  average shared memory size
                   0  average unshared data size
                   0  average unshared stack size
               22607  page reclaims
                  19  page faults
                   0  swaps
                   0  block input operations
                   0  block output operations
                   0  messages sent
                   0  messages received
                   0  signals received
                  16  voluntary context switches
                   2  involuntary context switches
         19916340088  instructions retired
          3750067635  cycles elapsed
           351094592  peak memory footprint
