CHECKED count null parse 2000000
CHECKED count null stringify 2000000
CHECKED count string_a parse 2000000
CHECKED count string_a stringify 2000000
CHECKED count empty_object parse 2000000
CHECKED count empty_object stringify 2000000
CHECKED count tiny_object parse 2000000
CHECKED count tiny_object stringify 2000000
CHECKED count small_record parse 582429
CHECKED count small_record stringify 1269841
CHECKED count object_1k parse 547487
CHECKED count object_1k stringify 638751
CHECKED count records_array_16k parse 6617
CHECKED count records_array_16k stringify 9876
CHECKED count records_array_1m parse 96
CHECKED count records_array_1m stringify 174
CHECKED count records_object_1m parse 70
CHECKED count records_object_1m stringify 176
CHECKED count records_array_8m parse 10
CHECKED count records_array_8m stringify 21
CHECKED count records_object_8m parse 8
CHECKED count records_object_8m stringify 20
CHECKED count records_array_20m parse 3
CHECKED count records_array_20m stringify 8
CHECKED count records_object_20m parse 3
CHECKED count records_object_20m stringify 8
CHECKED count numbers_1m parse 91
CHECKED count numbers_1m stringify 96
CHECKED count long_string_1m parse 1284
CHECKED count long_string_1m stringify 1184
CHECKED count escaped_1m parse 82
CHECKED count escaped_1m stringify 169
CHECKED count unicode_1m parse 1514
CHECKED count unicode_1m stringify 1405
CHECKED count wide_1m parse 36
CHECKED count wide_1m stringify 214
CHECKED count heterogeneous_1m parse 80
CHECKED count heterogeneous_1m stringify 169
CHECKED empty empty_object parse 2000000
CHECKED empty tiny_object parse 2000000
CHECKED empty small_record parse 582429
CHECKED empty object_1k parse 547487
CHECKED empty tiny_object stringify 2000000
CHECKED empty small_record stringify 1269841
CHECKED entry records_array_1m parse 96
CHECKED entry records_array_8m parse 10
CHECKED entry heterogeneous_1m parse 80
CHECKED tape escaped_1m stringify 169
CHECKED tape wide_1m stringify 214
CHECKED tape numbers_1m parse 91
CHECKED short small_record stringify 1269841
CHECKED short long_string_1m parse 1284
CHECKED short unicode_1m parse 1514
CHECKED short records_array_1m parse 96
Retained empty-object checks complete 24
