[gc-globalthis-bootstrap] elapsed_us=3029 per_object_slot_masks=1 per_object_typed_layouts=0
[gc-tenuring] nursery cap object denomination: allocation census seeded mean_object_bytes 72 -> 40 (207364 objects / 8496472 B in from-space; scale 555 permille, band 9311354 B)
[gc-trigger] site=safepoint kind=ArenaBytes arena_total=31457280 next_base=147849216 armed=true from_space=14496472 nursery_cap=9311354 old_in_use=13422808 old_free=0 old_reclaimable=13422808 external_side=0 old_baseline=0 old_band=33554432 old_threshold=50331648 old_pending=false retaining=false malloc=0 next_malloc=100000
[gc-copy-minor] eligible=true fallback=none preflight_skipped=true (skips=1 walks=0)
[gc-dirty-covered] len=7 capacity=7 presized_to=0
[gc-survival] minor=1 rows=35 objects=356451 bytes=14453528
[gc-survival]   minor=1 origin=remembered_set/array type=string objects=350000 bytes=14000000 promoted_bytes=14000000
[gc-survival]   minor=1 origin=crate::object::shapes::scan_shape_table_rekey_mut type=array objects=1177 bytes=227848 promoted_bytes=227848
[gc-survival]   minor=1 origin=crate::closure::scan_closure_dynamic_props_roots_mut type=string objects=1861 bytes=78784 promoted_bytes=78784
[gc-survival]   minor=1 origin=crate::object::shapes::scan_shape_table_rekey_mut type=string objects=792 bytes=33704 promoted_bytes=33704
[gc-survival]   minor=1 origin=crate::closure::scan_closure_dynamic_props_roots_mut type=closure objects=1070 bytes=25944 promoted_bytes=25944
[gc-survival]   minor=1 origin=intern_table_mutable_root_scanner type=string objects=621 bytes=25264 promoted_bytes=25264
[gc-survival]   minor=1 origin=crate::closure::scan_closure_dynamic_props_roots_mut type=array objects=83 bytes=17520 promoted_bytes=17520
[gc-survival]   minor=1 origin=crate::closure::scan_closure_dynamic_props_roots_mut type=object_meta objects=110 bytes=12320 promoted_bytes=12320
[gc-survival]   minor=1 origin=crate::closure::scan_closure_dynamic_props_roots_mut type=object objects=121 bytes=5960 promoted_bytes=5960
[gc-survival]   minor=1 origin=crate::object::descriptor_state::scan_descriptor_roots_mut type=closure objects=199 bytes=5176 promoted_bytes=5176
[gc-survival]   minor=1 origin=mutable_root_slots/global_root type=array objects=14 bytes=4384 promoted_bytes=4384
[gc-survival]   minor=1 origin=mutable_root_slots/global_root type=closure objects=101 bytes=2424 promoted_bytes=2424
[gc-survival]   minor=1 origin=crate::symbol::scan_symbol_side_table_roots_mut type=string objects=38 bytes=1800 promoted_bytes=1800
[gc-survival]   minor=1 origin=crate::object::scan_object_cache_roots_mut type=closure objects=65 bytes=1560 promoted_bytes=1560
[gc-survival]   minor=1 origin=crate::object::scan_native_callable_export_roots_mut type=array objects=10 bytes=1440 promoted_bytes=1440
[gc-survival]   minor=1 origin=crate::array::scan_template_raw_roots_mut type=closure objects=47 bytes=1128 promoted_bytes=1128
[gc-survival]   minor=1 origin=mutable_root_slots/global_root type=object_meta objects=10 bytes=1120 promoted_bytes=1120
[gc-survival]   minor=1 origin=mutable_root_slots/global_root type=string objects=29 bytes=1112 promoted_bytes=1112
[gc-survival]   minor=1 origin=crate::object::scan_object_cache_roots_mut type=array objects=4 bytes=1088 promoted_bytes=1088
[gc-survival]   minor=1 origin=crate::object::scan_object_cache_roots_mut type=object_meta objects=9 bytes=1008 promoted_bytes=1008
[gc-survival]   minor=1 origin=crate::object::scan_native_callable_export_roots_mut type=string objects=20 bytes=800 promoted_bytes=800
[gc-survival]   minor=1 origin=mutable_root_slots/global_root type=object objects=13 bytes=552 promoted_bytes=552
[gc-survival]   minor=1 origin=crate::object::scan_object_cache_roots_mut type=object objects=10 bytes=496 promoted_bytes=496
[gc-survival]   minor=1 origin=crate::object::scan_native_callable_export_roots_mut type=closure objects=9 bytes=408 promoted_bytes=408
[gc-survival]   minor=1 origin-total=remembered_set/array objects=350000 bytes=14000000 permille=968
[gc-survival]   minor=1 origin-total=crate::object::shapes::scan_shape_table_rekey_mut objects=1969 bytes=261552 permille=18
[gc-survival]   minor=1 origin-total=crate::closure::scan_closure_dynamic_props_roots_mut objects=3245 bytes=140528 permille=9
[gc-survival]   minor=1 origin-total=intern_table_mutable_root_scanner objects=621 bytes=25264 permille=1
[gc-survival]   minor=1 origin-total=mutable_root_slots/global_root objects=167 bytes=9592 permille=0
[gc-survival]   minor=1 origin-total=crate::object::descriptor_state::scan_descriptor_roots_mut objects=199 bytes=5176 permille=0
[gc-survival]   minor=1 origin-total=crate::object::scan_object_cache_roots_mut objects=88 bytes=4152 permille=0
[gc-survival]   minor=1 origin-total=crate::object::scan_native_callable_export_roots_mut objects=49 bytes=3048 permille=0
[gc-survival]   minor=1 origin-total=crate::symbol::scan_symbol_side_table_roots_mut objects=49 bytes=2064 permille=0
[gc-survival]   minor=1 origin-total=crate::array::scan_template_raw_roots_mut objects=47 bytes=1128 permille=0
[gc-survival]   minor=1 origin-total=crate::array::scan_prototype_addr_cache_roots_mut objects=11 bytes=608 permille=0
[gc-survival]   minor=1 origin-total=crate::perf_hooks::scan_perf_entries_roots_mut objects=5 bytes=376 permille=0
[gc-survival]   minor=1 type-total=string objects=353363 bytes=14141544
[gc-survival]   minor=1 type-total=array objects=1291 bytes=252712
[gc-survival]   minor=1 type-total=closure objects=1509 bytes=37072
[gc-survival]   minor=1 type-total=object_meta objects=131 bytes=14672
[gc-survival]   minor=1 type-total=object objects=157 bytes=7528
[gc-idlist] removals=3317 elems_moved=1566 bytes_moved=6264 positions_scanned=5228
[gc-young-log] copying_minor table=object.descriptors mode=young passes=2 logged=3616 visited=3616 kept=3616 table_len=1833 skipped=50
[gc-young-log] copying_minor table=shapes.families+indices mode=young passes=2 logged=2429 visited=2429 kept=2428 table_len=1387 skipped=345
[gc-young-log] copying_minor table=object.transition_cache mode=young passes=2 logged=2482 visited=2482 kept=2482 table_len=16384 skipped=30286
[gc-young-log] copying_minor table=box.roots mode=young passes=2 logged=0 visited=0 kept=0 table_len=0 skipped=0
[gc-young-log] copying_minor table=closure.dynamic_props mode=young passes=2 logged=3340 visited=3340 kept=3340 table_len=1690 skipped=40
[gc-young-log] copying_minor table=object.builtin_closure_metadata mode=young passes=2 logged=3094 visited=3094 kept=3094 table_len=2843 skipped=2592
[gc-young-log] copying_minor table=gc.layout_tables mode=young passes=1 logged=2 visited=2 kept=2 table_len=2 skipped=0
[gc-scanner-profile] copying_minor scanners=93 total_us=1157 total_slots=0
[gc-scanner-profile]   crate::closure::scan_closure_dynamic_props_roots_mut us=394 calls=2 slots=0 ptr_roots=0 rewrites=0
[gc-scanner-profile]   crate::object::shapes::scan_shape_table_rekey_mut us=198 calls=2 slots=0 ptr_roots=0 rewrites=0
[gc-scanner-profile]   crate::object::descriptor_state::scan_descriptor_roots_mut us=137 calls=2 slots=0 ptr_roots=0 rewrites=0
[gc-scanner-profile]   transition_cache_mutable_root_scanner us=128 calls=2 slots=0 ptr_roots=0 rewrites=0
[gc-scanner-profile]   intern_table_mutable_root_scanner us=62 calls=2 slots=0 ptr_roots=0 rewrites=0
[gc-scanner-profile]   crate::object::scan_builtin_closure_metadata_roots_mut us=43 calls=2 slots=0 ptr_roots=0 rewrites=0
[gc-scanner-profile]   crate::r#box::scan_box_roots_mut us=25 calls=2 slots=0 ptr_roots=0 rewrites=0
[gc-scanner-profile]   exception_mutable_root_scanner us=16 calls=2 slots=0 ptr_roots=0 rewrites=0
[gc-scanner-profile]   crate::symbol::scan_symbol_side_table_roots_mut us=11 calls=2 slots=0 ptr_roots=0 rewrites=0
[gc-scanner-profile]   crate::object::scan_native_callable_export_roots_mut us=9 calls=2 slots=0 ptr_roots=0 rewrites=0
[gc-scanner-profile]   promise_mutable_root_scanner us=9 calls=2 slots=0 ptr_roots=0 rewrites=0
[gc-scanner-profile]   crate::object::scan_object_cache_roots_mut us=8 calls=2 slots=0 ptr_roots=0 rewrites=0
[gc-scanner-profile]   crate::object::scan_class_side_table_roots_mut us=7 calls=2 slots=0 ptr_roots=0 rewrites=0
[gc-scanner-profile]   crate::perf_histogram::scan_histogram_roots_mut us=7 calls=2 slots=0 ptr_roots=0 rewrites=0
[gc-copy-minor] ran pause_us=23040 scan_us=1157 phases: root_scan=1190/1157 copy_evacuation=1293/0/0 remembered_set_young_logs=10858/686/350000 promotion=2167/356451/14453528 dead_owner_side_table_pruning=116[ "ARRAY_NAMED_PROPS":0 "LAYOUT_SLOT_MASKS + TYPED_LAYOUTS":1 "ELEMENT_SHAPES":0 "MAP_ITERATOR_ARRAYS":0 "MAP_COMPACTION_LOG":0 "SET_ITERATOR_ARRAYS":0 "SET_COMPACTION_LOG":0 "state().descriptors.property_descriptors + .accessor_descriptors":9 "ARGUMENTS_OBJECTS":0 "OBJECT_PROTOTYPES":0 "state().shapes.inner (descriptors + indices)":23 "state().exotic_expando.entries":0 "SYMBOL_PROPERTIES + SYMBOL_PROPERTY_ATTRS":6 "SYMBOL_POINTERS":1 "CLOSURE_PROPS + CLOSURE_STATIC_PROTOTYPES + CLOSURE_DELETED_KEYS + CLOSURE_BOX_CELLS":10 "BUILTIN_CLOSURE_LENGTH + BUILTIN_CLOSURE_NON_CONSTRUCTABLE":16 "FUNCTION_CLASS_IDS":0 "VM_CONTEXTS + VM_SCRIPTS + VM_FUNCTIONS":4 "FILEHANDLE_OBJECT_FDS":0 "CONSOLE_INSTANCES":0 "BOXED_PRIMITIVE_PAYLOADS":0 "TRANSITION_CACHE_GLOBAL":31 "REFLECT_METADATA":1] from_space_finalization=3/map:1/0+set:0/0+errors:0/0+regex:0/0 forwarding_fixups=3 block_reset_flip=0 other=7405 phase_sum_us=23040 in_place=true untraced=false untraced_cycles=0 untraced_objects=0 in_place_blocks=14 in_place_dead_bytes=42944 sparse_blocks=0 survival_permille=997 copied_objects=0 copied_bytes=0 promoted_objects=356451 promoted_bytes=14453528 freed_bytes=0 tenuring_survivals=2 eden_live_bytes=14453528 eden_copied_bytes=0 survivor_live_bytes=0 survivor_first_round_live_bytes=0 trigger=ArenaBytes declared_safepoint=true
[gc-step] pre_in_use=27919848 post_in_use=27919848 sweep_freed=0 block_reclaim=0 pct=0% step=134217728→268435456
[gc-arena-rebaseline] arm=arena next_trigger=148897792 total=32505856 headroom=116391936 pct=0% step=134217728→268435456
[gc-safepoint-drain] kind=nursery_minor count=1
[gc-trigger] site=safepoint kind=ArenaBytes arena_total=65011712 next_base=148897792 armed=true from_space=22000000 nursery_cap=18359860 old_in_use=36719720 old_free=0 old_reclaimable=36719720 external_side=0 old_baseline=14453528 old_band=134217728 old_threshold=50331648 old_pending=false retaining=true malloc=0 next_malloc=100000
[gc-copy-minor] eligible=true fallback=none preflight_skipped=true (skips=2 walks=0)
[gc-dirty-covered] len=0 capacity=7 presized_to=7
[gc-tenuring] nursery cap scale 1x -> 2x (eden_live_bytes=22000000)
[gc-idlist] removals=3317 elems_moved=1566 bytes_moved=6264 positions_scanned=5228
[gc-young-log] copying_minor table=gc.layout_tables mode=young passes=1 logged=2 visited=2 kept=0 table_len=2 skipped=0
[gc-copy-minor] ran pause_us=3567 scan_us=0 phases: root_scan=0/0 copy_evacuation=0/0/0 remembered_set_young_logs=139/0/0 promotion=3038/550000/22000000 dead_owner_side_table_pruning=176[ "ARRAY_NAMED_PROPS":0 "LAYOUT_SLOT_MASKS + TYPED_LAYOUTS":1 "ELEMENT_SHAPES":0 "MAP_ITERATOR_ARRAYS":0 "MAP_COMPACTION_LOG":0 "SET_ITERATOR_ARRAYS":0 "SET_COMPACTION_LOG":0 "state().descriptors.property_descriptors + .accessor_descriptors":10 "ARGUMENTS_OBJECTS":0 "OBJECT_PROTOTYPES":0 "state().shapes.inner (descriptors + indices)":40 "state().exotic_expando.entries":0 "SYMBOL_PROPERTIES + SYMBOL_PROPERTY_ATTRS":4 "SYMBOL_POINTERS":1 "CLOSURE_PROPS + CLOSURE_STATIC_PROTOTYPES + CLOSURE_DELETED_KEYS + CLOSURE_BOX_CELLS":14 "BUILTIN_CLOSURE_LENGTH + BUILTIN_CLOSURE_NON_CONSTRUCTABLE":16 "FUNCTION_CLASS_IDS":0 "VM_CONTEXTS + VM_SCRIPTS + VM_FUNCTIONS":0 "FILEHANDLE_OBJECT_FDS":0 "CONSOLE_INSTANCES":0 "BOXED_PRIMITIVE_PAYLOADS":0 "TRANSITION_CACHE_GLOBAL":80 "REFLECT_METADATA":0] from_space_finalization=2/map:0/0+set:0/0+errors:0/0+regex:0/0 forwarding_fixups=0 block_reset_flip=0 other=208 phase_sum_us=3567 in_place=true untraced=true untraced_cycles=1 untraced_objects=550000 in_place_blocks=21 in_place_dead_bytes=0 sparse_blocks=0 survival_permille=997 copied_objects=0 copied_bytes=0 promoted_objects=550000 promoted_bytes=22000000 freed_bytes=0 tenuring_survivals=2 eden_live_bytes=22000000 eden_copied_bytes=0 survivor_live_bytes=0 survivor_first_round_live_bytes=0 trigger=ArenaBytes declared_safepoint=true
[gc-step] pre_in_use=58720288 post_in_use=58720288 sweep_freed=0 block_reclaim=0 pct=0% step=268435456→536870912
[gc-arena-rebaseline] arm=arena next_trigger=156237824 total=66060288 headroom=90177536 pct=0% step=268435456→536870912
[gc-safepoint-drain] kind=nursery_minor count=2
[box-stats] allocs=0 pool_reuses=0 releases=0 resident_cells=0 registry_len=0 i32_registry_len=0 bool_registry_len=0 flushes=6 published=0
[gc-incremental] cycle_starts=0 steps=0 completions=0 active_at_exit=false mark_barrier_arms=0 mark_barrier_armed_us=0 skips(reentrant=0 no_trigger=7 start_blocked=0 resume_blocked=0 nursery_cap_deferred=0) safepoints_blocked_by_budgeted=0 safepoints_blocked(in_alloc=0 unsafe_zone=0 root_lock=0) copying_minors=2 loop_polls=7 poll_arm_events=2 poll_armed_at_exit=0 forwarded_stub_recoveries=0
[gc-idle-reclaim] enabled=true attempts=0 completions=0 productive=0 freed_bytes=0 old_reclaimed_bytes=0 slices=0 yields=0 start_blocked=0 work_capped=0 post_purges=0 backoff_shift=0
[gc-idle-compact] enabled=true attempts=0 productive=0 broken_promises=0 released_bytes=0 pause_us_total=0 pause_us_max=0 wake_declined=0 backoff_shift=0
[gc-arena-right-size] episodes=0 starts=0 released_capacity_bytes=0 low_collections=0 fulls_remaining=0 disarmed=false arena_live=58677344 arena_capacity=66060288
[gc-step-bounds] step_max_us=0 final_remark_max_us=0 final_remarks=0 weak_records=0 weak_max_records_per_step=0 weak_steps_sliced=0 weak_registry_restarts=0 weak_registry_atomic_finishes=0
[gc-time] wall_us=110033 step_us=0 remark_us=0 minor_us=26238 full_sync_us=0 share_permille=238
        0.11 real         0.10 user         0.01 sys
           140345344  maximum resident set size
                   0  average shared memory size
                   0  average unshared data size
                   0  average unshared stack size
                8713  page reclaims
                  20  page faults
                   0  swaps
                   0  block input operations
                   0  block output operations
                   0  messages sent
                   0  messages received
                   0  signals received
                   7  voluntary context switches
                   2  involuntary context switches
          1662006061  instructions retired
           365626685  cycles elapsed
           133776768  peak memory footprint
