VERIFY null parse [('perry', True), ('node', True), ('bun', True), ('baseline', True)]
VERIFY null stringify [('perry', True), ('node', True), ('bun', True), ('baseline', True)]
VERIFY string_a parse [('perry', True), ('node', True), ('bun', True), ('baseline', True)]
VERIFY string_a stringify [('perry', True), ('node', True), ('bun', True), ('baseline', True)]
VERIFY empty_object parse [('perry', True), ('node', True), ('bun', True), ('baseline', True)]
VERIFY empty_object stringify [('perry', True), ('node', True), ('bun', True), ('baseline', True)]
VERIFY tiny_object parse [('perry', True), ('node', True), ('bun', True), ('baseline', True)]
VERIFY tiny_object stringify [('perry', True), ('node', True), ('bun', True), ('baseline', True)]
VERIFY small_record parse [('perry', True), ('node', True), ('bun', True), ('baseline', True)]
VERIFY small_record stringify [('perry', True), ('node', True), ('bun', True), ('baseline', True)]
VERIFY object_1k parse [('perry', True), ('node', True), ('bun', True), ('baseline', True)]
VERIFY object_1k stringify [('perry', True), ('node', True), ('bun', True), ('baseline', True)]
VERIFY records_array_16k parse [('perry', True), ('node', True), ('bun', True), ('baseline', True)]
VERIFY records_array_16k stringify [('perry', True), ('node', True), ('bun', True), ('baseline', True)]
VERIFY records_array_16k sparse [('perry', True), ('node', True), ('bun', True), ('baseline', True)]
VERIFY records_array_16k scan [('perry', True), ('node', True), ('bun', True), ('baseline', True)]
VERIFY records_array_16k roundtrip [('perry', True), ('node', True), ('bun', True), ('baseline', True)]
VERIFY records_array_1m parse [('perry', True), ('node', True), ('bun', True), ('baseline', True)]
VERIFY records_array_1m stringify [('perry', True), ('node', True), ('bun', True), ('baseline', True)]
VERIFY records_array_1m sparse [('perry', True), ('node', True), ('bun', True), ('baseline', True)]
VERIFY records_array_1m scan [('perry', True), ('node', True), ('bun', True), ('baseline', True)]
VERIFY records_array_1m roundtrip [('perry', True), ('node', True), ('bun', True), ('baseline', True)]
VERIFY records_object_1m parse [('perry', True), ('node', True), ('bun', True), ('baseline', True)]
VERIFY records_object_1m stringify [('perry', True), ('node', True), ('bun', True), ('baseline', True)]
VERIFY records_array_8m parse [('perry', True), ('node', True), ('bun', True), ('baseline', True)]
VERIFY records_array_8m stringify [('perry', True), ('node', True), ('bun', True), ('baseline', True)]
VERIFY records_array_8m sparse [('perry', True), ('node', True), ('bun', True), ('baseline', True)]
VERIFY records_array_8m scan [('perry', True), ('node', True), ('bun', True), ('baseline', True)]
VERIFY records_array_8m roundtrip [('perry', True), ('node', True), ('bun', True), ('baseline', True)]
VERIFY records_object_8m parse [('perry', True), ('node', True), ('bun', True), ('baseline', True)]
VERIFY records_object_8m stringify [('perry', True), ('node', True), ('bun', True), ('baseline', True)]
VERIFY records_array_20m parse [('perry', True), ('node', True), ('bun', True), ('baseline', True)]
VERIFY records_array_20m stringify [('perry', True), ('node', True), ('bun', True), ('baseline', True)]
VERIFY records_array_20m sparse [('perry', True), ('node', True), ('bun', True), ('baseline', True)]
VERIFY records_array_20m scan [('perry', True), ('node', True), ('bun', True), ('baseline', True)]
VERIFY records_array_20m roundtrip [('perry', True), ('node', True), ('bun', True), ('baseline', True)]
VERIFY records_object_20m parse [('perry', True), ('node', True), ('bun', True), ('baseline', True)]
VERIFY records_object_20m stringify [('perry', True), ('node', True), ('bun', True), ('baseline', True)]
VERIFY numbers_1m parse [('perry', True), ('node', True), ('bun', True), ('baseline', True)]
VERIFY numbers_1m stringify [('perry', True), ('node', True), ('bun', True), ('baseline', True)]
VERIFY long_string_1m parse [('perry', True), ('node', True), ('bun', True), ('baseline', True)]
VERIFY long_string_1m stringify [('perry', True), ('node', True), ('bun', True), ('baseline', True)]
VERIFY escaped_1m parse [('perry', True), ('node', True), ('bun', True), ('baseline', True)]
VERIFY escaped_1m stringify [('perry', True), ('node', True), ('bun', True), ('baseline', True)]
VERIFY unicode_1m parse [('perry', True), ('node', True), ('bun', True), ('baseline', True)]
VERIFY unicode_1m stringify [('perry', True), ('node', True), ('bun', True), ('baseline', True)]
VERIFY wide_1m parse [('perry', True), ('node', True), ('bun', True), ('baseline', True)]
VERIFY wide_1m stringify [('perry', True), ('node', True), ('bun', True), ('baseline', True)]
VERIFY heterogeneous_1m parse [('perry', True), ('node', True), ('bun', True), ('baseline', True)]
VERIFY heterogeneous_1m stringify [('perry', True), ('node', True), ('bun', True), ('baseline', True)]
RUN null parse baseline None 0 2000000 21.27 
RUN null parse perry None 0 2000000 21.26 
RUN null parse bun None 0 2000000 34.14 
RUN null parse node None 0 2000000 53.3 
RUN null parse perry None 1 2000000 21.24 
RUN null parse baseline None 1 2000000 21.24 
RUN null parse node None 1 2000000 53.29 
RUN null parse bun None 1 2000000 33.81 
RUN null parse node None 2 2000000 53.32 
RUN null parse perry None 2 2000000 21.23 
RUN null parse bun None 2 2000000 33.98 
RUN null parse baseline None 2 2000000 21.24 
RUN null parse node None 3 2000000 53.33 
RUN null parse perry None 3 2000000 21.26 
RUN null parse baseline None 3 2000000 21.28 
RUN null parse bun None 3 2000000 33.77 
RUN null parse bun None 4 2000000 33.97 
RUN null parse baseline None 4 2000000 21.38 
RUN null parse node None 4 2000000 53.28 
RUN null parse perry None 4 2000000 21.27 
RUN null stringify baseline None 0 2000000 13.12 
RUN null stringify bun None 0 2000000 52.88 
RUN null stringify perry None 0 2000000 13.15 
RUN null stringify node None 0 2000000 52.68 
RUN null stringify baseline None 1 2000000 13.14 
RUN null stringify node None 1 2000000 52.76 
RUN null stringify perry None 1 2000000 13.14 
RUN null stringify bun None 1 2000000 53.06 
RUN null stringify node None 2 2000000 52.69 
RUN null stringify baseline None 2 2000000 13.13 
RUN null stringify perry None 2 2000000 13.15 
RUN null stringify bun None 2 2000000 53.13 
RUN null stringify bun None 3 2000000 53.18 
RUN null stringify perry None 3 2000000 13.13 
RUN null stringify baseline None 3 2000000 13.13 
RUN null stringify node None 3 2000000 52.84 
RUN null stringify bun None 4 2000000 53.32 
RUN null stringify baseline None 4 2000000 13.12 
RUN null stringify node None 4 2000000 52.67 
RUN null stringify perry None 4 2000000 13.13 
RUN string_a parse node None 0 2000000 62.12 
RUN string_a parse baseline None 0 2000000 25.74 
RUN string_a parse bun None 0 2000000 40.88 
RUN string_a parse perry None 0 2000000 25.9 
RUN string_a parse bun None 1 2000000 40.84 
RUN string_a parse perry None 1 2000000 25.74 
RUN string_a parse baseline None 1 2000000 25.75 
RUN string_a parse node None 1 2000000 62.07 
RUN string_a parse perry None 2 2000000 25.75 
RUN string_a parse baseline None 2 2000000 25.75 
RUN string_a parse bun None 2 2000000 40.78 
RUN string_a parse node None 2 2000000 62.03 
RUN string_a parse baseline None 3 2000000 25.72 
RUN string_a parse node None 3 2000000 62.04 
RUN string_a parse perry None 3 2000000 25.74 
RUN string_a parse bun None 3 2000000 40.88 
RUN string_a parse perry None 4 2000000 25.75 
RUN string_a parse node None 4 2000000 62.05 
RUN string_a parse bun None 4 2000000 40.87 
RUN string_a parse baseline None 4 2000000 25.75 
RUN string_a stringify baseline None 0 2000000 19.49 
RUN string_a stringify bun None 0 2000000 53.7 
RUN string_a stringify node None 0 2000000 58.37 
RUN string_a stringify perry None 0 2000000 20.01 
RUN string_a stringify bun None 1 2000000 54.38 
RUN string_a stringify perry None 1 2000000 19.99 
RUN string_a stringify node None 1 2000000 58.34 
RUN string_a stringify baseline None 1 2000000 19.4 
RUN string_a stringify baseline None 2 2000000 19.39 
RUN string_a stringify perry None 2 2000000 20.01 
RUN string_a stringify node None 2 2000000 58.28 
RUN string_a stringify bun None 2 2000000 54.41 
RUN string_a stringify perry None 3 2000000 20.02 
RUN string_a stringify baseline None 3 2000000 19.41 
RUN string_a stringify bun None 3 2000000 53.0 
RUN string_a stringify node None 3 2000000 58.33 
RUN string_a stringify bun None 4 2000000 53.01 
RUN string_a stringify node None 4 2000000 58.38 
RUN string_a stringify baseline None 4 2000000 19.39 
RUN string_a stringify perry None 4 2000000 20.0 
RUN empty_object parse node None 0 2000000 88.46 
RUN empty_object parse perry None 0 2000000 47.81 
RUN empty_object parse bun None 0 2000000 43.3 
RUN empty_object parse baseline None 0 2000000 47.87 
RUN empty_object parse node None 1 2000000 88.52 
RUN empty_object parse bun None 1 2000000 43.25 
RUN empty_object parse baseline None 1 2000000 47.98 
RUN empty_object parse perry None 1 2000000 48.02 
RUN empty_object parse bun None 2 2000000 43.3 
RUN empty_object parse node None 2 2000000 88.77 
RUN empty_object parse perry None 2 2000000 47.9 
RUN empty_object parse baseline None 2 2000000 48.1 
RUN empty_object parse node None 3 2000000 88.47 
RUN empty_object parse perry None 3 2000000 47.89 
RUN empty_object parse bun None 3 2000000 43.14 
RUN empty_object parse baseline None 3 2000000 47.85 
RUN empty_object parse baseline None 4 2000000 47.97 
RUN empty_object parse bun None 4 2000000 43.26 
RUN empty_object parse node None 4 2000000 88.48 
RUN empty_object parse perry None 4 2000000 47.93 
RUN empty_object stringify perry None 0 2000000 35.43 
RUN empty_object stringify node None 0 2000000 62.47 
RUN empty_object stringify baseline None 0 2000000 35.21 
RUN empty_object stringify bun None 0 2000000 55.37 
RUN empty_object stringify node None 1 2000000 62.14 
RUN empty_object stringify bun None 1 2000000 55.43 
RUN empty_object stringify perry None 1 2000000 35.43 
RUN empty_object stringify baseline None 1 2000000 35.21 
RUN empty_object stringify baseline None 2 2000000 35.22 
RUN empty_object stringify bun None 2 2000000 55.4 
RUN empty_object stringify perry None 2 2000000 35.46 
RUN empty_object stringify node None 2 2000000 62.15 
RUN empty_object stringify node None 3 2000000 62.21 
RUN empty_object stringify baseline None 3 2000000 35.23 
RUN empty_object stringify perry None 3 2000000 35.41 
RUN empty_object stringify bun None 3 2000000 55.7 
RUN empty_object stringify perry None 4 2000000 35.43 
RUN empty_object stringify node None 4 2000000 62.16 
RUN empty_object stringify bun None 4 2000000 55.72 
RUN empty_object stringify baseline None 4 2000000 35.22 
RUN tiny_object parse perry None 0 2000000 74.4 
RUN tiny_object parse baseline None 0 2000000 74.51 
RUN tiny_object parse bun None 0 2000000 85.2 
RUN tiny_object parse node None 0 2000000 159.74 
RUN tiny_object parse perry None 1 2000000 74.5 
RUN tiny_object parse node None 1 2000000 160.56 
RUN tiny_object parse baseline None 1 2000000 74.39 
RUN tiny_object parse bun None 1 2000000 85.24 
RUN tiny_object parse baseline None 2 2000000 74.5 
RUN tiny_object parse node None 2 2000000 162.76 
RUN tiny_object parse bun None 2 2000000 85.38 
RUN tiny_object parse perry None 2 2000000 74.45 
RUN tiny_object parse node None 3 2000000 158.59 
RUN tiny_object parse baseline None 3 2000000 74.74 
RUN tiny_object parse perry None 3 2000000 74.47 
RUN tiny_object parse bun None 3 2000000 85.49 
RUN tiny_object parse bun None 4 2000000 85.24 
RUN tiny_object parse node None 4 2000000 163.81 
RUN tiny_object parse baseline None 4 2000000 74.48 
RUN tiny_object parse perry None 4 2000000 74.42 
RUN tiny_object stringify bun None 0 2000000 74.45 
RUN tiny_object stringify perry None 0 2000000 68.57 
RUN tiny_object stringify node None 0 2000000 72.58 
RUN tiny_object stringify baseline None 0 2000000 67.93 
RUN tiny_object stringify bun None 1 2000000 74.53 
RUN tiny_object stringify baseline None 1 2000000 67.84 
RUN tiny_object stringify node None 1 2000000 72.67 
RUN tiny_object stringify perry None 1 2000000 68.64 
RUN tiny_object stringify bun None 2 2000000 74.57 
RUN tiny_object stringify baseline None 2 2000000 67.9 
RUN tiny_object stringify perry None 2 2000000 68.51 
RUN tiny_object stringify node None 2 2000000 72.61 
RUN tiny_object stringify perry None 3 2000000 68.78 
RUN tiny_object stringify node None 3 2000000 72.62 
RUN tiny_object stringify bun None 3 2000000 74.56 
RUN tiny_object stringify baseline None 3 2000000 67.85 
RUN tiny_object stringify bun None 4 2000000 74.2 
RUN tiny_object stringify node None 4 2000000 72.6 
RUN tiny_object stringify perry None 4 2000000 68.65 
RUN tiny_object stringify baseline None 4 2000000 67.87 
RUN small_record parse perry None 0 1554742 154.1 
RUN small_record parse baseline None 0 1554742 154.77 
RUN small_record parse bun None 0 1554742 374.23 
RUN small_record parse node None 0 1554742 575.29 
RUN small_record parse perry None 1 1554742 154.25 
RUN small_record parse baseline None 1 1554742 153.93 
RUN small_record parse bun None 1 1554742 374.4 
RUN small_record parse node None 1 1554742 575.44 
RUN small_record parse node None 2 1554742 540.31 
RUN small_record parse perry None 2 1554742 154.2 
RUN small_record parse baseline None 2 1554742 154.2 
RUN small_record parse bun None 2 1554742 374.41 
RUN small_record parse baseline None 3 1554742 154.81 
RUN small_record parse bun None 3 1554742 376.63 
RUN small_record parse perry None 3 1554742 154.19 
RUN small_record parse node None 3 1554742 579.96 
RUN small_record parse baseline None 4 1554742 154.02 
RUN small_record parse node None 4 1554742 538.73 
RUN small_record parse bun None 4 1554742 374.6 
RUN small_record parse perry None 4 1554742 154.21 
RUN small_record stringify bun None 0 2000000 233.32 
RUN small_record stringify node None 0 2000000 213.42 
RUN small_record stringify perry None 0 2000000 95.98 
RUN small_record stringify baseline None 0 2000000 91.36 
RUN small_record stringify perry None 1 2000000 95.93 
RUN small_record stringify node None 1 2000000 218.56 
RUN small_record stringify baseline None 1 2000000 93.8 
RUN small_record stringify bun None 1 2000000 233.23 
RUN small_record stringify bun None 2 2000000 234.98 
RUN small_record stringify node None 2 2000000 213.3 
RUN small_record stringify perry None 2 2000000 95.81 
RUN small_record stringify baseline None 2 2000000 91.46 
RUN small_record stringify baseline None 3 2000000 92.19 
RUN small_record stringify bun None 3 2000000 234.63 
RUN small_record stringify node None 3 2000000 214.34 
RUN small_record stringify perry None 3 2000000 95.91 
RUN small_record stringify bun None 4 2000000 233.71 
RUN small_record stringify node None 4 2000000 214.06 
RUN small_record stringify perry None 4 2000000 95.96 
RUN small_record stringify baseline None 4 2000000 91.42 
RUN object_1k parse bun None 0 1951752 436.05 
RUN object_1k parse baseline None 0 1951752 161.25 
RUN object_1k parse node None 0 1951752 1038.26 
RUN object_1k parse perry None 0 1951752 161.75 
RUN object_1k parse baseline None 1 1951752 161.61 
RUN object_1k parse node None 1 1951752 1035.27 
RUN object_1k parse perry None 1 1951752 161.38 
RUN object_1k parse bun None 1 1951752 435.4 
RUN object_1k parse baseline None 2 1951752 161.85 
RUN object_1k parse bun None 2 1951752 435.91 
RUN object_1k parse perry None 2 1951752 161.56 
RUN object_1k parse node None 2 1951752 1035.63 
RUN object_1k parse baseline None 3 1951752 161.65 
RUN object_1k parse node None 3 1951752 1032.21 
RUN object_1k parse bun None 3 1951752 434.3 
RUN object_1k parse perry None 3 1951752 161.26 
RUN object_1k parse bun None 4 1951752 433.84 
RUN object_1k parse perry None 4 1951752 161.26 
RUN object_1k parse baseline None 4 1951752 161.49 
RUN object_1k parse node None 4 1951752 1035.38 
RUN object_1k stringify perry None 0 1003764 116.91 
RUN object_1k stringify node None 0 1003764 191.79 
RUN object_1k stringify baseline None 0 1003764 116.5 
RUN object_1k stringify bun None 0 1003764 204.76 
RUN object_1k stringify perry None 1 1003764 117.14 
RUN object_1k stringify node None 1 1003764 191.76 
RUN object_1k stringify baseline None 1 1003764 116.59 
RUN object_1k stringify bun None 1 1003764 204.58 
RUN object_1k stringify bun None 2 1003764 204.84 
RUN object_1k stringify baseline None 2 1003764 116.46 
RUN object_1k stringify perry None 2 1003764 116.83 
RUN object_1k stringify node None 2 1003764 192.7 
RUN object_1k stringify perry None 3 1003764 116.52 
RUN object_1k stringify bun None 3 1003764 204.5 
RUN object_1k stringify node None 3 1003764 192.15 
RUN object_1k stringify baseline None 3 1003764 116.35 
RUN object_1k stringify perry None 4 1003764 116.84 
RUN object_1k stringify bun None 4 1003764 204.73 
RUN object_1k stringify node None 4 1003764 192.56 
RUN object_1k stringify baseline None 4 1003764 116.51 
RUN records_array_16k parse perry None 0 8500 154.69 
RUN records_array_16k parse baseline None 0 8500 156.43 
RUN records_array_16k parse node None 0 8500 318.8 
RUN records_array_16k parse bun None 0 8500 287.34 
RUN records_array_16k parse baseline None 1 8500 156.87 
RUN records_array_16k parse perry None 1 8500 154.61 
RUN records_array_16k parse node None 1 8500 329.33 
RUN records_array_16k parse bun None 1 8500 286.93 
RUN records_array_16k parse perry None 2 8500 154.67 
RUN records_array_16k parse bun None 2 8500 287.14 
RUN records_array_16k parse node None 2 8500 359.36 
RUN records_array_16k parse baseline None 2 8500 156.81 
RUN records_array_16k parse baseline None 3 8500 156.78 
RUN records_array_16k parse node None 3 8500 327.81 
RUN records_array_16k parse perry None 3 8500 154.93 
RUN records_array_16k parse bun None 3 8500 287.12 
RUN records_array_16k parse baseline None 4 8500 156.72 
RUN records_array_16k parse bun None 4 8500 286.77 
RUN records_array_16k parse node None 4 8500 360.17 
RUN records_array_16k parse perry None 4 8500 154.45 
RUN records_array_16k stringify node None 0 11519 149.71 
RUN records_array_16k stringify bun None 0 11519 266.97 
RUN records_array_16k stringify perry None 0 11519 128.56 
RUN records_array_16k stringify baseline None 0 11519 128.14 
RUN records_array_16k stringify baseline None 1 11519 127.81 
RUN records_array_16k stringify perry None 1 11519 128.5 
RUN records_array_16k stringify bun None 1 11519 266.66 
RUN records_array_16k stringify node None 1 11519 150.09 
RUN records_array_16k stringify perry None 2 11519 127.99 
RUN records_array_16k stringify baseline None 2 11519 126.99 
RUN records_array_16k stringify node None 2 11519 150.13 
RUN records_array_16k stringify bun None 2 11519 265.87 
RUN records_array_16k stringify bun None 3 11519 266.56 
RUN records_array_16k stringify node None 3 11519 148.82 
RUN records_array_16k stringify perry None 3 11519 128.42 
RUN records_array_16k stringify baseline None 3 11519 127.78 
RUN records_array_16k stringify bun None 4 11519 266.27 
RUN records_array_16k stringify baseline None 4 11519 128.58 
RUN records_array_16k stringify node None 4 11519 150.8 
RUN records_array_16k stringify perry None 4 11519 127.98 
RUN records_array_16k sparse baseline None 0 6394 157.68 
RUN records_array_16k sparse perry None 0 6394 156.38 
RUN records_array_16k sparse bun None 0 6394 216.87 
RUN records_array_16k sparse node None 0 6394 248.27 
RUN records_array_16k sparse baseline None 1 6394 157.67 
RUN records_array_16k sparse bun None 1 6394 216.9 
RUN records_array_16k sparse node None 1 6394 246.28 
RUN records_array_16k sparse perry None 1 6394 156.65 
RUN records_array_16k sparse bun None 2 6394 216.73 
RUN records_array_16k sparse perry None 2 6394 156.22 
RUN records_array_16k sparse node None 2 6394 252.12 
RUN records_array_16k sparse baseline None 2 6394 157.4 
RUN records_array_16k sparse node None 3 6394 250.28 
RUN records_array_16k sparse perry None 3 6394 156.56 
RUN records_array_16k sparse baseline None 3 6394 157.47 
RUN records_array_16k sparse bun None 3 6394 216.59 
RUN records_array_16k sparse node None 4 6394 246.81 
RUN records_array_16k sparse bun None 4 6394 216.75 
RUN records_array_16k sparse baseline None 4 6394 157.38 
RUN records_array_16k sparse perry None 4 6394 156.07 
RUN records_array_16k scan bun None 0 3734 127.74 
RUN records_array_16k scan node None 0 3734 141.68 
RUN records_array_16k scan baseline None 0 3734 1078.82 
RUN records_array_16k scan perry None 0 3734 236.83 
RUN records_array_16k scan baseline None 1 3734 1081.49 
RUN records_array_16k scan perry None 1 3734 237.6 
RUN records_array_16k scan node None 1 3734 148.95 
RUN records_array_16k scan bun None 1 3734 128.04 
RUN records_array_16k scan node None 2 3734 142.5 
RUN records_array_16k scan baseline None 2 3734 1076.04 
RUN records_array_16k scan perry None 2 3734 235.7 
RUN records_array_16k scan bun None 2 3734 127.45 
RUN records_array_16k scan baseline None 3 3734 1078.64 
RUN records_array_16k scan node None 3 3734 144.28 
RUN records_array_16k scan perry None 3 3734 236.7 
RUN records_array_16k scan bun None 3 3734 127.53 
RUN records_array_16k scan bun None 4 3734 127.67 
RUN records_array_16k scan node None 4 3734 149.9 
RUN records_array_16k scan perry None 4 3734 236.73 
RUN records_array_16k scan baseline None 4 3734 1076.95 
RUN records_array_16k roundtrip perry None 0 6169 158.45 
RUN records_array_16k roundtrip node None 0 6169 337.56 
RUN records_array_16k roundtrip baseline None 0 6169 160.43 
RUN records_array_16k roundtrip bun None 0 6169 358.82 
RUN records_array_16k roundtrip bun None 1 6169 355.58 
RUN records_array_16k roundtrip perry None 1 6169 159.01 
RUN records_array_16k roundtrip baseline None 1 6169 160.38 
RUN records_array_16k roundtrip node None 1 6169 336.01 
RUN records_array_16k roundtrip bun None 2 6169 355.82 
RUN records_array_16k roundtrip node None 2 6169 325.4 
RUN records_array_16k roundtrip perry None 2 6169 158.37 
RUN records_array_16k roundtrip baseline None 2 6169 160.26 
RUN records_array_16k roundtrip bun None 3 6169 356.11 
RUN records_array_16k roundtrip baseline None 3 6169 160.29 
RUN records_array_16k roundtrip perry None 3 6169 159.16 
RUN records_array_16k roundtrip node None 3 6169 325.86 
RUN records_array_16k roundtrip baseline None 4 6169 160.25 
RUN records_array_16k roundtrip perry None 4 6169 158.36 
RUN records_array_16k roundtrip bun None 4 6169 355.88 
RUN records_array_16k roundtrip node None 4 6169 343.06 
RUN records_array_1m parse perry None 0 127 153.61 
RUN records_array_1m parse node None 0 127 346.04 
RUN records_array_1m parse baseline None 0 127 155.99 
RUN records_array_1m parse bun None 0 127 267.91 
RUN records_array_1m parse bun None 1 127 267.52 
RUN records_array_1m parse perry None 1 127 153.76 
RUN records_array_1m parse baseline None 1 127 155.73 
RUN records_array_1m parse node None 1 127 347.7 
RUN records_array_1m parse bun None 2 127 267.75 
RUN records_array_1m parse baseline None 2 127 155.85 
RUN records_array_1m parse perry None 2 127 153.94 
RUN records_array_1m parse node None 2 127 329.87 
RUN records_array_1m parse bun None 3 127 267.38 
RUN records_array_1m parse perry None 3 127 153.36 
RUN records_array_1m parse node None 3 127 322.39 
RUN records_array_1m parse baseline None 3 127 155.65 
RUN records_array_1m parse perry None 4 127 154.1 
RUN records_array_1m parse node None 4 127 347.15 
RUN records_array_1m parse bun None 4 127 267.23 
RUN records_array_1m parse baseline None 4 127 155.32 
RUN records_array_1m stringify node None 0 230 188.8 
RUN records_array_1m stringify bun None 0 230 219.9 
RUN records_array_1m stringify perry None 0 230 148.6 
RUN records_array_1m stringify baseline None 0 230 147.65 
RUN records_array_1m stringify bun None 1 230 220.08 
RUN records_array_1m stringify perry None 1 230 149.55 
RUN records_array_1m stringify baseline None 1 230 148.49 
RUN records_array_1m stringify node None 1 230 188.24 
RUN records_array_1m stringify bun None 2 230 219.71 
RUN records_array_1m stringify node None 2 230 188.44 
RUN records_array_1m stringify perry None 2 230 147.61 
RUN records_array_1m stringify baseline None 2 230 148.3 
RUN records_array_1m stringify baseline None 3 230 148.58 
RUN records_array_1m stringify node None 3 230 188.15 
RUN records_array_1m stringify bun None 3 230 219.77 
RUN records_array_1m stringify perry None 3 230 148.79 
RUN records_array_1m stringify perry None 4 230 150.34 
RUN records_array_1m stringify node None 4 230 188.29 
RUN records_array_1m stringify baseline None 4 230 149.67 
RUN records_array_1m stringify bun None 4 230 219.44 
RUN records_array_1m sparse perry None 0 122 152.67 
RUN records_array_1m sparse node None 0 122 321.29 
RUN records_array_1m sparse baseline None 0 122 155.04 
RUN records_array_1m sparse bun None 0 122 257.69 
RUN records_array_1m sparse bun None 1 122 258.35 
RUN records_array_1m sparse baseline None 1 122 155.24 
RUN records_array_1m sparse perry None 1 122 152.97 
RUN records_array_1m sparse node None 1 122 323.55 
RUN records_array_1m sparse bun None 2 122 257.73 
RUN records_array_1m sparse node None 2 122 314.75 
RUN records_array_1m sparse baseline None 2 122 155.21 
RUN records_array_1m sparse perry None 2 122 153.43 
RUN records_array_1m sparse perry None 3 122 152.72 
RUN records_array_1m sparse bun None 3 122 258.0 
RUN records_array_1m sparse node None 3 122 317.1 
RUN records_array_1m sparse baseline None 3 122 154.8 
RUN records_array_1m sparse perry None 4 122 152.62 
RUN records_array_1m sparse node None 4 122 310.44 
RUN records_array_1m sparse baseline None 4 122 154.79 
RUN records_array_1m sparse bun None 4 122 257.88 
RUN records_array_1m scan node None 0 68 188.43 
RUN records_array_1m scan perry None 0 68 220.79 
RUN records_array_1m scan bun None 0 68 143.74 
RUN records_array_1m scan baseline None 0 68 314.9 
RUN records_array_1m scan perry None 1 68 221.1 
RUN records_array_1m scan bun None 1 68 144.08 
RUN records_array_1m scan node None 1 68 180.31 
RUN records_array_1m scan baseline None 1 68 314.62 
RUN records_array_1m scan perry None 2 68 220.88 
RUN records_array_1m scan bun None 2 68 143.78 
RUN records_array_1m scan baseline None 2 68 314.51 
RUN records_array_1m scan node None 2 68 181.1 
RUN records_array_1m scan node None 3 68 182.42 
RUN records_array_1m scan perry None 3 68 220.52 
RUN records_array_1m scan bun None 3 68 143.74 
RUN records_array_1m scan baseline None 3 68 314.9 
RUN records_array_1m scan bun None 4 68 143.75 
RUN records_array_1m scan perry None 4 68 220.34 
RUN records_array_1m scan node None 4 68 198.64 
RUN records_array_1m scan baseline None 4 68 314.34 
RUN records_array_1m roundtrip perry None 0 94 158.86 
RUN records_array_1m roundtrip bun None 0 94 314.31 
RUN records_array_1m roundtrip baseline None 0 94 161.06 
RUN records_array_1m roundtrip node None 0 94 337.16 
RUN records_array_1m roundtrip bun None 1 94 288.35 
RUN records_array_1m roundtrip perry None 1 94 159.11 
RUN records_array_1m roundtrip baseline None 1 94 160.61 
RUN records_array_1m roundtrip node None 1 94 331.58 
RUN records_array_1m roundtrip baseline None 2 94 160.56 
RUN records_array_1m roundtrip node None 2 94 336.19 
RUN records_array_1m roundtrip perry None 2 94 159.21 
RUN records_array_1m roundtrip bun None 2 94 288.63 
RUN records_array_1m roundtrip bun None 3 94 288.69 
RUN records_array_1m roundtrip node None 3 94 348.11 
RUN records_array_1m roundtrip baseline None 3 94 160.43 
RUN records_array_1m roundtrip perry None 3 94 158.63 
RUN records_array_1m roundtrip baseline None 4 94 160.43 
RUN records_array_1m roundtrip perry None 4 94 158.6 
RUN records_array_1m roundtrip node None 4 94 333.22 
RUN records_array_1m roundtrip bun None 4 94 288.56 
RUN records_object_1m parse bun None 0 80 169.26 
RUN records_object_1m parse perry None 0 80 162.66 
RUN records_object_1m parse node None 0 80 210.88 
RUN records_object_1m parse baseline None 0 80 162.49 
RUN records_object_1m parse baseline None 1 80 162.47 
RUN records_object_1m parse node None 1 80 205.16 
RUN records_object_1m parse bun None 1 80 169.34 
RUN records_object_1m parse perry None 1 80 162.65 
RUN records_object_1m parse baseline None 2 80 162.55 
RUN records_object_1m parse bun None 2 80 168.51 
RUN records_object_1m parse node None 2 80 207.42 
RUN records_object_1m parse perry None 2 80 162.89 
RUN records_object_1m parse node None 3 80 224.01 
RUN records_object_1m parse baseline None 3 80 162.64 
RUN records_object_1m parse perry None 3 80 162.43 
RUN records_object_1m parse bun None 3 80 168.87 
RUN records_object_1m parse node None 4 80 212.92 
RUN records_object_1m parse baseline None 4 80 162.56 
RUN records_object_1m parse perry None 4 80 162.76 
RUN records_object_1m parse bun None 4 80 168.84 
RUN records_object_1m stringify baseline None 0 232 149.89 
RUN records_object_1m stringify node None 0 232 190.36 
RUN records_object_1m stringify perry None 0 232 149.95 
RUN records_object_1m stringify bun None 0 232 221.58 
RUN records_object_1m stringify node None 1 232 189.8 
RUN records_object_1m stringify bun None 1 232 222.18 
RUN records_object_1m stringify baseline None 1 232 149.64 
RUN records_object_1m stringify perry None 1 232 149.14 
RUN records_object_1m stringify node None 2 232 189.6 
RUN records_object_1m stringify baseline None 2 232 150.04 
RUN records_object_1m stringify perry None 2 232 150.44 
RUN records_object_1m stringify bun None 2 232 222.12 
RUN records_object_1m stringify node None 3 232 190.39 
RUN records_object_1m stringify perry None 3 232 150.2 
RUN records_object_1m stringify bun None 3 232 221.88 
RUN records_object_1m stringify baseline None 3 232 150.2 
RUN records_object_1m stringify perry None 4 232 154.36 
RUN records_object_1m stringify baseline None 4 232 150.57 
RUN records_object_1m stringify bun None 4 232 222.01 
RUN records_object_1m stringify node None 4 232 189.06 
RUN records_array_8m parse perry None 0 13 138.12 
RUN records_array_8m parse bun None 0 13 232.13 
RUN records_array_8m parse node None 0 13 310.83 
RUN records_array_8m parse baseline None 0 13 138.68 
RUN records_array_8m parse node None 1 13 289.38 
RUN records_array_8m parse bun None 1 13 231.55 
RUN records_array_8m parse baseline None 1 13 139.13 
RUN records_array_8m parse perry None 1 13 138.5 
RUN records_array_8m parse node None 2 13 298.07 
RUN records_array_8m parse bun None 2 13 259.03 
RUN records_array_8m parse baseline None 2 13 139.16 
RUN records_array_8m parse perry None 2 13 138.72 
RUN records_array_8m parse bun None 3 13 231.32 
RUN records_array_8m parse baseline None 3 13 138.56 
RUN records_array_8m parse perry None 3 13 139.11 
RUN records_array_8m parse node None 3 13 280.11 
RUN records_array_8m parse baseline None 4 13 138.66 
RUN records_array_8m parse bun None 4 13 231.77 
RUN records_array_8m parse node None 4 13 287.57 
RUN records_array_8m parse perry None 4 13 138.11 
RUN records_array_8m stringify perry None 0 29 137.07 
RUN records_array_8m stringify node None 0 29 195.33 
RUN records_array_8m stringify bun None 0 29 223.27 
RUN records_array_8m stringify baseline None 0 29 137.31 
RUN records_array_8m stringify bun None 1 29 221.23 
RUN records_array_8m stringify node None 1 29 194.88 
RUN records_array_8m stringify baseline None 1 29 137.5 
RUN records_array_8m stringify perry None 1 29 137.94 
RUN records_array_8m stringify perry None 2 29 138.86 
RUN records_array_8m stringify node None 2 29 193.44 
RUN records_array_8m stringify bun None 2 29 221.57 
RUN records_array_8m stringify baseline None 2 29 137.39 
RUN records_array_8m stringify bun None 3 29 221.97 
RUN records_array_8m stringify node None 3 29 194.88 
RUN records_array_8m stringify perry None 3 29 137.85 
RUN records_array_8m stringify baseline None 3 29 137.85 
RUN records_array_8m stringify node None 4 29 197.09 
RUN records_array_8m stringify baseline None 4 29 137.56 
RUN records_array_8m stringify perry None 4 29 137.4 
RUN records_array_8m stringify bun None 4 29 221.53 
RUN records_array_8m sparse baseline None 0 12 134.51 
RUN records_array_8m sparse perry None 0 12 135.21 
RUN records_array_8m sparse node None 0 12 267.13 
RUN records_array_8m sparse bun None 0 12 214.94 
RUN records_array_8m sparse node None 1 12 285.53 
RUN records_array_8m sparse perry None 1 12 134.57 
RUN records_array_8m sparse baseline None 1 12 134.81 
RUN records_array_8m sparse bun None 1 12 216.21 
RUN records_array_8m sparse node None 2 12 262.56 
RUN records_array_8m sparse bun None 2 12 214.95 
RUN records_array_8m sparse perry None 2 12 134.75 
RUN records_array_8m sparse baseline None 2 12 134.85 
RUN records_array_8m sparse node None 3 12 267.84 
RUN records_array_8m sparse perry None 3 12 134.75 
RUN records_array_8m sparse baseline None 3 12 135.41 
RUN records_array_8m sparse bun None 3 12 216.05 
RUN records_array_8m sparse perry None 4 12 134.21 
RUN records_array_8m sparse bun None 4 12 215.81 
RUN records_array_8m sparse node None 4 12 269.15 
RUN records_array_8m sparse baseline None 4 12 135.34 
RUN records_array_8m scan perry None 0 8 200.02 
RUN records_array_8m scan baseline None 0 8 291.99 
RUN records_array_8m scan node None 0 8 179.14 
RUN records_array_8m scan bun None 0 8 145.66 
RUN records_array_8m scan perry None 1 8 199.66 
RUN records_array_8m scan node None 1 8 182.23 
RUN records_array_8m scan baseline None 1 8 292.21 
RUN records_array_8m scan bun None 1 8 162.61 
RUN records_array_8m scan bun None 2 8 145.63 
RUN records_array_8m scan baseline None 2 8 291.87 
RUN records_array_8m scan node None 2 8 174.57 
RUN records_array_8m scan perry None 2 8 200.0 
RUN records_array_8m scan node None 3 8 174.68 
RUN records_array_8m scan baseline None 3 8 291.78 
RUN records_array_8m scan bun None 3 8 145.79 
RUN records_array_8m scan perry None 3 8 200.21 
RUN records_array_8m scan bun None 4 8 145.93 
RUN records_array_8m scan node None 4 8 180.03 
RUN records_array_8m scan perry None 4 8 199.8 
RUN records_array_8m scan baseline None 4 8 291.92 
RUN records_array_8m roundtrip perry None 0 9 138.68 
RUN records_array_8m roundtrip bun None 0 9 229.65 
RUN records_array_8m roundtrip baseline None 0 9 136.47 
RUN records_array_8m roundtrip node None 0 9 268.86 
RUN records_array_8m roundtrip node None 1 9 255.58 
RUN records_array_8m roundtrip bun None 1 9 230.69 
RUN records_array_8m roundtrip perry None 1 9 138.35 
RUN records_array_8m roundtrip baseline None 1 9 139.31 
RUN records_array_8m roundtrip node None 2 9 256.31 
RUN records_array_8m roundtrip bun None 2 9 230.24 
RUN records_array_8m roundtrip perry None 2 9 139.25 
RUN records_array_8m roundtrip baseline None 2 9 138.71 
RUN records_array_8m roundtrip node None 3 9 248.23 
RUN records_array_8m roundtrip baseline None 3 9 138.89 
RUN records_array_8m roundtrip bun None 3 9 230.22 
RUN records_array_8m roundtrip perry None 3 9 138.51 
RUN records_array_8m roundtrip bun None 4 9 229.47 
RUN records_array_8m roundtrip node None 4 9 260.55 
RUN records_array_8m roundtrip baseline None 4 9 139.04 
RUN records_array_8m roundtrip perry None 4 9 139.05 
RUN records_object_8m parse bun None 0 10 178.25 
RUN records_object_8m parse perry None 0 10 159.97 
RUN records_object_8m parse baseline None 0 10 161.3 
RUN records_object_8m parse node None 0 10 217.43 
RUN records_object_8m parse node None 1 10 233.9 
RUN records_object_8m parse bun None 1 10 178.98 
RUN records_object_8m parse baseline None 1 10 161.23 
RUN records_object_8m parse perry None 1 10 160.0 
RUN records_object_8m parse baseline None 2 10 161.21 
RUN records_object_8m parse bun None 2 10 178.29 
RUN records_object_8m parse node None 2 10 229.17 
RUN records_object_8m parse perry None 2 10 160.08 
RUN records_object_8m parse bun None 3 10 179.06 
RUN records_object_8m parse node None 3 10 229.89 
RUN records_object_8m parse baseline None 3 10 161.11 
RUN records_object_8m parse perry None 3 10 161.02 
RUN records_object_8m parse perry None 4 10 159.82 
RUN records_object_8m parse node None 4 10 222.15 
RUN records_object_8m parse bun None 4 10 178.93 
RUN records_object_8m parse baseline None 4 10 161.15 
RUN records_object_8m stringify node None 0 29 194.71 
RUN records_object_8m stringify bun None 0 29 221.42 
RUN records_object_8m stringify perry None 0 29 138.13 
RUN records_object_8m stringify baseline None 0 29 138.59 
RUN records_object_8m stringify perry None 1 29 137.67 
RUN records_object_8m stringify node None 1 29 194.41 
RUN records_object_8m stringify bun None 1 29 223.07 
RUN records_object_8m stringify baseline None 1 29 137.75 
RUN records_object_8m stringify node None 2 29 197.44 
RUN records_object_8m stringify baseline None 2 29 137.5 
RUN records_object_8m stringify perry None 2 29 137.85 
RUN records_object_8m stringify bun None 2 29 222.65 
RUN records_object_8m stringify baseline None 3 29 139.51 
RUN records_object_8m stringify perry None 3 29 138.79 
RUN records_object_8m stringify node None 3 29 193.52 
RUN records_object_8m stringify bun None 3 29 221.61 
RUN records_object_8m stringify bun None 4 29 223.47 
RUN records_object_8m stringify perry None 4 29 138.36 
RUN records_object_8m stringify node None 4 29 193.73 
RUN records_object_8m stringify baseline None 4 29 138.29 
RUN records_array_20m parse perry None 0 4 158.0 
RUN records_array_20m parse node None 0 4 252.41 
RUN records_array_20m parse baseline None 0 4 159.31 
RUN records_array_20m parse bun None 0 4 175.53 
RUN records_array_20m parse perry None 1 4 157.94 
RUN records_array_20m parse node None 1 4 233.08 
RUN records_array_20m parse baseline None 1 4 159.35 
RUN records_array_20m parse bun None 1 4 175.56 
RUN records_array_20m parse perry None 2 4 158.29 
RUN records_array_20m parse node None 2 4 249.41 
RUN records_array_20m parse baseline None 2 4 159.81 
RUN records_array_20m parse bun None 2 4 175.58 
RUN records_array_20m parse bun None 3 4 177.09 
RUN records_array_20m parse node None 3 4 236.07 
RUN records_array_20m parse perry None 3 4 158.21 
RUN records_array_20m parse baseline None 3 4 159.36 
RUN records_array_20m parse bun None 4 4 175.79 
RUN records_array_20m parse perry None 4 4 160.19 
RUN records_array_20m parse node None 4 4 241.36 
RUN records_array_20m parse baseline None 4 4 159.56 
RUN records_array_20m stringify node None 0 12 205.61 
RUN records_array_20m stringify perry None 0 12 140.97 
RUN records_array_20m stringify baseline None 0 12 140.91 
RUN records_array_20m stringify bun None 0 12 229.02 
RUN records_array_20m stringify bun None 1 12 233.05 
RUN records_array_20m stringify perry None 1 12 140.93 
RUN records_array_20m stringify node None 1 12 205.27 
RUN records_array_20m stringify baseline None 1 12 140.83 
RUN records_array_20m stringify bun None 2 12 229.17 
RUN records_array_20m stringify node None 2 12 206.07 
RUN records_array_20m stringify baseline None 2 12 140.89 
RUN records_array_20m stringify perry None 2 12 141.18 
RUN records_array_20m stringify node None 3 12 205.84 
RUN records_array_20m stringify baseline None 3 12 140.98 
RUN records_array_20m stringify bun None 3 12 228.75 
RUN records_array_20m stringify perry None 3 12 140.67 
RUN records_array_20m stringify node None 4 12 205.74 
RUN records_array_20m stringify baseline None 4 12 140.91 
RUN records_array_20m stringify bun None 4 12 229.1 
RUN records_array_20m stringify perry None 4 12 141.32 
RUN records_array_20m sparse baseline None 0 4 159.38 
RUN records_array_20m sparse perry None 0 4 158.14 
RUN records_array_20m sparse node None 0 4 243.94 
RUN records_array_20m sparse bun None 0 4 174.53 
RUN records_array_20m sparse node None 1 4 250.83 
RUN records_array_20m sparse baseline None 1 4 159.49 
RUN records_array_20m sparse perry None 1 4 158.59 
RUN records_array_20m sparse bun None 1 4 180.96 
RUN records_array_20m sparse node None 2 4 239.58 
RUN records_array_20m sparse baseline None 2 4 159.43 
RUN records_array_20m sparse perry None 2 4 158.7 
RUN records_array_20m sparse bun None 2 4 179.24 
RUN records_array_20m sparse node None 3 4 230.9 
RUN records_array_20m sparse baseline None 3 4 159.47 
RUN records_array_20m sparse perry None 3 4 157.86 
RUN records_array_20m sparse bun None 3 4 175.2 
RUN records_array_20m sparse node None 4 4 226.99 
RUN records_array_20m sparse bun None 4 4 176.48 
RUN records_array_20m sparse baseline None 4 4 159.61 
RUN records_array_20m sparse perry None 4 4 158.28 
RUN records_array_20m scan node None 0 4 226.23 
RUN records_array_20m scan baseline None 0 4 163.72 
RUN records_array_20m scan bun None 0 4 177.41 
RUN records_array_20m scan perry None 0 4 162.02 
RUN records_array_20m scan bun None 1 4 177.52 
RUN records_array_20m scan perry None 1 4 161.97 
RUN records_array_20m scan node None 1 4 227.02 
RUN records_array_20m scan baseline None 1 4 163.62 
RUN records_array_20m scan baseline None 2 4 163.22 
RUN records_array_20m scan perry None 2 4 161.9 
RUN records_array_20m scan node None 2 4 215.88 
RUN records_array_20m scan bun None 2 4 177.49 
RUN records_array_20m scan node None 3 4 237.71 
RUN records_array_20m scan bun None 3 4 198.72 
RUN records_array_20m scan baseline None 3 4 163.59 
RUN records_array_20m scan perry None 3 4 163.7 
RUN records_array_20m scan baseline None 4 4 163.5 
RUN records_array_20m scan node None 4 4 248.84 
RUN records_array_20m scan perry None 4 4 162.22 
RUN records_array_20m scan bun None 4 4 177.15 
RUN records_array_20m roundtrip baseline None 0 2 197.71 
RUN records_array_20m roundtrip node None 0 2 150.13 
RUN records_array_20m roundtrip bun None 0 2 129.67 
RUN records_array_20m roundtrip perry None 0 2 196.84 
RUN records_array_20m roundtrip bun None 1 2 130.17 
RUN records_array_20m roundtrip node None 1 2 155.45 
RUN records_array_20m roundtrip baseline None 1 2 198.37 
RUN records_array_20m roundtrip perry None 1 2 197.51 
RUN records_array_20m roundtrip node None 2 2 160.4 
RUN records_array_20m roundtrip perry None 2 2 197.41 
RUN records_array_20m roundtrip baseline None 2 2 197.75 
RUN records_array_20m roundtrip bun None 2 2 130.04 
RUN records_array_20m roundtrip perry None 3 2 197.58 
RUN records_array_20m roundtrip node None 3 2 148.09 
RUN records_array_20m roundtrip bun None 3 2 130.09 
RUN records_array_20m roundtrip baseline None 3 2 202.96 
RUN records_array_20m roundtrip baseline None 4 2 197.48 
RUN records_array_20m roundtrip perry None 4 2 197.13 
RUN records_array_20m roundtrip node None 4 2 150.0 
RUN records_array_20m roundtrip bun None 4 2 137.01 
RUN records_object_20m parse perry None 0 4 158.16 
RUN records_object_20m parse baseline None 0 4 163.16 
RUN records_object_20m parse bun None 0 4 175.32 
RUN records_object_20m parse node None 0 4 239.16 
RUN records_object_20m parse bun None 1 4 175.74 
RUN records_object_20m parse baseline None 1 4 159.72 
RUN records_object_20m parse perry None 1 4 161.03 
RUN records_object_20m parse node None 1 4 237.13 
RUN records_object_20m parse perry None 2 4 161.13 
RUN records_object_20m parse bun None 2 4 175.49 
RUN records_object_20m parse node None 2 4 234.92 
RUN records_object_20m parse baseline None 2 4 159.38 
RUN records_object_20m parse perry None 3 4 158.19 
RUN records_object_20m parse node None 3 4 233.36 
RUN records_object_20m parse bun None 3 4 175.32 
RUN records_object_20m parse baseline None 3 4 159.63 
RUN records_object_20m parse baseline None 4 4 159.25 
RUN records_object_20m parse bun None 4 4 175.91 
RUN records_object_20m parse node None 4 4 249.11 
RUN records_object_20m parse perry None 4 4 158.48 
RUN records_object_20m stringify perry None 0 12 140.84 
RUN records_object_20m stringify baseline None 0 12 140.62 
RUN records_object_20m stringify node None 0 12 205.9 
RUN records_object_20m stringify bun None 0 12 229.44 
RUN records_object_20m stringify baseline None 1 12 140.65 
RUN records_object_20m stringify perry None 1 12 140.97 
RUN records_object_20m stringify node None 1 12 206.72 
RUN records_object_20m stringify bun None 1 12 229.0 
RUN records_object_20m stringify bun None 2 12 229.65 
RUN records_object_20m stringify node None 2 12 205.51 
RUN records_object_20m stringify baseline None 2 12 141.12 
RUN records_object_20m stringify perry None 2 12 140.86 
RUN records_object_20m stringify baseline None 3 12 140.69 
RUN records_object_20m stringify bun None 3 12 229.76 
RUN records_object_20m stringify perry None 3 12 140.7 
RUN records_object_20m stringify node None 3 12 206.44 
RUN records_object_20m stringify node None 4 12 208.85 
RUN records_object_20m stringify baseline None 4 12 140.77 
RUN records_object_20m stringify perry None 4 12 140.86 
RUN records_object_20m stringify bun None 4 12 232.91 
RUN numbers_1m parse baseline None 0 100 159.18 
RUN numbers_1m parse perry None 0 100 159.24 
RUN numbers_1m parse node None 0 100 307.77 
RUN numbers_1m parse bun None 0 100 317.25 
RUN numbers_1m parse baseline None 1 100 159.37 
RUN numbers_1m parse perry None 1 100 159.21 
RUN numbers_1m parse bun None 1 100 319.73 
RUN numbers_1m parse node None 1 100 308.32 
RUN numbers_1m parse perry None 2 100 159.33 
RUN numbers_1m parse node None 2 100 308.17 
RUN numbers_1m parse baseline None 2 100 159.34 
RUN numbers_1m parse bun None 2 100 319.83 
RUN numbers_1m parse bun None 3 100 318.04 
RUN numbers_1m parse perry None 3 100 159.32 
RUN numbers_1m parse baseline None 3 100 159.49 
RUN numbers_1m parse node None 3 100 307.54 
RUN numbers_1m parse perry None 4 100 159.28 
RUN numbers_1m parse bun None 4 100 318.42 
RUN numbers_1m parse baseline None 4 100 159.19 
RUN numbers_1m parse node None 4 100 307.98 
RUN numbers_1m stringify baseline None 0 147 149.21 
RUN numbers_1m stringify node None 0 147 285.85 
RUN numbers_1m stringify bun None 0 147 431.93 
RUN numbers_1m stringify perry None 0 147 149.31 
RUN numbers_1m stringify node None 1 147 286.19 
RUN numbers_1m stringify bun None 1 147 431.92 
RUN numbers_1m stringify baseline None 1 147 149.24 
RUN numbers_1m stringify perry None 1 147 148.98 
RUN numbers_1m stringify baseline None 2 147 149.48 
RUN numbers_1m stringify bun None 2 147 431.29 
RUN numbers_1m stringify node None 2 147 285.82 
RUN numbers_1m stringify perry None 2 147 149.01 
RUN numbers_1m stringify bun None 3 147 431.43 
RUN numbers_1m stringify baseline None 3 147 149.09 
RUN numbers_1m stringify perry None 3 147 150.5 
RUN numbers_1m stringify node None 3 147 286.14 
RUN numbers_1m stringify node None 4 147 285.86 
RUN numbers_1m stringify bun None 4 147 431.83 
RUN numbers_1m stringify perry None 4 147 149.43 
RUN numbers_1m stringify baseline None 4 147 149.24 
RUN long_string_1m parse perry None 0 2766 0.96 
RUN long_string_1m parse node None 0 2766 1012.5 
RUN long_string_1m parse baseline None 0 2766 0.96 
RUN long_string_1m parse bun None 0 2766 175.21 
RUN long_string_1m parse node None 1 2766 1002.25 
RUN long_string_1m parse perry None 1 2766 0.98 
RUN long_string_1m parse bun None 1 2766 175.47 
RUN long_string_1m parse baseline None 1 2766 0.96 
RUN long_string_1m parse bun None 2 2766 176.55 
RUN long_string_1m parse baseline None 2 2766 0.96 
RUN long_string_1m parse perry None 2 2766 0.97 
RUN long_string_1m parse node None 2 2766 1003.18 
RUN long_string_1m parse node None 3 2766 1002.09 
RUN long_string_1m parse baseline None 3 2766 0.96 
RUN long_string_1m parse perry None 3 2766 0.96 
RUN long_string_1m parse bun None 3 2766 175.27 
RUN long_string_1m parse baseline None 4 2766 0.96 
RUN long_string_1m parse bun None 4 2766 177.09 
RUN long_string_1m parse node None 4 2766 1001.71 
RUN long_string_1m parse perry None 4 2766 0.97 
RUN long_string_1m stringify node None 0 1908 189.93 
RUN long_string_1m stringify bun None 0 1908 178.9 
RUN long_string_1m stringify perry None 0 1908 74.5 
RUN long_string_1m stringify baseline None 0 1908 67.93 
RUN long_string_1m stringify baseline None 1 1908 64.85 
RUN long_string_1m stringify bun None 1 1908 178.97 
RUN long_string_1m stringify perry None 1 1908 65.59 
RUN long_string_1m stringify node None 1 1908 190.88 
RUN long_string_1m stringify bun None 2 1908 178.76 
RUN long_string_1m stringify perry None 2 1908 71.0 
RUN long_string_1m stringify baseline None 2 1908 66.28 
RUN long_string_1m stringify node None 2 1908 196.62 
RUN long_string_1m stringify perry None 3 1908 58.67 
RUN long_string_1m stringify baseline None 3 1908 69.31 
RUN long_string_1m stringify bun None 3 1908 179.82 
RUN long_string_1m stringify node None 3 1908 190.16 
RUN long_string_1m stringify perry None 4 1908 66.13 
RUN long_string_1m stringify bun None 4 1908 177.78 
RUN long_string_1m stringify node None 4 1908 213.66 
RUN long_string_1m stringify baseline None 4 1908 62.16 
RUN escaped_1m parse baseline None 0 157 155.49 
RUN escaped_1m parse perry None 0 157 155.17 
RUN escaped_1m parse node None 0 157 272.57 
RUN escaped_1m parse bun None 0 157 325.13 
RUN escaped_1m parse bun None 1 157 325.29 
RUN escaped_1m parse baseline None 1 157 154.98 
RUN escaped_1m parse perry None 1 157 155.95 
RUN escaped_1m parse node None 1 157 272.35 
RUN escaped_1m parse perry None 2 157 155.6 
RUN escaped_1m parse node None 2 157 272.3 
RUN escaped_1m parse bun None 2 157 324.95 
RUN escaped_1m parse baseline None 2 157 155.36 
RUN escaped_1m parse perry None 3 157 155.67 
RUN escaped_1m parse baseline None 3 157 155.6 
RUN escaped_1m parse bun None 3 157 325.12 
RUN escaped_1m parse node None 3 157 272.44 
RUN escaped_1m parse perry None 4 157 155.63 
RUN escaped_1m parse node None 4 157 272.6 
RUN escaped_1m parse bun None 4 157 324.81 
RUN escaped_1m parse baseline None 4 157 155.27 
RUN escaped_1m stringify perry None 0 167 147.8 
RUN escaped_1m stringify node None 0 167 311.17 
RUN escaped_1m stringify baseline None 0 167 147.71 
RUN escaped_1m stringify bun None 0 167 348.17 
RUN escaped_1m stringify node None 1 167 311.23 
RUN escaped_1m stringify perry None 1 167 147.71 
RUN escaped_1m stringify baseline None 1 167 147.81 
RUN escaped_1m stringify bun None 1 167 347.5 
RUN escaped_1m stringify bun None 2 167 347.28 
RUN escaped_1m stringify baseline None 2 167 147.84 
RUN escaped_1m stringify perry None 2 167 147.57 
RUN escaped_1m stringify node None 2 167 312.35 
RUN escaped_1m stringify bun None 3 167 347.66 
RUN escaped_1m stringify perry None 3 167 147.65 
RUN escaped_1m stringify node None 3 167 311.55 
RUN escaped_1m stringify baseline None 3 167 147.66 
RUN escaped_1m stringify baseline None 4 167 147.7 
RUN escaped_1m stringify bun None 4 167 349.34 
RUN escaped_1m stringify perry None 4 167 147.57 
RUN escaped_1m stringify node None 4 167 311.61 
RUN unicode_1m parse node None 0 2829 1242.16 
RUN unicode_1m parse perry None 0 2829 0.98 
RUN unicode_1m parse bun None 0 2829 161.4 
RUN unicode_1m parse baseline None 0 2829 0.98 
RUN unicode_1m parse perry None 1 2829 0.98 
RUN unicode_1m parse node None 1 2829 1240.81 
RUN unicode_1m parse bun None 1 2829 160.96 
RUN unicode_1m parse baseline None 1 2829 0.98 
RUN unicode_1m parse perry None 2 2829 0.98 
RUN unicode_1m parse node None 2 2829 1239.56 
RUN unicode_1m parse bun None 2 2829 161.69 
RUN unicode_1m parse baseline None 2 2829 0.98 
RUN unicode_1m parse perry None 3 2829 0.98 
RUN unicode_1m parse bun None 3 2829 160.52 
RUN unicode_1m parse node None 3 2829 1241.24 
RUN unicode_1m parse baseline None 3 2829 0.99 
RUN unicode_1m parse perry None 4 2829 0.98 
RUN unicode_1m parse node None 4 2829 1237.3 
RUN unicode_1m parse baseline None 4 2829 0.98 
RUN unicode_1m parse bun None 4 2829 161.22 
RUN unicode_1m stringify bun None 0 2452 1094.34 
RUN unicode_1m stringify node None 0 2452 1000.09 
RUN unicode_1m stringify baseline None 0 2452 73.88 
RUN unicode_1m stringify perry None 0 2452 64.58 
RUN unicode_1m stringify baseline None 1 2452 64.05 
RUN unicode_1m stringify perry None 1 2452 74.5 
RUN unicode_1m stringify bun None 1 2452 1098.09 
RUN unicode_1m stringify node None 1 2452 997.98 
RUN unicode_1m stringify perry None 2 2452 76.11 
RUN unicode_1m stringify bun None 2 2452 1100.21 
RUN unicode_1m stringify node None 2 2452 1010.45 
RUN unicode_1m stringify baseline None 2 2452 65.6 
RUN unicode_1m stringify node None 3 2452 994.78 
RUN unicode_1m stringify baseline None 3 2452 67.75 
RUN unicode_1m stringify perry None 3 2452 81.01 
RUN unicode_1m stringify bun None 3 2452 1097.5 
RUN unicode_1m stringify bun None 4 2452 1098.89 
RUN unicode_1m stringify baseline None 4 2452 69.55 
RUN unicode_1m stringify node None 4 2452 974.57 
RUN unicode_1m stringify perry None 4 2452 66.46 
RUN wide_1m parse perry None 0 64 184.9 
RUN wide_1m parse baseline None 0 64 185.44 
RUN wide_1m parse bun None 0 64 264.46 
RUN wide_1m parse node None 0 64 326.48 
RUN wide_1m parse node None 1 64 327.29 
RUN wide_1m parse baseline None 1 64 184.87 
RUN wide_1m parse bun None 1 64 263.13 
RUN wide_1m parse perry None 1 64 185.03 
RUN wide_1m parse baseline None 2 64 184.63 
RUN wide_1m parse perry None 2 64 185.8 
RUN wide_1m parse node None 2 64 327.07 
RUN wide_1m parse bun None 2 64 264.41 
RUN wide_1m parse bun None 3 64 263.48 
RUN wide_1m parse perry None 3 64 184.9 
RUN wide_1m parse node None 3 64 326.12 
RUN wide_1m parse baseline None 3 64 184.83 
RUN wide_1m parse baseline None 4 64 185.13 
RUN wide_1m parse bun None 4 64 264.46 
RUN wide_1m parse perry None 4 64 184.49 
RUN wide_1m parse node None 4 64 327.6 
RUN wide_1m stringify bun None 0 233 153.9 
RUN wide_1m stringify baseline None 0 233 147.67 
RUN wide_1m stringify node None 0 233 1488.43 
RUN wide_1m stringify perry None 0 233 147.42 
RUN wide_1m stringify node None 1 233 1474.77 
RUN wide_1m stringify perry None 1 233 147.65 
RUN wide_1m stringify baseline None 1 233 147.79 
RUN wide_1m stringify bun None 1 233 153.78 
RUN wide_1m stringify bun None 2 233 153.68 
RUN wide_1m stringify perry None 2 233 147.46 
RUN wide_1m stringify baseline None 2 233 147.92 
RUN wide_1m stringify node None 2 233 1479.7 
RUN wide_1m stringify perry None 3 233 147.36 
RUN wide_1m stringify bun None 3 233 153.75 
RUN wide_1m stringify node None 3 233 1473.27 
RUN wide_1m stringify baseline None 3 233 147.54 
RUN wide_1m stringify node None 4 233 1468.1 
RUN wide_1m stringify bun None 4 233 154.13 
RUN wide_1m stringify baseline None 4 233 147.69 
RUN wide_1m stringify perry None 4 233 147.41 
RUN heterogeneous_1m parse bun None 0 111 317.81 
RUN heterogeneous_1m parse node None 0 111 418.96 
RUN heterogeneous_1m parse perry None 0 111 156.18 
RUN heterogeneous_1m parse baseline None 0 111 155.84 
RUN heterogeneous_1m parse bun None 1 111 320.1 
RUN heterogeneous_1m parse baseline None 1 111 156.59 
RUN heterogeneous_1m parse perry None 1 111 156.84 
RUN heterogeneous_1m parse node None 1 111 428.76 
RUN heterogeneous_1m parse node None 2 111 415.56 
RUN heterogeneous_1m parse perry None 2 111 156.0 
RUN heterogeneous_1m parse baseline None 2 111 156.32 
RUN heterogeneous_1m parse bun None 2 111 316.37 
RUN heterogeneous_1m parse node None 3 111 430.59 
RUN heterogeneous_1m parse perry None 3 111 155.87 
RUN heterogeneous_1m parse bun None 3 111 317.18 
RUN heterogeneous_1m parse baseline None 3 111 156.28 
RUN heterogeneous_1m parse perry None 4 111 155.81 
RUN heterogeneous_1m parse bun None 4 111 316.55 
RUN heterogeneous_1m parse baseline None 4 111 157.36 
RUN heterogeneous_1m parse node None 4 111 416.0 
RUN heterogeneous_1m stringify node None 0 217 187.65 
RUN heterogeneous_1m stringify perry None 0 217 155.45 
RUN heterogeneous_1m stringify baseline None 0 217 156.27 
RUN heterogeneous_1m stringify bun None 0 217 227.3 
RUN heterogeneous_1m stringify node None 1 217 188.3 
RUN heterogeneous_1m stringify baseline None 1 217 156.16 
RUN heterogeneous_1m stringify bun None 1 217 227.43 
RUN heterogeneous_1m stringify perry None 1 217 155.61 
RUN heterogeneous_1m stringify baseline None 2 217 155.93 
RUN heterogeneous_1m stringify node None 2 217 188.16 
RUN heterogeneous_1m stringify perry None 2 217 155.46 
RUN heterogeneous_1m stringify bun None 2 217 227.3 
RUN heterogeneous_1m stringify node None 3 217 187.59 
RUN heterogeneous_1m stringify bun None 3 217 229.06 
RUN heterogeneous_1m stringify perry None 3 217 155.28 
RUN heterogeneous_1m stringify baseline None 3 217 155.85 
RUN heterogeneous_1m stringify node None 4 217 188.03 
RUN heterogeneous_1m stringify bun None 4 217 227.36 
RUN heterogeneous_1m stringify baseline None 4 217 155.8 
RUN heterogeneous_1m stringify perry None 4 217 155.32 
MEM tiny_object retain-parse perry 1 11.8 
MEM tiny_object retain-parse node 1 52.7 
MEM tiny_object retain-parse bun 1 28.3 
MEM tiny_object retain-parse baseline 1 11.9 
MEM tiny_object retain-parse perry 1 11.8 
MEM tiny_object retain-parse node 1 52.7 
MEM tiny_object retain-parse bun 1 28.3 
MEM tiny_object retain-parse baseline 1 11.8 
MEM tiny_object retain-parse perry 1 11.8 
MEM tiny_object retain-parse node 1 52.8 
MEM tiny_object retain-parse bun 1 28.3 
MEM tiny_object retain-parse baseline 1 11.8 
MEM tiny_object retain-parse perry 1 11.8 
MEM tiny_object retain-parse node 1 52.7 
MEM tiny_object retain-parse bun 1 28.3 
MEM tiny_object retain-parse baseline 1 11.8 
MEM tiny_object retain-parse perry 1 11.8 
MEM tiny_object retain-parse node 1 52.7 
MEM tiny_object retain-parse bun 1 28.3 
MEM tiny_object retain-parse baseline 1 11.8 
MEM tiny_object retain-parse perry 200000 24.3 
MEM tiny_object retain-parse node 200000 74.9 
MEM tiny_object retain-parse bun 200000 50.2 
MEM tiny_object retain-parse baseline 200000 24.3 
MEM tiny_object retain-parse perry 200000 24.3 
MEM tiny_object retain-parse node 200000 75.0 
MEM tiny_object retain-parse bun 200000 50.2 
MEM tiny_object retain-parse baseline 200000 24.3 
MEM tiny_object retain-parse perry 200000 24.3 
MEM tiny_object retain-parse node 200000 75.0 
MEM tiny_object retain-parse bun 200000 50.2 
MEM tiny_object retain-parse baseline 200000 24.3 
MEM tiny_object retain-parse perry 200000 24.3 
MEM tiny_object retain-parse node 200000 74.9 
MEM tiny_object retain-parse bun 200000 50.2 
MEM tiny_object retain-parse baseline 200000 24.3 
MEM tiny_object retain-parse perry 200000 24.3 
MEM tiny_object retain-parse node 200000 75.0 
MEM tiny_object retain-parse bun 200000 50.2 
MEM tiny_object retain-parse baseline 200000 24.3 
MEM tiny_object retain-stringify perry 1 11.9 
MEM tiny_object retain-stringify node 1 52.9 
MEM tiny_object retain-stringify bun 1 28.4 
MEM tiny_object retain-stringify baseline 1 11.9 
MEM tiny_object retain-stringify perry 1 11.9 
MEM tiny_object retain-stringify node 1 52.8 
MEM tiny_object retain-stringify bun 1 28.4 
MEM tiny_object retain-stringify baseline 1 12.0 
MEM tiny_object retain-stringify perry 1 11.9 
MEM tiny_object retain-stringify node 1 52.8 
MEM tiny_object retain-stringify bun 1 28.3 
MEM tiny_object retain-stringify baseline 1 11.9 
MEM tiny_object retain-stringify perry 1 11.9 
MEM tiny_object retain-stringify node 1 52.8 
MEM tiny_object retain-stringify bun 1 28.3 
MEM tiny_object retain-stringify baseline 1 11.9 
MEM tiny_object retain-stringify perry 1 11.9 
MEM tiny_object retain-stringify node 1 52.9 
MEM tiny_object retain-stringify bun 1 28.3 
MEM tiny_object retain-stringify baseline 1 12.0 
MEM tiny_object retain-stringify perry 200000 24.4 
MEM tiny_object retain-stringify node 200000 71.3 
MEM tiny_object retain-stringify bun 200000 47.0 
MEM tiny_object retain-stringify baseline 200000 24.4 
MEM tiny_object retain-stringify perry 200000 24.4 
MEM tiny_object retain-stringify node 200000 71.3 
MEM tiny_object retain-stringify bun 200000 47.1 
MEM tiny_object retain-stringify baseline 200000 24.4 
MEM tiny_object retain-stringify perry 200000 24.4 
MEM tiny_object retain-stringify node 200000 71.2 
MEM tiny_object retain-stringify bun 200000 47.1 
MEM tiny_object retain-stringify baseline 200000 24.4 
MEM tiny_object retain-stringify perry 200000 24.4 
MEM tiny_object retain-stringify node 200000 71.3 
MEM tiny_object retain-stringify bun 200000 47.1 
MEM tiny_object retain-stringify baseline 200000 24.4 
MEM tiny_object retain-stringify perry 200000 24.4 
MEM tiny_object retain-stringify node 200000 71.3 
MEM tiny_object retain-stringify bun 200000 47.1 
MEM tiny_object retain-stringify baseline 200000 24.4 
MEM small_record retain-parse perry 1 11.8 
MEM small_record retain-parse node 1 52.7 
MEM small_record retain-parse bun 1 28.3 
MEM small_record retain-parse baseline 1 11.8 
MEM small_record retain-parse perry 1 11.8 
MEM small_record retain-parse node 1 52.8 
MEM small_record retain-parse bun 1 28.4 
MEM small_record retain-parse baseline 1 11.8 
MEM small_record retain-parse perry 1 11.8 
MEM small_record retain-parse node 1 52.7 
MEM small_record retain-parse bun 1 28.3 
MEM small_record retain-parse baseline 1 11.8 
MEM small_record retain-parse perry 1 11.8 
MEM small_record retain-parse node 1 52.8 
MEM small_record retain-parse bun 1 28.3 
MEM small_record retain-parse baseline 1 11.8 
MEM small_record retain-parse perry 1 11.8 
MEM small_record retain-parse node 1 52.7 
MEM small_record retain-parse bun 1 28.3 
MEM small_record retain-parse baseline 1 11.8 
MEM small_record retain-parse perry 100000 24.3 
MEM small_record retain-parse node 100000 85.5 
MEM small_record retain-parse bun 100000 52.7 
MEM small_record retain-parse baseline 100000 24.3 
MEM small_record retain-parse perry 100000 24.3 
MEM small_record retain-parse node 100000 85.5 
MEM small_record retain-parse bun 100000 52.7 
MEM small_record retain-parse baseline 100000 24.3 
MEM small_record retain-parse perry 100000 24.3 
MEM small_record retain-parse node 100000 85.5 
MEM small_record retain-parse bun 100000 52.7 
MEM small_record retain-parse baseline 100000 24.3 
MEM small_record retain-parse perry 100000 24.3 
MEM small_record retain-parse node 100000 85.5 
MEM small_record retain-parse bun 100000 52.7 
MEM small_record retain-parse baseline 100000 24.3 
MEM small_record retain-parse perry 100000 24.3 
MEM small_record retain-parse node 100000 85.6 
MEM small_record retain-parse bun 100000 52.7 
MEM small_record retain-parse baseline 100000 24.3 
MEM small_record retain-stringify perry 1 11.9 
MEM small_record retain-stringify node 1 52.9 
MEM small_record retain-stringify bun 1 28.3 
MEM small_record retain-stringify baseline 1 11.9 
MEM small_record retain-stringify perry 1 11.9 
MEM small_record retain-stringify node 1 52.8 
MEM small_record retain-stringify bun 1 28.4 
MEM small_record retain-stringify baseline 1 11.9 
MEM small_record retain-stringify perry 1 11.9 
MEM small_record retain-stringify node 1 52.9 
MEM small_record retain-stringify bun 1 28.5 
MEM small_record retain-stringify baseline 1 11.9 
MEM small_record retain-stringify perry 1 11.9 
MEM small_record retain-stringify node 1 52.9 
MEM small_record retain-stringify bun 1 28.3 
MEM small_record retain-stringify baseline 1 11.9 
MEM small_record retain-stringify perry 1 11.9 
MEM small_record retain-stringify node 1 52.9 
MEM small_record retain-stringify bun 1 28.3 
MEM small_record retain-stringify baseline 1 11.9 
MEM small_record retain-stringify perry 100000 27.6 
MEM small_record retain-stringify node 100000 80.4 
MEM small_record retain-stringify bun 100000 51.1 
MEM small_record retain-stringify baseline 100000 27.6 
MEM small_record retain-stringify perry 100000 27.6 
MEM small_record retain-stringify node 100000 80.4 
MEM small_record retain-stringify bun 100000 51.1 
MEM small_record retain-stringify baseline 100000 27.6 
MEM small_record retain-stringify perry 100000 27.6 
MEM small_record retain-stringify node 100000 80.5 
MEM small_record retain-stringify bun 100000 51.1 
MEM small_record retain-stringify baseline 100000 27.5 
MEM small_record retain-stringify perry 100000 27.5 
MEM small_record retain-stringify node 100000 80.5 
MEM small_record retain-stringify bun 100000 51.1 
MEM small_record retain-stringify baseline 100000 27.6 
MEM small_record retain-stringify perry 100000 27.5 
MEM small_record retain-stringify node 100000 80.4 
MEM small_record retain-stringify bun 100000 51.1 
MEM small_record retain-stringify baseline 100000 27.5 
MEM records_array_1m retain-parse perry 1 16.5 
MEM records_array_1m retain-parse node 1 58.5 
MEM records_array_1m retain-parse bun 1 31.7 
MEM records_array_1m retain-parse baseline 1 16.5 
MEM records_array_1m retain-parse perry 1 16.5 
MEM records_array_1m retain-parse node 1 58.5 
MEM records_array_1m retain-parse bun 1 31.6 
MEM records_array_1m retain-parse baseline 1 16.5 
MEM records_array_1m retain-parse perry 1 16.5 
MEM records_array_1m retain-parse node 1 58.5 
MEM records_array_1m retain-parse bun 1 31.7 
MEM records_array_1m retain-parse baseline 1 16.5 
MEM records_array_1m retain-parse perry 1 16.5 
MEM records_array_1m retain-parse node 1 58.5 
MEM records_array_1m retain-parse bun 1 31.7 
MEM records_array_1m retain-parse baseline 1 16.5 
MEM records_array_1m retain-parse perry 1 16.5 
MEM records_array_1m retain-parse node 1 58.5 
MEM records_array_1m retain-parse bun 1 31.7 
MEM records_array_1m retain-parse baseline 1 16.5 
MEM records_array_1m retain-parse perry 16 40.4 
MEM records_array_1m retain-parse node 16 88.7 
MEM records_array_1m retain-parse bun 16 55.9 
MEM records_array_1m retain-parse baseline 16 40.4 
MEM records_array_1m retain-parse perry 16 40.4 
MEM records_array_1m retain-parse node 16 88.7 
MEM records_array_1m retain-parse bun 16 55.9 
MEM records_array_1m retain-parse baseline 16 40.4 
MEM records_array_1m retain-parse perry 16 40.4 
MEM records_array_1m retain-parse node 16 88.7 
MEM records_array_1m retain-parse bun 16 56.0 
MEM records_array_1m retain-parse baseline 16 40.4 
MEM records_array_1m retain-parse perry 16 40.4 
MEM records_array_1m retain-parse node 16 88.7 
MEM records_array_1m retain-parse bun 16 55.9 
MEM records_array_1m retain-parse baseline 16 40.4 
MEM records_array_1m retain-parse perry 16 40.4 
MEM records_array_1m retain-parse node 16 88.7 
MEM records_array_1m retain-parse bun 16 56.0 
MEM records_array_1m retain-parse baseline 16 40.4 
MEM records_array_1m retain-stringify perry 1 19.1 
MEM records_array_1m retain-stringify node 1 60.5 
MEM records_array_1m retain-stringify bun 1 34.5 
MEM records_array_1m retain-stringify baseline 1 19.1 
MEM records_array_1m retain-stringify perry 1 19.1 
MEM records_array_1m retain-stringify node 1 60.7 
MEM records_array_1m retain-stringify bun 1 34.5 
MEM records_array_1m retain-stringify baseline 1 19.1 
MEM records_array_1m retain-stringify perry 1 19.1 
MEM records_array_1m retain-stringify node 1 60.7 
MEM records_array_1m retain-stringify bun 1 34.5 
MEM records_array_1m retain-stringify baseline 1 19.1 
MEM records_array_1m retain-stringify perry 1 19.1 
MEM records_array_1m retain-stringify node 1 60.7 
MEM records_array_1m retain-stringify bun 1 34.4 
MEM records_array_1m retain-stringify baseline 1 19.1 
MEM records_array_1m retain-stringify perry 1 19.1 
MEM records_array_1m retain-stringify node 1 60.6 
MEM records_array_1m retain-stringify bun 1 34.5 
MEM records_array_1m retain-stringify baseline 1 19.1 
MEM records_array_1m retain-stringify perry 16 31.8 
MEM records_array_1m retain-stringify node 16 76.3 
MEM records_array_1m retain-stringify bun 16 47.3 
MEM records_array_1m retain-stringify baseline 16 31.8 
MEM records_array_1m retain-stringify perry 16 31.8 
MEM records_array_1m retain-stringify node 16 76.4 
MEM records_array_1m retain-stringify bun 16 47.3 
MEM records_array_1m retain-stringify baseline 16 31.8 
MEM records_array_1m retain-stringify perry 16 31.8 
MEM records_array_1m retain-stringify node 16 76.5 
MEM records_array_1m retain-stringify bun 16 47.2 
MEM records_array_1m retain-stringify baseline 16 31.8 
MEM records_array_1m retain-stringify perry 16 31.8 
MEM records_array_1m retain-stringify node 16 76.5 
MEM records_array_1m retain-stringify bun 16 47.3 
MEM records_array_1m retain-stringify baseline 16 31.8 
MEM records_array_1m retain-stringify perry 16 31.8 
MEM records_array_1m retain-stringify node 16 76.5 
MEM records_array_1m retain-stringify bun 16 47.3 
MEM records_array_1m retain-stringify baseline 16 31.8 
MEM records_object_1m retain-parse perry 1 15.2 
MEM records_object_1m retain-parse node 1 58.5 
MEM records_object_1m retain-parse bun 1 31.7 
MEM records_object_1m retain-parse baseline 1 15.3 
MEM records_object_1m retain-parse perry 1 15.3 
MEM records_object_1m retain-parse node 1 58.5 
MEM records_object_1m retain-parse bun 1 31.7 
MEM records_object_1m retain-parse baseline 1 15.3 
MEM records_object_1m retain-parse perry 1 15.2 
MEM records_object_1m retain-parse node 1 58.4 
MEM records_object_1m retain-parse bun 1 31.7 
MEM records_object_1m retain-parse baseline 1 15.3 
MEM records_object_1m retain-parse perry 1 15.2 
MEM records_object_1m retain-parse node 1 58.4 
MEM records_object_1m retain-parse bun 1 31.7 
MEM records_object_1m retain-parse baseline 1 15.2 
MEM records_object_1m retain-parse perry 1 15.3 
MEM records_object_1m retain-parse node 1 58.4 
MEM records_object_1m retain-parse bun 1 31.7 
MEM records_object_1m retain-parse baseline 1 15.2 
MEM records_object_1m retain-parse perry 16 52.3 
MEM records_object_1m retain-parse node 16 88.8 
MEM records_object_1m retain-parse bun 16 56.0 
MEM records_object_1m retain-parse baseline 16 52.4 
MEM records_object_1m retain-parse perry 16 52.3 
MEM records_object_1m retain-parse node 16 88.7 
MEM records_object_1m retain-parse bun 16 55.9 
MEM records_object_1m retain-parse baseline 16 52.4 
MEM records_object_1m retain-parse perry 16 52.3 
MEM records_object_1m retain-parse node 16 88.9 
MEM records_object_1m retain-parse bun 16 55.9 
MEM records_object_1m retain-parse baseline 16 52.4 
MEM records_object_1m retain-parse perry 16 52.3 
MEM records_object_1m retain-parse node 16 88.9 
MEM records_object_1m retain-parse bun 16 55.9 
MEM records_object_1m retain-parse baseline 16 52.4 
MEM records_object_1m retain-parse perry 16 52.3 
MEM records_object_1m retain-parse node 16 88.8 
MEM records_object_1m retain-parse bun 16 55.9 
MEM records_object_1m retain-parse baseline 16 52.4 
MEM records_object_1m retain-stringify perry 1 19.1 
MEM records_object_1m retain-stringify node 1 60.5 
MEM records_object_1m retain-stringify bun 1 34.5 
MEM records_object_1m retain-stringify baseline 1 19.1 
MEM records_object_1m retain-stringify perry 1 19.1 
MEM records_object_1m retain-stringify node 1 60.6 
MEM records_object_1m retain-stringify bun 1 34.5 
MEM records_object_1m retain-stringify baseline 1 19.1 
MEM records_object_1m retain-stringify perry 1 19.1 
MEM records_object_1m retain-stringify node 1 60.7 
MEM records_object_1m retain-stringify bun 1 34.4 
MEM records_object_1m retain-stringify baseline 1 19.1 
MEM records_object_1m retain-stringify perry 1 19.1 
MEM records_object_1m retain-stringify node 1 60.5 
MEM records_object_1m retain-stringify bun 1 34.4 
MEM records_object_1m retain-stringify baseline 1 19.1 
MEM records_object_1m retain-stringify perry 1 19.1 
MEM records_object_1m retain-stringify node 1 60.7 
MEM records_object_1m retain-stringify bun 1 34.5 
MEM records_object_1m retain-stringify baseline 1 19.1 
MEM records_object_1m retain-stringify perry 16 31.8 
MEM records_object_1m retain-stringify node 16 76.5 
MEM records_object_1m retain-stringify bun 16 47.3 
MEM records_object_1m retain-stringify baseline 16 31.8 
MEM records_object_1m retain-stringify perry 16 31.8 
MEM records_object_1m retain-stringify node 16 76.5 
MEM records_object_1m retain-stringify bun 16 47.2 
MEM records_object_1m retain-stringify baseline 16 31.8 
MEM records_object_1m retain-stringify perry 16 31.8 
MEM records_object_1m retain-stringify node 16 76.5 
MEM records_object_1m retain-stringify bun 16 47.3 
MEM records_object_1m retain-stringify baseline 16 31.8 
MEM records_object_1m retain-stringify perry 16 31.8 
MEM records_object_1m retain-stringify node 16 76.5 
MEM records_object_1m retain-stringify bun 16 47.3 
MEM records_object_1m retain-stringify baseline 16 31.8 
MEM records_object_1m retain-stringify perry 16 31.8 
MEM records_object_1m retain-stringify node 16 76.4 
MEM records_object_1m retain-stringify bun 16 47.3 
MEM records_object_1m retain-stringify baseline 16 31.8 
MEM records_array_8m retain-parse perry 1 48.5 
MEM records_array_8m retain-parse node 1 94.4 
MEM records_array_8m retain-parse bun 1 52.4 
MEM records_array_8m retain-parse baseline 1 48.5 
MEM records_array_8m retain-parse perry 1 48.5 
MEM records_array_8m retain-parse node 1 94.4 
MEM records_array_8m retain-parse bun 1 52.4 
MEM records_array_8m retain-parse baseline 1 48.5 
MEM records_array_8m retain-parse perry 1 48.5 
MEM records_array_8m retain-parse node 1 94.5 
MEM records_array_8m retain-parse bun 1 52.4 
MEM records_array_8m retain-parse baseline 1 48.5 
MEM records_array_8m retain-parse perry 1 48.5 
MEM records_array_8m retain-parse node 1 94.4 
MEM records_array_8m retain-parse bun 1 52.3 
MEM records_array_8m retain-parse baseline 1 48.5 
MEM records_array_8m retain-parse perry 1 48.5 
MEM records_array_8m retain-parse node 1 94.3 
MEM records_array_8m retain-parse bun 1 52.3 
MEM records_array_8m retain-parse baseline 1 48.5 
MEM records_array_8m retain-parse perry 4 85.3 
MEM records_array_8m retain-parse node 4 146.7 
MEM records_array_8m retain-parse bun 4 91.8 
MEM records_array_8m retain-parse baseline 4 85.3 
MEM records_array_8m retain-parse perry 4 85.3 
MEM records_array_8m retain-parse node 4 147.0 
MEM records_array_8m retain-parse bun 4 91.9 
MEM records_array_8m retain-parse baseline 4 85.3 
MEM records_array_8m retain-parse perry 4 85.3 
MEM records_array_8m retain-parse node 4 146.8 
MEM records_array_8m retain-parse bun 4 91.9 
MEM records_array_8m retain-parse baseline 4 85.3 
MEM records_array_8m retain-parse perry 4 85.3 
MEM records_array_8m retain-parse node 4 147.1 
MEM records_array_8m retain-parse bun 4 91.9 
MEM records_array_8m retain-parse baseline 4 85.3 
MEM records_array_8m retain-parse perry 4 85.3 
MEM records_array_8m retain-parse node 4 147.0 
MEM records_array_8m retain-parse bun 4 92.0 
MEM records_array_8m retain-parse baseline 4 85.3 
MEM records_array_8m retain-stringify perry 1 77.3 
MEM records_array_8m retain-stringify node 1 114.2 
MEM records_array_8m retain-stringify bun 1 73.5 
MEM records_array_8m retain-stringify baseline 1 77.3 
MEM records_array_8m retain-stringify perry 1 77.3 
MEM records_array_8m retain-stringify node 1 114.4 
MEM records_array_8m retain-stringify bun 1 73.5 
MEM records_array_8m retain-stringify baseline 1 77.4 
MEM records_array_8m retain-stringify perry 1 77.3 
MEM records_array_8m retain-stringify node 1 114.2 
MEM records_array_8m retain-stringify bun 1 73.5 
MEM records_array_8m retain-stringify baseline 1 77.4 
MEM records_array_8m retain-stringify perry 1 77.3 
MEM records_array_8m retain-stringify node 1 114.3 
MEM records_array_8m retain-stringify bun 1 73.5 
MEM records_array_8m retain-stringify baseline 1 77.4 
MEM records_array_8m retain-stringify perry 1 77.3 
MEM records_array_8m retain-stringify node 1 114.3 
MEM records_array_8m retain-stringify bun 1 73.5 
MEM records_array_8m retain-stringify baseline 1 77.4 
MEM records_array_8m retain-stringify perry 4 98.6 
MEM records_array_8m retain-stringify node 4 143.7 
MEM records_array_8m retain-stringify bun 4 94.5 
MEM records_array_8m retain-stringify baseline 4 98.6 
MEM records_array_8m retain-stringify perry 4 98.6 
MEM records_array_8m retain-stringify node 4 144.1 
MEM records_array_8m retain-stringify bun 4 94.5 
MEM records_array_8m retain-stringify baseline 4 98.7 
MEM records_array_8m retain-stringify perry 4 98.6 
MEM records_array_8m retain-stringify node 4 144.0 
MEM records_array_8m retain-stringify bun 4 94.5 
MEM records_array_8m retain-stringify baseline 4 98.6 
MEM records_array_8m retain-stringify perry 4 98.6 
MEM records_array_8m retain-stringify node 4 143.7 
MEM records_array_8m retain-stringify bun 4 94.5 
MEM records_array_8m retain-stringify baseline 4 98.6 
MEM records_array_8m retain-stringify perry 4 98.6 
MEM records_array_8m retain-stringify node 4 144.0 
MEM records_array_8m retain-stringify bun 4 94.5 
MEM records_array_8m retain-stringify baseline 4 98.6 
MEM records_object_8m retain-parse perry 1 33.1 
MEM records_object_8m retain-parse node 1 94.3 
MEM records_object_8m retain-parse bun 1 52.3 
MEM records_object_8m retain-parse baseline 1 33.1 
MEM records_object_8m retain-parse perry 1 33.1 
MEM records_object_8m retain-parse node 1 94.4 
MEM records_object_8m retain-parse bun 1 52.4 
MEM records_object_8m retain-parse baseline 1 33.1 
MEM records_object_8m retain-parse perry 1 33.1 
MEM records_object_8m retain-parse node 1 94.4 
MEM records_object_8m retain-parse bun 1 52.3 
MEM records_object_8m retain-parse baseline 1 33.1 
MEM records_object_8m retain-parse perry 1 33.1 
MEM records_object_8m retain-parse node 1 94.4 
MEM records_object_8m retain-parse bun 1 52.3 
MEM records_object_8m retain-parse baseline 1 33.1 
MEM records_object_8m retain-parse perry 1 33.1 
MEM records_object_8m retain-parse node 1 94.5 
MEM records_object_8m retain-parse bun 1 52.3 
MEM records_object_8m retain-parse baseline 1 33.1 
MEM records_object_8m retain-parse perry 4 90.8 
MEM records_object_8m retain-parse node 4 146.8 
MEM records_object_8m retain-parse bun 4 91.9 
MEM records_object_8m retain-parse baseline 4 90.9 
MEM records_object_8m retain-parse perry 4 90.8 
MEM records_object_8m retain-parse node 4 147.0 
MEM records_object_8m retain-parse bun 4 92.0 
MEM records_object_8m retain-parse baseline 4 90.9 
MEM records_object_8m retain-parse perry 4 90.8 
MEM records_object_8m retain-parse node 4 147.1 
MEM records_object_8m retain-parse bun 4 91.8 
MEM records_object_8m retain-parse baseline 4 90.9 
MEM records_object_8m retain-parse perry 4 90.8 
MEM records_object_8m retain-parse node 4 147.1 
MEM records_object_8m retain-parse bun 4 92.1 
MEM records_object_8m retain-parse baseline 4 90.9 
MEM records_object_8m retain-parse perry 4 90.8 
MEM records_object_8m retain-parse node 4 146.9 
MEM records_object_8m retain-parse bun 4 91.8 
MEM records_object_8m retain-parse baseline 4 90.9 
MEM records_object_8m retain-stringify perry 1 77.3 
MEM records_object_8m retain-stringify node 1 114.2 
MEM records_object_8m retain-stringify bun 1 73.5 
MEM records_object_8m retain-stringify baseline 1 77.3 
MEM records_object_8m retain-stringify perry 1 77.3 
MEM records_object_8m retain-stringify node 1 114.2 
MEM records_object_8m retain-stringify bun 1 73.5 
MEM records_object_8m retain-stringify baseline 1 77.3 
MEM records_object_8m retain-stringify perry 1 77.4 
MEM records_object_8m retain-stringify node 1 114.3 
MEM records_object_8m retain-stringify bun 1 73.0 
MEM records_object_8m retain-stringify baseline 1 77.4 
MEM records_object_8m retain-stringify perry 1 77.3 
MEM records_object_8m retain-stringify node 1 114.3 
MEM records_object_8m retain-stringify bun 1 73.5 
MEM records_object_8m retain-stringify baseline 1 77.4 
MEM records_object_8m retain-stringify perry 1 77.3 
MEM records_object_8m retain-stringify node 1 114.3 
MEM records_object_8m retain-stringify bun 1 73.5 
MEM records_object_8m retain-stringify baseline 1 77.3 
MEM records_object_8m retain-stringify perry 4 98.6 
MEM records_object_8m retain-stringify node 4 143.6 
MEM records_object_8m retain-stringify bun 4 94.5 
MEM records_object_8m retain-stringify baseline 4 98.7 
MEM records_object_8m retain-stringify perry 4 98.6 
MEM records_object_8m retain-stringify node 4 144.0 
MEM records_object_8m retain-stringify bun 4 94.5 
MEM records_object_8m retain-stringify baseline 4 98.6 
MEM records_object_8m retain-stringify perry 4 98.6 
MEM records_object_8m retain-stringify node 4 144.0 
MEM records_object_8m retain-stringify bun 4 94.5 
MEM records_object_8m retain-stringify baseline 4 98.7 
MEM records_object_8m retain-stringify perry 4 98.6 
MEM records_object_8m retain-stringify node 4 144.2 
MEM records_object_8m retain-stringify bun 4 94.5 
MEM records_object_8m retain-stringify baseline 4 98.6 
MEM records_object_8m retain-stringify perry 4 98.6 
MEM records_object_8m retain-stringify node 4 144.1 
MEM records_object_8m retain-stringify bun 4 94.5 
MEM records_object_8m retain-stringify baseline 4 98.6 
MEM long_string_1m retain-parse perry 1 15.2 
MEM long_string_1m retain-parse node 1 56.6 
MEM long_string_1m retain-parse bun 1 30.6 
MEM long_string_1m retain-parse baseline 1 15.2 
MEM long_string_1m retain-parse perry 1 15.2 
MEM long_string_1m retain-parse node 1 56.6 
MEM long_string_1m retain-parse bun 1 30.6 
MEM long_string_1m retain-parse baseline 1 15.2 
MEM long_string_1m retain-parse perry 1 15.2 
MEM long_string_1m retain-parse node 1 56.5 
MEM long_string_1m retain-parse bun 1 30.6 
MEM long_string_1m retain-parse baseline 1 15.2 
MEM long_string_1m retain-parse perry 1 15.2 
MEM long_string_1m retain-parse node 1 56.6 
MEM long_string_1m retain-parse bun 1 30.6 
MEM long_string_1m retain-parse baseline 1 15.2 
MEM long_string_1m retain-parse perry 1 15.2 
MEM long_string_1m retain-parse node 1 56.6 
MEM long_string_1m retain-parse bun 1 30.6 
MEM long_string_1m retain-parse baseline 1 15.2 
MEM long_string_1m retain-parse perry 32 15.2 
MEM long_string_1m retain-parse node 32 89.1 
MEM long_string_1m retain-parse bun 32 61.7 
MEM long_string_1m retain-parse baseline 32 15.2 
MEM long_string_1m retain-parse perry 32 15.2 
MEM long_string_1m retain-parse node 32 89.3 
MEM long_string_1m retain-parse bun 32 61.7 
MEM long_string_1m retain-parse baseline 32 15.2 
MEM long_string_1m retain-parse perry 32 15.2 
MEM long_string_1m retain-parse node 32 89.2 
MEM long_string_1m retain-parse bun 32 61.7 
MEM long_string_1m retain-parse baseline 32 15.2 
MEM long_string_1m retain-parse perry 32 15.2 
MEM long_string_1m retain-parse node 32 89.2 
MEM long_string_1m retain-parse bun 32 61.7 
MEM long_string_1m retain-parse baseline 32 15.2 
MEM long_string_1m retain-parse perry 32 15.2 
MEM long_string_1m retain-parse node 32 89.2 
MEM long_string_1m retain-parse bun 32 61.7 
MEM long_string_1m retain-parse baseline 32 15.2 
MEM long_string_1m retain-stringify perry 1 17.6 
MEM long_string_1m retain-stringify node 1 60.6 
MEM long_string_1m retain-stringify bun 1 32.7 
MEM long_string_1m retain-stringify baseline 1 17.6 
MEM long_string_1m retain-stringify perry 1 17.6 
MEM long_string_1m retain-stringify node 1 60.7 
MEM long_string_1m retain-stringify bun 1 32.7 
MEM long_string_1m retain-stringify baseline 1 17.6 
MEM long_string_1m retain-stringify perry 1 17.6 
MEM long_string_1m retain-stringify node 1 60.6 
MEM long_string_1m retain-stringify bun 1 32.7 
MEM long_string_1m retain-stringify baseline 1 17.6 
MEM long_string_1m retain-stringify perry 1 17.6 
MEM long_string_1m retain-stringify node 1 60.6 
MEM long_string_1m retain-stringify bun 1 32.6 
MEM long_string_1m retain-stringify baseline 1 17.6 
MEM long_string_1m retain-stringify perry 1 17.6 
MEM long_string_1m retain-stringify node 1 60.7 
MEM long_string_1m retain-stringify bun 1 32.7 
MEM long_string_1m retain-stringify baseline 1 17.6 
MEM long_string_1m retain-stringify perry 32 51.1 
MEM long_string_1m retain-stringify node 32 92.4 
MEM long_string_1m retain-stringify bun 32 63.8 
MEM long_string_1m retain-stringify baseline 32 51.1 
MEM long_string_1m retain-stringify perry 32 51.1 
MEM long_string_1m retain-stringify node 32 92.4 
MEM long_string_1m retain-stringify bun 32 63.8 
MEM long_string_1m retain-stringify baseline 32 51.1 
MEM long_string_1m retain-stringify perry 32 51.1 
MEM long_string_1m retain-stringify node 32 92.4 
MEM long_string_1m retain-stringify bun 32 63.8 
MEM long_string_1m retain-stringify baseline 32 51.1 
MEM long_string_1m retain-stringify perry 32 51.1 
MEM long_string_1m retain-stringify node 32 92.3 
MEM long_string_1m retain-stringify bun 32 63.8 
MEM long_string_1m retain-stringify baseline 32 51.1 
MEM long_string_1m retain-stringify perry 32 51.1 
MEM long_string_1m retain-stringify node 32 92.3 
MEM long_string_1m retain-stringify bun 32 63.8 
MEM long_string_1m retain-stringify baseline 32 51.1 
MEM unicode_1m retain-parse perry 1 14.5 
MEM unicode_1m retain-parse node 1 57.8 
MEM unicode_1m retain-parse bun 1 31.3 
MEM unicode_1m retain-parse baseline 1 14.5 
MEM unicode_1m retain-parse perry 1 14.6 
MEM unicode_1m retain-parse node 1 57.7 
MEM unicode_1m retain-parse bun 1 31.3 
MEM unicode_1m retain-parse baseline 1 14.5 
MEM unicode_1m retain-parse perry 1 14.6 
MEM unicode_1m retain-parse node 1 57.8 
MEM unicode_1m retain-parse bun 1 31.3 
MEM unicode_1m retain-parse baseline 1 14.6 
MEM unicode_1m retain-parse perry 1 14.5 
MEM unicode_1m retain-parse node 1 57.7 
MEM unicode_1m retain-parse bun 1 31.3 
MEM unicode_1m retain-parse baseline 1 14.6 
MEM unicode_1m retain-parse perry 1 14.6 
MEM unicode_1m retain-parse node 1 57.7 
MEM unicode_1m retain-parse bun 1 31.4 
MEM unicode_1m retain-parse baseline 1 14.5 
MEM unicode_1m retain-parse perry 32 14.6 
MEM unicode_1m retain-parse node 32 86.4 
MEM unicode_1m retain-parse bun 32 59.0 
MEM unicode_1m retain-parse baseline 32 14.6 
MEM unicode_1m retain-parse perry 32 14.6 
MEM unicode_1m retain-parse node 32 86.5 
MEM unicode_1m retain-parse bun 32 59.0 
MEM unicode_1m retain-parse baseline 32 14.6 
MEM unicode_1m retain-parse perry 32 14.6 
MEM unicode_1m retain-parse node 32 86.2 
MEM unicode_1m retain-parse bun 32 59.0 
MEM unicode_1m retain-parse baseline 32 14.6 
MEM unicode_1m retain-parse perry 32 14.6 
MEM unicode_1m retain-parse node 32 86.4 
MEM unicode_1m retain-parse bun 32 59.0 
MEM unicode_1m retain-parse baseline 32 14.6 
MEM unicode_1m retain-parse perry 32 14.6 
MEM unicode_1m retain-parse node 32 86.4 
MEM unicode_1m retain-parse bun 32 59.0 
MEM unicode_1m retain-parse baseline 32 14.6 
MEM unicode_1m retain-stringify perry 1 16.4 
MEM unicode_1m retain-stringify node 1 60.9 
MEM unicode_1m retain-stringify bun 1 34.1 
MEM unicode_1m retain-stringify baseline 1 16.4 
MEM unicode_1m retain-stringify perry 1 16.5 
MEM unicode_1m retain-stringify node 1 60.8 
MEM unicode_1m retain-stringify bun 1 34.5 
MEM unicode_1m retain-stringify baseline 1 16.5 
MEM unicode_1m retain-stringify perry 1 16.4 
MEM unicode_1m retain-stringify node 1 60.9 
MEM unicode_1m retain-stringify bun 1 34.5 
MEM unicode_1m retain-stringify baseline 1 16.5 
MEM unicode_1m retain-stringify perry 1 16.5 
MEM unicode_1m retain-stringify node 1 60.9 
MEM unicode_1m retain-stringify bun 1 34.5 
MEM unicode_1m retain-stringify baseline 1 16.5 
MEM unicode_1m retain-stringify perry 1 16.5 
MEM unicode_1m retain-stringify node 1 60.9 
MEM unicode_1m retain-stringify bun 1 34.1 
MEM unicode_1m retain-stringify baseline 1 16.5 
MEM unicode_1m retain-stringify perry 32 41.8 
MEM unicode_1m retain-stringify node 32 89.2 
MEM unicode_1m retain-stringify bun 32 61.8 
MEM unicode_1m retain-stringify baseline 32 41.8 
MEM unicode_1m retain-stringify perry 32 41.8 
MEM unicode_1m retain-stringify node 32 89.2 
MEM unicode_1m retain-stringify bun 32 61.8 
MEM unicode_1m retain-stringify baseline 32 41.8 
MEM unicode_1m retain-stringify perry 32 41.8 
MEM unicode_1m retain-stringify node 32 89.2 
MEM unicode_1m retain-stringify bun 32 61.8 
MEM unicode_1m retain-stringify baseline 32 41.8 
MEM unicode_1m retain-stringify perry 32 41.8 
MEM unicode_1m retain-stringify node 32 89.2 
MEM unicode_1m retain-stringify bun 32 61.8 
MEM unicode_1m retain-stringify baseline 32 41.8 
MEM unicode_1m retain-stringify perry 32 41.8 
MEM unicode_1m retain-stringify node 32 89.2 
MEM unicode_1m retain-stringify bun 32 61.8 
MEM unicode_1m retain-stringify baseline 32 41.8 
MEM wide_1m retain-parse perry 1 20.6 
MEM wide_1m retain-parse node 1 65.6 
MEM wide_1m retain-parse bun 1 36.3 
MEM wide_1m retain-parse baseline 1 20.6 
MEM wide_1m retain-parse perry 1 20.6 
MEM wide_1m retain-parse node 1 65.7 
MEM wide_1m retain-parse bun 1 36.3 
MEM wide_1m retain-parse baseline 1 20.6 
MEM wide_1m retain-parse perry 1 20.6 
MEM wide_1m retain-parse node 1 65.6 
MEM wide_1m retain-parse bun 1 36.3 
MEM wide_1m retain-parse baseline 1 20.6 
MEM wide_1m retain-parse perry 1 20.6 
MEM wide_1m retain-parse node 1 65.7 
MEM wide_1m retain-parse bun 1 36.4 
MEM wide_1m retain-parse baseline 1 20.6 
MEM wide_1m retain-parse perry 1 20.6 
MEM wide_1m retain-parse node 1 65.7 
MEM wide_1m retain-parse bun 1 36.3 
MEM wide_1m retain-parse baseline 1 20.6 
MEM wide_1m retain-parse perry 16 77.0 
MEM wide_1m retain-parse node 16 112.6 
MEM wide_1m retain-parse bun 16 68.9 
MEM wide_1m retain-parse baseline 16 77.1 
MEM wide_1m retain-parse perry 16 77.0 
MEM wide_1m retain-parse node 16 112.6 
MEM wide_1m retain-parse bun 16 68.9 
MEM wide_1m retain-parse baseline 16 77.1 
MEM wide_1m retain-parse perry 16 77.0 
MEM wide_1m retain-parse node 16 112.6 
MEM wide_1m retain-parse bun 16 68.9 
MEM wide_1m retain-parse baseline 16 77.1 
MEM wide_1m retain-parse perry 16 77.0 
MEM wide_1m retain-parse node 16 112.4 
MEM wide_1m retain-parse bun 16 68.9 
MEM wide_1m retain-parse baseline 16 77.1 
MEM wide_1m retain-parse perry 16 77.0 
MEM wide_1m retain-parse node 16 112.6 
MEM wide_1m retain-parse bun 16 68.9 
MEM wide_1m retain-parse baseline 16 77.1 
MEM wide_1m retain-stringify perry 1 22.8 
MEM wide_1m retain-stringify node 1 68.7 
MEM wide_1m retain-stringify bun 1 39.3 
MEM wide_1m retain-stringify baseline 1 22.9 
MEM wide_1m retain-stringify perry 1 22.8 
MEM wide_1m retain-stringify node 1 68.7 
MEM wide_1m retain-stringify bun 1 39.3 
MEM wide_1m retain-stringify baseline 1 22.9 
MEM wide_1m retain-stringify perry 1 22.8 
MEM wide_1m retain-stringify node 1 68.7 
MEM wide_1m retain-stringify bun 1 39.3 
MEM wide_1m retain-stringify baseline 1 22.9 
MEM wide_1m retain-stringify perry 1 22.8 
MEM wide_1m retain-stringify node 1 68.6 
MEM wide_1m retain-stringify bun 1 39.3 
MEM wide_1m retain-stringify baseline 1 22.8 
MEM wide_1m retain-stringify perry 1 22.8 
MEM wide_1m retain-stringify node 1 68.7 
MEM wide_1m retain-stringify bun 1 39.3 
MEM wide_1m retain-stringify baseline 1 22.8 
MEM wide_1m retain-stringify perry 16 36.0 
MEM wide_1m retain-stringify node 16 86.6 
MEM wide_1m retain-stringify bun 16 53.5 
MEM wide_1m retain-stringify baseline 16 36.0 
MEM wide_1m retain-stringify perry 16 36.0 
MEM wide_1m retain-stringify node 16 86.6 
MEM wide_1m retain-stringify bun 16 53.5 
MEM wide_1m retain-stringify baseline 16 36.0 
MEM wide_1m retain-stringify perry 16 36.0 
MEM wide_1m retain-stringify node 16 86.5 
MEM wide_1m retain-stringify bun 16 53.7 
MEM wide_1m retain-stringify baseline 16 36.0 
MEM wide_1m retain-stringify perry 16 36.0 
MEM wide_1m retain-stringify node 16 86.5 
MEM wide_1m retain-stringify bun 16 53.5 
MEM wide_1m retain-stringify baseline 16 36.0 
MEM wide_1m retain-stringify perry 16 36.0 
MEM wide_1m retain-stringify node 16 86.7 
MEM wide_1m retain-stringify bun 16 53.5 
MEM wide_1m retain-stringify baseline 16 36.0 
