wide39 test_gap_json_scanning_boundaries True
wide39 test_issue_9184_json_parse_strict True
wide39 test_json True
wide39 test_json_sso_strings True
wide39 test_gap_json_advanced True
wide39 test_gap_json_stringify_replacer_tojson True
wide39 test_gap_json_prototype_tojson True
wide39 test_gap_json_replacer_sparse_hole True
wide39 test_gap_json_array_element_overflow_fields True
wide39 test_issue_9398_json_pretty_tombstoned_key True
wide39 test_json_typed_basic True
wide39 test_json_typed_array True
wide39 test_json_typed_nested True
wide39 test_json_typed_mismatch True
wide39 test_json_lazy_edge_cases True
wide39 test_json_lazy_predicates True
wide39 test_json_lazy_iteration True
wide39 test_json_lazy_indexed True
wide39 test_json_lazy_reviver True
wide39 test_json_lazy_per_element True
wide39 test_gap_json_flat_scalar_depth True
wide39 test_gap_json_number_formatting True
wide39 test_gap_json_wide_cache_lifetime True
wide39 test_gap_json_unicode_lengths True
wide39 test_gap_json_small_results True
wide39 test_gap_json_primitive_arrays True
wide39 test_gap_json_direct_strings True
wide39 test_gap_json_direct_objects True
wide39 test_gap_json_tape_scanning True
wide39 test_gap_json_parse_scalars True
wide39 test_gap_json_data_records True
wide39 test_gap_json_empty_object True
wide39 test_gap_json_primitive_object True
wide39 test_gap_json_parse_entry True
wide39 test_gap_json_record_output True
wide39 test_gap_json_owned_tape True
wide39 test_gap_json_parse_empty True
wide39 test_gap_json_escaped_output True
wide39 test_gap_json_parse_inline_object True
wide39 test_gap_json_short_array_storage True
FINISHED wide39 40 matched 40
