CHECKED growth null parse 2000000
CHECKED growth null stringify 2000000
CHECKED growth string_a parse 2000000
CHECKED growth string_a stringify 2000000
CHECKED growth empty_object parse 2000000
CHECKED growth empty_object stringify 2000000
CHECKED growth tiny_object parse 2000000
CHECKED growth tiny_object stringify 2000000
CHECKED growth small_record parse 576876
CHECKED growth small_record stringify 1289396
CHECKED growth object_1k parse 553250
CHECKED growth object_1k stringify 662860
CHECKED growth records_array_16k parse 6703
CHECKED growth records_array_16k stringify 10140
CHECKED growth records_array_1m parse 96
CHECKED growth records_array_1m stringify 176
CHECKED growth records_object_1m parse 70
CHECKED growth records_object_1m stringify 177
CHECKED growth records_array_8m parse 10
CHECKED growth records_array_8m stringify 20
CHECKED growth records_object_8m parse 8
CHECKED growth records_object_8m stringify 20
CHECKED growth records_array_20m parse 3
CHECKED growth records_array_20m stringify 8
CHECKED growth records_object_20m parse 3
CHECKED growth records_object_20m stringify 8
CHECKED growth numbers_1m parse 92
CHECKED growth numbers_1m stringify 96
CHECKED growth long_string_1m parse 1346
CHECKED growth long_string_1m stringify 1164
CHECKED growth escaped_1m parse 83
CHECKED growth escaped_1m stringify 169
CHECKED growth unicode_1m parse 1440
CHECKED growth unicode_1m stringify 1389
CHECKED growth wide_1m parse 36
CHECKED growth wide_1m stringify 216
CHECKED growth heterogeneous_1m parse 81
CHECKED growth heterogeneous_1m stringify 168
CHECKED empty empty_object parse 2000000
CHECKED empty tiny_object parse 2000000
CHECKED empty small_record parse 576876
CHECKED empty object_1k parse 553250
CHECKED empty tiny_object stringify 2000000
CHECKED empty small_record stringify 1289396
CHECKED entry records_array_1m parse 96
CHECKED entry records_array_8m parse 10
CHECKED entry heterogeneous_1m parse 81
CHECKED tape escaped_1m stringify 169
CHECKED tape wide_1m stringify 216
CHECKED tape numbers_1m parse 92
CHECKED count escaped_1m stringify 169
CHECKED count wide_1m stringify 216
CHECKED count numbers_1m parse 92
CHECKED count long_string_1m parse 1346
CHECKED count unicode_1m parse 1440
CHECKED count records_object_20m parse 3
CHECKED plan tiny_object parse 2000000
CHECKED plan small_record parse 576876
CHECKED plan object_1k parse 553250
CHECKED plan records_object_1m parse 70
CHECKED plan records_object_8m parse 8
CHECKED marker escaped_1m stringify 169
CHECKED marker records_array_16k parse 6703
CHECKED marker records_array_1m parse 96
CHECKED inline null parse 2000000
CHECKED inline string_a parse 2000000
CHECKED inline empty_object parse 2000000
CHECKED inline tiny_object parse 2000000
CHECKED inline small_record stringify 1289396
CHECKED short object_1k parse 553250
CHECKED short wide_1m stringify 216
Retained empty-object checks complete 24
