[gc-globalthis-bootstrap] elapsed_us=2988 per_object_slot_masks=0 per_object_typed_layouts=0
[gc-scan-fallback] site=old_reclaim_alloc_point automatic=true count=1
[gc-proxy-registry] live=0 tombstones=0 slots=0 reclaimed=0 reclaimed_total=0
[gc] blocks: general=1 (1 live), non_general=16 (4 live, survivors+longlived+old), freed_bytes=12283584 retained_forwarded_stub_bytes=1984 retained_forwarded_stub_objects=8
[gc-old-free] reusable_bytes=2031472
[gc-scan-fallback] site=old_reclaim_alloc_point automatic=true count=2
[gc-proxy-registry] live=0 tombstones=0 slots=0 reclaimed=0 reclaimed_total=0
[gc] blocks: general=1 (1 live), non_general=18 (6 live, survivors+longlived+old), freed_bytes=13320528 retained_forwarded_stub_bytes=1984 retained_forwarded_stub_objects=8
[gc-old-free] reusable_bytes=3047208
[gc-scan-fallback] site=old_reclaim_alloc_point automatic=true count=3
[gc-proxy-registry] live=0 tombstones=0 slots=0 reclaimed=0 reclaimed_total=0
[gc] blocks: general=1 (1 live), non_general=19 (7 live, survivors+longlived+old), freed_bytes=12501160 retained_forwarded_stub_bytes=1984 retained_forwarded_stub_objects=8
[gc-old-free] reusable_bytes=2047200
[gc-scan-fallback] site=old_reclaim_alloc_point automatic=true count=4
[gc-proxy-registry] live=0 tombstones=0 slots=0 reclaimed=0 reclaimed_total=0
[gc] blocks: general=1 (1 live), non_general=21 (6 live, survivors+longlived+old), freed_bytes=16533888 retained_forwarded_stub_bytes=1984 retained_forwarded_stub_objects=8
[gc-old-free] reusable_bytes=3047208
[gc-scan-fallback] site=old_reclaim_alloc_point automatic=true count=5
[gc-proxy-registry] live=0 tombstones=0 slots=0 reclaimed=0 reclaimed_total=0
[gc] blocks: general=1 (1 live), non_general=21 (8 live, survivors+longlived+old), freed_bytes=12503656 retained_forwarded_stub_bytes=1984 retained_forwarded_stub_objects=8
[gc-old-free] reusable_bytes=3062936
[gc-scan-fallback] site=old_reclaim_alloc_point automatic=true count=6
[gc-proxy-registry] live=0 tombstones=0 slots=0 reclaimed=0 reclaimed_total=0
[gc] blocks: general=1 (1 live), non_general=21 (6 live, survivors+longlived+old), freed_bytes=16536416 retained_forwarded_stub_bytes=1984 retained_forwarded_stub_objects=8
[gc-old-free] reusable_bytes=3047208
[gc-scan-fallback] site=old_reclaim_alloc_point automatic=true count=7
[gc-proxy-registry] live=0 tombstones=0 slots=0 reclaimed=0 reclaimed_total=0
[gc] blocks: general=1 (1 live), non_general=21 (7 live, survivors+longlived+old), freed_bytes=13521952 retained_forwarded_stub_bytes=1984 retained_forwarded_stub_objects=8
[gc-old-free] reusable_bytes=3062936
[box-stats] allocs=0 pool_reuses=0 releases=0 resident_cells=0 registry_len=0 i32_registry_len=0 bool_registry_len=0 flushes=6 published=0
[gc-incremental] cycle_starts=0 steps=0 completions=0 active_at_exit=false mark_barrier_arms=7 mark_barrier_armed_us=6029 skips(reentrant=0 no_trigger=7 start_blocked=0 resume_blocked=0 nursery_cap_deferred=0) safepoints_blocked_by_budgeted=0 safepoints_blocked(in_alloc=0 unsafe_zone=0 root_lock=0) copying_minors=0 loop_polls=1 poll_arm_events=0 poll_armed_at_exit=0 forwarded_stub_recoveries=0
[gc-idle-reclaim] enabled=true attempts=0 completions=0 productive=0 freed_bytes=0 old_reclaimed_bytes=0 slices=0 yields=0 start_blocked=0 work_capped=0 post_purges=0 backoff_shift=0
[gc-idle-compact] enabled=true attempts=0 productive=0 released_bytes=0 pause_us_total=0 pause_us_max=0 wake_declined=0 backoff_shift=0
[gc-arena-right-size] episodes=0 starts=0 released_capacity_bytes=0 low_collections=0 fulls_remaining=0 disarmed=false arena_live=4349512 arena_capacity=9437184
[gc-step-bounds] step_max_us=0 final_remark_max_us=0 final_remarks=0 weak_records=0 weak_max_records_per_step=0 weak_steps_sliced=0 weak_registry_restarts=0 weak_registry_atomic_finishes=0
[gc-time] wall_us=159859 step_us=0 remark_us=0 minor_us=0 full_sync_us=0 share_permille=0
        0.16 real         0.15 user         0.01 sys
            70221824  maximum resident set size
                   0  average shared memory size
                   0  average unshared data size
                   0  average unshared stack size
                4432  page reclaims
                  21  page faults
                   0  swaps
                   0  block input operations
                   0  block output operations
                   0  messages sent
                   0  messages received
                   0  signals received
                   0  voluntary context switches
                   3  involuntary context switches
          2372058762  instructions retired
           520065058  cycles elapsed
            58541312  peak memory footprint
