FINISHED null parse 2000000
FINISHED null stringify 2000000
FINISHED string_a parse 2000000
FINISHED string_a stringify 2000000
FINISHED empty_object parse 2000000
FINISHED empty_object stringify 2000000
FINISHED tiny_object parse 2000000
FINISHED tiny_object stringify 2000000
FINISHED small_record parse 1581369
FINISHED small_record stringify 2000000
FINISHED object_1k parse 1961848
FINISHED object_1k stringify 1036867
FINISHED records_array_16k parse 11284
FINISHED records_array_16k stringify 12949
FINISHED records_array_16k sparse 7868
FINISHED records_array_16k scan 3761
FINISHED records_array_16k roundtrip 7659
FINISHED records_array_1m parse 170
FINISHED records_array_1m stringify 229
FINISHED records_array_1m sparse 161
FINISHED records_array_1m scan 69
FINISHED records_array_1m roundtrip 115
FINISHED records_object_1m parse 81
FINISHED records_object_1m stringify 229
FINISHED records_array_8m parse 16
FINISHED records_array_8m stringify 29
FINISHED records_array_8m sparse 15
FINISHED records_array_8m scan 8
FINISHED records_array_8m roundtrip 11
FINISHED records_object_8m parse 10
FINISHED records_object_8m stringify 29
FINISHED records_array_20m parse 4
FINISHED records_array_20m stringify 12
FINISHED records_array_20m sparse 4
FINISHED records_array_20m scan 4
FINISHED records_array_20m roundtrip 2
FINISHED records_object_20m parse 4
FINISHED records_object_20m stringify 12
FINISHED numbers_1m parse 102
FINISHED numbers_1m stringify 147
FINISHED long_string_1m parse 2806
FINISHED long_string_1m stringify 1922
FINISHED escaped_1m parse 158
FINISHED escaped_1m stringify 166
FINISHED unicode_1m parse 2786
FINISHED unicode_1m stringify 2475
FINISHED wide_1m parse 64
FINISHED wide_1m stringify 232
FINISHED heterogeneous_1m parse 142
FINISHED heterogeneous_1m stringify 218
