VERIFY null parse [('perry', True), ('node', True), ('bun', True), ('baseline', True)]
VERIFY null stringify [('perry', True), ('node', True), ('bun', True), ('baseline', True)]
VERIFY string_a parse [('perry', True), ('node', True), ('bun', True), ('baseline', True)]
VERIFY string_a stringify [('perry', True), ('node', True), ('bun', True), ('baseline', True)]
VERIFY empty_object parse [('perry', True), ('node', True), ('bun', True), ('baseline', True)]
VERIFY empty_object stringify [('perry', True), ('node', True), ('bun', True), ('baseline', True)]
VERIFY tiny_object parse [('perry', True), ('node', True), ('bun', True), ('baseline', True)]
VERIFY tiny_object stringify [('perry', True), ('node', True), ('bun', True), ('baseline', True)]
VERIFY small_record parse [('perry', True), ('node', True), ('bun', True), ('baseline', True)]
VERIFY small_record stringify [('perry', True), ('node', True), ('bun', True), ('baseline', True)]
VERIFY object_1k parse [('perry', True), ('node', True), ('bun', True), ('baseline', True)]
VERIFY object_1k stringify [('perry', True), ('node', True), ('bun', True), ('baseline', True)]
VERIFY records_array_16k parse [('perry', True), ('node', True), ('bun', True), ('baseline', True)]
VERIFY records_array_16k stringify [('perry', True), ('node', True), ('bun', True), ('baseline', True)]
VERIFY records_array_16k sparse [('perry', True), ('node', True), ('bun', True), ('baseline', True)]
VERIFY records_array_16k scan [('perry', True), ('node', True), ('bun', True), ('baseline', True)]
VERIFY records_array_16k roundtrip [('perry', True), ('node', True), ('bun', True), ('baseline', True)]
VERIFY records_array_1m parse [('perry', True), ('node', True), ('bun', True), ('baseline', True)]
VERIFY records_array_1m stringify [('perry', True), ('node', True), ('bun', True), ('baseline', True)]
VERIFY records_array_1m sparse [('perry', True), ('node', True), ('bun', True), ('baseline', True)]
VERIFY records_array_1m scan [('perry', True), ('node', True), ('bun', True), ('baseline', True)]
VERIFY records_array_1m roundtrip [('perry', True), ('node', True), ('bun', True), ('baseline', True)]
VERIFY records_object_1m parse [('perry', True), ('node', True), ('bun', True), ('baseline', True)]
VERIFY records_object_1m stringify [('perry', True), ('node', True), ('bun', True), ('baseline', True)]
VERIFY records_array_8m parse [('perry', True), ('node', True), ('bun', True), ('baseline', True)]
VERIFY records_array_8m stringify [('perry', True), ('node', True), ('bun', True), ('baseline', True)]
VERIFY records_array_8m sparse [('perry', True), ('node', True), ('bun', True), ('baseline', True)]
VERIFY records_array_8m scan [('perry', True), ('node', True), ('bun', True), ('baseline', True)]
VERIFY records_array_8m roundtrip [('perry', True), ('node', True), ('bun', True), ('baseline', True)]
VERIFY records_object_8m parse [('perry', True), ('node', True), ('bun', True), ('baseline', True)]
VERIFY records_object_8m stringify [('perry', True), ('node', True), ('bun', True), ('baseline', True)]
VERIFY records_array_20m parse [('perry', True), ('node', True), ('bun', True), ('baseline', True)]
VERIFY records_array_20m stringify [('perry', True), ('node', True), ('bun', True), ('baseline', True)]
VERIFY records_array_20m sparse [('perry', True), ('node', True), ('bun', True), ('baseline', True)]
VERIFY records_array_20m scan [('perry', True), ('node', True), ('bun', True), ('baseline', True)]
VERIFY records_array_20m roundtrip [('perry', True), ('node', True), ('bun', True), ('baseline', True)]
VERIFY records_object_20m parse [('perry', True), ('node', True), ('bun', True), ('baseline', True)]
VERIFY records_object_20m stringify [('perry', True), ('node', True), ('bun', True), ('baseline', True)]
VERIFY numbers_1m parse [('perry', True), ('node', True), ('bun', True), ('baseline', True)]
VERIFY numbers_1m stringify [('perry', True), ('node', True), ('bun', True), ('baseline', True)]
VERIFY long_string_1m parse [('perry', True), ('node', True), ('bun', True), ('baseline', True)]
VERIFY long_string_1m stringify [('perry', True), ('node', True), ('bun', True), ('baseline', True)]
VERIFY escaped_1m parse [('perry', True), ('node', True), ('bun', True), ('baseline', True)]
VERIFY escaped_1m stringify [('perry', True), ('node', True), ('bun', True), ('baseline', True)]
VERIFY unicode_1m parse [('perry', True), ('node', True), ('bun', True), ('baseline', True)]
VERIFY unicode_1m stringify [('perry', True), ('node', True), ('bun', True), ('baseline', True)]
VERIFY wide_1m parse [('perry', True), ('node', True), ('bun', True), ('baseline', True)]
VERIFY wide_1m stringify [('perry', True), ('node', True), ('bun', True), ('baseline', True)]
VERIFY heterogeneous_1m parse [('perry', True), ('node', True), ('bun', True), ('baseline', True)]
VERIFY heterogeneous_1m stringify [('perry', True), ('node', True), ('bun', True), ('baseline', True)]
RUN null parse baseline None 0 2000000 21.27 
RUN null parse perry None 0 2000000 21.26 
RUN null parse bun None 0 2000000 34.78 
RUN null parse node None 0 2000000 53.31 
RUN null parse perry None 1 2000000 21.39 
RUN null parse baseline None 1 2000000 21.25 
RUN null parse node None 1 2000000 53.33 
RUN null parse bun None 1 2000000 33.91 
RUN null parse node None 2 2000000 53.34 
RUN null parse perry None 2 2000000 21.24 
RUN null parse bun None 2 2000000 33.83 
RUN null parse baseline None 2 2000000 21.27 
RUN null parse node None 3 2000000 53.34 
RUN null parse perry None 3 2000000 21.36 
RUN null parse baseline None 3 2000000 21.25 
RUN null parse bun None 3 2000000 34.19 
RUN null parse bun None 4 2000000 34.4 
RUN null parse baseline None 4 2000000 21.26 
RUN null parse node None 4 2000000 53.31 
RUN null parse perry None 4 2000000 21.25 
RUN null stringify baseline None 0 2000000 13.14 
RUN null stringify bun None 0 2000000 52.86 
RUN null stringify perry None 0 2000000 13.13 
RUN null stringify node None 0 2000000 52.68 
RUN null stringify baseline None 1 2000000 13.13 
RUN null stringify node None 1 2000000 52.6 
RUN null stringify perry None 1 2000000 13.13 
RUN null stringify bun None 1 2000000 53.28 
RUN null stringify node None 2 2000000 52.65 
RUN null stringify baseline None 2 2000000 13.14 
RUN null stringify perry None 2 2000000 13.12 
RUN null stringify bun None 2 2000000 53.18 
RUN null stringify bun None 3 2000000 53.06 
RUN null stringify perry None 3 2000000 13.16 
RUN null stringify baseline None 3 2000000 13.12 
RUN null stringify node None 3 2000000 52.61 
RUN null stringify bun None 4 2000000 53.78 
RUN null stringify baseline None 4 2000000 13.11 
RUN null stringify node None 4 2000000 52.67 
RUN null stringify perry None 4 2000000 13.14 
RUN string_a parse node None 0 2000000 62.06 
RUN string_a parse baseline None 0 2000000 25.74 
RUN string_a parse bun None 0 2000000 40.89 
RUN string_a parse perry None 0 2000000 25.75 
RUN string_a parse bun None 1 2000000 40.85 
RUN string_a parse perry None 1 2000000 25.77 
RUN string_a parse baseline None 1 2000000 25.75 
RUN string_a parse node None 1 2000000 62.14 
RUN string_a parse perry None 2 2000000 25.72 
RUN string_a parse baseline None 2 2000000 25.77 
RUN string_a parse bun None 2 2000000 40.72 
RUN string_a parse node None 2 2000000 62.89 
RUN string_a parse baseline None 3 2000000 25.74 
RUN string_a parse node None 3 2000000 62.09 
RUN string_a parse perry None 3 2000000 25.75 
RUN string_a parse bun None 3 2000000 40.88 
RUN string_a parse perry None 4 2000000 25.74 
RUN string_a parse node None 4 2000000 62.09 
RUN string_a parse bun None 4 2000000 40.95 
RUN string_a parse baseline None 4 2000000 25.77 
RUN string_a stringify baseline None 0 2000000 19.37 
RUN string_a stringify bun None 0 2000000 53.08 
RUN string_a stringify node None 0 2000000 58.44 
RUN string_a stringify perry None 0 2000000 19.37 
RUN string_a stringify bun None 1 2000000 52.89 
RUN string_a stringify perry None 1 2000000 19.38 
RUN string_a stringify node None 1 2000000 58.32 
RUN string_a stringify baseline None 1 2000000 19.37 
RUN string_a stringify baseline None 2 2000000 19.38 
RUN string_a stringify perry None 2 2000000 19.37 
RUN string_a stringify node None 2 2000000 58.3 
RUN string_a stringify bun None 2 2000000 54.61 
RUN string_a stringify perry None 3 2000000 19.38 
RUN string_a stringify baseline None 3 2000000 19.37 
RUN string_a stringify bun None 3 2000000 53.11 
RUN string_a stringify node None 3 2000000 58.47 
RUN string_a stringify bun None 4 2000000 53.17 
RUN string_a stringify node None 4 2000000 58.31 
RUN string_a stringify baseline None 4 2000000 19.36 
RUN string_a stringify perry None 4 2000000 19.39 
RUN empty_object parse node None 0 2000000 88.48 
RUN empty_object parse perry None 0 2000000 48.08 
RUN empty_object parse bun None 0 2000000 43.66 
RUN empty_object parse baseline None 0 2000000 48.1 
RUN empty_object parse node None 1 2000000 88.66 
RUN empty_object parse bun None 1 2000000 43.65 
RUN empty_object parse baseline None 1 2000000 48.26 
RUN empty_object parse perry None 1 2000000 48.16 
RUN empty_object parse bun None 2 2000000 43.56 
RUN empty_object parse node None 2 2000000 88.54 
RUN empty_object parse perry None 2 2000000 48.26 
RUN empty_object parse baseline None 2 2000000 48.21 
RUN empty_object parse node None 3 2000000 88.48 
RUN empty_object parse perry None 3 2000000 48.09 
RUN empty_object parse bun None 3 2000000 43.59 
RUN empty_object parse baseline None 3 2000000 48.29 
RUN empty_object parse baseline None 4 2000000 48.07 
RUN empty_object parse bun None 4 2000000 43.79 
RUN empty_object parse node None 4 2000000 88.41 
RUN empty_object parse perry None 4 2000000 48.01 
RUN empty_object stringify perry None 0 2000000 35.19 
RUN empty_object stringify node None 0 2000000 62.31 
RUN empty_object stringify baseline None 0 2000000 35.22 
RUN empty_object stringify bun None 0 2000000 55.28 
RUN empty_object stringify node None 1 2000000 62.16 
RUN empty_object stringify bun None 1 2000000 55.54 
RUN empty_object stringify perry None 1 2000000 35.2 
RUN empty_object stringify baseline None 1 2000000 35.18 
RUN empty_object stringify baseline None 2 2000000 35.32 
RUN empty_object stringify bun None 2 2000000 55.75 
RUN empty_object stringify perry None 2 2000000 35.19 
RUN empty_object stringify node None 2 2000000 62.22 
RUN empty_object stringify node None 3 2000000 62.22 
RUN empty_object stringify baseline None 3 2000000 35.19 
RUN empty_object stringify perry None 3 2000000 35.21 
RUN empty_object stringify bun None 3 2000000 55.46 
RUN empty_object stringify perry None 4 2000000 35.22 
RUN empty_object stringify node None 4 2000000 62.34 
RUN empty_object stringify bun None 4 2000000 55.56 
RUN empty_object stringify baseline None 4 2000000 35.2 
RUN tiny_object parse perry None 0 2000000 74.73 
RUN tiny_object parse baseline None 0 2000000 74.86 
RUN tiny_object parse bun None 0 2000000 85.88 
RUN tiny_object parse node None 0 2000000 161.27 
RUN tiny_object parse perry None 1 2000000 74.64 
RUN tiny_object parse node None 1 2000000 161.33 
RUN tiny_object parse baseline None 1 2000000 74.82 
RUN tiny_object parse bun None 1 2000000 85.91 
RUN tiny_object parse baseline None 2 2000000 74.85 
RUN tiny_object parse node None 2 2000000 161.26 
RUN tiny_object parse bun None 2 2000000 85.83 
RUN tiny_object parse perry None 2 2000000 74.82 
RUN tiny_object parse node None 3 2000000 162.54 
RUN tiny_object parse baseline None 3 2000000 74.73 
RUN tiny_object parse perry None 3 2000000 74.89 
RUN tiny_object parse bun None 3 2000000 86.3 
RUN tiny_object parse bun None 4 2000000 85.89 
RUN tiny_object parse node None 4 2000000 163.07 
RUN tiny_object parse baseline None 4 2000000 74.39 
RUN tiny_object parse perry None 4 2000000 74.71 
RUN tiny_object stringify bun None 0 2000000 75.18 
RUN tiny_object stringify perry None 0 2000000 67.91 
RUN tiny_object stringify node None 0 2000000 72.66 
RUN tiny_object stringify baseline None 0 2000000 67.99 
RUN tiny_object stringify bun None 1 2000000 74.32 
RUN tiny_object stringify baseline None 1 2000000 67.85 
RUN tiny_object stringify node None 1 2000000 72.64 
RUN tiny_object stringify perry None 1 2000000 67.88 
RUN tiny_object stringify bun None 2 2000000 74.8 
RUN tiny_object stringify baseline None 2 2000000 67.84 
RUN tiny_object stringify perry None 2 2000000 68.08 
RUN tiny_object stringify node None 2 2000000 72.59 
RUN tiny_object stringify perry None 3 2000000 68.01 
RUN tiny_object stringify node None 3 2000000 72.56 
RUN tiny_object stringify bun None 3 2000000 74.73 
RUN tiny_object stringify baseline None 3 2000000 67.89 
RUN tiny_object stringify bun None 4 2000000 74.92 
RUN tiny_object stringify node None 4 2000000 72.57 
RUN tiny_object stringify perry None 4 2000000 67.92 
RUN tiny_object stringify baseline None 4 2000000 67.99 
RUN small_record parse perry None 0 1582412 156.73 
RUN small_record parse baseline None 0 1582412 157.06 
RUN small_record parse bun None 0 1582412 381.41 
RUN small_record parse node None 0 1582412 518.25 
RUN small_record parse perry None 1 1582412 157.27 
RUN small_record parse baseline None 1 1582412 156.88 
RUN small_record parse bun None 1 1582412 384.19 
RUN small_record parse node None 1 1582412 513.99 
RUN small_record parse node None 2 1582412 541.46 
RUN small_record parse perry None 2 1582412 157.08 
RUN small_record parse baseline None 2 1582412 157.16 
RUN small_record parse bun None 2 1582412 382.1 
RUN small_record parse baseline None 3 1582412 157.32 
RUN small_record parse bun None 3 1582412 386.82 
RUN small_record parse perry None 3 1582412 157.13 
RUN small_record parse node None 3 1582412 538.41 
RUN small_record parse baseline None 4 1582412 157.1 
RUN small_record parse node None 4 1582412 576.68 
RUN small_record parse bun None 4 1582412 381.38 
RUN small_record parse perry None 4 1582412 157.14 
RUN small_record stringify bun None 0 2000000 234.51 
RUN small_record stringify node None 0 2000000 214.2 
RUN small_record stringify perry None 0 2000000 91.41 
RUN small_record stringify baseline None 0 2000000 91.28 
RUN small_record stringify perry None 1 2000000 91.29 
RUN small_record stringify node None 1 2000000 214.17 
RUN small_record stringify baseline None 1 2000000 91.35 
RUN small_record stringify bun None 1 2000000 233.76 
RUN small_record stringify bun None 2 2000000 234.35 
RUN small_record stringify node None 2 2000000 214.17 
RUN small_record stringify perry None 2 2000000 91.11 
RUN small_record stringify baseline None 2 2000000 91.18 
RUN small_record stringify baseline None 3 2000000 91.19 
RUN small_record stringify bun None 3 2000000 234.58 
RUN small_record stringify node None 3 2000000 212.84 
RUN small_record stringify perry None 3 2000000 91.07 
RUN small_record stringify bun None 4 2000000 234.2 
RUN small_record stringify node None 4 2000000 214.05 
RUN small_record stringify perry None 4 2000000 91.18 
RUN small_record stringify baseline None 4 2000000 91.96 
RUN object_1k parse bun None 0 1960246 440.78 
RUN object_1k parse baseline None 0 1960246 161.99 
RUN object_1k parse node None 0 1960246 1038.2 
RUN object_1k parse perry None 0 1960246 161.93 
RUN object_1k parse baseline None 1 1960246 162.15 
RUN object_1k parse node None 1 1960246 1036.93 
RUN object_1k parse perry None 1 1960246 161.98 
RUN object_1k parse bun None 1 1960246 436.4 
RUN object_1k parse baseline None 2 1960246 161.78 
RUN object_1k parse bun None 2 1960246 436.35 
RUN object_1k parse perry None 2 1960246 161.96 
RUN object_1k parse node None 2 1960246 1048.04 
RUN object_1k parse baseline None 3 1960246 161.81 
RUN object_1k parse node None 3 1960246 1046.92 
RUN object_1k parse bun None 3 1960246 437.51 
RUN object_1k parse perry None 3 1960246 161.86 
RUN object_1k parse bun None 4 1960246 437.01 
RUN object_1k parse perry None 4 1960246 161.95 
RUN object_1k parse baseline None 4 1960246 161.85 
RUN object_1k parse node None 4 1960246 1046.87 
RUN object_1k stringify perry None 0 1044539 120.34 
RUN object_1k stringify node None 0 1044539 199.47 
RUN object_1k stringify baseline None 0 1044539 120.85 
RUN object_1k stringify bun None 0 1044539 212.42 
RUN object_1k stringify perry None 1 1044539 122.53 
RUN object_1k stringify node None 1 1044539 198.93 
RUN object_1k stringify baseline None 1 1044539 121.0 
RUN object_1k stringify bun None 1 1044539 212.7 
RUN object_1k stringify bun None 2 1044539 213.01 
RUN object_1k stringify baseline None 2 1044539 120.72 
RUN object_1k stringify perry None 2 1044539 121.01 
RUN object_1k stringify node None 2 1044539 199.15 
RUN object_1k stringify perry None 3 1044539 120.58 
RUN object_1k stringify bun None 3 1044539 212.76 
RUN object_1k stringify node None 3 1044539 198.95 
RUN object_1k stringify baseline None 3 1044539 120.46 
RUN object_1k stringify perry None 4 1044539 120.5 
RUN object_1k stringify bun None 4 1044539 212.75 
RUN object_1k stringify node None 4 1044539 199.43 
RUN object_1k stringify baseline None 4 1044539 120.48 
RUN records_array_16k parse perry None 0 8581 155.98 
RUN records_array_16k parse baseline None 0 8581 156.06 
RUN records_array_16k parse node None 0 8581 354.01 
RUN records_array_16k parse bun None 0 8581 289.88 
RUN records_array_16k parse baseline None 1 8581 156.05 
RUN records_array_16k parse perry None 1 8581 156.23 
RUN records_array_16k parse node None 1 8581 348.84 
RUN records_array_16k parse bun None 1 8581 289.95 
RUN records_array_16k parse perry None 2 8581 156.1 
RUN records_array_16k parse bun None 2 8581 290.27 
RUN records_array_16k parse node None 2 8581 363.37 
RUN records_array_16k parse baseline None 2 8581 155.92 
RUN records_array_16k parse baseline None 3 8581 155.89 
RUN records_array_16k parse node None 3 8581 331.2 
RUN records_array_16k parse perry None 3 8581 156.15 
RUN records_array_16k parse bun None 3 8581 290.03 
RUN records_array_16k parse baseline None 4 8581 156.12 
RUN records_array_16k parse bun None 4 8581 289.96 
RUN records_array_16k parse node None 4 8581 345.05 
RUN records_array_16k parse perry None 4 8581 156.2 
RUN records_array_16k stringify node None 0 12996 167.69 
RUN records_array_16k stringify bun None 0 12996 301.28 
RUN records_array_16k stringify perry None 0 12996 144.72 
RUN records_array_16k stringify baseline None 0 12996 143.44 
RUN records_array_16k stringify baseline None 1 12996 144.1 
RUN records_array_16k stringify perry None 1 12996 143.56 
RUN records_array_16k stringify bun None 1 12996 302.47 
RUN records_array_16k stringify node None 1 12996 169.73 
RUN records_array_16k stringify perry None 2 12996 143.94 
RUN records_array_16k stringify baseline None 2 12996 144.42 
RUN records_array_16k stringify node None 2 12996 170.05 
RUN records_array_16k stringify bun None 2 12996 302.31 
RUN records_array_16k stringify bun None 3 12996 301.37 
RUN records_array_16k stringify node None 3 12996 168.97 
RUN records_array_16k stringify perry None 3 12996 143.51 
RUN records_array_16k stringify baseline None 3 12996 145.34 
RUN records_array_16k stringify bun None 4 12996 300.89 
RUN records_array_16k stringify baseline None 4 12996 144.32 
RUN records_array_16k stringify node None 4 12996 168.48 
RUN records_array_16k stringify perry None 4 12996 144.22 
RUN records_array_16k sparse baseline None 0 6388 155.59 
RUN records_array_16k sparse perry None 0 6388 155.58 
RUN records_array_16k sparse bun None 0 6388 216.44 
RUN records_array_16k sparse node None 0 6388 253.57 
RUN records_array_16k sparse baseline None 1 6388 155.5 
RUN records_array_16k sparse bun None 1 6388 244.07 
RUN records_array_16k sparse node None 1 6388 245.05 
RUN records_array_16k sparse perry None 1 6388 155.81 
RUN records_array_16k sparse bun None 2 6388 216.72 
RUN records_array_16k sparse perry None 2 6388 155.66 
RUN records_array_16k sparse node None 2 6388 245.45 
RUN records_array_16k sparse baseline None 2 6388 155.58 
RUN records_array_16k sparse node None 3 6388 250.28 
RUN records_array_16k sparse perry None 3 6388 155.86 
RUN records_array_16k sparse baseline None 3 6388 155.78 
RUN records_array_16k sparse bun None 3 6388 216.35 
RUN records_array_16k sparse node None 4 6388 257.83 
RUN records_array_16k sparse bun None 4 6388 216.46 
RUN records_array_16k sparse baseline None 4 6388 155.95 
RUN records_array_16k sparse perry None 4 6388 155.5 
RUN records_array_16k scan bun None 0 3889 133.18 
RUN records_array_16k scan node None 0 3889 149.53 
RUN records_array_16k scan baseline None 0 3889 246.11 
RUN records_array_16k scan perry None 0 3889 247.09 
RUN records_array_16k scan baseline None 1 3889 245.99 
RUN records_array_16k scan perry None 1 3889 246.19 
RUN records_array_16k scan node None 1 3889 156.15 
RUN records_array_16k scan bun None 1 3889 132.87 
RUN records_array_16k scan node None 2 3889 161.2 
RUN records_array_16k scan baseline None 2 3889 246.31 
RUN records_array_16k scan perry None 2 3889 246.27 
RUN records_array_16k scan bun None 2 3889 132.83 
RUN records_array_16k scan baseline None 3 3889 246.67 
RUN records_array_16k scan node None 3 3889 157.58 
RUN records_array_16k scan perry None 3 3889 246.4 
RUN records_array_16k scan bun None 3 3889 133.03 
RUN records_array_16k scan bun None 4 3889 133.0 
RUN records_array_16k scan node None 4 3889 157.82 
RUN records_array_16k scan perry None 4 3889 246.12 
RUN records_array_16k scan baseline None 4 3889 245.88 
RUN records_array_16k roundtrip perry None 0 6138 157.93 
RUN records_array_16k roundtrip node None 0 6138 337.58 
RUN records_array_16k roundtrip baseline None 0 6138 157.76 
RUN records_array_16k roundtrip bun None 0 6138 354.07 
RUN records_array_16k roundtrip bun None 1 6138 353.58 
RUN records_array_16k roundtrip perry None 1 6138 157.79 
RUN records_array_16k roundtrip baseline None 1 6138 157.66 
RUN records_array_16k roundtrip node None 1 6138 324.74 
RUN records_array_16k roundtrip bun None 2 6138 353.6 
RUN records_array_16k roundtrip node None 2 6138 323.42 
RUN records_array_16k roundtrip perry None 2 6138 158.05 
RUN records_array_16k roundtrip baseline None 2 6138 157.68 
RUN records_array_16k roundtrip bun None 3 6138 353.75 
RUN records_array_16k roundtrip baseline None 3 6138 157.83 
RUN records_array_16k roundtrip perry None 3 6138 157.8 
RUN records_array_16k roundtrip node None 3 6138 318.27 
RUN records_array_16k roundtrip baseline None 4 6138 157.96 
RUN records_array_16k roundtrip perry None 4 6138 157.95 
RUN records_array_16k roundtrip bun None 4 6138 380.14 
RUN records_array_16k roundtrip node None 4 6138 332.82 
RUN records_array_1m parse perry None 0 129 155.67 
RUN records_array_1m parse node None 0 129 360.59 
RUN records_array_1m parse baseline None 0 129 155.37 
RUN records_array_1m parse bun None 0 129 271.7 
RUN records_array_1m parse bun None 1 129 271.29 
RUN records_array_1m parse perry None 1 129 155.46 
RUN records_array_1m parse baseline None 1 129 155.7 
RUN records_array_1m parse node None 1 129 328.18 
RUN records_array_1m parse bun None 2 129 271.26 
RUN records_array_1m parse baseline None 2 129 155.71 
RUN records_array_1m parse perry None 2 129 155.48 
RUN records_array_1m parse node None 2 129 330.27 
RUN records_array_1m parse bun None 3 129 271.42 
RUN records_array_1m parse perry None 3 129 155.89 
RUN records_array_1m parse node None 3 129 359.15 
RUN records_array_1m parse baseline None 3 129 155.71 
RUN records_array_1m parse perry None 4 129 155.53 
RUN records_array_1m parse node None 4 129 332.99 
RUN records_array_1m parse bun None 4 129 271.58 
RUN records_array_1m parse baseline None 4 129 155.53 
RUN records_array_1m stringify node None 0 232 193.22 
RUN records_array_1m stringify bun None 0 232 221.77 
RUN records_array_1m stringify perry None 0 232 150.17 
RUN records_array_1m stringify baseline None 0 232 150.75 
RUN records_array_1m stringify bun None 1 232 222.0 
RUN records_array_1m stringify perry None 1 232 150.73 
RUN records_array_1m stringify baseline None 1 232 150.77 
RUN records_array_1m stringify node None 1 232 189.91 
RUN records_array_1m stringify bun None 2 232 221.89 
RUN records_array_1m stringify node None 2 232 190.75 
RUN records_array_1m stringify perry None 2 232 149.99 
RUN records_array_1m stringify baseline None 2 232 149.95 
RUN records_array_1m stringify baseline None 3 232 151.42 
RUN records_array_1m stringify node None 3 232 189.59 
RUN records_array_1m stringify bun None 3 232 222.38 
RUN records_array_1m stringify perry None 3 232 149.3 
RUN records_array_1m stringify perry None 4 232 150.67 
RUN records_array_1m stringify node None 4 232 189.46 
RUN records_array_1m stringify baseline None 4 232 149.79 
RUN records_array_1m stringify bun None 4 232 221.94 
RUN records_array_1m sparse perry None 0 121 151.57 
RUN records_array_1m sparse node None 0 121 337.47 
RUN records_array_1m sparse baseline None 0 121 151.96 
RUN records_array_1m sparse bun None 0 121 295.63 
RUN records_array_1m sparse bun None 1 121 255.79 
RUN records_array_1m sparse baseline None 1 121 151.71 
RUN records_array_1m sparse perry None 1 121 151.79 
RUN records_array_1m sparse node None 1 121 309.14 
RUN records_array_1m sparse bun None 2 121 255.33 
RUN records_array_1m sparse node None 2 121 317.02 
RUN records_array_1m sparse baseline None 2 121 151.52 
RUN records_array_1m sparse perry None 2 121 151.45 
RUN records_array_1m sparse perry None 3 121 151.52 
RUN records_array_1m sparse bun None 3 121 255.64 
RUN records_array_1m sparse node None 3 121 318.0 
RUN records_array_1m sparse baseline None 3 121 151.28 
RUN records_array_1m sparse perry None 4 121 151.82 
RUN records_array_1m sparse node None 4 121 316.7 
RUN records_array_1m sparse baseline None 4 121 151.71 
RUN records_array_1m sparse bun None 4 121 255.55 
RUN records_array_1m scan node None 0 68 185.84 
RUN records_array_1m scan perry None 0 68 221.63 
RUN records_array_1m scan bun None 0 68 143.74 
RUN records_array_1m scan baseline None 0 68 221.26 
RUN records_array_1m scan perry None 1 68 221.18 
RUN records_array_1m scan bun None 1 68 143.72 
RUN records_array_1m scan node None 1 68 177.93 
RUN records_array_1m scan baseline None 1 68 221.45 
RUN records_array_1m scan perry None 2 68 221.26 
RUN records_array_1m scan bun None 2 68 144.18 
RUN records_array_1m scan baseline None 2 68 221.21 
RUN records_array_1m scan node None 2 68 189.86 
RUN records_array_1m scan node None 3 68 185.83 
RUN records_array_1m scan perry None 3 68 221.4 
RUN records_array_1m scan bun None 3 68 144.0 
RUN records_array_1m scan baseline None 3 68 221.09 
RUN records_array_1m scan bun None 4 68 143.85 
RUN records_array_1m scan perry None 4 68 221.09 
RUN records_array_1m scan node None 4 68 187.63 
RUN records_array_1m scan baseline None 4 68 221.89 
RUN records_array_1m roundtrip perry None 0 94 158.93 
RUN records_array_1m roundtrip bun None 0 94 289.18 
RUN records_array_1m roundtrip baseline None 0 94 158.98 
RUN records_array_1m roundtrip node None 0 94 326.59 
RUN records_array_1m roundtrip bun None 1 94 290.94 
RUN records_array_1m roundtrip perry None 1 94 159.01 
RUN records_array_1m roundtrip baseline None 1 94 159.04 
RUN records_array_1m roundtrip node None 1 94 328.05 
RUN records_array_1m roundtrip baseline None 2 94 158.96 
RUN records_array_1m roundtrip node None 2 94 316.78 
RUN records_array_1m roundtrip perry None 2 94 159.13 
RUN records_array_1m roundtrip bun None 2 94 288.98 
RUN records_array_1m roundtrip bun None 3 94 288.51 
RUN records_array_1m roundtrip node None 3 94 312.75 
RUN records_array_1m roundtrip baseline None 3 94 158.75 
RUN records_array_1m roundtrip perry None 3 94 159.32 
RUN records_array_1m roundtrip baseline None 4 94 158.89 
RUN records_array_1m roundtrip perry None 4 94 159.0 
RUN records_array_1m roundtrip node None 4 94 317.7 
RUN records_array_1m roundtrip bun None 4 94 289.21 
RUN records_object_1m parse bun None 0 80 168.64 
RUN records_object_1m parse perry None 0 80 162.13 
RUN records_object_1m parse node None 0 80 213.87 
RUN records_object_1m parse baseline None 0 80 162.12 
RUN records_object_1m parse baseline None 1 80 162.29 
RUN records_object_1m parse node None 1 80 208.28 
RUN records_object_1m parse bun None 1 80 191.18 
RUN records_object_1m parse perry None 1 80 162.23 
RUN records_object_1m parse baseline None 2 80 162.04 
RUN records_object_1m parse bun None 2 80 168.89 
RUN records_object_1m parse node None 2 80 210.79 
RUN records_object_1m parse perry None 2 80 162.24 
RUN records_object_1m parse node None 3 80 219.69 
RUN records_object_1m parse baseline None 3 80 162.21 
RUN records_object_1m parse perry None 3 80 162.58 
RUN records_object_1m parse bun None 3 80 168.63 
RUN records_object_1m parse node None 4 80 223.91 
RUN records_object_1m parse baseline None 4 80 162.16 
RUN records_object_1m parse perry None 4 80 162.62 
RUN records_object_1m parse bun None 4 80 169.03 
RUN records_object_1m stringify baseline None 0 229 149.61 
RUN records_object_1m stringify node None 0 229 187.25 
RUN records_object_1m stringify perry None 0 229 149.42 
RUN records_object_1m stringify bun None 0 229 219.37 
RUN records_object_1m stringify node None 1 229 188.06 
RUN records_object_1m stringify bun None 1 229 219.42 
RUN records_object_1m stringify baseline None 1 229 149.45 
RUN records_object_1m stringify perry None 1 229 149.09 
RUN records_object_1m stringify node None 2 229 188.09 
RUN records_object_1m stringify baseline None 2 229 149.7 
RUN records_object_1m stringify perry None 2 229 149.97 
RUN records_object_1m stringify bun None 2 229 219.42 
RUN records_object_1m stringify node None 3 229 186.96 
RUN records_object_1m stringify perry None 3 229 149.38 
RUN records_object_1m stringify bun None 3 229 219.12 
RUN records_object_1m stringify baseline None 3 229 148.91 
RUN records_object_1m stringify perry None 4 229 148.24 
RUN records_object_1m stringify baseline None 4 229 147.9 
RUN records_object_1m stringify bun None 4 229 219.43 
RUN records_object_1m stringify node None 4 229 188.71 
RUN records_array_8m parse perry None 0 13 138.5 
RUN records_array_8m parse bun None 0 13 232.78 
RUN records_array_8m parse node None 0 13 295.83 
RUN records_array_8m parse baseline None 0 13 138.49 
RUN records_array_8m parse node None 1 13 283.91 
RUN records_array_8m parse bun None 1 13 231.65 
RUN records_array_8m parse baseline None 1 13 138.77 
RUN records_array_8m parse perry None 1 13 138.26 
RUN records_array_8m parse node None 2 13 285.31 
RUN records_array_8m parse bun None 2 13 231.65 
RUN records_array_8m parse baseline None 2 13 138.84 
RUN records_array_8m parse perry None 2 13 139.01 
RUN records_array_8m parse bun None 3 13 232.16 
RUN records_array_8m parse baseline None 3 13 138.79 
RUN records_array_8m parse perry None 3 13 138.88 
RUN records_array_8m parse node None 3 13 304.41 
RUN records_array_8m parse baseline None 4 13 139.81 
RUN records_array_8m parse bun None 4 13 235.07 
RUN records_array_8m parse node None 4 13 301.73 
RUN records_array_8m parse perry None 4 13 138.55 
RUN records_array_8m stringify perry None 0 29 139.51 
RUN records_array_8m stringify node None 0 29 194.88 
RUN records_array_8m stringify bun None 0 29 224.39 
RUN records_array_8m stringify baseline None 0 29 139.64 
RUN records_array_8m stringify bun None 1 29 226.08 
RUN records_array_8m stringify node None 1 29 196.28 
RUN records_array_8m stringify baseline None 1 29 143.16 
RUN records_array_8m stringify perry None 1 29 139.18 
RUN records_array_8m stringify perry None 2 29 139.37 
RUN records_array_8m stringify node None 2 29 195.57 
RUN records_array_8m stringify bun None 2 29 222.65 
RUN records_array_8m stringify baseline None 2 29 140.01 
RUN records_array_8m stringify bun None 3 29 222.61 
RUN records_array_8m stringify node None 3 29 202.76 
RUN records_array_8m stringify perry None 3 29 139.29 
RUN records_array_8m stringify baseline None 3 29 138.96 
RUN records_array_8m stringify node None 4 29 193.88 
RUN records_array_8m stringify baseline None 4 29 138.62 
RUN records_array_8m stringify perry None 4 29 139.31 
RUN records_array_8m stringify bun None 4 29 225.99 
RUN records_array_8m sparse baseline None 0 12 135.5 
RUN records_array_8m sparse perry None 0 12 136.18 
RUN records_array_8m sparse node None 0 12 262.79 
RUN records_array_8m sparse bun None 0 12 240.72 
RUN records_array_8m sparse node None 1 12 288.82 
RUN records_array_8m sparse perry None 1 12 135.32 
RUN records_array_8m sparse baseline None 1 12 135.48 
RUN records_array_8m sparse bun None 1 12 217.82 
RUN records_array_8m sparse node None 2 12 287.17 
RUN records_array_8m sparse bun None 2 12 215.78 
RUN records_array_8m sparse perry None 2 12 135.42 
RUN records_array_8m sparse baseline None 2 12 135.5 
RUN records_array_8m sparse node None 3 12 279.29 
RUN records_array_8m sparse perry None 3 12 135.21 
RUN records_array_8m sparse baseline None 3 12 135.03 
RUN records_array_8m sparse bun None 3 12 215.77 
RUN records_array_8m sparse perry None 4 12 135.24 
RUN records_array_8m sparse bun None 4 12 215.61 
RUN records_array_8m sparse node None 4 12 273.63 
RUN records_array_8m sparse baseline None 4 12 135.31 
RUN records_array_8m scan perry None 0 8 201.89 
RUN records_array_8m scan baseline None 0 8 201.3 
RUN records_array_8m scan node None 0 8 189.03 
RUN records_array_8m scan bun None 0 8 146.01 
RUN records_array_8m scan perry None 1 8 201.69 
RUN records_array_8m scan node None 1 8 181.55 
RUN records_array_8m scan baseline None 1 8 201.43 
RUN records_array_8m scan bun None 1 8 146.64 
RUN records_array_8m scan bun None 2 8 146.2 
RUN records_array_8m scan baseline None 2 8 201.53 
RUN records_array_8m scan node None 2 8 177.11 
RUN records_array_8m scan perry None 2 8 201.68 
RUN records_array_8m scan node None 3 8 189.85 
RUN records_array_8m scan baseline None 3 8 201.46 
RUN records_array_8m scan bun None 3 8 145.82 
RUN records_array_8m scan perry None 3 8 202.54 
RUN records_array_8m scan bun None 4 8 145.95 
RUN records_array_8m scan node None 4 8 175.02 
RUN records_array_8m scan perry None 4 8 202.55 
RUN records_array_8m scan baseline None 4 8 202.53 
RUN records_array_8m roundtrip perry None 0 9 139.34 
RUN records_array_8m roundtrip bun None 0 9 230.36 
RUN records_array_8m roundtrip baseline None 0 9 138.75 
RUN records_array_8m roundtrip node None 0 9 266.5 
RUN records_array_8m roundtrip node None 1 9 254.43 
RUN records_array_8m roundtrip bun None 1 9 230.71 
RUN records_array_8m roundtrip perry None 1 9 139.42 
RUN records_array_8m roundtrip baseline None 1 9 139.3 
RUN records_array_8m roundtrip node None 2 9 267.32 
RUN records_array_8m roundtrip bun None 2 9 230.56 
RUN records_array_8m roundtrip perry None 2 9 139.31 
RUN records_array_8m roundtrip baseline None 2 9 139.24 
RUN records_array_8m roundtrip node None 3 9 259.57 
RUN records_array_8m roundtrip baseline None 3 9 138.86 
RUN records_array_8m roundtrip bun None 3 9 230.07 
RUN records_array_8m roundtrip perry None 3 9 139.1 
RUN records_array_8m roundtrip bun None 4 9 230.1 
RUN records_array_8m roundtrip node None 4 9 262.54 
RUN records_array_8m roundtrip baseline None 4 9 139.31 
RUN records_array_8m roundtrip perry None 4 9 139.48 
RUN records_object_8m parse bun None 0 10 179.73 
RUN records_object_8m parse perry None 0 10 161.83 
RUN records_object_8m parse baseline None 0 10 161.85 
RUN records_object_8m parse node None 0 10 231.38 
RUN records_object_8m parse node None 1 10 221.15 
RUN records_object_8m parse bun None 1 10 178.98 
RUN records_object_8m parse baseline None 1 10 161.32 
RUN records_object_8m parse perry None 1 10 162.01 
RUN records_object_8m parse baseline None 2 10 162.06 
RUN records_object_8m parse bun None 2 10 178.76 
RUN records_object_8m parse node None 2 10 230.77 
RUN records_object_8m parse perry None 2 10 161.81 
RUN records_object_8m parse bun None 3 10 178.74 
RUN records_object_8m parse node None 3 10 239.34 
RUN records_object_8m parse baseline None 3 10 160.82 
RUN records_object_8m parse perry None 3 10 160.94 
RUN records_object_8m parse perry None 4 10 161.16 
RUN records_object_8m parse node None 4 10 232.63 
RUN records_object_8m parse bun None 4 10 179.69 
RUN records_object_8m parse baseline None 4 10 160.97 
RUN records_object_8m stringify node None 0 29 193.84 
RUN records_object_8m stringify bun None 0 29 221.65 
RUN records_object_8m stringify perry None 0 29 139.85 
RUN records_object_8m stringify baseline None 0 29 139.91 
RUN records_object_8m stringify perry None 1 29 139.29 
RUN records_object_8m stringify node None 1 29 197.24 
RUN records_object_8m stringify bun None 1 29 223.24 
RUN records_object_8m stringify baseline None 1 29 138.41 
RUN records_object_8m stringify node None 2 29 193.76 
RUN records_object_8m stringify baseline None 2 29 139.31 
RUN records_object_8m stringify perry None 2 29 138.44 
RUN records_object_8m stringify bun None 2 29 221.63 
RUN records_object_8m stringify baseline None 3 29 138.56 
RUN records_object_8m stringify perry None 3 29 138.99 
RUN records_object_8m stringify node None 3 29 194.53 
RUN records_object_8m stringify bun None 3 29 223.01 
RUN records_object_8m stringify bun None 4 29 225.1 
RUN records_object_8m stringify perry None 4 29 138.9 
RUN records_object_8m stringify node None 4 29 195.06 
RUN records_object_8m stringify baseline None 4 29 138.5 
RUN records_array_20m parse perry None 0 4 159.19 
RUN records_array_20m parse node None 0 4 243.41 
RUN records_array_20m parse baseline None 0 4 159.42 
RUN records_array_20m parse bun None 0 4 178.15 
RUN records_array_20m parse perry None 1 4 159.47 
RUN records_array_20m parse node None 1 4 234.2 
RUN records_array_20m parse baseline None 1 4 159.58 
RUN records_array_20m parse bun None 1 4 176.05 
RUN records_array_20m parse perry None 2 4 159.52 
RUN records_array_20m parse node None 2 4 235.89 
RUN records_array_20m parse baseline None 2 4 159.57 
RUN records_array_20m parse bun None 2 4 175.8 
RUN records_array_20m parse bun None 3 4 196.49 
RUN records_array_20m parse node None 3 4 232.09 
RUN records_array_20m parse perry None 3 4 159.33 
RUN records_array_20m parse baseline None 3 4 159.32 
RUN records_array_20m parse bun None 4 4 176.36 
RUN records_array_20m parse perry None 4 4 159.81 
RUN records_array_20m parse node None 4 4 247.58 
RUN records_array_20m parse baseline None 4 4 159.38 
RUN records_array_20m stringify node None 0 12 205.76 
RUN records_array_20m stringify perry None 0 12 142.34 
RUN records_array_20m stringify baseline None 0 12 142.55 
RUN records_array_20m stringify bun None 0 12 229.98 
RUN records_array_20m stringify bun None 1 12 229.99 
RUN records_array_20m stringify perry None 1 12 142.01 
RUN records_array_20m stringify node None 1 12 206.51 
RUN records_array_20m stringify baseline None 1 12 142.34 
RUN records_array_20m stringify bun None 2 12 230.21 
RUN records_array_20m stringify node None 2 12 206.62 
RUN records_array_20m stringify baseline None 2 12 142.25 
RUN records_array_20m stringify perry None 2 12 142.03 
RUN records_array_20m stringify node None 3 12 205.7 
RUN records_array_20m stringify baseline None 3 12 142.13 
RUN records_array_20m stringify bun None 3 12 229.82 
RUN records_array_20m stringify perry None 3 12 141.97 
RUN records_array_20m stringify node None 4 12 209.24 
RUN records_array_20m stringify baseline None 4 12 143.58 
RUN records_array_20m stringify bun None 4 12 229.95 
RUN records_array_20m stringify perry None 4 12 142.69 
RUN records_array_20m sparse baseline None 0 4 159.47 
RUN records_array_20m sparse perry None 0 4 159.39 
RUN records_array_20m sparse node None 0 4 241.17 
RUN records_array_20m sparse bun None 0 4 177.88 
RUN records_array_20m sparse node None 1 4 240.98 
RUN records_array_20m sparse baseline None 1 4 159.55 
RUN records_array_20m sparse perry None 1 4 159.56 
RUN records_array_20m sparse bun None 1 4 176.27 
RUN records_array_20m sparse node None 2 4 241.08 
RUN records_array_20m sparse baseline None 2 4 159.08 
RUN records_array_20m sparse perry None 2 4 159.35 
RUN records_array_20m sparse bun None 2 4 175.94 
RUN records_array_20m sparse node None 3 4 230.86 
RUN records_array_20m sparse baseline None 3 4 159.98 
RUN records_array_20m sparse perry None 3 4 159.53 
RUN records_array_20m sparse bun None 3 4 175.95 
RUN records_array_20m sparse node None 4 4 227.76 
RUN records_array_20m sparse bun None 4 4 179.07 
RUN records_array_20m sparse baseline None 4 4 158.7 
RUN records_array_20m sparse perry None 4 4 159.26 
RUN records_array_20m scan node None 0 4 238.95 
RUN records_array_20m scan baseline None 0 4 163.93 
RUN records_array_20m scan bun None 0 4 178.44 
RUN records_array_20m scan perry None 0 4 164.23 
RUN records_array_20m scan bun None 1 4 177.4 
RUN records_array_20m scan perry None 1 4 164.1 
RUN records_array_20m scan node None 1 4 220.71 
RUN records_array_20m scan baseline None 1 4 163.99 
RUN records_array_20m scan baseline None 2 4 163.47 
RUN records_array_20m scan perry None 2 4 163.91 
RUN records_array_20m scan node None 2 4 227.44 
RUN records_array_20m scan bun None 2 4 178.17 
RUN records_array_20m scan node None 3 4 228.34 
RUN records_array_20m scan bun None 3 4 178.12 
RUN records_array_20m scan baseline None 3 4 164.89 
RUN records_array_20m scan perry None 3 4 164.04 
RUN records_array_20m scan baseline None 4 4 163.77 
RUN records_array_20m scan node None 4 4 223.75 
RUN records_array_20m scan perry None 4 4 163.36 
RUN records_array_20m scan bun None 4 4 177.46 
RUN records_array_20m roundtrip baseline None 0 2 198.79 
RUN records_array_20m roundtrip node None 0 2 155.48 
RUN records_array_20m roundtrip bun None 0 2 129.96 
RUN records_array_20m roundtrip perry None 0 2 199.18 
RUN records_array_20m roundtrip bun None 1 2 130.81 
RUN records_array_20m roundtrip node None 1 2 150.74 
RUN records_array_20m roundtrip baseline None 1 2 199.45 
RUN records_array_20m roundtrip perry None 1 2 199.08 
RUN records_array_20m roundtrip node None 2 2 154.9 
RUN records_array_20m roundtrip perry None 2 2 199.04 
RUN records_array_20m roundtrip baseline None 2 2 199.36 
RUN records_array_20m roundtrip bun None 2 2 130.04 
RUN records_array_20m roundtrip perry None 3 2 199.34 
RUN records_array_20m roundtrip node None 3 2 148.81 
RUN records_array_20m roundtrip bun None 3 2 130.58 
RUN records_array_20m roundtrip baseline None 3 2 198.59 
RUN records_array_20m roundtrip baseline None 4 2 198.71 
RUN records_array_20m roundtrip perry None 4 2 198.78 
RUN records_array_20m roundtrip node None 4 2 153.14 
RUN records_array_20m roundtrip bun None 4 2 130.07 
RUN records_object_20m parse perry None 0 4 159.58 
RUN records_object_20m parse baseline None 0 4 159.43 
RUN records_object_20m parse bun None 0 4 175.54 
RUN records_object_20m parse node None 0 4 230.37 
RUN records_object_20m parse bun None 1 4 175.72 
RUN records_object_20m parse baseline None 1 4 161.35 
RUN records_object_20m parse perry None 1 4 159.6 
RUN records_object_20m parse node None 1 4 244.94 
RUN records_object_20m parse perry None 2 4 159.36 
RUN records_object_20m parse bun None 2 4 175.26 
RUN records_object_20m parse node None 2 4 230.34 
RUN records_object_20m parse baseline None 2 4 159.55 
RUN records_object_20m parse perry None 3 4 159.77 
RUN records_object_20m parse node None 3 4 230.59 
RUN records_object_20m parse bun None 3 4 175.95 
RUN records_object_20m parse baseline None 3 4 158.95 
RUN records_object_20m parse baseline None 4 4 159.31 
RUN records_object_20m parse bun None 4 4 176.07 
RUN records_object_20m parse node None 4 4 240.42 
RUN records_object_20m parse perry None 4 4 159.2 
RUN records_object_20m stringify perry None 0 12 142.48 
RUN records_object_20m stringify baseline None 0 12 142.26 
RUN records_object_20m stringify node None 0 12 206.31 
RUN records_object_20m stringify bun None 0 12 230.2 
RUN records_object_20m stringify baseline None 1 12 142.82 
RUN records_object_20m stringify perry None 1 12 142.35 
RUN records_object_20m stringify node None 1 12 205.78 
RUN records_object_20m stringify bun None 1 12 230.33 
RUN records_object_20m stringify bun None 2 12 230.31 
RUN records_object_20m stringify node None 2 12 205.55 
RUN records_object_20m stringify baseline None 2 12 142.4 
RUN records_object_20m stringify perry None 2 12 142.23 
RUN records_object_20m stringify baseline None 3 12 142.1 
RUN records_object_20m stringify bun None 3 12 233.9 
RUN records_object_20m stringify perry None 3 12 142.37 
RUN records_object_20m stringify node None 3 12 206.38 
RUN records_object_20m stringify node None 4 12 206.86 
RUN records_object_20m stringify baseline None 4 12 142.09 
RUN records_object_20m stringify perry None 4 12 141.87 
RUN records_object_20m stringify bun None 4 12 230.97 
RUN numbers_1m parse baseline None 0 99 157.73 
RUN numbers_1m parse perry None 0 99 157.74 
RUN numbers_1m parse node None 0 99 304.9 
RUN numbers_1m parse bun None 0 99 317.03 
RUN numbers_1m parse baseline None 1 99 157.7 
RUN numbers_1m parse perry None 1 99 157.58 
RUN numbers_1m parse bun None 1 99 316.84 
RUN numbers_1m parse node None 1 99 304.61 
RUN numbers_1m parse perry None 2 99 157.9 
RUN numbers_1m parse node None 2 99 304.83 
RUN numbers_1m parse baseline None 2 99 157.58 
RUN numbers_1m parse bun None 2 99 313.75 
RUN numbers_1m parse bun None 3 99 316.34 
RUN numbers_1m parse perry None 3 99 158.03 
RUN numbers_1m parse baseline None 3 99 157.71 
RUN numbers_1m parse node None 3 99 305.05 
RUN numbers_1m parse perry None 4 99 157.48 
RUN numbers_1m parse bun None 4 99 318.58 
RUN numbers_1m parse baseline None 4 99 157.92 
RUN numbers_1m parse node None 4 99 304.53 
RUN numbers_1m stringify baseline None 0 147 149.01 
RUN numbers_1m stringify node None 0 147 285.68 
RUN numbers_1m stringify bun None 0 147 432.4 
RUN numbers_1m stringify perry None 0 147 149.13 
RUN numbers_1m stringify node None 1 147 285.48 
RUN numbers_1m stringify bun None 1 147 432.17 
RUN numbers_1m stringify baseline None 1 147 149.58 
RUN numbers_1m stringify perry None 1 147 149.19 
RUN numbers_1m stringify baseline None 2 147 149.37 
RUN numbers_1m stringify bun None 2 147 431.94 
RUN numbers_1m stringify node None 2 147 285.9 
RUN numbers_1m stringify perry None 2 147 149.11 
RUN numbers_1m stringify bun None 3 147 432.09 
RUN numbers_1m stringify baseline None 3 147 149.57 
RUN numbers_1m stringify perry None 3 147 149.4 
RUN numbers_1m stringify node None 3 147 285.71 
RUN numbers_1m stringify node None 4 147 286.25 
RUN numbers_1m stringify bun None 4 147 431.56 
RUN numbers_1m stringify perry None 4 147 149.37 
RUN numbers_1m stringify baseline None 4 147 149.14 
RUN long_string_1m parse perry None 0 2758 0.96 
RUN long_string_1m parse node None 0 2758 998.01 
RUN long_string_1m parse baseline None 0 2758 0.96 
RUN long_string_1m parse bun None 0 2758 175.46 
RUN long_string_1m parse node None 1 2758 998.79 
RUN long_string_1m parse perry None 1 2758 0.96 
RUN long_string_1m parse bun None 1 2758 174.13 
RUN long_string_1m parse baseline None 1 2758 0.96 
RUN long_string_1m parse bun None 2 2758 176.65 
RUN long_string_1m parse baseline None 2 2758 0.95 
RUN long_string_1m parse perry None 2 2758 0.96 
RUN long_string_1m parse node None 2 2758 999.33 
RUN long_string_1m parse node None 3 2758 998.85 
RUN long_string_1m parse baseline None 3 2758 0.96 
RUN long_string_1m parse perry None 3 2758 0.97 
RUN long_string_1m parse bun None 3 2758 176.19 
RUN long_string_1m parse baseline None 4 2758 0.96 
RUN long_string_1m parse bun None 4 2758 175.15 
RUN long_string_1m parse node None 4 2758 1001.09 
RUN long_string_1m parse perry None 4 2758 0.95 
RUN long_string_1m stringify node None 0 1940 201.92 
RUN long_string_1m stringify bun None 0 1940 181.93 
RUN long_string_1m stringify perry None 0 1940 67.72 
RUN long_string_1m stringify baseline None 0 1940 70.62 
RUN long_string_1m stringify baseline None 1 1940 68.6 
RUN long_string_1m stringify bun None 1 1940 182.22 
RUN long_string_1m stringify perry None 1 1940 67.47 
RUN long_string_1m stringify node None 1 1940 192.47 
RUN long_string_1m stringify bun None 2 1940 179.85 
RUN long_string_1m stringify perry None 2 1940 71.66 
RUN long_string_1m stringify baseline None 2 1940 68.64 
RUN long_string_1m stringify node None 2 1940 192.59 
RUN long_string_1m stringify perry None 3 1940 66.38 
RUN long_string_1m stringify baseline None 3 1940 68.22 
RUN long_string_1m stringify bun None 3 1940 181.92 
RUN long_string_1m stringify node None 3 1940 198.17 
RUN long_string_1m stringify perry None 4 1940 63.74 
RUN long_string_1m stringify bun None 4 1940 183.59 
RUN long_string_1m stringify node None 4 1940 194.37 
RUN long_string_1m stringify baseline None 4 1940 69.65 
RUN escaped_1m parse baseline None 0 157 155.44 
RUN escaped_1m parse perry None 0 157 155.18 
RUN escaped_1m parse node None 0 157 272.42 
RUN escaped_1m parse bun None 0 157 324.74 
RUN escaped_1m parse bun None 1 157 325.09 
RUN escaped_1m parse baseline None 1 157 155.2 
RUN escaped_1m parse perry None 1 157 155.5 
RUN escaped_1m parse node None 1 157 272.28 
RUN escaped_1m parse perry None 2 157 155.24 
RUN escaped_1m parse node None 2 157 272.47 
RUN escaped_1m parse bun None 2 157 324.84 
RUN escaped_1m parse baseline None 2 157 155.04 
RUN escaped_1m parse perry None 3 157 155.28 
RUN escaped_1m parse baseline None 3 157 155.41 
RUN escaped_1m parse bun None 3 157 324.9 
RUN escaped_1m parse node None 3 157 272.47 
RUN escaped_1m parse perry None 4 157 155.37 
RUN escaped_1m parse node None 4 157 272.46 
RUN escaped_1m parse bun None 4 157 324.94 
RUN escaped_1m parse baseline None 4 157 155.29 
RUN escaped_1m stringify perry None 0 167 147.66 
RUN escaped_1m stringify node None 0 167 312.53 
RUN escaped_1m stringify baseline None 0 167 148.09 
RUN escaped_1m stringify bun None 0 167 346.57 
RUN escaped_1m stringify node None 1 167 312.01 
RUN escaped_1m stringify perry None 1 167 147.72 
RUN escaped_1m stringify baseline None 1 167 147.56 
RUN escaped_1m stringify bun None 1 167 347.84 
RUN escaped_1m stringify bun None 2 167 348.01 
RUN escaped_1m stringify baseline None 2 167 147.47 
RUN escaped_1m stringify perry None 2 167 147.73 
RUN escaped_1m stringify node None 2 167 313.69 
RUN escaped_1m stringify bun None 3 167 347.09 
RUN escaped_1m stringify perry None 3 167 147.84 
RUN escaped_1m stringify node None 3 167 311.43 
RUN escaped_1m stringify baseline None 3 167 147.69 
RUN escaped_1m stringify baseline None 4 167 147.77 
RUN escaped_1m stringify bun None 4 167 347.47 
RUN escaped_1m stringify perry None 4 167 147.68 
RUN escaped_1m stringify node None 4 167 312.26 
RUN unicode_1m parse node None 0 2806 1224.64 
RUN unicode_1m parse perry None 0 2806 0.98 
RUN unicode_1m parse bun None 0 2806 159.58 
RUN unicode_1m parse baseline None 0 2806 0.99 
RUN unicode_1m parse perry None 1 2806 0.98 
RUN unicode_1m parse node None 1 2806 1229.78 
RUN unicode_1m parse bun None 1 2806 160.16 
RUN unicode_1m parse baseline None 1 2806 0.98 
RUN unicode_1m parse perry None 2 2806 0.97 
RUN unicode_1m parse node None 2 2806 1227.52 
RUN unicode_1m parse bun None 2 2806 159.99 
RUN unicode_1m parse baseline None 2 2806 0.97 
RUN unicode_1m parse perry None 3 2806 0.97 
RUN unicode_1m parse bun None 3 2806 157.77 
RUN unicode_1m parse node None 3 2806 1227.59 
RUN unicode_1m parse baseline None 3 2806 0.97 
RUN unicode_1m parse perry None 4 2806 0.98 
RUN unicode_1m parse node None 4 2806 1233.65 
RUN unicode_1m parse baseline None 4 2806 0.97 
RUN unicode_1m parse bun None 4 2806 158.12 
RUN unicode_1m stringify bun None 0 2352 1051.68 
RUN unicode_1m stringify node None 0 2352 960.8 
RUN unicode_1m stringify baseline None 0 2352 66.53 
RUN unicode_1m stringify perry None 0 2352 62.6 
RUN unicode_1m stringify baseline None 1 2352 71.23 
RUN unicode_1m stringify perry None 1 2352 68.96 
RUN unicode_1m stringify bun None 1 2352 1049.02 
RUN unicode_1m stringify node None 1 2352 973.51 
RUN unicode_1m stringify perry None 2 2352 62.23 
RUN unicode_1m stringify bun None 2 2352 1057.35 
RUN unicode_1m stringify node None 2 2352 959.13 
RUN unicode_1m stringify baseline None 2 2352 63.79 
RUN unicode_1m stringify node None 3 2352 966.46 
RUN unicode_1m stringify baseline None 3 2352 71.33 
RUN unicode_1m stringify perry None 3 2352 62.5 
RUN unicode_1m stringify bun None 3 2352 1052.69 
RUN unicode_1m stringify bun None 4 2352 1057.05 
RUN unicode_1m stringify baseline None 4 2352 65.85 
RUN unicode_1m stringify node None 4 2352 978.91 
RUN unicode_1m stringify perry None 4 2352 65.22 
RUN wide_1m parse perry None 0 63 183.9 
RUN wide_1m parse baseline None 0 63 183.34 
RUN wide_1m parse bun None 0 63 259.38 
RUN wide_1m parse node None 0 63 324.49 
RUN wide_1m parse node None 1 63 322.34 
RUN wide_1m parse baseline None 1 63 183.89 
RUN wide_1m parse bun None 1 63 259.38 
RUN wide_1m parse perry None 1 63 183.67 
RUN wide_1m parse baseline None 2 63 184.43 
RUN wide_1m parse perry None 2 63 183.62 
RUN wide_1m parse node None 2 63 320.17 
RUN wide_1m parse bun None 2 63 260.41 
RUN wide_1m parse bun None 3 63 259.19 
RUN wide_1m parse perry None 3 63 183.42 
RUN wide_1m parse node None 3 63 321.4 
RUN wide_1m parse baseline None 3 63 184.13 
RUN wide_1m parse baseline None 4 63 183.91 
RUN wide_1m parse bun None 4 63 259.53 
RUN wide_1m parse perry None 4 63 183.54 
RUN wide_1m parse node None 4 63 325.14 
RUN wide_1m stringify bun None 0 234 154.77 
RUN wide_1m stringify baseline None 0 234 148.4 
RUN wide_1m stringify node None 0 234 1472.04 
RUN wide_1m stringify perry None 0 234 148.2 
RUN wide_1m stringify node None 1 234 1476.67 
RUN wide_1m stringify perry None 1 234 148.28 
RUN wide_1m stringify baseline None 1 234 147.94 
RUN wide_1m stringify bun None 1 234 154.29 
RUN wide_1m stringify bun None 2 234 154.33 
RUN wide_1m stringify perry None 2 234 148.08 
RUN wide_1m stringify baseline None 2 234 148.44 
RUN wide_1m stringify node None 2 234 1478.05 
RUN wide_1m stringify perry None 3 234 148.17 
RUN wide_1m stringify bun None 3 234 154.45 
RUN wide_1m stringify node None 3 234 1480.4 
RUN wide_1m stringify baseline None 3 234 148.1 
RUN wide_1m stringify node None 4 234 1467.32 
RUN wide_1m stringify bun None 4 234 154.67 
RUN wide_1m stringify baseline None 4 234 148.11 
RUN wide_1m stringify perry None 4 234 147.95 
RUN heterogeneous_1m parse bun None 0 111 318.49 
RUN heterogeneous_1m parse node None 0 111 417.75 
RUN heterogeneous_1m parse perry None 0 111 157.53 
RUN heterogeneous_1m parse baseline None 0 111 157.21 
RUN heterogeneous_1m parse bun None 1 111 318.3 
RUN heterogeneous_1m parse baseline None 1 111 156.08 
RUN heterogeneous_1m parse perry None 1 111 156.13 
RUN heterogeneous_1m parse node None 1 111 417.22 
RUN heterogeneous_1m parse node None 2 111 418.21 
RUN heterogeneous_1m parse perry None 2 111 156.34 
RUN heterogeneous_1m parse baseline None 2 111 156.13 
RUN heterogeneous_1m parse bun None 2 111 321.13 
RUN heterogeneous_1m parse node None 3 111 429.1 
RUN heterogeneous_1m parse perry None 3 111 156.07 
RUN heterogeneous_1m parse bun None 3 111 316.39 
RUN heterogeneous_1m parse baseline None 3 111 156.04 
RUN heterogeneous_1m parse perry None 4 111 156.15 
RUN heterogeneous_1m parse bun None 4 111 313.07 
RUN heterogeneous_1m parse baseline None 4 111 156.09 
RUN heterogeneous_1m parse node None 4 111 416.2 
RUN heterogeneous_1m stringify node None 0 217 187.65 
RUN heterogeneous_1m stringify perry None 0 217 155.26 
RUN heterogeneous_1m stringify baseline None 0 217 155.16 
RUN heterogeneous_1m stringify bun None 0 217 227.25 
RUN heterogeneous_1m stringify node None 1 217 187.46 
RUN heterogeneous_1m stringify baseline None 1 217 155.32 
RUN heterogeneous_1m stringify bun None 1 217 227.21 
RUN heterogeneous_1m stringify perry None 1 217 155.46 
RUN heterogeneous_1m stringify baseline None 2 217 155.37 
RUN heterogeneous_1m stringify node None 2 217 187.86 
RUN heterogeneous_1m stringify perry None 2 217 155.05 
RUN heterogeneous_1m stringify bun None 2 217 228.56 
RUN heterogeneous_1m stringify node None 3 217 187.99 
RUN heterogeneous_1m stringify bun None 3 217 227.47 
RUN heterogeneous_1m stringify perry None 3 217 155.08 
RUN heterogeneous_1m stringify baseline None 3 217 155.14 
RUN heterogeneous_1m stringify node None 4 217 188.0 
RUN heterogeneous_1m stringify bun None 4 217 227.62 
RUN heterogeneous_1m stringify baseline None 4 217 155.67 
RUN heterogeneous_1m stringify perry None 4 217 155.11 
MEM tiny_object retain-parse perry 1 11.8 
MEM tiny_object retain-parse node 1 52.7 
MEM tiny_object retain-parse bun 1 28.3 
MEM tiny_object retain-parse baseline 1 11.8 
MEM tiny_object retain-parse perry 1 11.9 
MEM tiny_object retain-parse node 1 52.8 
MEM tiny_object retain-parse bun 1 28.3 
MEM tiny_object retain-parse baseline 1 11.8 
MEM tiny_object retain-parse perry 1 11.8 
MEM tiny_object retain-parse node 1 52.8 
MEM tiny_object retain-parse bun 1 28.3 
MEM tiny_object retain-parse baseline 1 11.8 
MEM tiny_object retain-parse perry 1 11.9 
MEM tiny_object retain-parse node 1 52.7 
MEM tiny_object retain-parse bun 1 28.4 
MEM tiny_object retain-parse baseline 1 11.8 
MEM tiny_object retain-parse perry 1 11.8 
MEM tiny_object retain-parse node 1 52.9 
MEM tiny_object retain-parse bun 1 28.2 
MEM tiny_object retain-parse baseline 1 11.8 
MEM tiny_object retain-parse perry 200000 24.4 
MEM tiny_object retain-parse node 200000 74.8 
MEM tiny_object retain-parse bun 200000 50.2 
MEM tiny_object retain-parse baseline 200000 24.3 
MEM tiny_object retain-parse perry 200000 24.4 
MEM tiny_object retain-parse node 200000 74.9 
MEM tiny_object retain-parse bun 200000 50.2 
MEM tiny_object retain-parse baseline 200000 24.3 
MEM tiny_object retain-parse perry 200000 24.4 
MEM tiny_object retain-parse node 200000 74.8 
MEM tiny_object retain-parse bun 200000 50.2 
MEM tiny_object retain-parse baseline 200000 24.3 
MEM tiny_object retain-parse perry 200000 24.4 
MEM tiny_object retain-parse node 200000 75.0 
MEM tiny_object retain-parse bun 200000 50.2 
MEM tiny_object retain-parse baseline 200000 24.3 
MEM tiny_object retain-parse perry 200000 24.4 
MEM tiny_object retain-parse node 200000 74.8 
MEM tiny_object retain-parse bun 200000 50.2 
MEM tiny_object retain-parse baseline 200000 24.3 
MEM tiny_object retain-stringify perry 1 11.9 
MEM tiny_object retain-stringify node 1 52.8 
MEM tiny_object retain-stringify bun 1 28.4 
MEM tiny_object retain-stringify baseline 1 11.9 
MEM tiny_object retain-stringify perry 1 11.9 
MEM tiny_object retain-stringify node 1 52.8 
MEM tiny_object retain-stringify bun 1 28.3 
MEM tiny_object retain-stringify baseline 1 11.9 
MEM tiny_object retain-stringify perry 1 11.9 
MEM tiny_object retain-stringify node 1 52.8 
MEM tiny_object retain-stringify bun 1 28.4 
MEM tiny_object retain-stringify baseline 1 11.9 
MEM tiny_object retain-stringify perry 1 11.9 
MEM tiny_object retain-stringify node 1 52.8 
MEM tiny_object retain-stringify bun 1 28.3 
MEM tiny_object retain-stringify baseline 1 11.9 
MEM tiny_object retain-stringify perry 1 11.9 
MEM tiny_object retain-stringify node 1 52.8 
MEM tiny_object retain-stringify bun 1 28.4 
MEM tiny_object retain-stringify baseline 1 11.9 
MEM tiny_object retain-stringify perry 200000 24.4 
MEM tiny_object retain-stringify node 200000 71.2 
MEM tiny_object retain-stringify bun 200000 47.1 
MEM tiny_object retain-stringify baseline 200000 24.4 
MEM tiny_object retain-stringify perry 200000 24.4 
MEM tiny_object retain-stringify node 200000 71.3 
MEM tiny_object retain-stringify bun 200000 47.1 
MEM tiny_object retain-stringify baseline 200000 24.4 
MEM tiny_object retain-stringify perry 200000 24.4 
MEM tiny_object retain-stringify node 200000 71.3 
MEM tiny_object retain-stringify bun 200000 47.1 
MEM tiny_object retain-stringify baseline 200000 24.4 
MEM tiny_object retain-stringify perry 200000 24.4 
MEM tiny_object retain-stringify node 200000 71.2 
MEM tiny_object retain-stringify bun 200000 47.0 
MEM tiny_object retain-stringify baseline 200000 24.4 
MEM tiny_object retain-stringify perry 200000 24.4 
MEM tiny_object retain-stringify node 200000 71.3 
MEM tiny_object retain-stringify bun 200000 47.0 
MEM tiny_object retain-stringify baseline 200000 24.4 
MEM small_record retain-parse perry 1 11.8 
MEM small_record retain-parse node 1 52.8 
MEM small_record retain-parse bun 1 28.3 
MEM small_record retain-parse baseline 1 11.8 
MEM small_record retain-parse perry 1 11.8 
MEM small_record retain-parse node 1 52.8 
MEM small_record retain-parse bun 1 28.3 
MEM small_record retain-parse baseline 1 11.8 
MEM small_record retain-parse perry 1 11.8 
MEM small_record retain-parse node 1 52.7 
MEM small_record retain-parse bun 1 28.3 
MEM small_record retain-parse baseline 1 11.8 
MEM small_record retain-parse perry 1 11.8 
MEM small_record retain-parse node 1 52.8 
MEM small_record retain-parse bun 1 28.4 
MEM small_record retain-parse baseline 1 11.8 
MEM small_record retain-parse perry 1 11.8 
MEM small_record retain-parse node 1 52.8 
MEM small_record retain-parse bun 1 28.3 
MEM small_record retain-parse baseline 1 11.8 
MEM small_record retain-parse perry 100000 24.4 
MEM small_record retain-parse node 100000 86.2 
MEM small_record retain-parse bun 100000 52.7 
MEM small_record retain-parse baseline 100000 24.3 
MEM small_record retain-parse perry 100000 24.4 
MEM small_record retain-parse node 100000 85.4 
MEM small_record retain-parse bun 100000 52.7 
MEM small_record retain-parse baseline 100000 24.3 
MEM small_record retain-parse perry 100000 24.4 
MEM small_record retain-parse node 100000 85.4 
MEM small_record retain-parse bun 100000 52.7 
MEM small_record retain-parse baseline 100000 24.3 
MEM small_record retain-parse perry 100000 24.4 
MEM small_record retain-parse node 100000 85.6 
MEM small_record retain-parse bun 100000 52.7 
MEM small_record retain-parse baseline 100000 24.3 
MEM small_record retain-parse perry 100000 24.4 
MEM small_record retain-parse node 100000 85.5 
MEM small_record retain-parse bun 100000 52.7 
MEM small_record retain-parse baseline 100000 24.3 
MEM small_record retain-stringify perry 1 11.9 
MEM small_record retain-stringify node 1 52.9 
MEM small_record retain-stringify bun 1 28.3 
MEM small_record retain-stringify baseline 1 11.9 
MEM small_record retain-stringify perry 1 11.9 
MEM small_record retain-stringify node 1 53.0 
MEM small_record retain-stringify bun 1 28.4 
MEM small_record retain-stringify baseline 1 11.9 
MEM small_record retain-stringify perry 1 11.9 
MEM small_record retain-stringify node 1 52.9 
MEM small_record retain-stringify bun 1 28.3 
MEM small_record retain-stringify baseline 1 11.9 
MEM small_record retain-stringify perry 1 11.9 
MEM small_record retain-stringify node 1 52.8 
MEM small_record retain-stringify bun 1 28.4 
MEM small_record retain-stringify baseline 1 11.9 
MEM small_record retain-stringify perry 1 11.9 
MEM small_record retain-stringify node 1 52.8 
MEM small_record retain-stringify bun 1 28.3 
MEM small_record retain-stringify baseline 1 11.9 
MEM small_record retain-stringify perry 100000 27.6 
MEM small_record retain-stringify node 100000 80.4 
MEM small_record retain-stringify bun 100000 51.1 
MEM small_record retain-stringify baseline 100000 27.5 
MEM small_record retain-stringify perry 100000 27.6 
MEM small_record retain-stringify node 100000 80.5 
MEM small_record retain-stringify bun 100000 51.1 
MEM small_record retain-stringify baseline 100000 27.6 
MEM small_record retain-stringify perry 100000 27.6 
MEM small_record retain-stringify node 100000 80.4 
MEM small_record retain-stringify bun 100000 51.1 
MEM small_record retain-stringify baseline 100000 27.6 
MEM small_record retain-stringify perry 100000 27.6 
MEM small_record retain-stringify node 100000 80.3 
MEM small_record retain-stringify bun 100000 51.1 
MEM small_record retain-stringify baseline 100000 27.6 
MEM small_record retain-stringify perry 100000 27.6 
MEM small_record retain-stringify node 100000 80.4 
MEM small_record retain-stringify bun 100000 51.0 
MEM small_record retain-stringify baseline 100000 27.5 
MEM records_array_1m retain-parse perry 1 16.5 
MEM records_array_1m retain-parse node 1 58.5 
MEM records_array_1m retain-parse bun 1 31.6 
MEM records_array_1m retain-parse baseline 1 16.5 
MEM records_array_1m retain-parse perry 1 16.5 
MEM records_array_1m retain-parse node 1 58.5 
MEM records_array_1m retain-parse bun 1 31.7 
MEM records_array_1m retain-parse baseline 1 16.5 
MEM records_array_1m retain-parse perry 1 16.5 
MEM records_array_1m retain-parse node 1 58.5 
MEM records_array_1m retain-parse bun 1 31.6 
MEM records_array_1m retain-parse baseline 1 16.5 
MEM records_array_1m retain-parse perry 1 16.5 
MEM records_array_1m retain-parse node 1 58.4 
MEM records_array_1m retain-parse bun 1 31.7 
MEM records_array_1m retain-parse baseline 1 16.5 
MEM records_array_1m retain-parse perry 1 16.5 
MEM records_array_1m retain-parse node 1 58.5 
MEM records_array_1m retain-parse bun 1 31.7 
MEM records_array_1m retain-parse baseline 1 16.5 
MEM records_array_1m retain-parse perry 16 40.4 
MEM records_array_1m retain-parse node 16 88.7 
MEM records_array_1m retain-parse bun 16 55.9 
MEM records_array_1m retain-parse baseline 16 40.4 
MEM records_array_1m retain-parse perry 16 40.4 
MEM records_array_1m retain-parse node 16 88.7 
MEM records_array_1m retain-parse bun 16 56.0 
MEM records_array_1m retain-parse baseline 16 40.4 
MEM records_array_1m retain-parse perry 16 40.4 
MEM records_array_1m retain-parse node 16 88.8 
MEM records_array_1m retain-parse bun 16 55.9 
MEM records_array_1m retain-parse baseline 16 40.4 
MEM records_array_1m retain-parse perry 16 40.4 
MEM records_array_1m retain-parse node 16 88.6 
MEM records_array_1m retain-parse bun 16 55.9 
MEM records_array_1m retain-parse baseline 16 40.4 
MEM records_array_1m retain-parse perry 16 40.4 
MEM records_array_1m retain-parse node 16 88.8 
MEM records_array_1m retain-parse bun 16 55.9 
MEM records_array_1m retain-parse baseline 16 40.4 
MEM records_array_1m retain-stringify perry 1 19.1 
MEM records_array_1m retain-stringify node 1 60.7 
MEM records_array_1m retain-stringify bun 1 34.5 
MEM records_array_1m retain-stringify baseline 1 19.0 
MEM records_array_1m retain-stringify perry 1 19.1 
MEM records_array_1m retain-stringify node 1 60.5 
MEM records_array_1m retain-stringify bun 1 34.5 
MEM records_array_1m retain-stringify baseline 1 19.0 
MEM records_array_1m retain-stringify perry 1 19.1 
MEM records_array_1m retain-stringify node 1 60.7 
MEM records_array_1m retain-stringify bun 1 34.5 
MEM records_array_1m retain-stringify baseline 1 19.0 
MEM records_array_1m retain-stringify perry 1 19.1 
MEM records_array_1m retain-stringify node 1 60.5 
MEM records_array_1m retain-stringify bun 1 34.5 
MEM records_array_1m retain-stringify baseline 1 19.0 
MEM records_array_1m retain-stringify perry 1 19.1 
MEM records_array_1m retain-stringify node 1 60.5 
MEM records_array_1m retain-stringify bun 1 34.5 
MEM records_array_1m retain-stringify baseline 1 19.0 
MEM records_array_1m retain-stringify perry 16 31.8 
MEM records_array_1m retain-stringify node 16 76.4 
MEM records_array_1m retain-stringify bun 16 47.3 
MEM records_array_1m retain-stringify baseline 16 31.7 
MEM records_array_1m retain-stringify perry 16 31.8 
MEM records_array_1m retain-stringify node 16 76.5 
MEM records_array_1m retain-stringify bun 16 47.3 
MEM records_array_1m retain-stringify baseline 16 31.7 
MEM records_array_1m retain-stringify perry 16 31.8 
MEM records_array_1m retain-stringify node 16 76.4 
MEM records_array_1m retain-stringify bun 16 47.3 
MEM records_array_1m retain-stringify baseline 16 31.7 
MEM records_array_1m retain-stringify perry 16 31.8 
MEM records_array_1m retain-stringify node 16 76.4 
MEM records_array_1m retain-stringify bun 16 47.3 
MEM records_array_1m retain-stringify baseline 16 31.7 
MEM records_array_1m retain-stringify perry 16 31.8 
MEM records_array_1m retain-stringify node 16 76.3 
MEM records_array_1m retain-stringify bun 16 47.3 
MEM records_array_1m retain-stringify baseline 16 31.7 
MEM records_object_1m retain-parse perry 1 15.3 
MEM records_object_1m retain-parse node 1 58.4 
MEM records_object_1m retain-parse bun 1 31.7 
MEM records_object_1m retain-parse baseline 1 15.2 
MEM records_object_1m retain-parse perry 1 15.3 
MEM records_object_1m retain-parse node 1 58.4 
MEM records_object_1m retain-parse bun 1 31.7 
MEM records_object_1m retain-parse baseline 1 15.2 
MEM records_object_1m retain-parse perry 1 15.3 
MEM records_object_1m retain-parse node 1 58.5 
MEM records_object_1m retain-parse bun 1 31.7 
MEM records_object_1m retain-parse baseline 1 15.3 
MEM records_object_1m retain-parse perry 1 15.3 
MEM records_object_1m retain-parse node 1 58.6 
MEM records_object_1m retain-parse bun 1 31.7 
MEM records_object_1m retain-parse baseline 1 15.3 
MEM records_object_1m retain-parse perry 1 15.3 
MEM records_object_1m retain-parse node 1 58.6 
MEM records_object_1m retain-parse bun 1 31.7 
MEM records_object_1m retain-parse baseline 1 15.2 
MEM records_object_1m retain-parse perry 16 52.3 
MEM records_object_1m retain-parse node 16 88.7 
MEM records_object_1m retain-parse bun 16 55.9 
MEM records_object_1m retain-parse baseline 16 52.3 
MEM records_object_1m retain-parse perry 16 52.3 
MEM records_object_1m retain-parse node 16 88.9 
MEM records_object_1m retain-parse bun 16 56.0 
MEM records_object_1m retain-parse baseline 16 52.3 
MEM records_object_1m retain-parse perry 16 52.3 
MEM records_object_1m retain-parse node 16 88.9 
MEM records_object_1m retain-parse bun 16 55.9 
MEM records_object_1m retain-parse baseline 16 52.3 
MEM records_object_1m retain-parse perry 16 52.3 
MEM records_object_1m retain-parse node 16 88.8 
MEM records_object_1m retain-parse bun 16 55.9 
MEM records_object_1m retain-parse baseline 16 52.3 
MEM records_object_1m retain-parse perry 16 52.3 
MEM records_object_1m retain-parse node 16 88.7 
MEM records_object_1m retain-parse bun 16 55.9 
MEM records_object_1m retain-parse baseline 16 52.3 
MEM records_object_1m retain-stringify perry 1 19.1 
MEM records_object_1m retain-stringify node 1 60.7 
MEM records_object_1m retain-stringify bun 1 34.4 
MEM records_object_1m retain-stringify baseline 1 19.1 
MEM records_object_1m retain-stringify perry 1 19.1 
MEM records_object_1m retain-stringify node 1 60.6 
MEM records_object_1m retain-stringify bun 1 34.5 
MEM records_object_1m retain-stringify baseline 1 19.1 
MEM records_object_1m retain-stringify perry 1 19.1 
MEM records_object_1m retain-stringify node 1 60.5 
MEM records_object_1m retain-stringify bun 1 34.5 
MEM records_object_1m retain-stringify baseline 1 19.1 
MEM records_object_1m retain-stringify perry 1 19.1 
MEM records_object_1m retain-stringify node 1 60.6 
MEM records_object_1m retain-stringify bun 1 34.5 
MEM records_object_1m retain-stringify baseline 1 19.1 
MEM records_object_1m retain-stringify perry 1 19.1 
MEM records_object_1m retain-stringify node 1 60.7 
MEM records_object_1m retain-stringify bun 1 34.5 
MEM records_object_1m retain-stringify baseline 1 19.1 
MEM records_object_1m retain-stringify perry 16 31.8 
MEM records_object_1m retain-stringify node 16 76.3 
MEM records_object_1m retain-stringify bun 16 47.3 
MEM records_object_1m retain-stringify baseline 16 31.8 
MEM records_object_1m retain-stringify perry 16 31.8 
MEM records_object_1m retain-stringify node 16 76.5 
MEM records_object_1m retain-stringify bun 16 47.3 
MEM records_object_1m retain-stringify baseline 16 31.8 
MEM records_object_1m retain-stringify perry 16 31.8 
MEM records_object_1m retain-stringify node 16 76.4 
MEM records_object_1m retain-stringify bun 16 47.3 
MEM records_object_1m retain-stringify baseline 16 31.8 
MEM records_object_1m retain-stringify perry 16 31.8 
MEM records_object_1m retain-stringify node 16 76.4 
MEM records_object_1m retain-stringify bun 16 47.2 
MEM records_object_1m retain-stringify baseline 16 31.8 
MEM records_object_1m retain-stringify perry 16 31.8 
MEM records_object_1m retain-stringify node 16 76.4 
MEM records_object_1m retain-stringify bun 16 47.2 
MEM records_object_1m retain-stringify baseline 16 31.8 
MEM records_array_8m retain-parse perry 1 48.5 
MEM records_array_8m retain-parse node 1 94.4 
MEM records_array_8m retain-parse bun 1 52.3 
MEM records_array_8m retain-parse baseline 1 48.5 
MEM records_array_8m retain-parse perry 1 48.5 
MEM records_array_8m retain-parse node 1 94.4 
MEM records_array_8m retain-parse bun 1 52.4 
MEM records_array_8m retain-parse baseline 1 48.5 
MEM records_array_8m retain-parse perry 1 48.5 
MEM records_array_8m retain-parse node 1 94.4 
MEM records_array_8m retain-parse bun 1 52.3 
MEM records_array_8m retain-parse baseline 1 48.5 
MEM records_array_8m retain-parse perry 1 48.5 
MEM records_array_8m retain-parse node 1 94.4 
MEM records_array_8m retain-parse bun 1 52.3 
MEM records_array_8m retain-parse baseline 1 48.5 
MEM records_array_8m retain-parse perry 1 48.5 
MEM records_array_8m retain-parse node 1 94.5 
MEM records_array_8m retain-parse bun 1 52.3 
MEM records_array_8m retain-parse baseline 1 48.5 
MEM records_array_8m retain-parse perry 4 85.3 
MEM records_array_8m retain-parse node 4 147.0 
MEM records_array_8m retain-parse bun 4 91.7 
MEM records_array_8m retain-parse baseline 4 85.2 
MEM records_array_8m retain-parse perry 4 85.3 
MEM records_array_8m retain-parse node 4 147.1 
MEM records_array_8m retain-parse bun 4 91.9 
MEM records_array_8m retain-parse baseline 4 85.2 
MEM records_array_8m retain-parse perry 4 85.2 
MEM records_array_8m retain-parse node 4 147.2 
MEM records_array_8m retain-parse bun 4 92.1 
MEM records_array_8m retain-parse baseline 4 85.2 
MEM records_array_8m retain-parse perry 4 85.3 
MEM records_array_8m retain-parse node 4 147.0 
MEM records_array_8m retain-parse bun 4 91.9 
MEM records_array_8m retain-parse baseline 4 85.2 
MEM records_array_8m retain-parse perry 4 85.3 
MEM records_array_8m retain-parse node 4 147.0 
MEM records_array_8m retain-parse bun 4 91.9 
MEM records_array_8m retain-parse baseline 4 85.2 
MEM records_array_8m retain-stringify perry 1 77.3 
MEM records_array_8m retain-stringify node 1 114.2 
MEM records_array_8m retain-stringify bun 1 73.5 
MEM records_array_8m retain-stringify baseline 1 77.2 
MEM records_array_8m retain-stringify perry 1 77.2 
MEM records_array_8m retain-stringify node 1 114.3 
MEM records_array_8m retain-stringify bun 1 73.5 
MEM records_array_8m retain-stringify baseline 1 77.2 
MEM records_array_8m retain-stringify perry 1 77.2 
MEM records_array_8m retain-stringify node 1 114.2 
MEM records_array_8m retain-stringify bun 1 73.5 
MEM records_array_8m retain-stringify baseline 1 77.2 
MEM records_array_8m retain-stringify perry 1 77.3 
MEM records_array_8m retain-stringify node 1 114.2 
MEM records_array_8m retain-stringify bun 1 73.5 
MEM records_array_8m retain-stringify baseline 1 77.2 
MEM records_array_8m retain-stringify perry 1 77.2 
MEM records_array_8m retain-stringify node 1 114.2 
MEM records_array_8m retain-stringify bun 1 73.5 
MEM records_array_8m retain-stringify baseline 1 77.2 
MEM records_array_8m retain-stringify perry 4 98.5 
MEM records_array_8m retain-stringify node 4 143.9 
MEM records_array_8m retain-stringify bun 4 94.5 
MEM records_array_8m retain-stringify baseline 4 98.5 
MEM records_array_8m retain-stringify perry 4 98.6 
MEM records_array_8m retain-stringify node 4 144.1 
MEM records_array_8m retain-stringify bun 4 94.5 
MEM records_array_8m retain-stringify baseline 4 98.5 
MEM records_array_8m retain-stringify perry 4 98.6 
MEM records_array_8m retain-stringify node 4 144.0 
MEM records_array_8m retain-stringify bun 4 94.5 
MEM records_array_8m retain-stringify baseline 4 98.5 
MEM records_array_8m retain-stringify perry 4 98.6 
MEM records_array_8m retain-stringify node 4 144.0 
MEM records_array_8m retain-stringify bun 4 94.5 
MEM records_array_8m retain-stringify baseline 4 98.5 
MEM records_array_8m retain-stringify perry 4 98.5 
MEM records_array_8m retain-stringify node 4 143.6 
MEM records_array_8m retain-stringify bun 4 94.5 
MEM records_array_8m retain-stringify baseline 4 98.5 
MEM records_object_8m retain-parse perry 1 33.1 
MEM records_object_8m retain-parse node 1 94.4 
MEM records_object_8m retain-parse bun 1 52.3 
MEM records_object_8m retain-parse baseline 1 33.1 
MEM records_object_8m retain-parse perry 1 33.1 
MEM records_object_8m retain-parse node 1 94.5 
MEM records_object_8m retain-parse bun 1 52.4 
MEM records_object_8m retain-parse baseline 1 33.1 
MEM records_object_8m retain-parse perry 1 33.1 
MEM records_object_8m retain-parse node 1 94.3 
MEM records_object_8m retain-parse bun 1 52.4 
MEM records_object_8m retain-parse baseline 1 33.1 
MEM records_object_8m retain-parse perry 1 33.1 
MEM records_object_8m retain-parse node 1 94.5 
MEM records_object_8m retain-parse bun 1 52.3 
MEM records_object_8m retain-parse baseline 1 33.1 
MEM records_object_8m retain-parse perry 1 33.1 
MEM records_object_8m retain-parse node 1 94.4 
MEM records_object_8m retain-parse bun 1 52.3 
MEM records_object_8m retain-parse baseline 1 33.1 
MEM records_object_8m retain-parse perry 4 90.8 
MEM records_object_8m retain-parse node 4 147.2 
MEM records_object_8m retain-parse bun 4 92.1 
MEM records_object_8m retain-parse baseline 4 90.8 
MEM records_object_8m retain-parse perry 4 90.8 
MEM records_object_8m retain-parse node 4 146.8 
MEM records_object_8m retain-parse bun 4 91.9 
MEM records_object_8m retain-parse baseline 4 90.8 
MEM records_object_8m retain-parse perry 4 90.8 
MEM records_object_8m retain-parse node 4 146.9 
MEM records_object_8m retain-parse bun 4 92.1 
MEM records_object_8m retain-parse baseline 4 90.8 
MEM records_object_8m retain-parse perry 4 90.8 
MEM records_object_8m retain-parse node 4 146.6 
MEM records_object_8m retain-parse bun 4 92.1 
MEM records_object_8m retain-parse baseline 4 90.8 
MEM records_object_8m retain-parse perry 4 90.8 
MEM records_object_8m retain-parse node 4 147.1 
MEM records_object_8m retain-parse bun 4 91.8 
MEM records_object_8m retain-parse baseline 4 90.8 
MEM records_object_8m retain-stringify perry 1 77.3 
MEM records_object_8m retain-stringify node 1 114.3 
MEM records_object_8m retain-stringify bun 1 73.5 
MEM records_object_8m retain-stringify baseline 1 77.2 
MEM records_object_8m retain-stringify perry 1 77.3 
MEM records_object_8m retain-stringify node 1 114.3 
MEM records_object_8m retain-stringify bun 1 73.5 
MEM records_object_8m retain-stringify baseline 1 77.2 
MEM records_object_8m retain-stringify perry 1 77.3 
MEM records_object_8m retain-stringify node 1 114.2 
MEM records_object_8m retain-stringify bun 1 73.5 
MEM records_object_8m retain-stringify baseline 1 77.2 
MEM records_object_8m retain-stringify perry 1 77.3 
MEM records_object_8m retain-stringify node 1 114.3 
MEM records_object_8m retain-stringify bun 1 73.5 
MEM records_object_8m retain-stringify baseline 1 77.2 
MEM records_object_8m retain-stringify perry 1 77.3 
MEM records_object_8m retain-stringify node 1 114.2 
MEM records_object_8m retain-stringify bun 1 73.5 
MEM records_object_8m retain-stringify baseline 1 77.2 
MEM records_object_8m retain-stringify perry 4 98.5 
MEM records_object_8m retain-stringify node 4 143.8 
MEM records_object_8m retain-stringify bun 4 94.6 
MEM records_object_8m retain-stringify baseline 4 98.5 
MEM records_object_8m retain-stringify perry 4 98.6 
MEM records_object_8m retain-stringify node 4 144.0 
MEM records_object_8m retain-stringify bun 4 94.5 
MEM records_object_8m retain-stringify baseline 4 98.5 
MEM records_object_8m retain-stringify perry 4 98.5 
MEM records_object_8m retain-stringify node 4 144.0 
MEM records_object_8m retain-stringify bun 4 94.5 
MEM records_object_8m retain-stringify baseline 4 98.5 
MEM records_object_8m retain-stringify perry 4 98.6 
MEM records_object_8m retain-stringify node 4 143.8 
MEM records_object_8m retain-stringify bun 4 94.6 
MEM records_object_8m retain-stringify baseline 4 98.5 
MEM records_object_8m retain-stringify perry 4 98.6 
MEM records_object_8m retain-stringify node 4 144.0 
MEM records_object_8m retain-stringify bun 4 94.5 
MEM records_object_8m retain-stringify baseline 4 98.5 
MEM long_string_1m retain-parse perry 1 15.2 
MEM long_string_1m retain-parse node 1 56.7 
MEM long_string_1m retain-parse bun 1 30.6 
MEM long_string_1m retain-parse baseline 1 15.2 
MEM long_string_1m retain-parse perry 1 15.2 
MEM long_string_1m retain-parse node 1 56.5 
MEM long_string_1m retain-parse bun 1 30.6 
MEM long_string_1m retain-parse baseline 1 15.2 
MEM long_string_1m retain-parse perry 1 15.2 
MEM long_string_1m retain-parse node 1 56.6 
MEM long_string_1m retain-parse bun 1 30.6 
MEM long_string_1m retain-parse baseline 1 15.2 
MEM long_string_1m retain-parse perry 1 15.2 
MEM long_string_1m retain-parse node 1 56.6 
MEM long_string_1m retain-parse bun 1 30.6 
MEM long_string_1m retain-parse baseline 1 15.2 
MEM long_string_1m retain-parse perry 1 15.2 
MEM long_string_1m retain-parse node 1 56.6 
MEM long_string_1m retain-parse bun 1 30.6 
MEM long_string_1m retain-parse baseline 1 15.2 
MEM long_string_1m retain-parse perry 32 15.3 
MEM long_string_1m retain-parse node 32 89.1 
MEM long_string_1m retain-parse bun 32 61.6 
MEM long_string_1m retain-parse baseline 32 15.2 
MEM long_string_1m retain-parse perry 32 15.3 
MEM long_string_1m retain-parse node 32 89.2 
MEM long_string_1m retain-parse bun 32 61.6 
MEM long_string_1m retain-parse baseline 32 15.2 
MEM long_string_1m retain-parse perry 32 15.3 
MEM long_string_1m retain-parse node 32 89.2 
MEM long_string_1m retain-parse bun 32 61.7 
MEM long_string_1m retain-parse baseline 32 15.2 
MEM long_string_1m retain-parse perry 32 15.3 
MEM long_string_1m retain-parse node 32 89.3 
MEM long_string_1m retain-parse bun 32 61.7 
MEM long_string_1m retain-parse baseline 32 15.2 
MEM long_string_1m retain-parse perry 32 15.3 
MEM long_string_1m retain-parse node 32 89.2 
MEM long_string_1m retain-parse bun 32 61.7 
MEM long_string_1m retain-parse baseline 32 15.2 
MEM long_string_1m retain-stringify perry 1 17.6 
MEM long_string_1m retain-stringify node 1 60.6 
MEM long_string_1m retain-stringify bun 1 32.7 
MEM long_string_1m retain-stringify baseline 1 17.6 
MEM long_string_1m retain-stringify perry 1 17.6 
MEM long_string_1m retain-stringify node 1 60.7 
MEM long_string_1m retain-stringify bun 1 32.7 
MEM long_string_1m retain-stringify baseline 1 17.6 
MEM long_string_1m retain-stringify perry 1 17.6 
MEM long_string_1m retain-stringify node 1 60.6 
MEM long_string_1m retain-stringify bun 1 32.6 
MEM long_string_1m retain-stringify baseline 1 17.6 
MEM long_string_1m retain-stringify perry 1 17.6 
MEM long_string_1m retain-stringify node 1 60.6 
MEM long_string_1m retain-stringify bun 1 32.6 
MEM long_string_1m retain-stringify baseline 1 17.6 
MEM long_string_1m retain-stringify perry 1 17.6 
MEM long_string_1m retain-stringify node 1 60.6 
MEM long_string_1m retain-stringify bun 1 32.7 
MEM long_string_1m retain-stringify baseline 1 17.6 
MEM long_string_1m retain-stringify perry 32 51.1 
MEM long_string_1m retain-stringify node 32 92.3 
MEM long_string_1m retain-stringify bun 32 63.8 
MEM long_string_1m retain-stringify baseline 32 51.0 
MEM long_string_1m retain-stringify perry 32 51.0 
MEM long_string_1m retain-stringify node 32 92.4 
MEM long_string_1m retain-stringify bun 32 63.8 
MEM long_string_1m retain-stringify baseline 32 51.0 
MEM long_string_1m retain-stringify perry 32 51.1 
MEM long_string_1m retain-stringify node 32 92.3 
MEM long_string_1m retain-stringify bun 32 63.8 
MEM long_string_1m retain-stringify baseline 32 51.0 
MEM long_string_1m retain-stringify perry 32 51.0 
MEM long_string_1m retain-stringify node 32 92.4 
MEM long_string_1m retain-stringify bun 32 63.8 
MEM long_string_1m retain-stringify baseline 32 51.0 
MEM long_string_1m retain-stringify perry 32 51.1 
MEM long_string_1m retain-stringify node 32 92.3 
MEM long_string_1m retain-stringify bun 32 63.8 
MEM long_string_1m retain-stringify baseline 32 51.0 
MEM unicode_1m retain-parse perry 1 14.6 
MEM unicode_1m retain-parse node 1 57.8 
MEM unicode_1m retain-parse bun 1 31.3 
MEM unicode_1m retain-parse baseline 1 14.5 
MEM unicode_1m retain-parse perry 1 14.6 
MEM unicode_1m retain-parse node 1 57.8 
MEM unicode_1m retain-parse bun 1 31.3 
MEM unicode_1m retain-parse baseline 1 14.5 
MEM unicode_1m retain-parse perry 1 14.6 
MEM unicode_1m retain-parse node 1 57.7 
MEM unicode_1m retain-parse bun 1 31.3 
MEM unicode_1m retain-parse baseline 1 14.5 
MEM unicode_1m retain-parse perry 1 14.6 
MEM unicode_1m retain-parse node 1 57.8 
MEM unicode_1m retain-parse bun 1 31.3 
MEM unicode_1m retain-parse baseline 1 14.5 
MEM unicode_1m retain-parse perry 1 14.6 
MEM unicode_1m retain-parse node 1 57.7 
MEM unicode_1m retain-parse bun 1 31.4 
MEM unicode_1m retain-parse baseline 1 14.5 
MEM unicode_1m retain-parse perry 32 14.6 
MEM unicode_1m retain-parse node 32 86.5 
MEM unicode_1m retain-parse bun 32 59.0 
MEM unicode_1m retain-parse baseline 32 14.6 
MEM unicode_1m retain-parse perry 32 14.6 
MEM unicode_1m retain-parse node 32 86.4 
MEM unicode_1m retain-parse bun 32 59.0 
MEM unicode_1m retain-parse baseline 32 14.6 
MEM unicode_1m retain-parse perry 32 14.6 
MEM unicode_1m retain-parse node 32 86.4 
MEM unicode_1m retain-parse bun 32 59.0 
MEM unicode_1m retain-parse baseline 32 14.6 
MEM unicode_1m retain-parse perry 32 14.6 
MEM unicode_1m retain-parse node 32 86.3 
MEM unicode_1m retain-parse bun 32 59.0 
MEM unicode_1m retain-parse baseline 32 14.6 
MEM unicode_1m retain-parse perry 32 14.6 
MEM unicode_1m retain-parse node 32 86.4 
MEM unicode_1m retain-parse bun 32 59.0 
MEM unicode_1m retain-parse baseline 32 14.6 
MEM unicode_1m retain-stringify perry 1 16.5 
MEM unicode_1m retain-stringify node 1 60.8 
MEM unicode_1m retain-stringify bun 1 34.1 
MEM unicode_1m retain-stringify baseline 1 16.4 
MEM unicode_1m retain-stringify perry 1 16.5 
MEM unicode_1m retain-stringify node 1 60.9 
MEM unicode_1m retain-stringify bun 1 34.1 
MEM unicode_1m retain-stringify baseline 1 16.4 
MEM unicode_1m retain-stringify perry 1 16.5 
MEM unicode_1m retain-stringify node 1 60.8 
MEM unicode_1m retain-stringify bun 1 34.1 
MEM unicode_1m retain-stringify baseline 1 16.4 
MEM unicode_1m retain-stringify perry 1 16.5 
MEM unicode_1m retain-stringify node 1 60.8 
MEM unicode_1m retain-stringify bun 1 34.1 
MEM unicode_1m retain-stringify baseline 1 16.4 
MEM unicode_1m retain-stringify perry 1 16.5 
MEM unicode_1m retain-stringify node 1 61.0 
MEM unicode_1m retain-stringify bun 1 34.1 
MEM unicode_1m retain-stringify baseline 1 16.4 
MEM unicode_1m retain-stringify perry 32 41.9 
MEM unicode_1m retain-stringify node 32 89.2 
MEM unicode_1m retain-stringify bun 32 62.2 
MEM unicode_1m retain-stringify baseline 32 41.8 
MEM unicode_1m retain-stringify perry 32 41.9 
MEM unicode_1m retain-stringify node 32 89.3 
MEM unicode_1m retain-stringify bun 32 61.8 
MEM unicode_1m retain-stringify baseline 32 41.8 
MEM unicode_1m retain-stringify perry 32 41.9 
MEM unicode_1m retain-stringify node 32 89.3 
MEM unicode_1m retain-stringify bun 32 61.8 
MEM unicode_1m retain-stringify baseline 32 41.8 
MEM unicode_1m retain-stringify perry 32 41.9 
MEM unicode_1m retain-stringify node 32 89.3 
MEM unicode_1m retain-stringify bun 32 61.8 
MEM unicode_1m retain-stringify baseline 32 41.8 
MEM unicode_1m retain-stringify perry 32 41.8 
MEM unicode_1m retain-stringify node 32 89.2 
MEM unicode_1m retain-stringify bun 32 61.8 
MEM unicode_1m retain-stringify baseline 32 41.8 
MEM wide_1m retain-parse perry 1 20.6 
MEM wide_1m retain-parse node 1 65.8 
MEM wide_1m retain-parse bun 1 36.4 
MEM wide_1m retain-parse baseline 1 20.6 
MEM wide_1m retain-parse perry 1 20.6 
MEM wide_1m retain-parse node 1 65.8 
MEM wide_1m retain-parse bun 1 36.3 
MEM wide_1m retain-parse baseline 1 20.6 
MEM wide_1m retain-parse perry 1 20.6 
MEM wide_1m retain-parse node 1 65.7 
MEM wide_1m retain-parse bun 1 36.3 
MEM wide_1m retain-parse baseline 1 20.6 
MEM wide_1m retain-parse perry 1 20.6 
MEM wide_1m retain-parse node 1 65.8 
MEM wide_1m retain-parse bun 1 36.3 
MEM wide_1m retain-parse baseline 1 20.6 
MEM wide_1m retain-parse perry 1 20.6 
MEM wide_1m retain-parse node 1 65.6 
MEM wide_1m retain-parse bun 1 36.3 
MEM wide_1m retain-parse baseline 1 20.6 
MEM wide_1m retain-parse perry 16 77.0 
MEM wide_1m retain-parse node 16 112.5 
MEM wide_1m retain-parse bun 16 68.9 
MEM wide_1m retain-parse baseline 16 77.0 
MEM wide_1m retain-parse perry 16 77.0 
MEM wide_1m retain-parse node 16 112.6 
MEM wide_1m retain-parse bun 16 68.9 
MEM wide_1m retain-parse baseline 16 77.0 
MEM wide_1m retain-parse perry 16 77.0 
MEM wide_1m retain-parse node 16 112.6 
MEM wide_1m retain-parse bun 16 68.9 
MEM wide_1m retain-parse baseline 16 77.0 
MEM wide_1m retain-parse perry 16 77.0 
MEM wide_1m retain-parse node 16 112.5 
MEM wide_1m retain-parse bun 16 68.9 
MEM wide_1m retain-parse baseline 16 77.0 
MEM wide_1m retain-parse perry 16 77.0 
MEM wide_1m retain-parse node 16 112.6 
MEM wide_1m retain-parse bun 16 68.9 
MEM wide_1m retain-parse baseline 16 77.0 
MEM wide_1m retain-stringify perry 1 22.8 
MEM wide_1m retain-stringify node 1 68.8 
MEM wide_1m retain-stringify bun 1 39.2 
MEM wide_1m retain-stringify baseline 1 22.8 
MEM wide_1m retain-stringify perry 1 22.8 
MEM wide_1m retain-stringify node 1 68.8 
MEM wide_1m retain-stringify bun 1 39.2 
MEM wide_1m retain-stringify baseline 1 22.8 
MEM wide_1m retain-stringify perry 1 22.8 
MEM wide_1m retain-stringify node 1 68.7 
MEM wide_1m retain-stringify bun 1 39.3 
MEM wide_1m retain-stringify baseline 1 22.8 
MEM wide_1m retain-stringify perry 1 22.8 
MEM wide_1m retain-stringify node 1 68.7 
MEM wide_1m retain-stringify bun 1 39.2 
MEM wide_1m retain-stringify baseline 1 22.8 
MEM wide_1m retain-stringify perry 1 22.8 
MEM wide_1m retain-stringify node 1 68.6 
MEM wide_1m retain-stringify bun 1 39.3 
MEM wide_1m retain-stringify baseline 1 22.8 
MEM wide_1m retain-stringify perry 16 36.0 
MEM wide_1m retain-stringify node 16 86.6 
MEM wide_1m retain-stringify bun 16 53.5 
MEM wide_1m retain-stringify baseline 16 36.0 
MEM wide_1m retain-stringify perry 16 36.0 
MEM wide_1m retain-stringify node 16 86.5 
MEM wide_1m retain-stringify bun 16 53.5 
MEM wide_1m retain-stringify baseline 16 36.0 
MEM wide_1m retain-stringify perry 16 36.0 
MEM wide_1m retain-stringify node 16 86.5 
MEM wide_1m retain-stringify bun 16 53.5 
MEM wide_1m retain-stringify baseline 16 36.0 
MEM wide_1m retain-stringify perry 16 36.0 
MEM wide_1m retain-stringify node 16 86.5 
MEM wide_1m retain-stringify bun 16 53.5 
MEM wide_1m retain-stringify baseline 16 36.0 
MEM wide_1m retain-stringify perry 16 36.0 
MEM wide_1m retain-stringify node 16 86.6 
MEM wide_1m retain-stringify bun 16 53.5 
MEM wide_1m retain-stringify baseline 16 36.0 
