VERIFY null parse [('perry', True), ('node', True), ('bun', True)]
VERIFY null stringify [('perry', True), ('node', True), ('bun', True)]
VERIFY string_a parse [('perry', True), ('node', True), ('bun', True)]
VERIFY string_a stringify [('perry', True), ('node', True), ('bun', True)]
VERIFY empty_object parse [('perry', True), ('node', True), ('bun', True)]
VERIFY empty_object stringify [('perry', True), ('node', True), ('bun', True)]
VERIFY tiny_object parse [('perry', True), ('node', True), ('bun', True)]
VERIFY tiny_object stringify [('perry', True), ('node', True), ('bun', True)]
VERIFY small_record parse [('perry', True), ('node', True), ('bun', True)]
VERIFY small_record stringify [('perry', True), ('node', True), ('bun', True)]
VERIFY object_1k parse [('perry', True), ('node', True), ('bun', True)]
VERIFY object_1k stringify [('perry', True), ('node', True), ('bun', True)]
VERIFY records_array_16k parse [('perry', True), ('node', True), ('bun', True)]
VERIFY records_array_16k stringify [('perry', True), ('node', True), ('bun', True)]
VERIFY records_array_16k sparse [('perry', True), ('node', True), ('bun', True)]
VERIFY records_array_16k scan [('perry', True), ('node', True), ('bun', True)]
VERIFY records_array_16k roundtrip [('perry', True), ('node', True), ('bun', True)]
VERIFY records_array_1m parse [('perry', True), ('node', True), ('bun', True)]
VERIFY records_array_1m stringify [('perry', True), ('node', True), ('bun', True)]
VERIFY records_array_1m sparse [('perry', True), ('node', True), ('bun', True)]
VERIFY records_array_1m scan [('perry', True), ('node', True), ('bun', True)]
VERIFY records_array_1m roundtrip [('perry', True), ('node', True), ('bun', True)]
VERIFY records_object_1m parse [('perry', True), ('node', True), ('bun', True)]
VERIFY records_object_1m stringify [('perry', True), ('node', True), ('bun', True)]
VERIFY records_array_8m parse [('perry', True), ('node', True), ('bun', True)]
VERIFY records_array_8m stringify [('perry', True), ('node', True), ('bun', True)]
VERIFY records_array_8m sparse [('perry', True), ('node', True), ('bun', True)]
VERIFY records_array_8m scan [('perry', True), ('node', True), ('bun', True)]
VERIFY records_array_8m roundtrip [('perry', True), ('node', True), ('bun', True)]
VERIFY records_object_8m parse [('perry', True), ('node', True), ('bun', True)]
VERIFY records_object_8m stringify [('perry', True), ('node', True), ('bun', True)]
VERIFY records_array_20m parse [('perry', True), ('node', True), ('bun', True)]
VERIFY records_array_20m stringify [('perry', True), ('node', True), ('bun', True)]
VERIFY records_array_20m sparse [('perry', True), ('node', True), ('bun', True)]
VERIFY records_array_20m scan [('perry', True), ('node', True), ('bun', True)]
VERIFY records_array_20m roundtrip [('perry', True), ('node', True), ('bun', True)]
VERIFY records_object_20m parse [('perry', True), ('node', True), ('bun', True)]
VERIFY records_object_20m stringify [('perry', True), ('node', True), ('bun', True)]
VERIFY numbers_1m parse [('perry', True), ('node', True), ('bun', True)]
VERIFY numbers_1m stringify [('perry', True), ('node', True), ('bun', True)]
VERIFY long_string_1m parse [('perry', True), ('node', True), ('bun', True)]
VERIFY long_string_1m stringify [('perry', True), ('node', True), ('bun', True)]
VERIFY escaped_1m parse [('perry', True), ('node', True), ('bun', True)]
VERIFY escaped_1m stringify [('perry', True), ('node', True), ('bun', True)]
VERIFY unicode_1m parse [('perry', True), ('node', True), ('bun', True)]
VERIFY unicode_1m stringify [('perry', True), ('node', True), ('bun', True)]
VERIFY wide_1m parse [('perry', True), ('node', True), ('bun', True)]
VERIFY wide_1m stringify [('perry', True), ('node', True), ('bun', True)]
VERIFY heterogeneous_1m parse [('perry', True), ('node', True), ('bun', True)]
VERIFY heterogeneous_1m stringify [('perry', True), ('node', True), ('bun', True)]
RUN null parse node None 0 2000000 53.41 
RUN null parse bun None 0 2000000 35.6 
RUN null parse perry None 0 2000000 21.25 
RUN null parse perry None 1 2000000 21.38 
RUN null parse node None 1 2000000 53.33 
RUN null parse bun None 1 2000000 34.41 
RUN null parse perry None 2 2000000 21.26 
RUN null parse bun None 2 2000000 34.26 
RUN null parse node None 2 2000000 53.32 
RUN null parse bun None 3 2000000 33.76 
RUN null parse perry None 3 2000000 21.24 
RUN null parse node None 3 2000000 53.33 
RUN null parse perry None 4 2000000 21.25 
RUN null parse node None 4 2000000 53.33 
RUN null parse bun None 4 2000000 34.01 
RUN null stringify node None 0 2000000 52.69 
RUN null stringify perry None 0 2000000 13.13 
RUN null stringify bun None 0 2000000 53.58 
RUN null stringify bun None 1 2000000 53.52 
RUN null stringify node None 1 2000000 52.7 
RUN null stringify perry None 1 2000000 13.13 
RUN null stringify node None 2 2000000 52.68 
RUN null stringify bun None 2 2000000 52.65 
RUN null stringify perry None 2 2000000 13.13 
RUN null stringify node None 3 2000000 52.66 
RUN null stringify bun None 3 2000000 53.2 
RUN null stringify perry None 3 2000000 13.13 
RUN null stringify bun None 4 2000000 53.73 
RUN null stringify perry None 4 2000000 13.13 
RUN null stringify node None 4 2000000 52.72 
RUN string_a parse perry None 0 2000000 25.73 
RUN string_a parse node None 0 2000000 62.13 
RUN string_a parse bun None 0 2000000 40.89 
RUN string_a parse bun None 1 2000000 40.73 
RUN string_a parse perry None 1 2000000 25.84 
RUN string_a parse node None 1 2000000 62.05 
RUN string_a parse node None 2 2000000 62.03 
RUN string_a parse bun None 2 2000000 40.77 
RUN string_a parse perry None 2 2000000 25.73 
RUN string_a parse bun None 3 2000000 40.88 
RUN string_a parse perry None 3 2000000 25.75 
RUN string_a parse node None 3 2000000 62.08 
RUN string_a parse bun None 4 2000000 41.01 
RUN string_a parse node None 4 2000000 62.09 
RUN string_a parse perry None 4 2000000 25.74 
RUN string_a stringify node None 0 2000000 58.27 
RUN string_a stringify bun None 0 2000000 54.96 
RUN string_a stringify perry None 0 2000000 19.37 
RUN string_a stringify node None 1 2000000 58.26 
RUN string_a stringify perry None 1 2000000 19.38 
RUN string_a stringify bun None 1 2000000 54.71 
RUN string_a stringify bun None 2 2000000 55.14 
RUN string_a stringify node None 2 2000000 58.58 
RUN string_a stringify perry None 2 2000000 19.39 
RUN string_a stringify node None 3 2000000 58.28 
RUN string_a stringify perry None 3 2000000 19.39 
RUN string_a stringify bun None 3 2000000 54.78 
RUN string_a stringify node None 4 2000000 58.29 
RUN string_a stringify perry None 4 2000000 19.38 
RUN string_a stringify bun None 4 2000000 55.0 
RUN empty_object parse perry None 0 2000000 48.27 
RUN empty_object parse node None 0 2000000 88.37 
RUN empty_object parse bun None 0 2000000 43.95 
RUN empty_object parse bun None 1 2000000 43.71 
RUN empty_object parse perry None 1 2000000 48.32 
RUN empty_object parse node None 1 2000000 88.81 
RUN empty_object parse perry None 2 2000000 48.28 
RUN empty_object parse bun None 2 2000000 43.8 
RUN empty_object parse node None 2 2000000 88.53 
RUN empty_object parse perry None 3 2000000 48.26 
RUN empty_object parse node None 3 2000000 88.41 
RUN empty_object parse bun None 3 2000000 43.64 
RUN empty_object parse node None 4 2000000 88.39 
RUN empty_object parse perry None 4 2000000 48.17 
RUN empty_object parse bun None 4 2000000 43.85 
RUN empty_object stringify perry None 0 2000000 35.22 
RUN empty_object stringify bun None 0 2000000 55.72 
RUN empty_object stringify node None 0 2000000 62.31 
RUN empty_object stringify perry None 1 2000000 35.21 
RUN empty_object stringify node None 1 2000000 62.23 
RUN empty_object stringify bun None 1 2000000 55.89 
RUN empty_object stringify bun None 2 2000000 55.51 
RUN empty_object stringify perry None 2 2000000 35.24 
RUN empty_object stringify node None 2 2000000 62.19 
RUN empty_object stringify perry None 3 2000000 35.25 
RUN empty_object stringify bun None 3 2000000 55.66 
RUN empty_object stringify node None 3 2000000 62.19 
RUN empty_object stringify node None 4 2000000 62.15 
RUN empty_object stringify bun None 4 2000000 55.66 
RUN empty_object stringify perry None 4 2000000 35.97 
RUN tiny_object parse perry None 0 2000000 74.82 
RUN tiny_object parse node None 0 2000000 159.8 
RUN tiny_object parse bun None 0 2000000 86.09 
RUN tiny_object parse node None 1 2000000 164.29 
RUN tiny_object parse perry None 1 2000000 74.89 
RUN tiny_object parse bun None 1 2000000 86.82 
RUN tiny_object parse bun None 2 2000000 85.77 
RUN tiny_object parse node None 2 2000000 158.84 
RUN tiny_object parse perry None 2 2000000 74.62 
RUN tiny_object parse bun None 3 2000000 85.59 
RUN tiny_object parse perry None 3 2000000 74.69 
RUN tiny_object parse node None 3 2000000 163.15 
RUN tiny_object parse node None 4 2000000 158.87 
RUN tiny_object parse perry None 4 2000000 74.85 
RUN tiny_object parse bun None 4 2000000 85.74 
RUN tiny_object stringify node None 0 2000000 72.57 
RUN tiny_object stringify bun None 0 2000000 75.9 
RUN tiny_object stringify perry None 0 2000000 68.24 
RUN tiny_object stringify perry None 1 2000000 68.21 
RUN tiny_object stringify node None 1 2000000 72.58 
RUN tiny_object stringify bun None 1 2000000 74.57 
RUN tiny_object stringify bun None 2 2000000 74.64 
RUN tiny_object stringify node None 2 2000000 73.79 
RUN tiny_object stringify perry None 2 2000000 68.48 
RUN tiny_object stringify bun None 3 2000000 75.08 
RUN tiny_object stringify perry None 3 2000000 68.24 
RUN tiny_object stringify node None 3 2000000 72.84 
RUN tiny_object stringify node None 4 2000000 72.53 
RUN tiny_object stringify perry None 4 2000000 68.27 
RUN tiny_object stringify bun None 4 2000000 74.78 
RUN small_record parse perry None 0 1585900 158.57 
RUN small_record parse bun None 0 1585900 382.8 
RUN small_record parse node None 0 1585900 516.52 
RUN small_record parse perry None 1 1585900 158.47 
RUN small_record parse node None 1 1585900 543.14 
RUN small_record parse bun None 1 1585900 382.59 
RUN small_record parse perry None 2 1585900 158.24 
RUN small_record parse node None 2 1585900 515.34 
RUN small_record parse bun None 2 1585900 387.69 
RUN small_record parse bun None 3 1585900 382.46 
RUN small_record parse perry None 3 1585900 158.32 
RUN small_record parse node None 3 1585900 554.0 
RUN small_record parse node None 4 1585900 588.47 
RUN small_record parse bun None 4 1585900 382.37 
RUN small_record parse perry None 4 1585900 158.2 
RUN small_record stringify node None 0 2000000 213.51 
RUN small_record stringify bun None 0 2000000 237.51 
RUN small_record stringify perry None 0 2000000 92.02 
RUN small_record stringify perry None 1 2000000 91.84 
RUN small_record stringify node None 1 2000000 214.01 
RUN small_record stringify bun None 1 2000000 235.17 
RUN small_record stringify node None 2 2000000 214.65 
RUN small_record stringify bun None 2 2000000 236.29 
RUN small_record stringify perry None 2 2000000 91.89 
RUN small_record stringify perry None 3 2000000 92.42 
RUN small_record stringify node None 3 2000000 213.66 
RUN small_record stringify bun None 3 2000000 234.72 
RUN small_record stringify perry None 4 2000000 92.48 
RUN small_record stringify node None 4 2000000 216.09 
RUN small_record stringify bun None 4 2000000 235.66 
RUN object_1k parse node None 0 1953341 1045.5 
RUN object_1k parse perry None 0 1953341 162.78 
RUN object_1k parse bun None 0 1953341 438.6 
RUN object_1k parse perry None 1 1953341 162.57 
RUN object_1k parse node None 1 1953341 1034.45 
RUN object_1k parse bun None 1 1953341 440.57 
RUN object_1k parse perry None 2 1953341 162.41 
RUN object_1k parse node None 2 1953341 1034.8 
RUN object_1k parse bun None 2 1953341 435.91 
RUN object_1k parse perry None 3 1953341 162.79 
RUN object_1k parse node None 3 1953341 1033.87 
RUN object_1k parse bun None 3 1953341 436.14 
RUN object_1k parse bun None 4 1953341 436.16 
RUN object_1k parse node None 4 1953341 1035.2 
RUN object_1k parse perry None 4 1953341 162.34 
RUN object_1k stringify bun None 0 934215 191.01 
RUN object_1k stringify perry None 0 934215 109.32 
RUN object_1k stringify node None 0 934215 178.62 
RUN object_1k stringify node None 1 934215 178.88 
RUN object_1k stringify bun None 1 934215 191.62 
RUN object_1k stringify perry None 1 934215 108.88 
RUN object_1k stringify bun None 2 934215 191.26 
RUN object_1k stringify node None 2 934215 179.06 
RUN object_1k stringify perry None 2 934215 109.4 
RUN object_1k stringify perry None 3 934215 109.29 
RUN object_1k stringify node None 3 934215 179.26 
RUN object_1k stringify bun None 3 934215 191.37 
RUN object_1k stringify bun None 4 934215 191.33 
RUN object_1k stringify perry None 4 934215 109.64 
RUN object_1k stringify node None 4 934215 178.74 
RUN records_array_16k parse bun None 0 8247 279.82 
RUN records_array_16k parse node None 0 8247 334.96 
RUN records_array_16k parse perry None 0 8247 153.83 
RUN records_array_16k parse node None 1 8247 311.03 
RUN records_array_16k parse perry None 1 8247 153.94 
RUN records_array_16k parse bun None 1 8247 279.65 
RUN records_array_16k parse node None 2 8247 326.26 
RUN records_array_16k parse bun None 2 8247 278.8 
RUN records_array_16k parse perry None 2 8247 153.32 
RUN records_array_16k parse perry None 3 8247 153.25 
RUN records_array_16k parse bun None 3 8247 279.32 
RUN records_array_16k parse node None 3 8247 325.11 
RUN records_array_16k parse perry None 4 8247 152.88 
RUN records_array_16k parse node None 4 8247 342.06 
RUN records_array_16k parse bun None 4 8247 279.08 
RUN records_array_16k stringify perry None 0 12499 138.45 
RUN records_array_16k stringify node None 0 12499 161.8 
RUN records_array_16k stringify bun None 0 12499 288.52 
RUN records_array_16k stringify bun None 1 12499 289.22 
RUN records_array_16k stringify node None 1 12499 162.32 
RUN records_array_16k stringify perry None 1 12499 138.78 
RUN records_array_16k stringify node None 2 12499 163.39 
RUN records_array_16k stringify perry None 2 12499 138.16 
RUN records_array_16k stringify bun None 2 12499 288.14 
RUN records_array_16k stringify perry None 3 12499 137.54 
RUN records_array_16k stringify node None 3 12499 161.39 
RUN records_array_16k stringify bun None 3 12499 288.57 
RUN records_array_16k stringify node None 4 12499 161.66 
RUN records_array_16k stringify perry None 4 12499 137.88 
RUN records_array_16k stringify bun None 4 12499 289.47 
RUN records_array_16k sparse perry None 0 6315 156.38 
RUN records_array_16k sparse node None 0 6315 253.22 
RUN records_array_16k sparse bun None 0 6315 214.92 
RUN records_array_16k sparse perry None 1 6315 156.17 
RUN records_array_16k sparse node None 1 6315 262.57 
RUN records_array_16k sparse bun None 1 6315 213.98 
RUN records_array_16k sparse node None 2 6315 246.53 
RUN records_array_16k sparse perry None 2 6315 156.06 
RUN records_array_16k sparse bun None 2 6315 214.74 
RUN records_array_16k sparse node None 3 6315 239.61 
RUN records_array_16k sparse bun None 3 6315 214.89 
RUN records_array_16k sparse perry None 3 6315 156.3 
RUN records_array_16k sparse node None 4 6315 261.23 
RUN records_array_16k sparse bun None 4 6315 214.15 
RUN records_array_16k sparse perry None 4 6315 155.9 
RUN records_array_16k scan perry None 0 3898 1140.24 
RUN records_array_16k scan node None 0 3898 148.51 
RUN records_array_16k scan bun None 0 3898 134.78 
RUN records_array_16k scan perry None 1 3898 1137.88 
RUN records_array_16k scan node None 1 3898 155.58 
RUN records_array_16k scan bun None 1 3898 141.06 
RUN records_array_16k scan bun None 2 3898 133.79 
RUN records_array_16k scan node None 2 3898 151.61 
RUN records_array_16k scan perry None 2 3898 1138.78 
RUN records_array_16k scan perry None 3 3898 1135.18 
RUN records_array_16k scan bun None 3 3898 133.24 
RUN records_array_16k scan node None 3 3898 151.55 
RUN records_array_16k scan bun None 4 3898 133.24 
RUN records_array_16k scan perry None 4 3898 1143.39 
RUN records_array_16k scan node None 4 3898 156.44 
RUN records_array_16k roundtrip bun None 0 6015 347.44 
RUN records_array_16k roundtrip perry None 0 6015 157.94 
RUN records_array_16k roundtrip node None 0 6015 326.84 
RUN records_array_16k roundtrip perry None 1 6015 158.26 
RUN records_array_16k roundtrip bun None 1 6015 347.44 
RUN records_array_16k roundtrip node None 1 6015 325.41 
RUN records_array_16k roundtrip perry None 2 6015 158.13 
RUN records_array_16k roundtrip node None 2 6015 328.11 
RUN records_array_16k roundtrip bun None 2 6015 347.39 
RUN records_array_16k roundtrip bun None 3 6015 347.83 
RUN records_array_16k roundtrip node None 3 6015 313.52 
RUN records_array_16k roundtrip perry None 3 6015 157.83 
RUN records_array_16k roundtrip node None 4 6015 323.73 
RUN records_array_16k roundtrip perry None 4 6015 157.77 
RUN records_array_16k roundtrip bun None 4 6015 347.46 
RUN records_array_1m parse bun None 0 125 264.13 
RUN records_array_1m parse perry None 0 125 153.95 
RUN records_array_1m parse node None 0 125 350.57 
RUN records_array_1m parse bun None 1 125 264.43 
RUN records_array_1m parse perry None 1 125 153.87 
RUN records_array_1m parse node None 1 125 322.87 
RUN records_array_1m parse bun None 2 125 264.63 
RUN records_array_1m parse perry None 2 125 153.74 
RUN records_array_1m parse node None 2 125 319.79 
RUN records_array_1m parse node None 3 125 315.39 
RUN records_array_1m parse bun None 3 125 263.46 
RUN records_array_1m parse perry None 3 125 154.44 
RUN records_array_1m parse node None 4 125 327.45 
RUN records_array_1m parse perry None 4 125 153.73 
RUN records_array_1m parse bun None 4 125 263.6 
RUN records_array_1m stringify perry None 0 227 147.97 
RUN records_array_1m stringify node None 0 227 186.98 
RUN records_array_1m stringify bun None 0 227 217.68 
RUN records_array_1m stringify node None 1 227 186.63 
RUN records_array_1m stringify perry None 1 227 147.2 
RUN records_array_1m stringify bun None 1 227 217.75 
RUN records_array_1m stringify bun None 2 227 217.67 
RUN records_array_1m stringify perry None 2 227 147.3 
RUN records_array_1m stringify node None 2 227 186.09 
RUN records_array_1m stringify perry None 3 227 146.72 
RUN records_array_1m stringify node None 3 227 186.88 
RUN records_array_1m stringify bun None 3 227 219.46 
RUN records_array_1m stringify perry None 4 227 147.46 
RUN records_array_1m stringify node None 4 227 186.3 
RUN records_array_1m stringify bun None 4 227 217.56 
RUN records_array_1m sparse perry None 0 120 152.71 
RUN records_array_1m sparse node None 0 120 338.79 
RUN records_array_1m sparse bun None 0 120 254.54 
RUN records_array_1m sparse perry None 1 120 152.95 
RUN records_array_1m sparse node None 1 120 309.25 
RUN records_array_1m sparse bun None 1 120 255.13 
RUN records_array_1m sparse node None 2 120 323.38 
RUN records_array_1m sparse bun None 2 120 254.09 
RUN records_array_1m sparse perry None 2 120 152.91 
RUN records_array_1m sparse perry None 3 120 152.99 
RUN records_array_1m sparse node None 3 120 336.01 
RUN records_array_1m sparse bun None 3 120 254.53 
RUN records_array_1m sparse perry None 4 120 153.02 
RUN records_array_1m sparse bun None 4 120 254.59 
RUN records_array_1m sparse node None 4 120 310.53 
RUN records_array_1m scan perry None 0 69 320.59 
RUN records_array_1m scan bun None 0 69 146.48 
RUN records_array_1m scan node None 0 69 194.52 
RUN records_array_1m scan perry None 1 69 320.78 
RUN records_array_1m scan bun None 1 69 147.22 
RUN records_array_1m scan node None 1 69 184.04 
RUN records_array_1m scan perry None 2 69 320.32 
RUN records_array_1m scan bun None 2 69 146.63 
RUN records_array_1m scan node None 2 69 190.72 
RUN records_array_1m scan perry None 3 69 320.08 
RUN records_array_1m scan bun None 3 69 146.62 
RUN records_array_1m scan node None 3 69 194.41 
RUN records_array_1m scan bun None 4 69 146.24 
RUN records_array_1m scan perry None 4 69 320.79 
RUN records_array_1m scan node None 4 69 177.34 
RUN records_array_1m roundtrip perry None 0 92 157.65 
RUN records_array_1m roundtrip bun None 0 92 283.6 
RUN records_array_1m roundtrip node None 0 92 332.54 
RUN records_array_1m roundtrip perry None 1 92 157.4 
RUN records_array_1m roundtrip node None 1 92 310.9 
RUN records_array_1m roundtrip bun None 1 92 283.52 
RUN records_array_1m roundtrip bun None 2 92 283.08 
RUN records_array_1m roundtrip perry None 2 92 157.83 
RUN records_array_1m roundtrip node None 2 92 323.29 
RUN records_array_1m roundtrip perry None 3 92 157.71 
RUN records_array_1m roundtrip node None 3 92 328.73 
RUN records_array_1m roundtrip bun None 3 92 283.09 
RUN records_array_1m roundtrip node None 4 92 318.36 
RUN records_array_1m roundtrip perry None 4 92 157.7 
RUN records_array_1m roundtrip bun None 4 92 283.63 
RUN records_object_1m parse perry None 0 80 163.67 
RUN records_object_1m parse bun None 0 80 169.66 
RUN records_object_1m parse node None 0 80 203.63 
RUN records_object_1m parse bun None 1 80 169.67 
RUN records_object_1m parse perry None 1 80 163.24 
RUN records_object_1m parse node None 1 80 229.09 
RUN records_object_1m parse node None 2 80 217.91 
RUN records_object_1m parse perry None 2 80 163.31 
RUN records_object_1m parse bun None 2 80 170.35 
RUN records_object_1m parse node None 3 80 219.81 
RUN records_object_1m parse perry None 3 80 163.24 
RUN records_object_1m parse bun None 3 80 169.57 
RUN records_object_1m parse node None 4 80 218.18 
RUN records_object_1m parse perry None 4 80 163.37 
RUN records_object_1m parse bun None 4 80 169.39 
RUN records_object_1m stringify perry None 0 232 151.05 
RUN records_object_1m stringify bun None 0 232 222.62 
RUN records_object_1m stringify node None 0 232 189.95 
RUN records_object_1m stringify perry None 1 232 150.72 
RUN records_object_1m stringify bun None 1 232 222.89 
RUN records_object_1m stringify node None 1 232 190.28 
RUN records_object_1m stringify bun None 2 232 222.55 
RUN records_object_1m stringify node None 2 232 190.94 
RUN records_object_1m stringify perry None 2 232 150.87 
RUN records_object_1m stringify bun None 3 232 222.36 
RUN records_object_1m stringify node None 3 232 190.31 
RUN records_object_1m stringify perry None 3 232 150.94 
RUN records_object_1m stringify node None 4 232 193.36 
RUN records_object_1m stringify bun None 4 232 222.85 
RUN records_object_1m stringify perry None 4 232 150.64 
RUN records_array_8m parse node None 0 13 299.42 
RUN records_array_8m parse perry None 0 13 139.47 
RUN records_array_8m parse bun None 0 13 231.97 
RUN records_array_8m parse bun None 1 13 231.67 
RUN records_array_8m parse node None 1 13 290.17 
RUN records_array_8m parse perry None 1 13 139.32 
RUN records_array_8m parse perry None 2 13 139.38 
RUN records_array_8m parse node None 2 13 292.17 
RUN records_array_8m parse bun None 2 13 233.93 
RUN records_array_8m parse perry None 3 13 139.45 
RUN records_array_8m parse bun None 3 13 231.86 
RUN records_array_8m parse node None 3 13 289.74 
RUN records_array_8m parse node None 4 13 306.47 
RUN records_array_8m parse perry None 4 13 139.24 
RUN records_array_8m parse bun None 4 13 232.66 
RUN records_array_8m stringify perry None 0 29 138.11 
RUN records_array_8m stringify node None 0 29 195.05 
RUN records_array_8m stringify bun None 0 29 224.67 
RUN records_array_8m stringify node None 1 29 196.48 
RUN records_array_8m stringify perry None 1 29 137.98 
RUN records_array_8m stringify bun None 1 29 225.66 
RUN records_array_8m stringify node None 2 29 195.87 
RUN records_array_8m stringify perry None 2 29 137.59 
RUN records_array_8m stringify bun None 2 29 223.06 
RUN records_array_8m stringify node None 3 29 198.47 
RUN records_array_8m stringify bun None 3 29 222.72 
RUN records_array_8m stringify perry None 3 29 137.77 
RUN records_array_8m stringify node None 4 29 194.68 
RUN records_array_8m stringify bun None 4 29 223.03 
RUN records_array_8m stringify perry None 4 29 138.77 
RUN records_array_8m sparse perry None 0 12 136.6 
RUN records_array_8m sparse node None 0 12 269.56 
RUN records_array_8m sparse bun None 0 12 216.36 
RUN records_array_8m sparse perry None 1 12 135.72 
RUN records_array_8m sparse node None 1 12 265.15 
RUN records_array_8m sparse bun None 1 12 215.56 
RUN records_array_8m sparse bun None 2 12 215.11 
RUN records_array_8m sparse perry None 2 12 135.81 
RUN records_array_8m sparse node None 2 12 279.59 
RUN records_array_8m sparse bun None 3 12 216.28 
RUN records_array_8m sparse perry None 3 12 135.84 
RUN records_array_8m sparse node None 3 12 264.48 
RUN records_array_8m sparse node None 4 12 278.81 
RUN records_array_8m sparse perry None 4 12 137.21 
RUN records_array_8m sparse bun None 4 12 215.54 
RUN records_array_8m scan bun None 0 8 146.84 
RUN records_array_8m scan perry None 0 8 293.86 
RUN records_array_8m scan node None 0 8 185.42 
RUN records_array_8m scan perry None 1 8 294.09 
RUN records_array_8m scan bun None 1 8 147.37 
RUN records_array_8m scan node None 1 8 181.68 
RUN records_array_8m scan bun None 2 8 146.52 
RUN records_array_8m scan node None 2 8 190.3 
RUN records_array_8m scan perry None 2 8 295.07 
RUN records_array_8m scan perry None 3 8 294.26 
RUN records_array_8m scan bun None 3 8 147.05 
RUN records_array_8m scan node None 3 8 175.63 
RUN records_array_8m scan bun None 4 8 163.31 
RUN records_array_8m scan node None 4 8 174.58 
RUN records_array_8m scan perry None 4 8 293.88 
RUN records_array_8m roundtrip bun None 0 9 231.66 
RUN records_array_8m roundtrip node None 0 9 261.61 
RUN records_array_8m roundtrip perry None 0 9 139.56 
RUN records_array_8m roundtrip bun None 1 9 230.73 
RUN records_array_8m roundtrip node None 1 9 248.06 
RUN records_array_8m roundtrip perry None 1 9 139.67 
RUN records_array_8m roundtrip node None 2 9 261.57 
RUN records_array_8m roundtrip bun None 2 9 230.94 
RUN records_array_8m roundtrip perry None 2 9 140.3 
RUN records_array_8m roundtrip bun None 3 9 230.58 
RUN records_array_8m roundtrip perry None 3 9 139.81 
RUN records_array_8m roundtrip node None 3 9 255.85 
RUN records_array_8m roundtrip node None 4 9 258.77 
RUN records_array_8m roundtrip perry None 4 9 139.86 
RUN records_array_8m roundtrip bun None 4 9 230.04 
RUN records_object_8m parse perry None 0 9 148.31 
RUN records_object_8m parse node None 0 9 207.69 
RUN records_object_8m parse bun None 0 9 161.4 
RUN records_object_8m parse perry None 1 9 147.87 
RUN records_object_8m parse node None 1 9 214.21 
RUN records_object_8m parse bun None 1 9 162.01 
RUN records_object_8m parse bun None 2 9 161.57 
RUN records_object_8m parse node None 2 9 210.29 
RUN records_object_8m parse perry None 2 9 148.16 
RUN records_object_8m parse node None 3 9 208.65 
RUN records_object_8m parse bun None 3 9 161.65 
RUN records_object_8m parse perry None 3 9 148.68 
RUN records_object_8m parse bun None 4 9 162.2 
RUN records_object_8m parse node None 4 9 196.73 
RUN records_object_8m parse perry None 4 9 148.94 
RUN records_object_8m stringify perry None 0 29 139.2 
RUN records_object_8m stringify bun None 0 29 224.41 
RUN records_object_8m stringify node None 0 29 196.48 
RUN records_object_8m stringify node None 1 29 196.03 
RUN records_object_8m stringify perry None 1 29 138.49 
RUN records_object_8m stringify bun None 1 29 224.62 
RUN records_object_8m stringify perry None 2 29 138.72 
RUN records_object_8m stringify node None 2 29 194.77 
RUN records_object_8m stringify bun None 2 29 221.89 
RUN records_object_8m stringify perry None 3 29 138.89 
RUN records_object_8m stringify node None 3 29 195.21 
RUN records_object_8m stringify bun None 3 29 223.73 
RUN records_object_8m stringify bun None 4 29 225.81 
RUN records_object_8m stringify perry None 4 29 139.88 
RUN records_object_8m stringify node None 4 29 193.98 
RUN records_array_20m parse node None 0 4 245.8 
RUN records_array_20m parse perry None 0 4 160.96 
RUN records_array_20m parse bun None 0 4 176.23 
RUN records_array_20m parse bun None 1 4 176.49 
RUN records_array_20m parse node None 1 4 249.13 
RUN records_array_20m parse perry None 1 4 161.01 
RUN records_array_20m parse node None 2 4 231.43 
RUN records_array_20m parse perry None 2 4 160.59 
RUN records_array_20m parse bun None 2 4 177.18 
RUN records_array_20m parse bun None 3 4 175.92 
RUN records_array_20m parse perry None 3 4 161.24 
RUN records_array_20m parse node None 3 4 247.07 
RUN records_array_20m parse perry None 4 4 161.19 
RUN records_array_20m parse node None 4 4 237.99 
RUN records_array_20m parse bun None 4 4 197.25 
RUN records_array_20m stringify bun None 0 12 233.43 
RUN records_array_20m stringify node None 0 12 209.26 
RUN records_array_20m stringify perry None 0 12 141.61 
RUN records_array_20m stringify perry None 1 12 141.54 
RUN records_array_20m stringify bun None 1 12 230.09 
RUN records_array_20m stringify node None 1 12 205.72 
RUN records_array_20m stringify perry None 2 12 141.6 
RUN records_array_20m stringify bun None 2 12 230.64 
RUN records_array_20m stringify node None 2 12 206.65 
RUN records_array_20m stringify node None 3 12 206.55 
RUN records_array_20m stringify bun None 3 12 230.01 
RUN records_array_20m stringify perry None 3 12 141.46 
RUN records_array_20m stringify bun None 4 12 230.32 
RUN records_array_20m stringify perry None 4 12 141.39 
RUN records_array_20m stringify node None 4 12 207.17 
RUN records_array_20m sparse bun None 0 4 177.11 
RUN records_array_20m sparse node None 0 4 240.95 
RUN records_array_20m sparse perry None 0 4 161.13 
RUN records_array_20m sparse perry None 1 4 161.64 
RUN records_array_20m sparse bun None 1 4 180.43 
RUN records_array_20m sparse node None 1 4 237.8 
RUN records_array_20m sparse perry None 2 4 160.94 
RUN records_array_20m sparse bun None 2 4 176.49 
RUN records_array_20m sparse node None 2 4 231.15 
RUN records_array_20m sparse perry None 3 4 160.92 
RUN records_array_20m sparse node None 3 4 245.23 
RUN records_array_20m sparse bun None 3 4 176.08 
RUN records_array_20m sparse bun None 4 4 176.24 
RUN records_array_20m sparse perry None 4 4 161.01 
RUN records_array_20m sparse node None 4 4 232.96 
RUN records_array_20m scan perry None 0 3 126.39 
RUN records_array_20m scan bun None 0 3 135.58 
RUN records_array_20m scan node None 0 3 176.38 
RUN records_array_20m scan bun None 1 3 135.41 
RUN records_array_20m scan perry None 1 3 126.3 
RUN records_array_20m scan node None 1 3 186.73 
RUN records_array_20m scan perry None 2 3 126.23 
RUN records_array_20m scan bun None 2 3 135.51 
RUN records_array_20m scan node None 2 3 184.29 
RUN records_array_20m scan perry None 3 3 126.39 
RUN records_array_20m scan node None 3 3 180.66 
RUN records_array_20m scan bun None 3 3 135.16 
RUN records_array_20m scan node None 4 3 193.35 
RUN records_array_20m scan perry None 4 3 127.04 
RUN records_array_20m scan bun None 4 3 134.63 
RUN records_array_20m roundtrip perry None 0 2 199.49 
RUN records_array_20m roundtrip bun None 0 2 130.79 
RUN records_array_20m roundtrip node None 0 2 156.53 
RUN records_array_20m roundtrip node None 1 2 150.19 
RUN records_array_20m roundtrip bun None 1 2 130.93 
RUN records_array_20m roundtrip perry None 1 2 199.39 
RUN records_array_20m roundtrip perry None 2 2 199.57 
RUN records_array_20m roundtrip bun None 2 2 130.27 
RUN records_array_20m roundtrip node None 2 2 149.99 
RUN records_array_20m roundtrip node None 3 2 147.47 
RUN records_array_20m roundtrip perry None 3 2 199.84 
RUN records_array_20m roundtrip bun None 3 2 130.77 
RUN records_array_20m roundtrip bun None 4 2 130.96 
RUN records_array_20m roundtrip perry None 4 2 199.68 
RUN records_array_20m roundtrip node None 4 2 148.42 
RUN records_object_20m parse bun None 0 4 176.49 
RUN records_object_20m parse perry None 0 4 161.43 
RUN records_object_20m parse node None 0 4 233.02 
RUN records_object_20m parse perry None 1 4 161.72 
RUN records_object_20m parse node None 1 4 233.81 
RUN records_object_20m parse bun None 1 4 178.59 
RUN records_object_20m parse node None 2 4 224.81 
RUN records_object_20m parse perry None 2 4 161.27 
RUN records_object_20m parse bun None 2 4 177.95 
RUN records_object_20m parse bun None 3 4 176.49 
RUN records_object_20m parse node None 3 4 244.51 
RUN records_object_20m parse perry None 3 4 160.57 
RUN records_object_20m parse perry None 4 4 161.17 
RUN records_object_20m parse bun None 4 4 175.85 
RUN records_object_20m parse node None 4 4 237.1 
RUN records_object_20m stringify bun None 0 12 230.41 
RUN records_object_20m stringify node None 0 12 206.62 
RUN records_object_20m stringify perry None 0 12 140.59 
RUN records_object_20m stringify bun None 1 12 230.74 
RUN records_object_20m stringify perry None 1 12 141.05 
RUN records_object_20m stringify node None 1 12 206.96 
RUN records_object_20m stringify bun None 2 12 230.95 
RUN records_object_20m stringify node None 2 12 208.51 
RUN records_object_20m stringify perry None 2 12 140.81 
RUN records_object_20m stringify node None 3 12 206.56 
RUN records_object_20m stringify perry None 3 12 140.93 
RUN records_object_20m stringify bun None 3 12 231.48 
RUN records_object_20m stringify perry None 4 12 141.42 
RUN records_object_20m stringify bun None 4 12 233.63 
RUN records_object_20m stringify node None 4 12 206.11 
RUN numbers_1m parse bun None 0 99 317.34 
RUN numbers_1m parse perry None 0 99 157.74 
RUN numbers_1m parse node None 0 99 304.52 
RUN numbers_1m parse bun None 1 99 317.55 
RUN numbers_1m parse node None 1 99 304.61 
RUN numbers_1m parse perry None 1 99 157.89 
RUN numbers_1m parse node None 2 99 304.29 
RUN numbers_1m parse bun None 2 99 317.14 
RUN numbers_1m parse perry None 2 99 157.99 
RUN numbers_1m parse bun None 3 99 316.26 
RUN numbers_1m parse perry None 3 99 158.04 
RUN numbers_1m parse node None 3 99 305.37 
RUN numbers_1m parse perry None 4 99 158.06 
RUN numbers_1m parse node None 4 99 304.89 
RUN numbers_1m parse bun None 4 99 317.32 
RUN numbers_1m stringify node None 0 147 286.19 
RUN numbers_1m stringify perry None 0 147 149.57 
RUN numbers_1m stringify bun None 0 147 432.33 
RUN numbers_1m stringify node None 1 147 286.45 
RUN numbers_1m stringify bun None 1 147 432.32 
RUN numbers_1m stringify perry None 1 147 149.94 
RUN numbers_1m stringify perry None 2 147 149.59 
RUN numbers_1m stringify node None 2 147 286.24 
RUN numbers_1m stringify bun None 2 147 432.42 
RUN numbers_1m stringify node None 3 147 286.17 
RUN numbers_1m stringify bun None 3 147 432.29 
RUN numbers_1m stringify perry None 3 147 150.38 
RUN numbers_1m stringify bun None 4 147 432.69 
RUN numbers_1m stringify perry None 4 147 150.15 
RUN numbers_1m stringify node None 4 147 286.48 
RUN long_string_1m parse node None 0 2758 1002.61 
RUN long_string_1m parse perry None 0 2758 0.95 
RUN long_string_1m parse bun None 0 2758 175.87 
RUN long_string_1m parse perry None 1 2758 0.96 
RUN long_string_1m parse node None 1 2758 1007.88 
RUN long_string_1m parse bun None 1 2758 177.1 
RUN long_string_1m parse perry None 2 2758 0.95 
RUN long_string_1m parse node None 2 2758 1017.43 
RUN long_string_1m parse bun None 2 2758 176.81 
RUN long_string_1m parse perry None 3 2758 0.95 
RUN long_string_1m parse bun None 3 2758 176.26 
RUN long_string_1m parse node None 3 2758 1016.61 
RUN long_string_1m parse node None 4 2758 1001.95 
RUN long_string_1m parse perry None 4 2758 0.96 
RUN long_string_1m parse bun None 4 2758 177.47 
RUN long_string_1m stringify node None 0 1780 183.85 
RUN long_string_1m stringify bun None 0 1780 169.55 
RUN long_string_1m stringify perry None 0 1780 62.74 
RUN long_string_1m stringify node None 1 1780 180.45 
RUN long_string_1m stringify bun None 1 1780 167.86 
RUN long_string_1m stringify perry None 1 1780 64.92 
RUN long_string_1m stringify node None 2 1780 178.41 
RUN long_string_1m stringify perry None 2 1780 67.23 
RUN long_string_1m stringify bun None 2 1780 168.9 
RUN long_string_1m stringify node None 3 1780 178.89 
RUN long_string_1m stringify perry None 3 1780 67.53 
RUN long_string_1m stringify bun None 3 1780 168.95 
RUN long_string_1m stringify bun None 4 1780 167.06 
RUN long_string_1m stringify node None 4 1780 178.25 
RUN long_string_1m stringify perry None 4 1780 65.64 
RUN escaped_1m parse bun None 0 156 322.82 
RUN escaped_1m parse node None 0 156 270.88 
RUN escaped_1m parse perry None 0 156 154.5 
RUN escaped_1m parse perry None 1 156 154.51 
RUN escaped_1m parse bun None 1 156 323.24 
RUN escaped_1m parse node None 1 156 271.1 
RUN escaped_1m parse perry None 2 156 154.53 
RUN escaped_1m parse node None 2 156 270.82 
RUN escaped_1m parse bun None 2 156 322.89 
RUN escaped_1m parse node None 3 156 270.85 
RUN escaped_1m parse bun None 3 156 323.25 
RUN escaped_1m parse perry None 3 156 154.59 
RUN escaped_1m parse perry None 4 156 154.48 
RUN escaped_1m parse node None 4 156 270.93 
RUN escaped_1m parse bun None 4 156 323.18 
RUN escaped_1m stringify perry None 0 166 147.44 
RUN escaped_1m stringify node None 0 166 310.25 
RUN escaped_1m stringify bun None 0 166 345.29 
RUN escaped_1m stringify perry None 1 166 147.34 
RUN escaped_1m stringify node None 1 166 310.27 
RUN escaped_1m stringify bun None 1 166 346.18 
RUN escaped_1m stringify perry None 2 166 147.29 
RUN escaped_1m stringify node None 2 166 311.02 
RUN escaped_1m stringify bun None 2 166 346.99 
RUN escaped_1m stringify bun None 3 166 346.95 
RUN escaped_1m stringify node None 3 166 311.04 
RUN escaped_1m stringify perry None 3 166 147.39 
RUN escaped_1m stringify perry None 4 166 147.57 
RUN escaped_1m stringify node None 4 166 310.72 
RUN escaped_1m stringify bun None 4 166 345.33 
RUN unicode_1m parse node None 0 2792 1223.58 
RUN unicode_1m parse bun None 0 2792 161.71 
RUN unicode_1m parse perry None 0 2792 0.98 
RUN unicode_1m parse perry None 1 2792 0.97 
RUN unicode_1m parse bun None 1 2792 160.53 
RUN unicode_1m parse node None 1 2792 1234.27 
RUN unicode_1m parse node None 2 2792 1225.08 
RUN unicode_1m parse perry None 2 2792 0.96 
RUN unicode_1m parse bun None 2 2792 160.3 
RUN unicode_1m parse perry None 3 2792 0.97 
RUN unicode_1m parse node None 3 2792 1225.32 
RUN unicode_1m parse bun None 3 2792 160.18 
RUN unicode_1m parse node None 4 2792 1222.79 
RUN unicode_1m parse perry None 4 2792 0.96 
RUN unicode_1m parse bun None 4 2792 158.22 
RUN unicode_1m stringify bun None 0 2181 981.14 
RUN unicode_1m stringify perry None 0 2181 65.92 
RUN unicode_1m stringify node None 0 2181 891.83 
RUN unicode_1m stringify bun None 1 2181 978.16 
RUN unicode_1m stringify node None 1 2181 891.24 
RUN unicode_1m stringify perry None 1 2181 66.23 
RUN unicode_1m stringify node None 2 2181 890.62 
RUN unicode_1m stringify perry None 2 2181 62.02 
RUN unicode_1m stringify bun None 2 2181 980.48 
RUN unicode_1m stringify perry None 3 2181 58.93 
RUN unicode_1m stringify node None 3 2181 890.89 
RUN unicode_1m stringify bun None 3 2181 980.36 
RUN unicode_1m stringify perry None 4 2181 69.68 
RUN unicode_1m stringify bun None 4 2181 984.43 
RUN unicode_1m stringify node None 4 2181 893.84 
RUN wide_1m parse perry None 0 63 185.66 
RUN wide_1m parse node None 0 63 320.35 
RUN wide_1m parse bun None 0 63 259.82 
RUN wide_1m parse perry None 1 63 185.42 
RUN wide_1m parse bun None 1 63 260.65 
RUN wide_1m parse node None 1 63 315.33 
RUN wide_1m parse perry None 2 63 185.67 
RUN wide_1m parse bun None 2 63 260.44 
RUN wide_1m parse node None 2 63 323.99 
RUN wide_1m parse bun None 3 63 260.52 
RUN wide_1m parse node None 3 63 319.24 
RUN wide_1m parse perry None 3 63 185.76 
RUN wide_1m parse node None 4 63 321.76 
RUN wide_1m parse perry None 4 63 184.5 
RUN wide_1m parse bun None 4 63 260.4 
RUN wide_1m stringify node None 0 230 1444.73 
RUN wide_1m stringify perry None 0 230 146.78 
RUN wide_1m stringify bun None 0 230 152.64 
RUN wide_1m stringify node None 1 230 1460.32 
RUN wide_1m stringify perry None 1 230 146.11 
RUN wide_1m stringify bun None 1 230 152.7 
RUN wide_1m stringify bun None 2 230 152.39 
RUN wide_1m stringify perry None 2 230 146.59 
RUN wide_1m stringify node None 2 230 1530.08 
RUN wide_1m stringify perry None 3 230 146.35 
RUN wide_1m stringify node None 3 230 1467.6 
RUN wide_1m stringify bun None 3 230 152.82 
RUN wide_1m stringify node None 4 230 1452.86 
RUN wide_1m stringify perry None 4 230 146.18 
RUN wide_1m stringify bun None 4 230 152.54 
RUN heterogeneous_1m parse perry None 0 112 157.9 
RUN heterogeneous_1m parse bun None 0 112 322.55 
RUN heterogeneous_1m parse node None 0 112 421.34 
RUN heterogeneous_1m parse bun None 1 112 321.82 
RUN heterogeneous_1m parse perry None 1 112 157.51 
RUN heterogeneous_1m parse node None 1 112 420.67 
RUN heterogeneous_1m parse bun None 2 112 324.33 
RUN heterogeneous_1m parse node None 2 112 435.13 
RUN heterogeneous_1m parse perry None 2 112 157.63 
RUN heterogeneous_1m parse node None 3 112 421.35 
RUN heterogeneous_1m parse bun None 3 112 323.45 
RUN heterogeneous_1m parse perry None 3 112 157.55 
RUN heterogeneous_1m parse node None 4 112 421.47 
RUN heterogeneous_1m parse bun None 4 112 324.42 
RUN heterogeneous_1m parse perry None 4 112 157.58 
RUN heterogeneous_1m stringify node None 0 216 187.77 
RUN heterogeneous_1m stringify bun None 0 216 227.34 
RUN heterogeneous_1m stringify perry None 0 216 155.41 
RUN heterogeneous_1m stringify perry None 1 216 155.6 
RUN heterogeneous_1m stringify node None 1 216 187.23 
RUN heterogeneous_1m stringify bun None 1 216 226.92 
RUN heterogeneous_1m stringify bun None 2 216 226.9 
RUN heterogeneous_1m stringify node None 2 216 187.52 
RUN heterogeneous_1m stringify perry None 2 216 155.71 
RUN heterogeneous_1m stringify node None 3 216 187.24 
RUN heterogeneous_1m stringify perry None 3 216 155.61 
RUN heterogeneous_1m stringify bun None 3 216 227.03 
RUN heterogeneous_1m stringify node None 4 216 187.21 
RUN heterogeneous_1m stringify bun None 4 216 228.22 
RUN heterogeneous_1m stringify perry None 4 216 155.41 
MEM tiny_object retain-parse perry 1 11.8 
MEM tiny_object retain-parse node 1 52.7 
MEM tiny_object retain-parse bun 1 28.3 
MEM tiny_object retain-parse perry 1 11.8 
MEM tiny_object retain-parse node 1 52.7 
MEM tiny_object retain-parse bun 1 28.3 
MEM tiny_object retain-parse perry 1 11.8 
MEM tiny_object retain-parse node 1 52.8 
MEM tiny_object retain-parse bun 1 28.3 
MEM tiny_object retain-parse perry 1 11.8 
MEM tiny_object retain-parse node 1 52.7 
MEM tiny_object retain-parse bun 1 28.3 
MEM tiny_object retain-parse perry 1 11.9 
MEM tiny_object retain-parse node 1 52.7 
MEM tiny_object retain-parse bun 1 28.4 
MEM tiny_object retain-parse perry 200000 24.3 
MEM tiny_object retain-parse node 200000 74.8 
MEM tiny_object retain-parse bun 200000 50.2 
MEM tiny_object retain-parse perry 200000 24.3 
MEM tiny_object retain-parse node 200000 75.0 
MEM tiny_object retain-parse bun 200000 50.2 
MEM tiny_object retain-parse perry 200000 24.3 
MEM tiny_object retain-parse node 200000 74.7 
MEM tiny_object retain-parse bun 200000 50.2 
MEM tiny_object retain-parse perry 200000 24.3 
MEM tiny_object retain-parse node 200000 75.0 
MEM tiny_object retain-parse bun 200000 50.2 
MEM tiny_object retain-parse perry 200000 24.3 
MEM tiny_object retain-parse node 200000 75.0 
MEM tiny_object retain-parse bun 200000 50.2 
MEM tiny_object retain-stringify perry 1 12.0 
MEM tiny_object retain-stringify node 1 52.9 
MEM tiny_object retain-stringify bun 1 28.4 
MEM tiny_object retain-stringify perry 1 11.9 
MEM tiny_object retain-stringify node 1 52.8 
MEM tiny_object retain-stringify bun 1 28.3 
MEM tiny_object retain-stringify perry 1 11.9 
MEM tiny_object retain-stringify node 1 52.8 
MEM tiny_object retain-stringify bun 1 28.4 
MEM tiny_object retain-stringify perry 1 12.0 
MEM tiny_object retain-stringify node 1 52.8 
MEM tiny_object retain-stringify bun 1 28.3 
MEM tiny_object retain-stringify perry 1 11.9 
MEM tiny_object retain-stringify node 1 52.8 
MEM tiny_object retain-stringify bun 1 28.4 
MEM tiny_object retain-stringify perry 200000 24.4 
MEM tiny_object retain-stringify node 200000 71.3 
MEM tiny_object retain-stringify bun 200000 47.1 
MEM tiny_object retain-stringify perry 200000 24.4 
MEM tiny_object retain-stringify node 200000 71.3 
MEM tiny_object retain-stringify bun 200000 47.1 
MEM tiny_object retain-stringify perry 200000 24.4 
MEM tiny_object retain-stringify node 200000 71.3 
MEM tiny_object retain-stringify bun 200000 47.0 
MEM tiny_object retain-stringify perry 200000 24.4 
MEM tiny_object retain-stringify node 200000 71.2 
MEM tiny_object retain-stringify bun 200000 47.1 
MEM tiny_object retain-stringify perry 200000 24.4 
MEM tiny_object retain-stringify node 200000 71.2 
MEM tiny_object retain-stringify bun 200000 47.1 
MEM small_record retain-parse perry 1 11.8 
MEM small_record retain-parse node 1 52.8 
MEM small_record retain-parse bun 1 28.3 
MEM small_record retain-parse perry 1 11.8 
MEM small_record retain-parse node 1 52.8 
MEM small_record retain-parse bun 1 28.4 
MEM small_record retain-parse perry 1 11.8 
MEM small_record retain-parse node 1 52.8 
MEM small_record retain-parse bun 1 28.3 
MEM small_record retain-parse perry 1 11.8 
MEM small_record retain-parse node 1 52.7 
MEM small_record retain-parse bun 1 28.3 
MEM small_record retain-parse perry 1 11.8 
MEM small_record retain-parse node 1 52.9 
MEM small_record retain-parse bun 1 28.3 
MEM small_record retain-parse perry 100000 24.3 
MEM small_record retain-parse node 100000 85.4 
MEM small_record retain-parse bun 100000 52.7 
MEM small_record retain-parse perry 100000 24.3 
MEM small_record retain-parse node 100000 85.5 
MEM small_record retain-parse bun 100000 52.7 
MEM small_record retain-parse perry 100000 24.3 
MEM small_record retain-parse node 100000 85.8 
MEM small_record retain-parse bun 100000 52.7 
MEM small_record retain-parse perry 100000 24.3 
MEM small_record retain-parse node 100000 85.8 
MEM small_record retain-parse bun 100000 52.7 
MEM small_record retain-parse perry 100000 24.3 
MEM small_record retain-parse node 100000 85.5 
MEM small_record retain-parse bun 100000 52.7 
MEM small_record retain-stringify perry 1 11.9 
MEM small_record retain-stringify node 1 52.9 
MEM small_record retain-stringify bun 1 28.3 
MEM small_record retain-stringify perry 1 11.9 
MEM small_record retain-stringify node 1 52.9 
MEM small_record retain-stringify bun 1 28.3 
MEM small_record retain-stringify perry 1 11.9 
MEM small_record retain-stringify node 1 52.8 
MEM small_record retain-stringify bun 1 28.3 
MEM small_record retain-stringify perry 1 11.9 
MEM small_record retain-stringify node 1 52.8 
MEM small_record retain-stringify bun 1 28.4 
MEM small_record retain-stringify perry 1 11.9 
MEM small_record retain-stringify node 1 52.9 
MEM small_record retain-stringify bun 1 28.4 
MEM small_record retain-stringify perry 100000 27.6 
MEM small_record retain-stringify node 100000 80.4 
MEM small_record retain-stringify bun 100000 51.1 
MEM small_record retain-stringify perry 100000 27.5 
MEM small_record retain-stringify node 100000 80.4 
MEM small_record retain-stringify bun 100000 51.1 
MEM small_record retain-stringify perry 100000 27.6 
MEM small_record retain-stringify node 100000 80.5 
MEM small_record retain-stringify bun 100000 51.1 
MEM small_record retain-stringify perry 100000 27.6 
MEM small_record retain-stringify node 100000 80.4 
MEM small_record retain-stringify bun 100000 51.1 
MEM small_record retain-stringify perry 100000 27.6 
MEM small_record retain-stringify node 100000 80.4 
MEM small_record retain-stringify bun 100000 51.1 
MEM records_array_1m retain-parse perry 1 16.5 
MEM records_array_1m retain-parse node 1 58.4 
MEM records_array_1m retain-parse bun 1 31.7 
MEM records_array_1m retain-parse perry 1 16.5 
MEM records_array_1m retain-parse node 1 58.5 
MEM records_array_1m retain-parse bun 1 31.7 
MEM records_array_1m retain-parse perry 1 16.5 
MEM records_array_1m retain-parse node 1 58.5 
MEM records_array_1m retain-parse bun 1 31.6 
MEM records_array_1m retain-parse perry 1 16.5 
MEM records_array_1m retain-parse node 1 58.4 
MEM records_array_1m retain-parse bun 1 31.6 
MEM records_array_1m retain-parse perry 1 16.5 
MEM records_array_1m retain-parse node 1 58.5 
MEM records_array_1m retain-parse bun 1 31.7 
MEM records_array_1m retain-parse perry 16 40.4 
MEM records_array_1m retain-parse node 16 88.8 
MEM records_array_1m retain-parse bun 16 56.0 
MEM records_array_1m retain-parse perry 16 40.4 
MEM records_array_1m retain-parse node 16 88.9 
MEM records_array_1m retain-parse bun 16 55.9 
MEM records_array_1m retain-parse perry 16 40.4 
MEM records_array_1m retain-parse node 16 88.9 
MEM records_array_1m retain-parse bun 16 55.9 
MEM records_array_1m retain-parse perry 16 40.4 
MEM records_array_1m retain-parse node 16 88.7 
MEM records_array_1m retain-parse bun 16 55.9 
MEM records_array_1m retain-parse perry 16 40.4 
MEM records_array_1m retain-parse node 16 88.9 
MEM records_array_1m retain-parse bun 16 55.9 
MEM records_array_1m retain-stringify perry 1 19.1 
MEM records_array_1m retain-stringify node 1 60.6 
MEM records_array_1m retain-stringify bun 1 34.5 
MEM records_array_1m retain-stringify perry 1 19.1 
MEM records_array_1m retain-stringify node 1 60.6 
MEM records_array_1m retain-stringify bun 1 34.5 
MEM records_array_1m retain-stringify perry 1 19.1 
MEM records_array_1m retain-stringify node 1 60.6 
MEM records_array_1m retain-stringify bun 1 34.5 
MEM records_array_1m retain-stringify perry 1 19.1 
MEM records_array_1m retain-stringify node 1 60.7 
MEM records_array_1m retain-stringify bun 1 34.5 
MEM records_array_1m retain-stringify perry 1 19.1 
MEM records_array_1m retain-stringify node 1 60.7 
MEM records_array_1m retain-stringify bun 1 34.5 
MEM records_array_1m retain-stringify perry 16 31.8 
MEM records_array_1m retain-stringify node 16 76.5 
MEM records_array_1m retain-stringify bun 16 47.3 
MEM records_array_1m retain-stringify perry 16 31.8 
MEM records_array_1m retain-stringify node 16 76.4 
MEM records_array_1m retain-stringify bun 16 47.3 
MEM records_array_1m retain-stringify perry 16 31.8 
MEM records_array_1m retain-stringify node 16 76.5 
MEM records_array_1m retain-stringify bun 16 47.2 
MEM records_array_1m retain-stringify perry 16 31.8 
MEM records_array_1m retain-stringify node 16 76.5 
MEM records_array_1m retain-stringify bun 16 47.3 
MEM records_array_1m retain-stringify perry 16 31.8 
MEM records_array_1m retain-stringify node 16 76.5 
MEM records_array_1m retain-stringify bun 16 47.3 
MEM records_object_1m retain-parse perry 1 15.3 
MEM records_object_1m retain-parse node 1 58.4 
MEM records_object_1m retain-parse bun 1 31.7 
MEM records_object_1m retain-parse perry 1 15.2 
MEM records_object_1m retain-parse node 1 58.4 
MEM records_object_1m retain-parse bun 1 31.7 
MEM records_object_1m retain-parse perry 1 15.3 
MEM records_object_1m retain-parse node 1 58.5 
MEM records_object_1m retain-parse bun 1 31.6 
MEM records_object_1m retain-parse perry 1 15.3 
MEM records_object_1m retain-parse node 1 58.4 
MEM records_object_1m retain-parse bun 1 31.7 
MEM records_object_1m retain-parse perry 1 15.3 
MEM records_object_1m retain-parse node 1 58.4 
MEM records_object_1m retain-parse bun 1 31.7 
MEM records_object_1m retain-parse perry 16 52.4 
MEM records_object_1m retain-parse node 16 88.8 
MEM records_object_1m retain-parse bun 16 56.0 
MEM records_object_1m retain-parse perry 16 52.4 
MEM records_object_1m retain-parse node 16 88.8 
MEM records_object_1m retain-parse bun 16 55.9 
MEM records_object_1m retain-parse perry 16 52.4 
MEM records_object_1m retain-parse node 16 88.6 
MEM records_object_1m retain-parse bun 16 55.9 
MEM records_object_1m retain-parse perry 16 52.4 
MEM records_object_1m retain-parse node 16 88.8 
MEM records_object_1m retain-parse bun 16 55.9 
MEM records_object_1m retain-parse perry 16 52.4 
MEM records_object_1m retain-parse node 16 88.7 
MEM records_object_1m retain-parse bun 16 56.0 
MEM records_object_1m retain-stringify perry 1 19.1 
MEM records_object_1m retain-stringify node 1 60.6 
MEM records_object_1m retain-stringify bun 1 34.4 
MEM records_object_1m retain-stringify perry 1 19.1 
MEM records_object_1m retain-stringify node 1 60.6 
MEM records_object_1m retain-stringify bun 1 34.5 
MEM records_object_1m retain-stringify perry 1 19.1 
MEM records_object_1m retain-stringify node 1 60.6 
MEM records_object_1m retain-stringify bun 1 34.5 
MEM records_object_1m retain-stringify perry 1 19.1 
MEM records_object_1m retain-stringify node 1 60.8 
MEM records_object_1m retain-stringify bun 1 34.5 
MEM records_object_1m retain-stringify perry 1 19.1 
MEM records_object_1m retain-stringify node 1 60.6 
MEM records_object_1m retain-stringify bun 1 34.5 
MEM records_object_1m retain-stringify perry 16 31.8 
MEM records_object_1m retain-stringify node 16 76.6 
MEM records_object_1m retain-stringify bun 16 47.3 
MEM records_object_1m retain-stringify perry 16 31.8 
MEM records_object_1m retain-stringify node 16 76.4 
MEM records_object_1m retain-stringify bun 16 47.3 
MEM records_object_1m retain-stringify perry 16 31.8 
MEM records_object_1m retain-stringify node 16 76.4 
MEM records_object_1m retain-stringify bun 16 47.2 
MEM records_object_1m retain-stringify perry 16 31.8 
MEM records_object_1m retain-stringify node 16 76.4 
MEM records_object_1m retain-stringify bun 16 47.3 
MEM records_object_1m retain-stringify perry 16 31.8 
MEM records_object_1m retain-stringify node 16 76.4 
MEM records_object_1m retain-stringify bun 16 47.3 
MEM records_array_8m retain-parse perry 1 48.5 
MEM records_array_8m retain-parse node 1 94.4 
MEM records_array_8m retain-parse bun 1 52.3 
MEM records_array_8m retain-parse perry 1 48.5 
MEM records_array_8m retain-parse node 1 94.4 
MEM records_array_8m retain-parse bun 1 52.3 
MEM records_array_8m retain-parse perry 1 48.5 
MEM records_array_8m retain-parse node 1 94.3 
MEM records_array_8m retain-parse bun 1 52.3 
MEM records_array_8m retain-parse perry 1 48.5 
MEM records_array_8m retain-parse node 1 94.4 
MEM records_array_8m retain-parse bun 1 52.3 
MEM records_array_8m retain-parse perry 1 48.5 
MEM records_array_8m retain-parse node 1 94.4 
MEM records_array_8m retain-parse bun 1 52.3 
MEM records_array_8m retain-parse perry 4 85.3 
MEM records_array_8m retain-parse node 4 146.9 
MEM records_array_8m retain-parse bun 4 91.8 
MEM records_array_8m retain-parse perry 4 85.3 
MEM records_array_8m retain-parse node 4 147.0 
MEM records_array_8m retain-parse bun 4 92.2 
MEM records_array_8m retain-parse perry 4 85.3 
MEM records_array_8m retain-parse node 4 146.7 
MEM records_array_8m retain-parse bun 4 91.8 
MEM records_array_8m retain-parse perry 4 85.3 
MEM records_array_8m retain-parse node 4 147.0 
MEM records_array_8m retain-parse bun 4 92.0 
MEM records_array_8m retain-parse perry 4 85.3 
MEM records_array_8m retain-parse node 4 146.7 
MEM records_array_8m retain-parse bun 4 91.7 
MEM records_array_8m retain-stringify perry 1 77.3 
MEM records_array_8m retain-stringify node 1 114.3 
MEM records_array_8m retain-stringify bun 1 73.5 
MEM records_array_8m retain-stringify perry 1 77.4 
MEM records_array_8m retain-stringify node 1 114.3 
MEM records_array_8m retain-stringify bun 1 73.5 
MEM records_array_8m retain-stringify perry 1 77.3 
MEM records_array_8m retain-stringify node 1 114.3 
MEM records_array_8m retain-stringify bun 1 73.5 
MEM records_array_8m retain-stringify perry 1 77.4 
MEM records_array_8m retain-stringify node 1 114.2 
MEM records_array_8m retain-stringify bun 1 73.5 
MEM records_array_8m retain-stringify perry 1 77.4 
MEM records_array_8m retain-stringify node 1 114.2 
MEM records_array_8m retain-stringify bun 1 73.5 
MEM records_array_8m retain-stringify perry 4 98.7 
MEM records_array_8m retain-stringify node 4 144.1 
MEM records_array_8m retain-stringify bun 4 94.5 
MEM records_array_8m retain-stringify perry 4 98.6 
MEM records_array_8m retain-stringify node 4 143.9 
MEM records_array_8m retain-stringify bun 4 94.5 
MEM records_array_8m retain-stringify perry 4 98.6 
MEM records_array_8m retain-stringify node 4 144.0 
MEM records_array_8m retain-stringify bun 4 94.5 
MEM records_array_8m retain-stringify perry 4 98.6 
MEM records_array_8m retain-stringify node 4 144.0 
MEM records_array_8m retain-stringify bun 4 94.5 
MEM records_array_8m retain-stringify perry 4 98.7 
MEM records_array_8m retain-stringify node 4 143.9 
MEM records_array_8m retain-stringify bun 4 94.5 
MEM records_object_8m retain-parse perry 1 33.1 
MEM records_object_8m retain-parse node 1 94.5 
MEM records_object_8m retain-parse bun 1 52.4 
MEM records_object_8m retain-parse perry 1 33.1 
MEM records_object_8m retain-parse node 1 94.4 
MEM records_object_8m retain-parse bun 1 52.3 
MEM records_object_8m retain-parse perry 1 33.1 
MEM records_object_8m retain-parse node 1 94.3 
MEM records_object_8m retain-parse bun 1 52.3 
MEM records_object_8m retain-parse perry 1 33.1 
MEM records_object_8m retain-parse node 1 94.4 
MEM records_object_8m retain-parse bun 1 52.4 
MEM records_object_8m retain-parse perry 1 33.1 
MEM records_object_8m retain-parse node 1 94.3 
MEM records_object_8m retain-parse bun 1 52.3 
MEM records_object_8m retain-parse perry 4 90.9 
MEM records_object_8m retain-parse node 4 146.7 
MEM records_object_8m retain-parse bun 4 92.0 
MEM records_object_8m retain-parse perry 4 90.9 
MEM records_object_8m retain-parse node 4 147.0 
MEM records_object_8m retain-parse bun 4 91.7 
MEM records_object_8m retain-parse perry 4 90.9 
MEM records_object_8m retain-parse node 4 147.1 
MEM records_object_8m retain-parse bun 4 92.1 
MEM records_object_8m retain-parse perry 4 90.9 
MEM records_object_8m retain-parse node 4 147.0 
MEM records_object_8m retain-parse bun 4 92.0 
MEM records_object_8m retain-parse perry 4 90.9 
MEM records_object_8m retain-parse node 4 147.0 
MEM records_object_8m retain-parse bun 4 92.2 
MEM records_object_8m retain-stringify perry 1 77.3 
MEM records_object_8m retain-stringify node 1 114.4 
MEM records_object_8m retain-stringify bun 1 73.5 
MEM records_object_8m retain-stringify perry 1 77.3 
MEM records_object_8m retain-stringify node 1 114.2 
MEM records_object_8m retain-stringify bun 1 73.0 
MEM records_object_8m retain-stringify perry 1 77.3 
MEM records_object_8m retain-stringify node 1 114.3 
MEM records_object_8m retain-stringify bun 1 73.5 
MEM records_object_8m retain-stringify perry 1 77.4 
MEM records_object_8m retain-stringify node 1 114.2 
MEM records_object_8m retain-stringify bun 1 73.5 
MEM records_object_8m retain-stringify perry 1 77.3 
MEM records_object_8m retain-stringify node 1 114.3 
MEM records_object_8m retain-stringify bun 1 73.5 
MEM records_object_8m retain-stringify perry 4 98.6 
MEM records_object_8m retain-stringify node 4 144.1 
MEM records_object_8m retain-stringify bun 4 94.5 
MEM records_object_8m retain-stringify perry 4 98.6 
MEM records_object_8m retain-stringify node 4 144.0 
MEM records_object_8m retain-stringify bun 4 94.5 
MEM records_object_8m retain-stringify perry 4 98.7 
MEM records_object_8m retain-stringify node 4 144.0 
MEM records_object_8m retain-stringify bun 4 94.5 
MEM records_object_8m retain-stringify perry 4 98.6 
MEM records_object_8m retain-stringify node 4 144.0 
MEM records_object_8m retain-stringify bun 4 94.5 
MEM records_object_8m retain-stringify perry 4 98.6 
MEM records_object_8m retain-stringify node 4 143.7 
MEM records_object_8m retain-stringify bun 4 94.5 
MEM long_string_1m retain-parse perry 1 15.2 
MEM long_string_1m retain-parse node 1 56.6 
MEM long_string_1m retain-parse bun 1 30.6 
MEM long_string_1m retain-parse perry 1 15.2 
MEM long_string_1m retain-parse node 1 56.7 
MEM long_string_1m retain-parse bun 1 30.6 
MEM long_string_1m retain-parse perry 1 15.2 
MEM long_string_1m retain-parse node 1 56.6 
MEM long_string_1m retain-parse bun 1 30.6 
MEM long_string_1m retain-parse perry 1 15.2 
MEM long_string_1m retain-parse node 1 56.7 
MEM long_string_1m retain-parse bun 1 30.6 
MEM long_string_1m retain-parse perry 1 15.2 
MEM long_string_1m retain-parse node 1 56.6 
MEM long_string_1m retain-parse bun 1 30.7 
MEM long_string_1m retain-parse perry 32 15.2 
MEM long_string_1m retain-parse node 32 89.3 
MEM long_string_1m retain-parse bun 32 61.7 
MEM long_string_1m retain-parse perry 32 15.2 
MEM long_string_1m retain-parse node 32 89.3 
MEM long_string_1m retain-parse bun 32 61.6 
MEM long_string_1m retain-parse perry 32 15.2 
MEM long_string_1m retain-parse node 32 89.2 
MEM long_string_1m retain-parse bun 32 61.6 
MEM long_string_1m retain-parse perry 32 15.2 
MEM long_string_1m retain-parse node 32 89.2 
MEM long_string_1m retain-parse bun 32 61.6 
MEM long_string_1m retain-parse perry 32 15.2 
MEM long_string_1m retain-parse node 32 89.2 
MEM long_string_1m retain-parse bun 32 61.7 
MEM long_string_1m retain-stringify perry 1 17.6 
MEM long_string_1m retain-stringify node 1 60.6 
MEM long_string_1m retain-stringify bun 1 32.6 
MEM long_string_1m retain-stringify perry 1 17.6 
MEM long_string_1m retain-stringify node 1 60.6 
MEM long_string_1m retain-stringify bun 1 32.7 
MEM long_string_1m retain-stringify perry 1 17.6 
MEM long_string_1m retain-stringify node 1 60.6 
MEM long_string_1m retain-stringify bun 1 32.7 
MEM long_string_1m retain-stringify perry 1 17.6 
MEM long_string_1m retain-stringify node 1 60.6 
MEM long_string_1m retain-stringify bun 1 32.7 
MEM long_string_1m retain-stringify perry 1 17.6 
MEM long_string_1m retain-stringify node 1 60.6 
MEM long_string_1m retain-stringify bun 1 32.6 
MEM long_string_1m retain-stringify perry 32 51.1 
MEM long_string_1m retain-stringify node 32 92.4 
MEM long_string_1m retain-stringify bun 32 63.8 
MEM long_string_1m retain-stringify perry 32 51.1 
MEM long_string_1m retain-stringify node 32 92.4 
MEM long_string_1m retain-stringify bun 32 63.8 
MEM long_string_1m retain-stringify perry 32 51.1 
MEM long_string_1m retain-stringify node 32 92.4 
MEM long_string_1m retain-stringify bun 32 63.7 
MEM long_string_1m retain-stringify perry 32 51.1 
MEM long_string_1m retain-stringify node 32 92.3 
MEM long_string_1m retain-stringify bun 32 63.8 
MEM long_string_1m retain-stringify perry 32 51.1 
MEM long_string_1m retain-stringify node 32 92.2 
MEM long_string_1m retain-stringify bun 32 63.8 
MEM unicode_1m retain-parse perry 1 14.5 
MEM unicode_1m retain-parse node 1 57.7 
MEM unicode_1m retain-parse bun 1 31.3 
MEM unicode_1m retain-parse perry 1 14.5 
MEM unicode_1m retain-parse node 1 57.8 
MEM unicode_1m retain-parse bun 1 31.3 
MEM unicode_1m retain-parse perry 1 14.5 
MEM unicode_1m retain-parse node 1 57.8 
MEM unicode_1m retain-parse bun 1 31.3 
MEM unicode_1m retain-parse perry 1 14.5 
MEM unicode_1m retain-parse node 1 57.9 
MEM unicode_1m retain-parse bun 1 31.3 
MEM unicode_1m retain-parse perry 1 14.6 
MEM unicode_1m retain-parse node 1 57.8 
MEM unicode_1m retain-parse bun 1 31.3 
MEM unicode_1m retain-parse perry 32 14.6 
MEM unicode_1m retain-parse node 32 86.4 
MEM unicode_1m retain-parse bun 32 59.0 
MEM unicode_1m retain-parse perry 32 14.6 
MEM unicode_1m retain-parse node 32 86.4 
MEM unicode_1m retain-parse bun 32 59.0 
MEM unicode_1m retain-parse perry 32 14.6 
MEM unicode_1m retain-parse node 32 86.4 
MEM unicode_1m retain-parse bun 32 59.0 
MEM unicode_1m retain-parse perry 32 14.6 
MEM unicode_1m retain-parse node 32 86.3 
MEM unicode_1m retain-parse bun 32 59.0 
MEM unicode_1m retain-parse perry 32 14.6 
MEM unicode_1m retain-parse node 32 86.3 
MEM unicode_1m retain-parse bun 32 59.0 
MEM unicode_1m retain-stringify perry 1 16.5 
MEM unicode_1m retain-stringify node 1 60.9 
MEM unicode_1m retain-stringify bun 1 34.1 
MEM unicode_1m retain-stringify perry 1 16.4 
MEM unicode_1m retain-stringify node 1 60.9 
MEM unicode_1m retain-stringify bun 1 34.1 
MEM unicode_1m retain-stringify perry 1 16.5 
MEM unicode_1m retain-stringify node 1 60.9 
MEM unicode_1m retain-stringify bun 1 34.1 
MEM unicode_1m retain-stringify perry 1 16.5 
MEM unicode_1m retain-stringify node 1 61.0 
MEM unicode_1m retain-stringify bun 1 34.1 
MEM unicode_1m retain-stringify perry 1 16.4 
MEM unicode_1m retain-stringify node 1 61.0 
MEM unicode_1m retain-stringify bun 1 34.1 
MEM unicode_1m retain-stringify perry 32 41.8 
MEM unicode_1m retain-stringify node 32 89.2 
MEM unicode_1m retain-stringify bun 32 61.8 
MEM unicode_1m retain-stringify perry 32 41.8 
MEM unicode_1m retain-stringify node 32 89.2 
MEM unicode_1m retain-stringify bun 32 62.2 
MEM unicode_1m retain-stringify perry 32 41.8 
MEM unicode_1m retain-stringify node 32 89.2 
MEM unicode_1m retain-stringify bun 32 62.2 
MEM unicode_1m retain-stringify perry 32 41.8 
MEM unicode_1m retain-stringify node 32 89.3 
MEM unicode_1m retain-stringify bun 32 61.8 
MEM unicode_1m retain-stringify perry 32 41.8 
MEM unicode_1m retain-stringify node 32 89.2 
MEM unicode_1m retain-stringify bun 32 62.2 
MEM wide_1m retain-parse perry 1 20.6 
MEM wide_1m retain-parse node 1 65.6 
MEM wide_1m retain-parse bun 1 36.3 
MEM wide_1m retain-parse perry 1 20.6 
MEM wide_1m retain-parse node 1 65.6 
MEM wide_1m retain-parse bun 1 36.3 
MEM wide_1m retain-parse perry 1 20.6 
MEM wide_1m retain-parse node 1 65.7 
MEM wide_1m retain-parse bun 1 36.3 
MEM wide_1m retain-parse perry 1 20.6 
MEM wide_1m retain-parse node 1 65.6 
MEM wide_1m retain-parse bun 1 36.3 
MEM wide_1m retain-parse perry 1 20.6 
MEM wide_1m retain-parse node 1 65.7 
MEM wide_1m retain-parse bun 1 36.3 
MEM wide_1m retain-parse perry 16 77.1 
MEM wide_1m retain-parse node 16 112.5 
MEM wide_1m retain-parse bun 16 68.9 
MEM wide_1m retain-parse perry 16 77.1 
MEM wide_1m retain-parse node 16 112.5 
MEM wide_1m retain-parse bun 16 68.9 
MEM wide_1m retain-parse perry 16 77.1 
MEM wide_1m retain-parse node 16 112.7 
MEM wide_1m retain-parse bun 16 68.9 
MEM wide_1m retain-parse perry 16 77.1 
MEM wide_1m retain-parse node 16 112.5 
MEM wide_1m retain-parse bun 16 68.9 
MEM wide_1m retain-parse perry 16 77.1 
MEM wide_1m retain-parse node 16 112.6 
MEM wide_1m retain-parse bun 16 68.9 
MEM wide_1m retain-stringify perry 1 22.9 
MEM wide_1m retain-stringify node 1 68.8 
MEM wide_1m retain-stringify bun 1 39.3 
MEM wide_1m retain-stringify perry 1 22.9 
MEM wide_1m retain-stringify node 1 68.7 
MEM wide_1m retain-stringify bun 1 39.3 
MEM wide_1m retain-stringify perry 1 22.9 
MEM wide_1m retain-stringify node 1 68.7 
MEM wide_1m retain-stringify bun 1 39.3 
MEM wide_1m retain-stringify perry 1 22.9 
MEM wide_1m retain-stringify node 1 68.7 
MEM wide_1m retain-stringify bun 1 39.3 
MEM wide_1m retain-stringify perry 1 22.8 
MEM wide_1m retain-stringify node 1 68.7 
MEM wide_1m retain-stringify bun 1 39.2 
MEM wide_1m retain-stringify perry 16 36.0 
MEM wide_1m retain-stringify node 16 86.5 
MEM wide_1m retain-stringify bun 16 53.5 
MEM wide_1m retain-stringify perry 16 36.0 
MEM wide_1m retain-stringify node 16 86.4 
MEM wide_1m retain-stringify bun 16 53.5 
MEM wide_1m retain-stringify perry 16 36.0 
MEM wide_1m retain-stringify node 16 86.6 
MEM wide_1m retain-stringify bun 16 53.5 
MEM wide_1m retain-stringify perry 16 36.0 
MEM wide_1m retain-stringify node 16 86.5 
MEM wide_1m retain-stringify bun 16 53.5 
MEM wide_1m retain-stringify perry 16 36.0 
MEM wide_1m retain-stringify node 16 86.5 
MEM wide_1m retain-stringify bun 16 53.5 
