VERIFY null parse [('perry', True), ('node', True), ('bun', True), ('baseline', True)]
VERIFY null stringify [('perry', True), ('node', True), ('bun', True), ('baseline', True)]
VERIFY string_a parse [('perry', True), ('node', True), ('bun', True), ('baseline', True)]
VERIFY string_a stringify [('perry', True), ('node', True), ('bun', True), ('baseline', True)]
VERIFY empty_object parse [('perry', True), ('node', True), ('bun', True), ('baseline', True)]
VERIFY empty_object stringify [('perry', True), ('node', True), ('bun', True), ('baseline', True)]
VERIFY tiny_object parse [('perry', True), ('node', True), ('bun', True), ('baseline', True)]
VERIFY tiny_object stringify [('perry', True), ('node', True), ('bun', True), ('baseline', True)]
VERIFY small_record parse [('perry', True), ('node', True), ('bun', True), ('baseline', True)]
VERIFY small_record stringify [('perry', True), ('node', True), ('bun', True), ('baseline', True)]
VERIFY object_1k parse [('perry', True), ('node', True), ('bun', True), ('baseline', True)]
VERIFY object_1k stringify [('perry', True), ('node', True), ('bun', True), ('baseline', True)]
VERIFY records_array_16k parse [('perry', True), ('node', True), ('bun', True), ('baseline', True)]
VERIFY records_array_16k stringify [('perry', True), ('node', True), ('bun', True), ('baseline', True)]
VERIFY records_array_16k sparse [('perry', True), ('node', True), ('bun', True), ('baseline', True)]
VERIFY records_array_16k scan [('perry', True), ('node', True), ('bun', True), ('baseline', True)]
VERIFY records_array_16k roundtrip [('perry', True), ('node', True), ('bun', True), ('baseline', True)]
VERIFY records_array_1m parse [('perry', True), ('node', True), ('bun', True), ('baseline', True)]
VERIFY records_array_1m stringify [('perry', True), ('node', True), ('bun', True), ('baseline', True)]
VERIFY records_array_1m sparse [('perry', True), ('node', True), ('bun', True), ('baseline', True)]
VERIFY records_array_1m scan [('perry', True), ('node', True), ('bun', True), ('baseline', True)]
VERIFY records_array_1m roundtrip [('perry', True), ('node', True), ('bun', True), ('baseline', True)]
VERIFY records_object_1m parse [('perry', True), ('node', True), ('bun', True), ('baseline', True)]
VERIFY records_object_1m stringify [('perry', True), ('node', True), ('bun', True), ('baseline', True)]
VERIFY records_array_8m parse [('perry', True), ('node', True), ('bun', True), ('baseline', True)]
VERIFY records_array_8m stringify [('perry', True), ('node', True), ('bun', True), ('baseline', True)]
VERIFY records_array_8m sparse [('perry', True), ('node', True), ('bun', True), ('baseline', True)]
VERIFY records_array_8m scan [('perry', True), ('node', True), ('bun', True), ('baseline', True)]
VERIFY records_array_8m roundtrip [('perry', True), ('node', True), ('bun', True), ('baseline', True)]
VERIFY records_object_8m parse [('perry', True), ('node', True), ('bun', True), ('baseline', True)]
VERIFY records_object_8m stringify [('perry', True), ('node', True), ('bun', True), ('baseline', True)]
VERIFY records_array_20m parse [('perry', True), ('node', True), ('bun', True), ('baseline', True)]
VERIFY records_array_20m stringify [('perry', True), ('node', True), ('bun', True), ('baseline', True)]
VERIFY records_array_20m sparse [('perry', True), ('node', True), ('bun', True), ('baseline', True)]
VERIFY records_array_20m scan [('perry', True), ('node', True), ('bun', True), ('baseline', True)]
VERIFY records_array_20m roundtrip [('perry', True), ('node', True), ('bun', True), ('baseline', True)]
VERIFY records_object_20m parse [('perry', True), ('node', True), ('bun', True), ('baseline', True)]
VERIFY records_object_20m stringify [('perry', True), ('node', True), ('bun', True), ('baseline', True)]
VERIFY numbers_1m parse [('perry', True), ('node', True), ('bun', True), ('baseline', True)]
VERIFY numbers_1m stringify [('perry', True), ('node', True), ('bun', True), ('baseline', True)]
VERIFY long_string_1m parse [('perry', True), ('node', True), ('bun', True), ('baseline', True)]
VERIFY long_string_1m stringify [('perry', True), ('node', True), ('bun', True), ('baseline', True)]
VERIFY escaped_1m parse [('perry', True), ('node', True), ('bun', True), ('baseline', True)]
VERIFY escaped_1m stringify [('perry', True), ('node', True), ('bun', True), ('baseline', True)]
VERIFY unicode_1m parse [('perry', True), ('node', True), ('bun', True), ('baseline', True)]
VERIFY unicode_1m stringify [('perry', True), ('node', True), ('bun', True), ('baseline', True)]
VERIFY wide_1m parse [('perry', True), ('node', True), ('bun', True), ('baseline', True)]
VERIFY wide_1m stringify [('perry', True), ('node', True), ('bun', True), ('baseline', True)]
VERIFY heterogeneous_1m parse [('perry', True), ('node', True), ('bun', True), ('baseline', True)]
VERIFY heterogeneous_1m stringify [('perry', True), ('node', True), ('bun', True), ('baseline', True)]
RUN null parse baseline None 0 2000000 21.25 
RUN null parse perry None 0 2000000 21.36 
RUN null parse bun None 0 2000000 34.67 
RUN null parse node None 0 2000000 53.32 
RUN null parse perry None 1 2000000 21.26 
RUN null parse baseline None 1 2000000 21.24 
RUN null parse node None 1 2000000 53.28 
RUN null parse bun None 1 2000000 34.56 
RUN null parse node None 2 2000000 53.33 
RUN null parse perry None 2 2000000 21.26 
RUN null parse bun None 2 2000000 34.61 
RUN null parse baseline None 2 2000000 21.26 
RUN null parse node None 3 2000000 53.28 
RUN null parse perry None 3 2000000 21.24 
RUN null parse baseline None 3 2000000 21.26 
RUN null parse bun None 3 2000000 34.29 
RUN null parse bun None 4 2000000 34.29 
RUN null parse baseline None 4 2000000 21.25 
RUN null parse node None 4 2000000 53.27 
RUN null parse perry None 4 2000000 21.25 
RUN null stringify baseline None 0 2000000 13.13 
RUN null stringify bun None 0 2000000 55.44 
RUN null stringify perry None 0 2000000 13.12 
RUN null stringify node None 0 2000000 52.66 
RUN null stringify baseline None 1 2000000 13.14 
RUN null stringify node None 1 2000000 52.61 
RUN null stringify perry None 1 2000000 13.14 
RUN null stringify bun None 1 2000000 53.19 
RUN null stringify node None 2 2000000 52.75 
RUN null stringify baseline None 2 2000000 13.13 
RUN null stringify perry None 2 2000000 13.14 
RUN null stringify bun None 2 2000000 53.55 
RUN null stringify bun None 3 2000000 52.79 
RUN null stringify perry None 3 2000000 13.14 
RUN null stringify baseline None 3 2000000 13.12 
RUN null stringify node None 3 2000000 52.68 
RUN null stringify bun None 4 2000000 53.34 
RUN null stringify baseline None 4 2000000 13.15 
RUN null stringify node None 4 2000000 52.76 
RUN null stringify perry None 4 2000000 13.13 
RUN string_a parse node None 0 2000000 62.08 
RUN string_a parse baseline None 0 2000000 25.77 
RUN string_a parse bun None 0 2000000 40.87 
RUN string_a parse perry None 0 2000000 25.74 
RUN string_a parse bun None 1 2000000 40.55 
RUN string_a parse perry None 1 2000000 25.73 
RUN string_a parse baseline None 1 2000000 25.72 
RUN string_a parse node None 1 2000000 62.06 
RUN string_a parse perry None 2 2000000 25.75 
RUN string_a parse baseline None 2 2000000 25.76 
RUN string_a parse bun None 2 2000000 40.87 
RUN string_a parse node None 2 2000000 62.1 
RUN string_a parse baseline None 3 2000000 25.77 
RUN string_a parse node None 3 2000000 62.13 
RUN string_a parse perry None 3 2000000 25.73 
RUN string_a parse bun None 3 2000000 40.94 
RUN string_a parse perry None 4 2000000 25.74 
RUN string_a parse node None 4 2000000 62.05 
RUN string_a parse bun None 4 2000000 40.89 
RUN string_a parse baseline None 4 2000000 25.74 
RUN string_a stringify baseline None 0 2000000 19.4 
RUN string_a stringify bun None 0 2000000 54.54 
RUN string_a stringify node None 0 2000000 58.43 
RUN string_a stringify perry None 0 2000000 19.4 
RUN string_a stringify bun None 1 2000000 54.38 
RUN string_a stringify perry None 1 2000000 19.39 
RUN string_a stringify node None 1 2000000 58.3 
RUN string_a stringify baseline None 1 2000000 19.41 
RUN string_a stringify baseline None 2 2000000 19.38 
RUN string_a stringify perry None 2 2000000 19.37 
RUN string_a stringify node None 2 2000000 58.34 
RUN string_a stringify bun None 2 2000000 53.09 
RUN string_a stringify perry None 3 2000000 19.49 
RUN string_a stringify baseline None 3 2000000 19.37 
RUN string_a stringify bun None 3 2000000 54.32 
RUN string_a stringify node None 3 2000000 58.35 
RUN string_a stringify bun None 4 2000000 52.95 
RUN string_a stringify node None 4 2000000 58.35 
RUN string_a stringify baseline None 4 2000000 19.42 
RUN string_a stringify perry None 4 2000000 19.4 
RUN empty_object parse node None 0 2000000 88.42 
RUN empty_object parse perry None 0 2000000 47.88 
RUN empty_object parse bun None 0 2000000 43.15 
RUN empty_object parse baseline None 0 2000000 48.03 
RUN empty_object parse node None 1 2000000 88.47 
RUN empty_object parse bun None 1 2000000 43.0 
RUN empty_object parse baseline None 1 2000000 48.03 
RUN empty_object parse perry None 1 2000000 47.75 
RUN empty_object parse bun None 2 2000000 43.21 
RUN empty_object parse node None 2 2000000 88.54 
RUN empty_object parse perry None 2 2000000 48.05 
RUN empty_object parse baseline None 2 2000000 48.0 
RUN empty_object parse node None 3 2000000 88.52 
RUN empty_object parse perry None 3 2000000 47.92 
RUN empty_object parse bun None 3 2000000 43.17 
RUN empty_object parse baseline None 3 2000000 47.77 
RUN empty_object parse baseline None 4 2000000 47.89 
RUN empty_object parse bun None 4 2000000 43.11 
RUN empty_object parse node None 4 2000000 88.53 
RUN empty_object parse perry None 4 2000000 47.85 
RUN empty_object stringify perry None 0 2000000 35.21 
RUN empty_object stringify node None 0 2000000 62.2 
RUN empty_object stringify baseline None 0 2000000 35.2 
RUN empty_object stringify bun None 0 2000000 55.03 
RUN empty_object stringify node None 1 2000000 62.17 
RUN empty_object stringify bun None 1 2000000 54.99 
RUN empty_object stringify perry None 1 2000000 35.32 
RUN empty_object stringify baseline None 1 2000000 35.21 
RUN empty_object stringify baseline None 2 2000000 35.22 
RUN empty_object stringify bun None 2 2000000 55.44 
RUN empty_object stringify perry None 2 2000000 35.21 
RUN empty_object stringify node None 2 2000000 62.17 
RUN empty_object stringify node None 3 2000000 62.13 
RUN empty_object stringify baseline None 3 2000000 35.21 
RUN empty_object stringify perry None 3 2000000 35.36 
RUN empty_object stringify bun None 3 2000000 54.91 
RUN empty_object stringify perry None 4 2000000 35.21 
RUN empty_object stringify node None 4 2000000 62.18 
RUN empty_object stringify bun None 4 2000000 54.88 
RUN empty_object stringify baseline None 4 2000000 35.2 
RUN tiny_object parse perry None 0 2000000 74.48 
RUN tiny_object parse baseline None 0 2000000 74.52 
RUN tiny_object parse bun None 0 2000000 90.04 
RUN tiny_object parse node None 0 2000000 161.95 
RUN tiny_object parse perry None 1 2000000 74.41 
RUN tiny_object parse node None 1 2000000 162.02 
RUN tiny_object parse baseline None 1 2000000 74.55 
RUN tiny_object parse bun None 1 2000000 85.16 
RUN tiny_object parse baseline None 2 2000000 74.53 
RUN tiny_object parse node None 2 2000000 159.67 
RUN tiny_object parse bun None 2 2000000 85.08 
RUN tiny_object parse perry None 2 2000000 74.52 
RUN tiny_object parse node None 3 2000000 162.03 
RUN tiny_object parse baseline None 3 2000000 74.59 
RUN tiny_object parse perry None 3 2000000 74.56 
RUN tiny_object parse bun None 3 2000000 85.17 
RUN tiny_object parse bun None 4 2000000 85.28 
RUN tiny_object parse node None 4 2000000 160.84 
RUN tiny_object parse baseline None 4 2000000 74.6 
RUN tiny_object parse perry None 4 2000000 74.48 
RUN tiny_object stringify bun None 0 2000000 74.13 
RUN tiny_object stringify perry None 0 2000000 67.98 
RUN tiny_object stringify node None 0 2000000 72.73 
RUN tiny_object stringify baseline None 0 2000000 67.96 
RUN tiny_object stringify bun None 1 2000000 74.34 
RUN tiny_object stringify baseline None 1 2000000 67.97 
RUN tiny_object stringify node None 1 2000000 72.51 
RUN tiny_object stringify perry None 1 2000000 67.9 
RUN tiny_object stringify bun None 2 2000000 75.23 
RUN tiny_object stringify baseline None 2 2000000 67.87 
RUN tiny_object stringify perry None 2 2000000 67.91 
RUN tiny_object stringify node None 2 2000000 72.67 
RUN tiny_object stringify perry None 3 2000000 67.92 
RUN tiny_object stringify node None 3 2000000 72.58 
RUN tiny_object stringify bun None 3 2000000 75.18 
RUN tiny_object stringify baseline None 3 2000000 67.98 
RUN tiny_object stringify bun None 4 2000000 74.97 
RUN tiny_object stringify node None 4 2000000 72.62 
RUN tiny_object stringify perry None 4 2000000 68.09 
RUN tiny_object stringify baseline None 4 2000000 67.8 
RUN small_record parse perry None 0 1592923 157.51 
RUN small_record parse baseline None 0 1592923 157.44 
RUN small_record parse bun None 0 1592923 387.0 
RUN small_record parse node None 0 1592923 550.63 
RUN small_record parse perry None 1 1592923 157.65 
RUN small_record parse baseline None 1 1592923 157.69 
RUN small_record parse bun None 1 1592923 385.97 
RUN small_record parse node None 1 1592923 603.42 
RUN small_record parse node None 2 1592923 570.0 
RUN small_record parse perry None 2 1592923 157.68 
RUN small_record parse baseline None 2 1592923 157.8 
RUN small_record parse bun None 2 1592923 385.86 
RUN small_record parse baseline None 3 1592923 158.05 
RUN small_record parse bun None 3 1592923 385.32 
RUN small_record parse perry None 3 1592923 158.11 
RUN small_record parse node None 3 1592923 537.63 
RUN small_record parse baseline None 4 1592923 157.7 
RUN small_record parse node None 4 1592923 557.82 
RUN small_record parse bun None 4 1592923 383.4 
RUN small_record parse perry None 4 1592923 157.73 
RUN small_record stringify bun None 0 2000000 233.32 
RUN small_record stringify node None 0 2000000 216.33 
RUN small_record stringify perry None 0 2000000 91.26 
RUN small_record stringify baseline None 0 2000000 91.52 
RUN small_record stringify perry None 1 2000000 91.42 
RUN small_record stringify node None 1 2000000 214.49 
RUN small_record stringify baseline None 1 2000000 91.42 
RUN small_record stringify bun None 1 2000000 233.5 
RUN small_record stringify bun None 2 2000000 233.72 
RUN small_record stringify node None 2 2000000 213.29 
RUN small_record stringify perry None 2 2000000 91.93 
RUN small_record stringify baseline None 2 2000000 91.71 
RUN small_record stringify baseline None 3 2000000 91.39 
RUN small_record stringify bun None 3 2000000 233.78 
RUN small_record stringify node None 3 2000000 213.9 
RUN small_record stringify perry None 3 2000000 92.03 
RUN small_record stringify bun None 4 2000000 233.79 
RUN small_record stringify node None 4 2000000 214.07 
RUN small_record stringify perry None 4 2000000 91.58 
RUN small_record stringify baseline None 4 2000000 91.49 
RUN object_1k parse bun None 0 1961322 435.47 
RUN object_1k parse baseline None 0 1961322 163.0 
RUN object_1k parse node None 0 1961322 1039.22 
RUN object_1k parse perry None 0 1961322 161.81 
RUN object_1k parse baseline None 1 1961322 162.23 
RUN object_1k parse node None 1 1961322 1038.86 
RUN object_1k parse perry None 1 1961322 162.27 
RUN object_1k parse bun None 1 1961322 435.97 
RUN object_1k parse baseline None 2 1961322 161.97 
RUN object_1k parse bun None 2 1961322 436.61 
RUN object_1k parse perry None 2 1961322 161.79 
RUN object_1k parse node None 2 1961322 1039.18 
RUN object_1k parse baseline None 3 1961322 162.04 
RUN object_1k parse node None 3 1961322 1047.39 
RUN object_1k parse bun None 3 1961322 437.39 
RUN object_1k parse perry None 3 1961322 161.89 
RUN object_1k parse bun None 4 1961322 436.54 
RUN object_1k parse perry None 4 1961322 161.87 
RUN object_1k parse baseline None 4 1961322 162.57 
RUN object_1k parse node None 4 1961322 1039.26 
RUN object_1k stringify perry None 0 954398 110.61 
RUN object_1k stringify node None 0 954398 184.52 
RUN object_1k stringify baseline None 0 954398 111.55 
RUN object_1k stringify bun None 0 954398 195.21 
RUN object_1k stringify perry None 1 954398 110.96 
RUN object_1k stringify node None 1 954398 182.33 
RUN object_1k stringify baseline None 1 954398 111.26 
RUN object_1k stringify bun None 1 954398 194.57 
RUN object_1k stringify bun None 2 954398 194.51 
RUN object_1k stringify baseline None 2 954398 111.41 
RUN object_1k stringify perry None 2 954398 110.9 
RUN object_1k stringify node None 2 954398 182.56 
RUN object_1k stringify perry None 3 954398 110.81 
RUN object_1k stringify bun None 3 954398 194.2 
RUN object_1k stringify node None 3 954398 182.48 
RUN object_1k stringify baseline None 3 954398 111.57 
RUN object_1k stringify perry None 4 954398 110.66 
RUN object_1k stringify bun None 4 954398 194.96 
RUN object_1k stringify node None 4 954398 182.37 
RUN object_1k stringify baseline None 4 954398 111.3 
RUN records_array_16k parse perry None 0 8430 154.38 
RUN records_array_16k parse baseline None 0 8430 156.11 
RUN records_array_16k parse node None 0 8430 327.42 
RUN records_array_16k parse bun None 0 8430 284.73 
RUN records_array_16k parse baseline None 1 8430 155.47 
RUN records_array_16k parse perry None 1 8430 154.05 
RUN records_array_16k parse node None 1 8430 329.43 
RUN records_array_16k parse bun None 1 8430 284.53 
RUN records_array_16k parse perry None 2 8430 153.56 
RUN records_array_16k parse bun None 2 8430 287.34 
RUN records_array_16k parse node None 2 8430 347.63 
RUN records_array_16k parse baseline None 2 8430 159.94 
RUN records_array_16k parse baseline None 3 8430 161.8 
RUN records_array_16k parse node None 3 8430 326.94 
RUN records_array_16k parse perry None 3 8430 153.49 
RUN records_array_16k parse bun None 3 8430 285.19 
RUN records_array_16k parse baseline None 4 8430 155.52 
RUN records_array_16k parse bun None 4 8430 284.55 
RUN records_array_16k parse node None 4 8430 359.9 
RUN records_array_16k parse perry None 4 8430 153.71 
RUN records_array_16k stringify node None 0 12857 168.15 
RUN records_array_16k stringify bun None 0 12857 297.36 
RUN records_array_16k stringify perry None 0 12857 140.99 
RUN records_array_16k stringify baseline None 0 12857 142.89 
RUN records_array_16k stringify baseline None 1 12857 141.63 
RUN records_array_16k stringify perry None 1 12857 145.22 
RUN records_array_16k stringify bun None 1 12857 300.42 
RUN records_array_16k stringify node None 1 12857 167.66 
RUN records_array_16k stringify perry None 2 12857 140.95 
RUN records_array_16k stringify baseline None 2 12857 151.9 
RUN records_array_16k stringify node None 2 12857 174.73 
RUN records_array_16k stringify bun None 2 12857 298.01 
RUN records_array_16k stringify bun None 3 12857 296.97 
RUN records_array_16k stringify node None 3 12857 167.03 
RUN records_array_16k stringify perry None 3 12857 141.42 
RUN records_array_16k stringify baseline None 3 12857 141.57 
RUN records_array_16k stringify bun None 4 12857 303.71 
RUN records_array_16k stringify baseline None 4 12857 142.74 
RUN records_array_16k stringify node None 4 12857 166.55 
RUN records_array_16k stringify perry None 4 12857 142.03 
RUN records_array_16k sparse baseline None 0 6337 156.19 
RUN records_array_16k sparse perry None 0 6337 154.82 
RUN records_array_16k sparse bun None 0 6337 214.75 
RUN records_array_16k sparse node None 0 6337 245.95 
RUN records_array_16k sparse baseline None 1 6337 156.57 
RUN records_array_16k sparse bun None 1 6337 214.97 
RUN records_array_16k sparse node None 1 6337 258.27 
RUN records_array_16k sparse perry None 1 6337 155.11 
RUN records_array_16k sparse bun None 2 6337 214.87 
RUN records_array_16k sparse perry None 2 6337 155.01 
RUN records_array_16k sparse node None 2 6337 259.33 
RUN records_array_16k sparse baseline None 2 6337 156.23 
RUN records_array_16k sparse node None 3 6337 266.06 
RUN records_array_16k sparse perry None 3 6337 155.15 
RUN records_array_16k sparse baseline None 3 6337 155.99 
RUN records_array_16k sparse bun None 3 6337 214.85 
RUN records_array_16k sparse node None 4 6337 240.17 
RUN records_array_16k sparse bun None 4 6337 215.01 
RUN records_array_16k sparse baseline None 4 6337 156.25 
RUN records_array_16k sparse perry None 4 6337 155.04 
RUN records_array_16k scan bun None 0 3854 131.66 
RUN records_array_16k scan node None 0 3854 164.85 
RUN records_array_16k scan baseline None 0 3854 1120.61 
RUN records_array_16k scan perry None 0 3854 243.58 
RUN records_array_16k scan baseline None 1 3854 1119.27 
RUN records_array_16k scan perry None 1 3854 242.85 
RUN records_array_16k scan node None 1 3854 159.87 
RUN records_array_16k scan bun None 1 3854 131.55 
RUN records_array_16k scan node None 2 3854 146.36 
RUN records_array_16k scan baseline None 2 3854 1119.67 
RUN records_array_16k scan perry None 2 3854 242.93 
RUN records_array_16k scan bun None 2 3854 131.67 
RUN records_array_16k scan baseline None 3 3854 1118.88 
RUN records_array_16k scan node None 3 3854 155.87 
RUN records_array_16k scan perry None 3 3854 242.97 
RUN records_array_16k scan bun None 3 3854 131.6 
RUN records_array_16k scan bun None 4 3854 131.72 
RUN records_array_16k scan node None 4 3854 156.4 
RUN records_array_16k scan perry None 4 3854 244.08 
RUN records_array_16k scan baseline None 4 3854 1116.94 
RUN records_array_16k roundtrip perry None 0 6185 159.19 
RUN records_array_16k roundtrip node None 0 6185 317.36 
RUN records_array_16k roundtrip baseline None 0 6185 160.29 
RUN records_array_16k roundtrip bun None 0 6185 356.66 
RUN records_array_16k roundtrip bun None 1 6185 355.58 
RUN records_array_16k roundtrip perry None 1 6185 159.9 
RUN records_array_16k roundtrip baseline None 1 6185 160.41 
RUN records_array_16k roundtrip node None 1 6185 322.59 
RUN records_array_16k roundtrip bun None 2 6185 355.87 
RUN records_array_16k roundtrip node None 2 6185 341.16 
RUN records_array_16k roundtrip perry None 2 6185 159.28 
RUN records_array_16k roundtrip baseline None 2 6185 160.4 
RUN records_array_16k roundtrip bun None 3 6185 356.98 
RUN records_array_16k roundtrip baseline None 3 6185 160.14 
RUN records_array_16k roundtrip perry None 3 6185 159.53 
RUN records_array_16k roundtrip node None 3 6185 342.24 
RUN records_array_16k roundtrip baseline None 4 6185 160.69 
RUN records_array_16k roundtrip perry None 4 6185 159.56 
RUN records_array_16k roundtrip bun None 4 6185 356.35 
RUN records_array_16k roundtrip node None 4 6185 323.84 
RUN records_array_1m parse perry None 0 126 152.34 
RUN records_array_1m parse node None 0 126 327.96 
RUN records_array_1m parse baseline None 0 126 154.42 
RUN records_array_1m parse bun None 0 126 264.92 
RUN records_array_1m parse bun None 1 126 265.32 
RUN records_array_1m parse perry None 1 126 152.62 
RUN records_array_1m parse baseline None 1 126 154.7 
RUN records_array_1m parse node None 1 126 342.63 
RUN records_array_1m parse bun None 2 126 264.73 
RUN records_array_1m parse baseline None 2 126 154.98 
RUN records_array_1m parse perry None 2 126 152.5 
RUN records_array_1m parse node None 2 126 320.27 
RUN records_array_1m parse bun None 3 126 265.19 
RUN records_array_1m parse perry None 3 126 152.79 
RUN records_array_1m parse node None 3 126 351.49 
RUN records_array_1m parse baseline None 3 126 154.57 
RUN records_array_1m parse perry None 4 126 152.73 
RUN records_array_1m parse node None 4 126 330.52 
RUN records_array_1m parse bun None 4 126 299.3 
RUN records_array_1m parse baseline None 4 126 154.86 
RUN records_array_1m stringify node None 0 233 190.69 
RUN records_array_1m stringify bun None 0 233 222.48 
RUN records_array_1m stringify perry None 0 233 150.41 
RUN records_array_1m stringify baseline None 0 233 149.96 
RUN records_array_1m stringify bun None 1 233 223.03 
RUN records_array_1m stringify perry None 1 233 150.34 
RUN records_array_1m stringify baseline None 1 233 149.76 
RUN records_array_1m stringify node None 1 233 190.24 
RUN records_array_1m stringify bun None 2 233 222.13 
RUN records_array_1m stringify node None 2 233 191.1 
RUN records_array_1m stringify perry None 2 233 151.54 
RUN records_array_1m stringify baseline None 2 233 149.28 
RUN records_array_1m stringify baseline None 3 233 151.25 
RUN records_array_1m stringify node None 3 233 190.16 
RUN records_array_1m stringify bun None 3 233 222.44 
RUN records_array_1m stringify perry None 3 233 149.75 
RUN records_array_1m stringify perry None 4 233 150.44 
RUN records_array_1m stringify node None 4 233 190.56 
RUN records_array_1m stringify baseline None 4 233 150.06 
RUN records_array_1m stringify bun None 4 233 222.54 
RUN records_array_1m sparse perry None 0 122 152.48 
RUN records_array_1m sparse node None 0 122 308.49 
RUN records_array_1m sparse baseline None 0 122 154.94 
RUN records_array_1m sparse bun None 0 122 257.56 
RUN records_array_1m sparse bun None 1 122 258.02 
RUN records_array_1m sparse baseline None 1 122 154.82 
RUN records_array_1m sparse perry None 1 122 152.95 
RUN records_array_1m sparse node None 1 122 315.89 
RUN records_array_1m sparse bun None 2 122 258.1 
RUN records_array_1m sparse node None 2 122 343.26 
RUN records_array_1m sparse baseline None 2 122 154.66 
RUN records_array_1m sparse perry None 2 122 152.94 
RUN records_array_1m sparse perry None 3 122 152.87 
RUN records_array_1m sparse bun None 3 122 257.82 
RUN records_array_1m sparse node None 3 122 337.38 
RUN records_array_1m sparse baseline None 3 122 154.89 
RUN records_array_1m sparse perry None 4 122 153.11 
RUN records_array_1m sparse node None 4 122 308.41 
RUN records_array_1m sparse baseline None 4 122 154.93 
RUN records_array_1m sparse bun None 4 122 257.2 
RUN records_array_1m scan node None 0 68 193.53 
RUN records_array_1m scan perry None 0 68 220.04 
RUN records_array_1m scan bun None 0 68 144.15 
RUN records_array_1m scan baseline None 0 68 313.94 
RUN records_array_1m scan perry None 1 68 219.69 
RUN records_array_1m scan bun None 1 68 162.04 
RUN records_array_1m scan node None 1 68 179.98 
RUN records_array_1m scan baseline None 1 68 314.41 
RUN records_array_1m scan perry None 2 68 219.65 
RUN records_array_1m scan bun None 2 68 162.39 
RUN records_array_1m scan baseline None 2 68 314.19 
RUN records_array_1m scan node None 2 68 192.03 
RUN records_array_1m scan node None 3 68 192.76 
RUN records_array_1m scan perry None 3 68 219.9 
RUN records_array_1m scan bun None 3 68 143.83 
RUN records_array_1m scan baseline None 3 68 314.02 
RUN records_array_1m scan bun None 4 68 143.87 
RUN records_array_1m scan perry None 4 68 219.68 
RUN records_array_1m scan node None 4 68 176.68 
RUN records_array_1m scan baseline None 4 68 313.89 
RUN records_array_1m roundtrip perry None 0 94 158.79 
RUN records_array_1m roundtrip bun None 0 94 288.4 
RUN records_array_1m roundtrip baseline None 0 94 160.84 
RUN records_array_1m roundtrip node None 0 94 334.47 
RUN records_array_1m roundtrip bun None 1 94 288.15 
RUN records_array_1m roundtrip perry None 1 94 158.97 
RUN records_array_1m roundtrip baseline None 1 94 160.15 
RUN records_array_1m roundtrip node None 1 94 320.76 
RUN records_array_1m roundtrip baseline None 2 94 160.82 
RUN records_array_1m roundtrip node None 2 94 321.85 
RUN records_array_1m roundtrip perry None 2 94 158.83 
RUN records_array_1m roundtrip bun None 2 94 289.1 
RUN records_array_1m roundtrip bun None 3 94 288.39 
RUN records_array_1m roundtrip node None 3 94 342.48 
RUN records_array_1m roundtrip baseline None 3 94 160.43 
RUN records_array_1m roundtrip perry None 3 94 159.03 
RUN records_array_1m roundtrip baseline None 4 94 160.46 
RUN records_array_1m roundtrip perry None 4 94 159.01 
RUN records_array_1m roundtrip node None 4 94 320.97 
RUN records_array_1m roundtrip bun None 4 94 288.46 
RUN records_object_1m parse bun None 0 80 169.09 
RUN records_object_1m parse perry None 0 80 161.92 
RUN records_object_1m parse node None 0 80 205.03 
RUN records_object_1m parse baseline None 0 80 162.34 
RUN records_object_1m parse baseline None 1 80 162.55 
RUN records_object_1m parse node None 1 80 212.25 
RUN records_object_1m parse bun None 1 80 168.43 
RUN records_object_1m parse perry None 1 80 161.8 
RUN records_object_1m parse baseline None 2 80 162.45 
RUN records_object_1m parse bun None 2 80 168.96 
RUN records_object_1m parse node None 2 80 234.43 
RUN records_object_1m parse perry None 2 80 161.63 
RUN records_object_1m parse node None 3 80 222.48 
RUN records_object_1m parse baseline None 3 80 162.39 
RUN records_object_1m parse perry None 3 80 161.54 
RUN records_object_1m parse bun None 3 80 168.78 
RUN records_object_1m parse node None 4 80 220.69 
RUN records_object_1m parse baseline None 4 80 162.43 
RUN records_object_1m parse perry None 4 80 161.66 
RUN records_object_1m parse bun None 4 80 168.95 
RUN records_object_1m stringify baseline None 0 232 151.61 
RUN records_object_1m stringify node None 0 232 190.52 
RUN records_object_1m stringify perry None 0 232 150.24 
RUN records_object_1m stringify bun None 0 232 222.03 
RUN records_object_1m stringify node None 1 232 190.47 
RUN records_object_1m stringify bun None 1 232 222.01 
RUN records_object_1m stringify baseline None 1 232 150.66 
RUN records_object_1m stringify perry None 1 232 149.52 
RUN records_object_1m stringify node None 2 232 190.14 
RUN records_object_1m stringify baseline None 2 232 150.62 
RUN records_object_1m stringify perry None 2 232 150.72 
RUN records_object_1m stringify bun None 2 232 221.76 
RUN records_object_1m stringify node None 3 232 189.25 
RUN records_object_1m stringify perry None 3 232 151.61 
RUN records_object_1m stringify bun None 3 232 221.63 
RUN records_object_1m stringify baseline None 3 232 151.02 
RUN records_object_1m stringify perry None 4 232 150.88 
RUN records_object_1m stringify baseline None 4 232 149.38 
RUN records_object_1m stringify bun None 4 232 221.77 
RUN records_object_1m stringify node None 4 232 189.68 
RUN records_array_8m parse perry None 0 13 138.17 
RUN records_array_8m parse bun None 0 13 231.79 
RUN records_array_8m parse node None 0 13 308.34 
RUN records_array_8m parse baseline None 0 13 138.72 
RUN records_array_8m parse node None 1 13 275.1 
RUN records_array_8m parse bun None 1 13 231.38 
RUN records_array_8m parse baseline None 1 13 138.81 
RUN records_array_8m parse perry None 1 13 138.08 
RUN records_array_8m parse node None 2 13 298.62 
RUN records_array_8m parse bun None 2 13 231.3 
RUN records_array_8m parse baseline None 2 13 138.0 
RUN records_array_8m parse perry None 2 13 138.65 
RUN records_array_8m parse bun None 3 13 231.49 
RUN records_array_8m parse baseline None 3 13 138.81 
RUN records_array_8m parse perry None 3 13 138.32 
RUN records_array_8m parse node None 3 13 310.24 
RUN records_array_8m parse baseline None 4 13 138.5 
RUN records_array_8m parse bun None 4 13 231.31 
RUN records_array_8m parse node None 4 13 302.14 
RUN records_array_8m parse perry None 4 13 138.22 
RUN records_array_8m stringify perry None 0 29 138.0 
RUN records_array_8m stringify node None 0 29 194.32 
RUN records_array_8m stringify bun None 0 29 221.55 
RUN records_array_8m stringify baseline None 0 29 137.05 
RUN records_array_8m stringify bun None 1 29 221.5 
RUN records_array_8m stringify node None 1 29 195.03 
RUN records_array_8m stringify baseline None 1 29 137.92 
RUN records_array_8m stringify perry None 1 29 137.45 
RUN records_array_8m stringify perry None 2 29 137.51 
RUN records_array_8m stringify node None 2 29 194.35 
RUN records_array_8m stringify bun None 2 29 223.19 
RUN records_array_8m stringify baseline None 2 29 137.37 
RUN records_array_8m stringify bun None 3 29 223.35 
RUN records_array_8m stringify node None 3 29 195.51 
RUN records_array_8m stringify perry None 3 29 137.79 
RUN records_array_8m stringify baseline None 3 29 137.37 
RUN records_array_8m stringify node None 4 29 193.98 
RUN records_array_8m stringify baseline None 4 29 137.73 
RUN records_array_8m stringify perry None 4 29 136.88 
RUN records_array_8m stringify bun None 4 29 223.65 
RUN records_array_8m sparse baseline None 0 12 135.46 
RUN records_array_8m sparse perry None 0 12 134.48 
RUN records_array_8m sparse node None 0 12 270.2 
RUN records_array_8m sparse bun None 0 12 214.88 
RUN records_array_8m sparse node None 1 12 277.53 
RUN records_array_8m sparse perry None 1 12 135.32 
RUN records_array_8m sparse baseline None 1 12 134.68 
RUN records_array_8m sparse bun None 1 12 215.3 
RUN records_array_8m sparse node None 2 12 266.34 
RUN records_array_8m sparse bun None 2 12 215.54 
RUN records_array_8m sparse perry None 2 12 134.61 
RUN records_array_8m sparse baseline None 2 12 135.7 
RUN records_array_8m sparse node None 3 12 267.58 
RUN records_array_8m sparse perry None 3 12 135.05 
RUN records_array_8m sparse baseline None 3 12 134.93 
RUN records_array_8m sparse bun None 3 12 240.88 
RUN records_array_8m sparse perry None 4 12 134.68 
RUN records_array_8m sparse bun None 4 12 215.24 
RUN records_array_8m sparse node None 4 12 262.64 
RUN records_array_8m sparse baseline None 4 12 135.0 
RUN records_array_8m scan perry None 0 8 199.44 
RUN records_array_8m scan baseline None 0 8 292.28 
RUN records_array_8m scan node None 0 8 179.87 
RUN records_array_8m scan bun None 0 8 145.94 
RUN records_array_8m scan perry None 1 8 199.56 
RUN records_array_8m scan node None 1 8 185.04 
RUN records_array_8m scan baseline None 1 8 291.97 
RUN records_array_8m scan bun None 1 8 162.55 
RUN records_array_8m scan bun None 2 8 145.82 
RUN records_array_8m scan baseline None 2 8 292.01 
RUN records_array_8m scan node None 2 8 170.11 
RUN records_array_8m scan perry None 2 8 199.73 
RUN records_array_8m scan node None 3 8 174.05 
RUN records_array_8m scan baseline None 3 8 291.97 
RUN records_array_8m scan bun None 3 8 145.7 
RUN records_array_8m scan perry None 3 8 199.54 
RUN records_array_8m scan bun None 4 8 145.94 
RUN records_array_8m scan node None 4 8 187.41 
RUN records_array_8m scan perry None 4 8 199.94 
RUN records_array_8m scan baseline None 4 8 292.36 
RUN records_array_8m roundtrip perry None 0 9 138.69 
RUN records_array_8m roundtrip bun None 0 9 229.33 
RUN records_array_8m roundtrip baseline None 0 9 138.52 
RUN records_array_8m roundtrip node None 0 9 268.74 
RUN records_array_8m roundtrip node None 1 9 262.38 
RUN records_array_8m roundtrip bun None 1 9 229.91 
RUN records_array_8m roundtrip perry None 1 9 138.35 
RUN records_array_8m roundtrip baseline None 1 9 139.45 
RUN records_array_8m roundtrip node None 2 9 264.9 
RUN records_array_8m roundtrip bun None 2 9 249.84 
RUN records_array_8m roundtrip perry None 2 9 138.2 
RUN records_array_8m roundtrip baseline None 2 9 139.03 
RUN records_array_8m roundtrip node None 3 9 256.62 
RUN records_array_8m roundtrip baseline None 3 9 138.59 
RUN records_array_8m roundtrip bun None 3 9 229.54 
RUN records_array_8m roundtrip perry None 3 9 138.83 
RUN records_array_8m roundtrip bun None 4 9 229.57 
RUN records_array_8m roundtrip node None 4 9 253.05 
RUN records_array_8m roundtrip baseline None 4 9 139.14 
RUN records_array_8m roundtrip perry None 4 9 138.4 
RUN records_object_8m parse bun None 0 10 178.51 
RUN records_object_8m parse perry None 0 10 159.52 
RUN records_object_8m parse baseline None 0 10 161.14 
RUN records_object_8m parse node None 0 10 217.3 
RUN records_object_8m parse node None 1 10 230.14 
RUN records_object_8m parse bun None 1 10 178.54 
RUN records_object_8m parse baseline None 1 10 161.19 
RUN records_object_8m parse perry None 1 10 159.43 
RUN records_object_8m parse baseline None 2 10 161.02 
RUN records_object_8m parse bun None 2 10 178.7 
RUN records_object_8m parse node None 2 10 234.23 
RUN records_object_8m parse perry None 2 10 160.23 
RUN records_object_8m parse bun None 3 10 179.6 
RUN records_object_8m parse node None 3 10 243.22 
RUN records_object_8m parse baseline None 3 10 160.83 
RUN records_object_8m parse perry None 3 10 158.65 
RUN records_object_8m parse perry None 4 10 159.37 
RUN records_object_8m parse node None 4 10 224.45 
RUN records_object_8m parse bun None 4 10 179.01 
RUN records_object_8m parse baseline None 4 10 161.38 
RUN records_object_8m stringify node None 0 29 194.58 
RUN records_object_8m stringify bun None 0 29 222.61 
RUN records_object_8m stringify perry None 0 29 137.74 
RUN records_object_8m stringify baseline None 0 29 138.3 
RUN records_object_8m stringify perry None 1 29 137.85 
RUN records_object_8m stringify node None 1 29 193.67 
RUN records_object_8m stringify bun None 1 29 222.01 
RUN records_object_8m stringify baseline None 1 29 138.33 
RUN records_object_8m stringify node None 2 29 193.26 
RUN records_object_8m stringify baseline None 2 29 139.08 
RUN records_object_8m stringify perry None 2 29 138.36 
RUN records_object_8m stringify bun None 2 29 223.42 
RUN records_object_8m stringify baseline None 3 29 138.51 
RUN records_object_8m stringify perry None 3 29 137.99 
RUN records_object_8m stringify node None 3 29 194.3 
RUN records_object_8m stringify bun None 3 29 220.91 
RUN records_object_8m stringify bun None 4 29 223.11 
RUN records_object_8m stringify perry None 4 29 137.68 
RUN records_object_8m stringify node None 4 29 193.35 
RUN records_object_8m stringify baseline None 4 29 138.01 
RUN records_array_20m parse perry None 0 4 157.54 
RUN records_array_20m parse node None 0 4 251.22 
RUN records_array_20m parse baseline None 0 4 159.8 
RUN records_array_20m parse bun None 0 4 174.89 
RUN records_array_20m parse perry None 1 4 157.53 
RUN records_array_20m parse node None 1 4 229.52 
RUN records_array_20m parse baseline None 1 4 159.3 
RUN records_array_20m parse bun None 1 4 175.73 
RUN records_array_20m parse perry None 2 4 157.4 
RUN records_array_20m parse node None 2 4 237.56 
RUN records_array_20m parse baseline None 2 4 159.58 
RUN records_array_20m parse bun None 2 4 175.34 
RUN records_array_20m parse bun None 3 4 175.86 
RUN records_array_20m parse node None 3 4 243.13 
RUN records_array_20m parse perry None 3 4 157.57 
RUN records_array_20m parse baseline None 3 4 159.37 
RUN records_array_20m parse bun None 4 4 176.6 
RUN records_array_20m parse perry None 4 4 157.48 
RUN records_array_20m parse node None 4 4 234.24 
RUN records_array_20m parse baseline None 4 4 159.74 
RUN records_array_20m stringify node None 0 12 206.84 
RUN records_array_20m stringify perry None 0 12 141.22 
RUN records_array_20m stringify baseline None 0 12 141.08 
RUN records_array_20m stringify bun None 0 12 229.22 
RUN records_array_20m stringify bun None 1 12 229.07 
RUN records_array_20m stringify perry None 1 12 141.19 
RUN records_array_20m stringify node None 1 12 205.81 
RUN records_array_20m stringify baseline None 1 12 141.01 
RUN records_array_20m stringify bun None 2 12 229.27 
RUN records_array_20m stringify node None 2 12 205.51 
RUN records_array_20m stringify baseline None 2 12 141.12 
RUN records_array_20m stringify perry None 2 12 141.31 
RUN records_array_20m stringify node None 3 12 205.94 
RUN records_array_20m stringify baseline None 3 12 141.03 
RUN records_array_20m stringify bun None 3 12 228.88 
RUN records_array_20m stringify perry None 3 12 141.17 
RUN records_array_20m stringify node None 4 12 206.4 
RUN records_array_20m stringify baseline None 4 12 140.94 
RUN records_array_20m stringify bun None 4 12 229.19 
RUN records_array_20m stringify perry None 4 12 141.3 
RUN records_array_20m sparse baseline None 0 4 159.79 
RUN records_array_20m sparse perry None 0 4 157.81 
RUN records_array_20m sparse node None 0 4 228.18 
RUN records_array_20m sparse bun None 0 4 175.25 
RUN records_array_20m sparse node None 1 4 241.41 
RUN records_array_20m sparse baseline None 1 4 159.27 
RUN records_array_20m sparse perry None 1 4 158.04 
RUN records_array_20m sparse bun None 1 4 175.93 
RUN records_array_20m sparse node None 2 4 238.65 
RUN records_array_20m sparse baseline None 2 4 159.24 
RUN records_array_20m sparse perry None 2 4 157.42 
RUN records_array_20m sparse bun None 2 4 175.17 
RUN records_array_20m sparse node None 3 4 240.05 
RUN records_array_20m sparse baseline None 3 4 159.21 
RUN records_array_20m sparse perry None 3 4 157.39 
RUN records_array_20m sparse bun None 3 4 176.08 
RUN records_array_20m sparse node None 4 4 232.15 
RUN records_array_20m sparse bun None 4 4 175.16 
RUN records_array_20m sparse baseline None 4 4 159.44 
RUN records_array_20m sparse perry None 4 4 157.71 
RUN records_array_20m scan node None 0 4 221.65 
RUN records_array_20m scan baseline None 0 4 163.37 
RUN records_array_20m scan bun None 0 4 177.22 
RUN records_array_20m scan perry None 0 4 160.92 
RUN records_array_20m scan bun None 1 4 178.06 
RUN records_array_20m scan perry None 1 4 161.34 
RUN records_array_20m scan node None 1 4 245.47 
RUN records_array_20m scan baseline None 1 4 163.46 
RUN records_array_20m scan baseline None 2 4 163.31 
RUN records_array_20m scan perry None 2 4 161.46 
RUN records_array_20m scan node None 2 4 230.27 
RUN records_array_20m scan bun None 2 4 177.6 
RUN records_array_20m scan node None 3 4 234.83 
RUN records_array_20m scan bun None 3 4 177.48 
RUN records_array_20m scan baseline None 3 4 163.45 
RUN records_array_20m scan perry None 3 4 161.63 
RUN records_array_20m scan baseline None 4 4 163.34 
RUN records_array_20m scan node None 4 4 235.41 
RUN records_array_20m scan perry None 4 4 161.73 
RUN records_array_20m scan bun None 4 4 177.64 
RUN records_array_20m roundtrip baseline None 0 2 197.83 
RUN records_array_20m roundtrip node None 0 2 147.25 
RUN records_array_20m roundtrip bun None 0 2 129.7 
RUN records_array_20m roundtrip perry None 0 2 197.27 
RUN records_array_20m roundtrip bun None 1 2 140.44 
RUN records_array_20m roundtrip node None 1 2 144.1 
RUN records_array_20m roundtrip baseline None 1 2 198.07 
RUN records_array_20m roundtrip perry None 1 2 196.97 
RUN records_array_20m roundtrip node None 2 2 149.81 
RUN records_array_20m roundtrip perry None 2 2 197.17 
RUN records_array_20m roundtrip baseline None 2 2 198.14 
RUN records_array_20m roundtrip bun None 2 2 130.21 
RUN records_array_20m roundtrip perry None 3 2 197.2 
RUN records_array_20m roundtrip node None 3 2 144.14 
RUN records_array_20m roundtrip bun None 3 2 130.15 
RUN records_array_20m roundtrip baseline None 3 2 198.08 
RUN records_array_20m roundtrip baseline None 4 2 197.55 
RUN records_array_20m roundtrip perry None 4 2 196.7 
RUN records_array_20m roundtrip node None 4 2 145.12 
RUN records_array_20m roundtrip bun None 4 2 129.69 
RUN records_object_20m parse perry None 0 4 157.35 
RUN records_object_20m parse baseline None 0 4 159.55 
RUN records_object_20m parse bun None 0 4 176.12 
RUN records_object_20m parse node None 0 4 229.69 
RUN records_object_20m parse bun None 1 4 174.8 
RUN records_object_20m parse baseline None 1 4 159.21 
RUN records_object_20m parse perry None 1 4 157.7 
RUN records_object_20m parse node None 1 4 241.91 
RUN records_object_20m parse perry None 2 4 157.46 
RUN records_object_20m parse bun None 2 4 175.73 
RUN records_object_20m parse node None 2 4 242.86 
RUN records_object_20m parse baseline None 2 4 159.45 
RUN records_object_20m parse perry None 3 4 157.62 
RUN records_object_20m parse node None 3 4 247.31 
RUN records_object_20m parse bun None 3 4 175.63 
RUN records_object_20m parse baseline None 3 4 159.58 
RUN records_object_20m parse baseline None 4 4 159.68 
RUN records_object_20m parse bun None 4 4 175.48 
RUN records_object_20m parse node None 4 4 240.7 
RUN records_object_20m parse perry None 4 4 157.99 
RUN records_object_20m stringify perry None 0 12 140.71 
RUN records_object_20m stringify baseline None 0 12 140.71 
RUN records_object_20m stringify node None 0 12 205.0 
RUN records_object_20m stringify bun None 0 12 229.5 
RUN records_object_20m stringify baseline None 1 12 140.36 
RUN records_object_20m stringify perry None 1 12 140.53 
RUN records_object_20m stringify node None 1 12 205.13 
RUN records_object_20m stringify bun None 1 12 229.63 
RUN records_object_20m stringify bun None 2 12 229.3 
RUN records_object_20m stringify node None 2 12 205.53 
RUN records_object_20m stringify baseline None 2 12 140.69 
RUN records_object_20m stringify perry None 2 12 140.47 
RUN records_object_20m stringify baseline None 3 12 140.65 
RUN records_object_20m stringify bun None 3 12 229.84 
RUN records_object_20m stringify perry None 3 12 140.44 
RUN records_object_20m stringify node None 3 12 206.75 
RUN records_object_20m stringify node None 4 12 205.92 
RUN records_object_20m stringify baseline None 4 12 140.57 
RUN records_object_20m stringify perry None 4 12 140.31 
RUN records_object_20m stringify bun None 4 12 228.97 
RUN numbers_1m parse baseline None 0 100 159.22 
RUN numbers_1m parse perry None 0 100 159.35 
RUN numbers_1m parse node None 0 100 308.51 
RUN numbers_1m parse bun None 0 100 318.9 
RUN numbers_1m parse baseline None 1 100 159.11 
RUN numbers_1m parse perry None 1 100 158.98 
RUN numbers_1m parse bun None 1 100 320.62 
RUN numbers_1m parse node None 1 100 307.56 
RUN numbers_1m parse perry None 2 100 158.96 
RUN numbers_1m parse node None 2 100 307.73 
RUN numbers_1m parse baseline None 2 100 159.32 
RUN numbers_1m parse bun None 2 100 322.42 
RUN numbers_1m parse bun None 3 100 319.73 
RUN numbers_1m parse perry None 3 100 159.67 
RUN numbers_1m parse baseline None 3 100 159.29 
RUN numbers_1m parse node None 3 100 307.38 
RUN numbers_1m parse perry None 4 100 159.41 
RUN numbers_1m parse bun None 4 100 321.62 
RUN numbers_1m parse baseline None 4 100 159.28 
RUN numbers_1m parse node None 4 100 307.91 
RUN numbers_1m stringify baseline None 0 147 149.03 
RUN numbers_1m stringify node None 0 147 286.26 
RUN numbers_1m stringify bun None 0 147 431.69 
RUN numbers_1m stringify perry None 0 147 149.4 
RUN numbers_1m stringify node None 1 147 286.11 
RUN numbers_1m stringify bun None 1 147 431.64 
RUN numbers_1m stringify baseline None 1 147 149.63 
RUN numbers_1m stringify perry None 1 147 149.02 
RUN numbers_1m stringify baseline None 2 147 148.7 
RUN numbers_1m stringify bun None 2 147 432.05 
RUN numbers_1m stringify node None 2 147 285.63 
RUN numbers_1m stringify perry None 2 147 149.02 
RUN numbers_1m stringify bun None 3 147 431.75 
RUN numbers_1m stringify baseline None 3 147 149.38 
RUN numbers_1m stringify perry None 3 147 149.35 
RUN numbers_1m stringify node None 3 147 285.37 
RUN numbers_1m stringify node None 4 147 285.78 
RUN numbers_1m stringify bun None 4 147 431.92 
RUN numbers_1m stringify perry None 4 147 149.55 
RUN numbers_1m stringify baseline None 4 147 149.12 
RUN long_string_1m parse perry None 0 2821 0.99 
RUN long_string_1m parse node None 0 2821 1022.26 
RUN long_string_1m parse baseline None 0 2821 0.97 
RUN long_string_1m parse bun None 0 2821 176.68 
RUN long_string_1m parse node None 1 2821 1022.96 
RUN long_string_1m parse perry None 1 2821 0.98 
RUN long_string_1m parse bun None 1 2821 178.87 
RUN long_string_1m parse baseline None 1 2821 0.99 
RUN long_string_1m parse bun None 2 2821 179.94 
RUN long_string_1m parse baseline None 2 2821 0.98 
RUN long_string_1m parse perry None 2 2821 0.99 
RUN long_string_1m parse node None 2 2821 1038.24 
RUN long_string_1m parse node None 3 2821 1023.36 
RUN long_string_1m parse baseline None 3 2821 0.98 
RUN long_string_1m parse perry None 3 2821 0.99 
RUN long_string_1m parse bun None 3 2821 178.71 
RUN long_string_1m parse baseline None 4 2821 0.99 
RUN long_string_1m parse bun None 4 2821 179.42 
RUN long_string_1m parse node None 4 2821 1032.84 
RUN long_string_1m parse perry None 4 2821 0.99 
RUN long_string_1m stringify node None 0 1984 196.34 
RUN long_string_1m stringify bun None 0 1984 184.44 
RUN long_string_1m stringify perry None 0 1984 65.18 
RUN long_string_1m stringify baseline None 0 1984 79.28 
RUN long_string_1m stringify baseline None 1 1984 67.75 
RUN long_string_1m stringify bun None 1 1984 184.98 
RUN long_string_1m stringify perry None 1 1984 70.52 
RUN long_string_1m stringify node None 1 1984 197.41 
RUN long_string_1m stringify bun None 2 1984 186.47 
RUN long_string_1m stringify perry None 2 1984 71.28 
RUN long_string_1m stringify baseline None 2 1984 66.97 
RUN long_string_1m stringify node None 2 1984 196.92 
RUN long_string_1m stringify perry None 3 1984 73.16 
RUN long_string_1m stringify baseline None 3 1984 75.34 
RUN long_string_1m stringify bun None 3 1984 185.27 
RUN long_string_1m stringify node None 3 1984 196.39 
RUN long_string_1m stringify perry None 4 1984 77.73 
RUN long_string_1m stringify bun None 4 1984 186.0 
RUN long_string_1m stringify node None 4 1984 196.85 
RUN long_string_1m stringify baseline None 4 1984 65.97 
RUN escaped_1m parse baseline None 0 157 155.23 
RUN escaped_1m parse perry None 0 157 155.05 
RUN escaped_1m parse node None 0 157 272.28 
RUN escaped_1m parse bun None 0 157 325.15 
RUN escaped_1m parse bun None 1 157 324.77 
RUN escaped_1m parse baseline None 1 157 156.0 
RUN escaped_1m parse perry None 1 157 155.53 
RUN escaped_1m parse node None 1 157 272.64 
RUN escaped_1m parse perry None 2 157 155.04 
RUN escaped_1m parse node None 2 157 272.37 
RUN escaped_1m parse bun None 2 157 324.63 
RUN escaped_1m parse baseline None 2 157 155.06 
RUN escaped_1m parse perry None 3 157 155.15 
RUN escaped_1m parse baseline None 3 157 155.29 
RUN escaped_1m parse bun None 3 157 324.99 
RUN escaped_1m parse node None 3 157 272.33 
RUN escaped_1m parse perry None 4 157 155.75 
RUN escaped_1m parse node None 4 157 272.33 
RUN escaped_1m parse bun None 4 157 325.02 
RUN escaped_1m parse baseline None 4 157 155.42 
RUN escaped_1m stringify perry None 0 168 148.63 
RUN escaped_1m stringify node None 0 168 313.48 
RUN escaped_1m stringify baseline None 0 168 148.77 
RUN escaped_1m stringify bun None 0 168 349.5 
RUN escaped_1m stringify node None 1 168 313.71 
RUN escaped_1m stringify perry None 1 168 148.41 
RUN escaped_1m stringify baseline None 1 168 148.77 
RUN escaped_1m stringify bun None 1 168 349.98 
RUN escaped_1m stringify bun None 2 168 351.28 
RUN escaped_1m stringify baseline None 2 168 148.53 
RUN escaped_1m stringify perry None 2 168 148.81 
RUN escaped_1m stringify node None 2 168 314.38 
RUN escaped_1m stringify bun None 3 168 349.58 
RUN escaped_1m stringify perry None 3 168 148.94 
RUN escaped_1m stringify node None 3 168 313.32 
RUN escaped_1m stringify baseline None 3 168 148.41 
RUN escaped_1m stringify baseline None 4 168 148.74 
RUN escaped_1m stringify bun None 4 168 350.27 
RUN escaped_1m stringify perry None 4 168 148.75 
RUN escaped_1m stringify node None 4 168 313.44 
RUN unicode_1m parse node None 0 2797 1225.27 
RUN unicode_1m parse perry None 0 2797 0.97 
RUN unicode_1m parse bun None 0 2797 159.47 
RUN unicode_1m parse baseline None 0 2797 0.97 
RUN unicode_1m parse perry None 1 2797 0.97 
RUN unicode_1m parse node None 1 2797 1225.08 
RUN unicode_1m parse bun None 1 2797 159.89 
RUN unicode_1m parse baseline None 1 2797 0.97 
RUN unicode_1m parse perry None 2 2797 0.97 
RUN unicode_1m parse node None 2 2797 1226.63 
RUN unicode_1m parse bun None 2 2797 159.53 
RUN unicode_1m parse baseline None 2 2797 0.97 
RUN unicode_1m parse perry None 3 2797 0.97 
RUN unicode_1m parse bun None 3 2797 159.84 
RUN unicode_1m parse node None 3 2797 1228.35 
RUN unicode_1m parse baseline None 3 2797 0.96 
RUN unicode_1m parse perry None 4 2797 0.97 
RUN unicode_1m parse node None 4 2797 1226.85 
RUN unicode_1m parse baseline None 4 2797 0.97 
RUN unicode_1m parse bun None 4 2797 159.95 
RUN unicode_1m stringify bun None 0 2430 1082.55 
RUN unicode_1m stringify node None 0 2430 984.54 
RUN unicode_1m stringify baseline None 0 2430 64.72 
RUN unicode_1m stringify perry None 0 2430 67.03 
RUN unicode_1m stringify baseline None 1 2430 82.18 
RUN unicode_1m stringify perry None 1 2430 74.61 
RUN unicode_1m stringify bun None 1 2430 1085.42 
RUN unicode_1m stringify node None 1 2430 991.0 
RUN unicode_1m stringify perry None 2 2430 75.11 
RUN unicode_1m stringify bun None 2 2430 1086.46 
RUN unicode_1m stringify node None 2 2430 991.45 
RUN unicode_1m stringify baseline None 2 2430 75.75 
RUN unicode_1m stringify node None 3 2430 990.57 
RUN unicode_1m stringify baseline None 3 2430 76.99 
RUN unicode_1m stringify perry None 3 2430 73.21 
RUN unicode_1m stringify bun None 3 2430 1088.54 
RUN unicode_1m stringify bun None 4 2430 1092.42 
RUN unicode_1m stringify baseline None 4 2430 72.38 
RUN unicode_1m stringify node None 4 2430 988.84 
RUN unicode_1m stringify perry None 4 2430 73.4 
RUN wide_1m parse perry None 0 63 182.75 
RUN wide_1m parse baseline None 0 63 182.59 
RUN wide_1m parse bun None 0 63 259.41 
RUN wide_1m parse node None 0 63 323.66 
RUN wide_1m parse node None 1 63 319.55 
RUN wide_1m parse baseline None 1 63 182.56 
RUN wide_1m parse bun None 1 63 259.5 
RUN wide_1m parse perry None 1 63 182.42 
RUN wide_1m parse baseline None 2 63 182.78 
RUN wide_1m parse perry None 2 63 182.48 
RUN wide_1m parse node None 2 63 323.39 
RUN wide_1m parse bun None 2 63 260.04 
RUN wide_1m parse bun None 3 63 259.62 
RUN wide_1m parse perry None 3 63 182.55 
RUN wide_1m parse node None 3 63 321.32 
RUN wide_1m parse baseline None 3 63 182.3 
RUN wide_1m parse baseline None 4 63 182.35 
RUN wide_1m parse bun None 4 63 259.26 
RUN wide_1m parse perry None 4 63 182.66 
RUN wide_1m parse node None 4 63 324.69 
RUN wide_1m stringify bun None 0 234 154.54 
RUN wide_1m stringify baseline None 0 234 148.38 
RUN wide_1m stringify node None 0 234 1479.09 
RUN wide_1m stringify perry None 0 234 147.89 
RUN wide_1m stringify node None 1 234 1486.9 
RUN wide_1m stringify perry None 1 234 148.26 
RUN wide_1m stringify baseline None 1 234 148.1 
RUN wide_1m stringify bun None 1 234 154.49 
RUN wide_1m stringify bun None 2 234 154.61 
RUN wide_1m stringify perry None 2 234 148.0 
RUN wide_1m stringify baseline None 2 234 148.39 
RUN wide_1m stringify node None 2 234 1471.16 
RUN wide_1m stringify perry None 3 234 148.0 
RUN wide_1m stringify bun None 3 234 154.32 
RUN wide_1m stringify node None 3 234 1477.7 
RUN wide_1m stringify baseline None 3 234 148.07 
RUN wide_1m stringify node None 4 234 1481.24 
RUN wide_1m stringify bun None 4 234 154.77 
RUN wide_1m stringify baseline None 4 234 148.15 
RUN wide_1m stringify perry None 4 234 148.3 
RUN heterogeneous_1m parse bun None 0 110 313.99 
RUN heterogeneous_1m parse node None 0 110 412.39 
RUN heterogeneous_1m parse perry None 0 110 154.7 
RUN heterogeneous_1m parse baseline None 0 110 154.67 
RUN heterogeneous_1m parse bun None 1 110 316.64 
RUN heterogeneous_1m parse baseline None 1 110 155.06 
RUN heterogeneous_1m parse perry None 1 110 155.07 
RUN heterogeneous_1m parse node None 1 110 418.43 
RUN heterogeneous_1m parse node None 2 110 427.03 
RUN heterogeneous_1m parse perry None 2 110 154.82 
RUN heterogeneous_1m parse baseline None 2 110 155.37 
RUN heterogeneous_1m parse bun None 2 110 314.02 
RUN heterogeneous_1m parse node None 3 110 409.0 
RUN heterogeneous_1m parse perry None 3 110 154.67 
RUN heterogeneous_1m parse bun None 3 110 318.07 
RUN heterogeneous_1m parse baseline None 3 110 155.13 
RUN heterogeneous_1m parse perry None 4 110 155.28 
RUN heterogeneous_1m parse bun None 4 110 317.05 
RUN heterogeneous_1m parse baseline None 4 110 155.05 
RUN heterogeneous_1m parse node None 4 110 421.48 
RUN heterogeneous_1m stringify node None 0 216 186.81 
RUN heterogeneous_1m stringify perry None 0 216 154.46 
RUN heterogeneous_1m stringify baseline None 0 216 155.52 
RUN heterogeneous_1m stringify bun None 0 216 226.47 
RUN heterogeneous_1m stringify node None 1 216 187.07 
RUN heterogeneous_1m stringify baseline None 1 216 155.46 
RUN heterogeneous_1m stringify bun None 1 216 226.94 
RUN heterogeneous_1m stringify perry None 1 216 154.73 
RUN heterogeneous_1m stringify baseline None 2 216 155.22 
RUN heterogeneous_1m stringify node None 2 216 186.91 
RUN heterogeneous_1m stringify perry None 2 216 154.94 
RUN heterogeneous_1m stringify bun None 2 216 227.83 
RUN heterogeneous_1m stringify node None 3 216 191.68 
RUN heterogeneous_1m stringify bun None 3 216 226.65 
RUN heterogeneous_1m stringify perry None 3 216 154.95 
RUN heterogeneous_1m stringify baseline None 3 216 155.15 
RUN heterogeneous_1m stringify node None 4 216 187.09 
RUN heterogeneous_1m stringify bun None 4 216 226.37 
RUN heterogeneous_1m stringify baseline None 4 216 155.19 
RUN heterogeneous_1m stringify perry None 4 216 154.6 
MEM tiny_object retain-parse perry 1 11.8 
MEM tiny_object retain-parse node 1 52.7 
MEM tiny_object retain-parse bun 1 28.3 
MEM tiny_object retain-parse baseline 1 11.8 
MEM tiny_object retain-parse perry 1 11.8 
MEM tiny_object retain-parse node 1 52.6 
MEM tiny_object retain-parse bun 1 28.4 
MEM tiny_object retain-parse baseline 1 11.8 
MEM tiny_object retain-parse perry 1 11.8 
MEM tiny_object retain-parse node 1 52.8 
MEM tiny_object retain-parse bun 1 28.3 
MEM tiny_object retain-parse baseline 1 11.9 
MEM tiny_object retain-parse perry 1 11.8 
MEM tiny_object retain-parse node 1 52.8 
MEM tiny_object retain-parse bun 1 28.4 
MEM tiny_object retain-parse baseline 1 11.9 
MEM tiny_object retain-parse perry 1 11.8 
MEM tiny_object retain-parse node 1 52.7 
MEM tiny_object retain-parse bun 1 28.3 
MEM tiny_object retain-parse baseline 1 11.8 
MEM tiny_object retain-parse perry 200000 24.3 
MEM tiny_object retain-parse node 200000 75.0 
MEM tiny_object retain-parse bun 200000 50.2 
MEM tiny_object retain-parse baseline 200000 24.3 
MEM tiny_object retain-parse perry 200000 24.3 
MEM tiny_object retain-parse node 200000 75.0 
MEM tiny_object retain-parse bun 200000 50.2 
MEM tiny_object retain-parse baseline 200000 24.3 
MEM tiny_object retain-parse perry 200000 24.3 
MEM tiny_object retain-parse node 200000 74.9 
MEM tiny_object retain-parse bun 200000 50.2 
MEM tiny_object retain-parse baseline 200000 24.3 
MEM tiny_object retain-parse perry 200000 24.3 
MEM tiny_object retain-parse node 200000 74.9 
MEM tiny_object retain-parse bun 200000 50.2 
MEM tiny_object retain-parse baseline 200000 24.3 
MEM tiny_object retain-parse perry 200000 24.3 
MEM tiny_object retain-parse node 200000 74.8 
MEM tiny_object retain-parse bun 200000 50.2 
MEM tiny_object retain-parse baseline 200000 24.3 
MEM tiny_object retain-stringify perry 1 11.9 
MEM tiny_object retain-stringify node 1 52.8 
MEM tiny_object retain-stringify bun 1 28.3 
MEM tiny_object retain-stringify baseline 1 12.0 
MEM tiny_object retain-stringify perry 1 11.9 
MEM tiny_object retain-stringify node 1 52.9 
MEM tiny_object retain-stringify bun 1 28.3 
MEM tiny_object retain-stringify baseline 1 11.9 
MEM tiny_object retain-stringify perry 1 11.9 
MEM tiny_object retain-stringify node 1 52.8 
MEM tiny_object retain-stringify bun 1 28.3 
MEM tiny_object retain-stringify baseline 1 11.9 
MEM tiny_object retain-stringify perry 1 11.9 
MEM tiny_object retain-stringify node 1 52.9 
MEM tiny_object retain-stringify bun 1 28.3 
MEM tiny_object retain-stringify baseline 1 11.9 
MEM tiny_object retain-stringify perry 1 11.9 
MEM tiny_object retain-stringify node 1 53.0 
MEM tiny_object retain-stringify bun 1 28.4 
MEM tiny_object retain-stringify baseline 1 11.9 
MEM tiny_object retain-stringify perry 200000 24.4 
MEM tiny_object retain-stringify node 200000 71.2 
MEM tiny_object retain-stringify bun 200000 47.1 
MEM tiny_object retain-stringify baseline 200000 24.4 
MEM tiny_object retain-stringify perry 200000 24.4 
MEM tiny_object retain-stringify node 200000 71.3 
MEM tiny_object retain-stringify bun 200000 47.1 
MEM tiny_object retain-stringify baseline 200000 24.4 
MEM tiny_object retain-stringify perry 200000 24.4 
MEM tiny_object retain-stringify node 200000 71.3 
MEM tiny_object retain-stringify bun 200000 47.1 
MEM tiny_object retain-stringify baseline 200000 24.4 
MEM tiny_object retain-stringify perry 200000 24.4 
MEM tiny_object retain-stringify node 200000 71.3 
MEM tiny_object retain-stringify bun 200000 47.1 
MEM tiny_object retain-stringify baseline 200000 24.4 
MEM tiny_object retain-stringify perry 200000 24.4 
MEM tiny_object retain-stringify node 200000 71.3 
MEM tiny_object retain-stringify bun 200000 47.1 
MEM tiny_object retain-stringify baseline 200000 24.4 
MEM small_record retain-parse perry 1 11.8 
MEM small_record retain-parse node 1 52.9 
MEM small_record retain-parse bun 1 28.3 
MEM small_record retain-parse baseline 1 11.8 
MEM small_record retain-parse perry 1 11.8 
MEM small_record retain-parse node 1 52.8 
MEM small_record retain-parse bun 1 28.4 
MEM small_record retain-parse baseline 1 11.8 
MEM small_record retain-parse perry 1 11.8 
MEM small_record retain-parse node 1 52.8 
MEM small_record retain-parse bun 1 28.3 
MEM small_record retain-parse baseline 1 11.8 
MEM small_record retain-parse perry 1 11.8 
MEM small_record retain-parse node 1 52.8 
MEM small_record retain-parse bun 1 28.3 
MEM small_record retain-parse baseline 1 11.8 
MEM small_record retain-parse perry 1 11.8 
MEM small_record retain-parse node 1 52.8 
MEM small_record retain-parse bun 1 28.3 
MEM small_record retain-parse baseline 1 11.8 
MEM small_record retain-parse perry 100000 24.3 
MEM small_record retain-parse node 100000 85.5 
MEM small_record retain-parse bun 100000 52.7 
MEM small_record retain-parse baseline 100000 24.3 
MEM small_record retain-parse perry 100000 24.3 
MEM small_record retain-parse node 100000 85.6 
MEM small_record retain-parse bun 100000 52.7 
MEM small_record retain-parse baseline 100000 24.3 
MEM small_record retain-parse perry 100000 24.3 
MEM small_record retain-parse node 100000 86.2 
MEM small_record retain-parse bun 100000 52.7 
MEM small_record retain-parse baseline 100000 24.3 
MEM small_record retain-parse perry 100000 24.3 
MEM small_record retain-parse node 100000 85.5 
MEM small_record retain-parse bun 100000 52.7 
MEM small_record retain-parse baseline 100000 24.3 
MEM small_record retain-parse perry 100000 24.3 
MEM small_record retain-parse node 100000 85.5 
MEM small_record retain-parse bun 100000 52.7 
MEM small_record retain-parse baseline 100000 24.3 
MEM small_record retain-stringify perry 1 11.9 
MEM small_record retain-stringify node 1 52.8 
MEM small_record retain-stringify bun 1 28.3 
MEM small_record retain-stringify baseline 1 11.9 
MEM small_record retain-stringify perry 1 11.9 
MEM small_record retain-stringify node 1 52.8 
MEM small_record retain-stringify bun 1 28.4 
MEM small_record retain-stringify baseline 1 11.9 
MEM small_record retain-stringify perry 1 11.9 
MEM small_record retain-stringify node 1 52.8 
MEM small_record retain-stringify bun 1 28.3 
MEM small_record retain-stringify baseline 1 11.9 
MEM small_record retain-stringify perry 1 11.9 
MEM small_record retain-stringify node 1 52.9 
MEM small_record retain-stringify bun 1 28.4 
MEM small_record retain-stringify baseline 1 11.9 
MEM small_record retain-stringify perry 1 11.9 
MEM small_record retain-stringify node 1 52.8 
MEM small_record retain-stringify bun 1 28.4 
MEM small_record retain-stringify baseline 1 11.9 
MEM small_record retain-stringify perry 100000 27.6 
MEM small_record retain-stringify node 100000 80.3 
MEM small_record retain-stringify bun 100000 51.1 
MEM small_record retain-stringify baseline 100000 27.5 
MEM small_record retain-stringify perry 100000 27.6 
MEM small_record retain-stringify node 100000 80.5 
MEM small_record retain-stringify bun 100000 51.1 
MEM small_record retain-stringify baseline 100000 27.6 
MEM small_record retain-stringify perry 100000 27.6 
MEM small_record retain-stringify node 100000 80.5 
MEM small_record retain-stringify bun 100000 51.1 
MEM small_record retain-stringify baseline 100000 27.5 
MEM small_record retain-stringify perry 100000 27.5 
MEM small_record retain-stringify node 100000 80.4 
MEM small_record retain-stringify bun 100000 51.1 
MEM small_record retain-stringify baseline 100000 27.6 
MEM small_record retain-stringify perry 100000 27.6 
MEM small_record retain-stringify node 100000 80.5 
MEM small_record retain-stringify bun 100000 51.1 
MEM small_record retain-stringify baseline 100000 27.5 
MEM records_array_1m retain-parse perry 1 16.5 
MEM records_array_1m retain-parse node 1 58.5 
MEM records_array_1m retain-parse bun 1 31.7 
MEM records_array_1m retain-parse baseline 1 16.5 
MEM records_array_1m retain-parse perry 1 16.5 
MEM records_array_1m retain-parse node 1 58.5 
MEM records_array_1m retain-parse bun 1 31.7 
MEM records_array_1m retain-parse baseline 1 16.5 
MEM records_array_1m retain-parse perry 1 16.5 
MEM records_array_1m retain-parse node 1 58.5 
MEM records_array_1m retain-parse bun 1 31.7 
MEM records_array_1m retain-parse baseline 1 16.5 
MEM records_array_1m retain-parse perry 1 16.5 
MEM records_array_1m retain-parse node 1 58.5 
MEM records_array_1m retain-parse bun 1 31.7 
MEM records_array_1m retain-parse baseline 1 16.5 
MEM records_array_1m retain-parse perry 1 16.5 
MEM records_array_1m retain-parse node 1 58.5 
MEM records_array_1m retain-parse bun 1 31.7 
MEM records_array_1m retain-parse baseline 1 16.5 
MEM records_array_1m retain-parse perry 16 40.4 
MEM records_array_1m retain-parse node 16 88.9 
MEM records_array_1m retain-parse bun 16 56.0 
MEM records_array_1m retain-parse baseline 16 40.4 
MEM records_array_1m retain-parse perry 16 40.4 
MEM records_array_1m retain-parse node 16 89.0 
MEM records_array_1m retain-parse bun 16 56.0 
MEM records_array_1m retain-parse baseline 16 40.4 
MEM records_array_1m retain-parse perry 16 40.4 
MEM records_array_1m retain-parse node 16 88.9 
MEM records_array_1m retain-parse bun 16 55.9 
MEM records_array_1m retain-parse baseline 16 40.4 
MEM records_array_1m retain-parse perry 16 40.4 
MEM records_array_1m retain-parse node 16 88.7 
MEM records_array_1m retain-parse bun 16 56.0 
MEM records_array_1m retain-parse baseline 16 40.4 
MEM records_array_1m retain-parse perry 16 40.4 
MEM records_array_1m retain-parse node 16 88.9 
MEM records_array_1m retain-parse bun 16 56.0 
MEM records_array_1m retain-parse baseline 16 40.4 
MEM records_array_1m retain-stringify perry 1 19.0 
MEM records_array_1m retain-stringify node 1 60.6 
MEM records_array_1m retain-stringify bun 1 34.5 
MEM records_array_1m retain-stringify baseline 1 19.1 
MEM records_array_1m retain-stringify perry 1 19.0 
MEM records_array_1m retain-stringify node 1 60.6 
MEM records_array_1m retain-stringify bun 1 34.5 
MEM records_array_1m retain-stringify baseline 1 19.1 
MEM records_array_1m retain-stringify perry 1 19.1 
MEM records_array_1m retain-stringify node 1 60.6 
MEM records_array_1m retain-stringify bun 1 34.5 
MEM records_array_1m retain-stringify baseline 1 19.1 
MEM records_array_1m retain-stringify perry 1 19.0 
MEM records_array_1m retain-stringify node 1 60.6 
MEM records_array_1m retain-stringify bun 1 34.5 
MEM records_array_1m retain-stringify baseline 1 19.1 
MEM records_array_1m retain-stringify perry 1 19.1 
MEM records_array_1m retain-stringify node 1 60.6 
MEM records_array_1m retain-stringify bun 1 34.5 
MEM records_array_1m retain-stringify baseline 1 19.1 
MEM records_array_1m retain-stringify perry 16 31.7 
MEM records_array_1m retain-stringify node 16 76.4 
MEM records_array_1m retain-stringify bun 16 47.3 
MEM records_array_1m retain-stringify baseline 16 31.8 
MEM records_array_1m retain-stringify perry 16 31.7 
MEM records_array_1m retain-stringify node 16 76.5 
MEM records_array_1m retain-stringify bun 16 47.2 
MEM records_array_1m retain-stringify baseline 16 31.8 
MEM records_array_1m retain-stringify perry 16 31.7 
MEM records_array_1m retain-stringify node 16 76.5 
MEM records_array_1m retain-stringify bun 16 47.2 
MEM records_array_1m retain-stringify baseline 16 31.8 
MEM records_array_1m retain-stringify perry 16 31.7 
MEM records_array_1m retain-stringify node 16 76.4 
MEM records_array_1m retain-stringify bun 16 47.2 
MEM records_array_1m retain-stringify baseline 16 31.8 
MEM records_array_1m retain-stringify perry 16 31.7 
MEM records_array_1m retain-stringify node 16 76.3 
MEM records_array_1m retain-stringify bun 16 47.3 
MEM records_array_1m retain-stringify baseline 16 31.8 
MEM records_object_1m retain-parse perry 1 15.2 
MEM records_object_1m retain-parse node 1 58.5 
MEM records_object_1m retain-parse bun 1 31.7 
MEM records_object_1m retain-parse baseline 1 15.2 
MEM records_object_1m retain-parse perry 1 15.3 
MEM records_object_1m retain-parse node 1 58.4 
MEM records_object_1m retain-parse bun 1 31.7 
MEM records_object_1m retain-parse baseline 1 15.2 
MEM records_object_1m retain-parse perry 1 15.3 
MEM records_object_1m retain-parse node 1 58.5 
MEM records_object_1m retain-parse bun 1 31.7 
MEM records_object_1m retain-parse baseline 1 15.3 
MEM records_object_1m retain-parse perry 1 15.2 
MEM records_object_1m retain-parse node 1 58.4 
MEM records_object_1m retain-parse bun 1 31.7 
MEM records_object_1m retain-parse baseline 1 15.2 
MEM records_object_1m retain-parse perry 1 15.3 
MEM records_object_1m retain-parse node 1 58.5 
MEM records_object_1m retain-parse bun 1 31.7 
MEM records_object_1m retain-parse baseline 1 15.2 
MEM records_object_1m retain-parse perry 16 52.3 
MEM records_object_1m retain-parse node 16 88.7 
MEM records_object_1m retain-parse bun 16 55.9 
MEM records_object_1m retain-parse baseline 16 52.4 
MEM records_object_1m retain-parse perry 16 52.3 
MEM records_object_1m retain-parse node 16 89.0 
MEM records_object_1m retain-parse bun 16 55.9 
MEM records_object_1m retain-parse baseline 16 52.4 
MEM records_object_1m retain-parse perry 16 52.3 
MEM records_object_1m retain-parse node 16 88.8 
MEM records_object_1m retain-parse bun 16 56.0 
MEM records_object_1m retain-parse baseline 16 52.4 
MEM records_object_1m retain-parse perry 16 52.3 
MEM records_object_1m retain-parse node 16 88.9 
MEM records_object_1m retain-parse bun 16 55.9 
MEM records_object_1m retain-parse baseline 16 52.4 
MEM records_object_1m retain-parse perry 16 52.3 
MEM records_object_1m retain-parse node 16 88.9 
MEM records_object_1m retain-parse bun 16 55.9 
MEM records_object_1m retain-parse baseline 16 52.4 
MEM records_object_1m retain-stringify perry 1 19.1 
MEM records_object_1m retain-stringify node 1 60.6 
MEM records_object_1m retain-stringify bun 1 34.5 
MEM records_object_1m retain-stringify baseline 1 19.1 
MEM records_object_1m retain-stringify perry 1 19.1 
MEM records_object_1m retain-stringify node 1 60.6 
MEM records_object_1m retain-stringify bun 1 34.5 
MEM records_object_1m retain-stringify baseline 1 19.1 
MEM records_object_1m retain-stringify perry 1 19.1 
MEM records_object_1m retain-stringify node 1 60.6 
MEM records_object_1m retain-stringify bun 1 34.5 
MEM records_object_1m retain-stringify baseline 1 19.1 
MEM records_object_1m retain-stringify perry 1 19.1 
MEM records_object_1m retain-stringify node 1 60.6 
MEM records_object_1m retain-stringify bun 1 34.5 
MEM records_object_1m retain-stringify baseline 1 19.1 
MEM records_object_1m retain-stringify perry 1 19.1 
MEM records_object_1m retain-stringify node 1 60.6 
MEM records_object_1m retain-stringify bun 1 34.4 
MEM records_object_1m retain-stringify baseline 1 19.1 
MEM records_object_1m retain-stringify perry 16 31.8 
MEM records_object_1m retain-stringify node 16 76.4 
MEM records_object_1m retain-stringify bun 16 47.3 
MEM records_object_1m retain-stringify baseline 16 31.8 
MEM records_object_1m retain-stringify perry 16 31.8 
MEM records_object_1m retain-stringify node 16 76.4 
MEM records_object_1m retain-stringify bun 16 47.3 
MEM records_object_1m retain-stringify baseline 16 31.8 
MEM records_object_1m retain-stringify perry 16 31.8 
MEM records_object_1m retain-stringify node 16 76.5 
MEM records_object_1m retain-stringify bun 16 47.5 
MEM records_object_1m retain-stringify baseline 16 31.8 
MEM records_object_1m retain-stringify perry 16 31.8 
MEM records_object_1m retain-stringify node 16 76.3 
MEM records_object_1m retain-stringify bun 16 47.2 
MEM records_object_1m retain-stringify baseline 16 31.8 
MEM records_object_1m retain-stringify perry 16 31.8 
MEM records_object_1m retain-stringify node 16 76.4 
MEM records_object_1m retain-stringify bun 16 47.3 
MEM records_object_1m retain-stringify baseline 16 31.8 
MEM records_array_8m retain-parse perry 1 48.5 
MEM records_array_8m retain-parse node 1 94.4 
MEM records_array_8m retain-parse bun 1 52.4 
MEM records_array_8m retain-parse baseline 1 48.5 
MEM records_array_8m retain-parse perry 1 48.5 
MEM records_array_8m retain-parse node 1 94.3 
MEM records_array_8m retain-parse bun 1 52.3 
MEM records_array_8m retain-parse baseline 1 48.5 
MEM records_array_8m retain-parse perry 1 48.5 
MEM records_array_8m retain-parse node 1 94.4 
MEM records_array_8m retain-parse bun 1 52.3 
MEM records_array_8m retain-parse baseline 1 48.5 
MEM records_array_8m retain-parse perry 1 48.5 
MEM records_array_8m retain-parse node 1 94.4 
MEM records_array_8m retain-parse bun 1 52.4 
MEM records_array_8m retain-parse baseline 1 48.5 
MEM records_array_8m retain-parse perry 1 48.5 
MEM records_array_8m retain-parse node 1 94.4 
MEM records_array_8m retain-parse bun 1 52.4 
MEM records_array_8m retain-parse baseline 1 48.5 
MEM records_array_8m retain-parse perry 4 85.2 
MEM records_array_8m retain-parse node 4 147.0 
MEM records_array_8m retain-parse bun 4 92.0 
MEM records_array_8m retain-parse baseline 4 85.3 
MEM records_array_8m retain-parse perry 4 85.2 
MEM records_array_8m retain-parse node 4 147.0 
MEM records_array_8m retain-parse bun 4 92.0 
MEM records_array_8m retain-parse baseline 4 85.3 
MEM records_array_8m retain-parse perry 4 85.2 
MEM records_array_8m retain-parse node 4 147.0 
MEM records_array_8m retain-parse bun 4 91.9 
MEM records_array_8m retain-parse baseline 4 85.3 
MEM records_array_8m retain-parse perry 4 85.2 
MEM records_array_8m retain-parse node 4 147.1 
MEM records_array_8m retain-parse bun 4 91.9 
MEM records_array_8m retain-parse baseline 4 85.3 
MEM records_array_8m retain-parse perry 4 85.2 
MEM records_array_8m retain-parse node 4 147.1 
MEM records_array_8m retain-parse bun 4 92.0 
MEM records_array_8m retain-parse baseline 4 85.3 
MEM records_array_8m retain-stringify perry 1 77.2 
MEM records_array_8m retain-stringify node 1 114.1 
MEM records_array_8m retain-stringify bun 1 73.5 
MEM records_array_8m retain-stringify baseline 1 77.4 
MEM records_array_8m retain-stringify perry 1 77.2 
MEM records_array_8m retain-stringify node 1 114.3 
MEM records_array_8m retain-stringify bun 1 73.5 
MEM records_array_8m retain-stringify baseline 1 77.4 
MEM records_array_8m retain-stringify perry 1 77.2 
MEM records_array_8m retain-stringify node 1 114.2 
MEM records_array_8m retain-stringify bun 1 73.5 
MEM records_array_8m retain-stringify baseline 1 77.3 
MEM records_array_8m retain-stringify perry 1 77.2 
MEM records_array_8m retain-stringify node 1 114.3 
MEM records_array_8m retain-stringify bun 1 73.5 
MEM records_array_8m retain-stringify baseline 1 77.4 
MEM records_array_8m retain-stringify perry 1 77.2 
MEM records_array_8m retain-stringify node 1 114.2 
MEM records_array_8m retain-stringify bun 1 73.5 
MEM records_array_8m retain-stringify baseline 1 77.3 
MEM records_array_8m retain-stringify perry 4 98.5 
MEM records_array_8m retain-stringify node 4 144.0 
MEM records_array_8m retain-stringify bun 4 94.5 
MEM records_array_8m retain-stringify baseline 4 98.6 
MEM records_array_8m retain-stringify perry 4 98.5 
MEM records_array_8m retain-stringify node 4 144.0 
MEM records_array_8m retain-stringify bun 4 94.5 
MEM records_array_8m retain-stringify baseline 4 98.6 
MEM records_array_8m retain-stringify perry 4 98.5 
MEM records_array_8m retain-stringify node 4 144.0 
MEM records_array_8m retain-stringify bun 4 94.5 
MEM records_array_8m retain-stringify baseline 4 98.6 
MEM records_array_8m retain-stringify perry 4 98.5 
MEM records_array_8m retain-stringify node 4 144.0 
MEM records_array_8m retain-stringify bun 4 94.5 
MEM records_array_8m retain-stringify baseline 4 98.6 
MEM records_array_8m retain-stringify perry 4 98.5 
MEM records_array_8m retain-stringify node 4 144.0 
MEM records_array_8m retain-stringify bun 4 94.5 
MEM records_array_8m retain-stringify baseline 4 98.6 
MEM records_object_8m retain-parse perry 1 33.1 
MEM records_object_8m retain-parse node 1 94.4 
MEM records_object_8m retain-parse bun 1 52.3 
MEM records_object_8m retain-parse baseline 1 33.1 
MEM records_object_8m retain-parse perry 1 33.1 
MEM records_object_8m retain-parse node 1 94.4 
MEM records_object_8m retain-parse bun 1 52.4 
MEM records_object_8m retain-parse baseline 1 33.1 
MEM records_object_8m retain-parse perry 1 33.1 
MEM records_object_8m retain-parse node 1 94.3 
MEM records_object_8m retain-parse bun 1 52.4 
MEM records_object_8m retain-parse baseline 1 33.1 
MEM records_object_8m retain-parse perry 1 33.1 
MEM records_object_8m retain-parse node 1 94.4 
MEM records_object_8m retain-parse bun 1 52.4 
MEM records_object_8m retain-parse baseline 1 33.1 
MEM records_object_8m retain-parse perry 1 33.1 
MEM records_object_8m retain-parse node 1 94.3 
MEM records_object_8m retain-parse bun 1 52.4 
MEM records_object_8m retain-parse baseline 1 33.1 
MEM records_object_8m retain-parse perry 4 90.8 
MEM records_object_8m retain-parse node 4 147.0 
MEM records_object_8m retain-parse bun 4 92.0 
MEM records_object_8m retain-parse baseline 4 90.9 
MEM records_object_8m retain-parse perry 4 90.8 
MEM records_object_8m retain-parse node 4 147.0 
MEM records_object_8m retain-parse bun 4 91.8 
MEM records_object_8m retain-parse baseline 4 90.9 
MEM records_object_8m retain-parse perry 4 90.8 
MEM records_object_8m retain-parse node 4 146.9 
MEM records_object_8m retain-parse bun 4 92.0 
MEM records_object_8m retain-parse baseline 4 90.9 
MEM records_object_8m retain-parse perry 4 90.8 
MEM records_object_8m retain-parse node 4 147.1 
MEM records_object_8m retain-parse bun 4 91.9 
MEM records_object_8m retain-parse baseline 4 90.9 
MEM records_object_8m retain-parse perry 4 90.8 
MEM records_object_8m retain-parse node 4 147.0 
MEM records_object_8m retain-parse bun 4 91.8 
MEM records_object_8m retain-parse baseline 4 90.9 
MEM records_object_8m retain-stringify perry 1 77.2 
MEM records_object_8m retain-stringify node 1 114.4 
MEM records_object_8m retain-stringify bun 1 73.5 
MEM records_object_8m retain-stringify baseline 1 77.3 
MEM records_object_8m retain-stringify perry 1 77.2 
MEM records_object_8m retain-stringify node 1 114.3 
MEM records_object_8m retain-stringify bun 1 73.5 
MEM records_object_8m retain-stringify baseline 1 77.3 
MEM records_object_8m retain-stringify perry 1 77.2 
MEM records_object_8m retain-stringify node 1 114.3 
MEM records_object_8m retain-stringify bun 1 73.5 
MEM records_object_8m retain-stringify baseline 1 77.3 
MEM records_object_8m retain-stringify perry 1 77.2 
MEM records_object_8m retain-stringify node 1 114.2 
MEM records_object_8m retain-stringify bun 1 73.5 
MEM records_object_8m retain-stringify baseline 1 77.3 
MEM records_object_8m retain-stringify perry 1 77.2 
MEM records_object_8m retain-stringify node 1 114.2 
MEM records_object_8m retain-stringify bun 1 73.5 
MEM records_object_8m retain-stringify baseline 1 77.3 
MEM records_object_8m retain-stringify perry 4 98.5 
MEM records_object_8m retain-stringify node 4 143.7 
MEM records_object_8m retain-stringify bun 4 94.5 
MEM records_object_8m retain-stringify baseline 4 98.7 
MEM records_object_8m retain-stringify perry 4 98.5 
MEM records_object_8m retain-stringify node 4 143.7 
MEM records_object_8m retain-stringify bun 4 94.5 
MEM records_object_8m retain-stringify baseline 4 98.6 
MEM records_object_8m retain-stringify perry 4 98.5 
MEM records_object_8m retain-stringify node 4 144.0 
MEM records_object_8m retain-stringify bun 4 94.5 
MEM records_object_8m retain-stringify baseline 4 98.6 
MEM records_object_8m retain-stringify perry 4 98.5 
MEM records_object_8m retain-stringify node 4 143.9 
MEM records_object_8m retain-stringify bun 4 94.5 
MEM records_object_8m retain-stringify baseline 4 98.6 
MEM records_object_8m retain-stringify perry 4 98.5 
MEM records_object_8m retain-stringify node 4 144.0 
MEM records_object_8m retain-stringify bun 4 94.5 
MEM records_object_8m retain-stringify baseline 4 98.6 
MEM long_string_1m retain-parse perry 1 15.2 
MEM long_string_1m retain-parse node 1 56.8 
MEM long_string_1m retain-parse bun 1 30.6 
MEM long_string_1m retain-parse baseline 1 15.2 
MEM long_string_1m retain-parse perry 1 15.2 
MEM long_string_1m retain-parse node 1 56.7 
MEM long_string_1m retain-parse bun 1 30.6 
MEM long_string_1m retain-parse baseline 1 15.2 
MEM long_string_1m retain-parse perry 1 15.2 
MEM long_string_1m retain-parse node 1 56.6 
MEM long_string_1m retain-parse bun 1 30.7 
MEM long_string_1m retain-parse baseline 1 15.2 
MEM long_string_1m retain-parse perry 1 15.2 
MEM long_string_1m retain-parse node 1 56.6 
MEM long_string_1m retain-parse bun 1 30.6 
MEM long_string_1m retain-parse baseline 1 15.2 
MEM long_string_1m retain-parse perry 1 15.2 
MEM long_string_1m retain-parse node 1 56.6 
MEM long_string_1m retain-parse bun 1 30.6 
MEM long_string_1m retain-parse baseline 1 15.2 
MEM long_string_1m retain-parse perry 32 15.2 
MEM long_string_1m retain-parse node 32 89.2 
MEM long_string_1m retain-parse bun 32 61.7 
MEM long_string_1m retain-parse baseline 32 15.2 
MEM long_string_1m retain-parse perry 32 15.2 
MEM long_string_1m retain-parse node 32 89.1 
MEM long_string_1m retain-parse bun 32 61.7 
MEM long_string_1m retain-parse baseline 32 15.2 
MEM long_string_1m retain-parse perry 32 15.2 
MEM long_string_1m retain-parse node 32 89.2 
MEM long_string_1m retain-parse bun 32 61.6 
MEM long_string_1m retain-parse baseline 32 15.2 
MEM long_string_1m retain-parse perry 32 15.2 
MEM long_string_1m retain-parse node 32 89.2 
MEM long_string_1m retain-parse bun 32 61.7 
MEM long_string_1m retain-parse baseline 32 15.2 
MEM long_string_1m retain-parse perry 32 15.2 
MEM long_string_1m retain-parse node 32 89.3 
MEM long_string_1m retain-parse bun 32 61.7 
MEM long_string_1m retain-parse baseline 32 15.2 
MEM long_string_1m retain-stringify perry 1 17.6 
MEM long_string_1m retain-stringify node 1 60.7 
MEM long_string_1m retain-stringify bun 1 32.6 
MEM long_string_1m retain-stringify baseline 1 17.6 
MEM long_string_1m retain-stringify perry 1 17.6 
MEM long_string_1m retain-stringify node 1 60.7 
MEM long_string_1m retain-stringify bun 1 32.6 
MEM long_string_1m retain-stringify baseline 1 17.6 
MEM long_string_1m retain-stringify perry 1 17.6 
MEM long_string_1m retain-stringify node 1 60.7 
MEM long_string_1m retain-stringify bun 1 32.7 
MEM long_string_1m retain-stringify baseline 1 17.6 
MEM long_string_1m retain-stringify perry 1 17.6 
MEM long_string_1m retain-stringify node 1 60.7 
MEM long_string_1m retain-stringify bun 1 32.7 
MEM long_string_1m retain-stringify baseline 1 17.6 
MEM long_string_1m retain-stringify perry 1 17.6 
MEM long_string_1m retain-stringify node 1 60.6 
MEM long_string_1m retain-stringify bun 1 32.7 
MEM long_string_1m retain-stringify baseline 1 17.6 
MEM long_string_1m retain-stringify perry 32 51.0 
MEM long_string_1m retain-stringify node 32 92.4 
MEM long_string_1m retain-stringify bun 32 63.8 
MEM long_string_1m retain-stringify baseline 32 51.1 
MEM long_string_1m retain-stringify perry 32 51.0 
MEM long_string_1m retain-stringify node 32 92.4 
MEM long_string_1m retain-stringify bun 32 63.8 
MEM long_string_1m retain-stringify baseline 32 51.1 
MEM long_string_1m retain-stringify perry 32 51.0 
MEM long_string_1m retain-stringify node 32 92.4 
MEM long_string_1m retain-stringify bun 32 63.8 
MEM long_string_1m retain-stringify baseline 32 51.1 
MEM long_string_1m retain-stringify perry 32 51.0 
MEM long_string_1m retain-stringify node 32 92.4 
MEM long_string_1m retain-stringify bun 32 63.8 
MEM long_string_1m retain-stringify baseline 32 51.1 
MEM long_string_1m retain-stringify perry 32 51.0 
MEM long_string_1m retain-stringify node 32 92.2 
MEM long_string_1m retain-stringify bun 32 63.8 
MEM long_string_1m retain-stringify baseline 32 51.1 
MEM unicode_1m retain-parse perry 1 14.5 
MEM unicode_1m retain-parse node 1 57.7 
MEM unicode_1m retain-parse bun 1 31.3 
MEM unicode_1m retain-parse baseline 1 14.6 
MEM unicode_1m retain-parse perry 1 14.5 
MEM unicode_1m retain-parse node 1 57.7 
MEM unicode_1m retain-parse bun 1 31.3 
MEM unicode_1m retain-parse baseline 1 14.6 
MEM unicode_1m retain-parse perry 1 14.5 
MEM unicode_1m retain-parse node 1 57.7 
MEM unicode_1m retain-parse bun 1 31.3 
MEM unicode_1m retain-parse baseline 1 14.5 
MEM unicode_1m retain-parse perry 1 14.5 
MEM unicode_1m retain-parse node 1 57.7 
MEM unicode_1m retain-parse bun 1 31.3 
MEM unicode_1m retain-parse baseline 1 14.5 
MEM unicode_1m retain-parse perry 1 14.5 
MEM unicode_1m retain-parse node 1 57.8 
MEM unicode_1m retain-parse bun 1 31.3 
MEM unicode_1m retain-parse baseline 1 14.6 
MEM unicode_1m retain-parse perry 32 14.6 
MEM unicode_1m retain-parse node 32 86.3 
MEM unicode_1m retain-parse bun 32 59.0 
MEM unicode_1m retain-parse baseline 32 14.6 
MEM unicode_1m retain-parse perry 32 14.6 
MEM unicode_1m retain-parse node 32 86.3 
MEM unicode_1m retain-parse bun 32 59.0 
MEM unicode_1m retain-parse baseline 32 14.6 
MEM unicode_1m retain-parse perry 32 14.6 
MEM unicode_1m retain-parse node 32 86.3 
MEM unicode_1m retain-parse bun 32 59.0 
MEM unicode_1m retain-parse baseline 32 14.6 
MEM unicode_1m retain-parse perry 32 14.6 
MEM unicode_1m retain-parse node 32 86.4 
MEM unicode_1m retain-parse bun 32 59.0 
MEM unicode_1m retain-parse baseline 32 14.6 
MEM unicode_1m retain-parse perry 32 14.6 
MEM unicode_1m retain-parse node 32 86.3 
MEM unicode_1m retain-parse bun 32 59.0 
MEM unicode_1m retain-parse baseline 32 14.6 
MEM unicode_1m retain-stringify perry 1 16.4 
MEM unicode_1m retain-stringify node 1 60.9 
MEM unicode_1m retain-stringify bun 1 34.2 
MEM unicode_1m retain-stringify baseline 1 16.4 
MEM unicode_1m retain-stringify perry 1 16.4 
MEM unicode_1m retain-stringify node 1 60.8 
MEM unicode_1m retain-stringify bun 1 34.1 
MEM unicode_1m retain-stringify baseline 1 16.4 
MEM unicode_1m retain-stringify perry 1 16.4 
MEM unicode_1m retain-stringify node 1 60.9 
MEM unicode_1m retain-stringify bun 1 34.5 
MEM unicode_1m retain-stringify baseline 1 16.4 
MEM unicode_1m retain-stringify perry 1 16.4 
MEM unicode_1m retain-stringify node 1 60.8 
MEM unicode_1m retain-stringify bun 1 34.1 
MEM unicode_1m retain-stringify baseline 1 16.4 
MEM unicode_1m retain-stringify perry 1 16.4 
MEM unicode_1m retain-stringify node 1 60.9 
MEM unicode_1m retain-stringify bun 1 34.1 
MEM unicode_1m retain-stringify baseline 1 16.4 
MEM unicode_1m retain-stringify perry 32 41.8 
MEM unicode_1m retain-stringify node 32 89.2 
MEM unicode_1m retain-stringify bun 32 61.8 
MEM unicode_1m retain-stringify baseline 32 41.8 
MEM unicode_1m retain-stringify perry 32 41.8 
MEM unicode_1m retain-stringify node 32 89.3 
MEM unicode_1m retain-stringify bun 32 61.8 
MEM unicode_1m retain-stringify baseline 32 41.8 
MEM unicode_1m retain-stringify perry 32 41.8 
MEM unicode_1m retain-stringify node 32 89.2 
MEM unicode_1m retain-stringify bun 32 61.8 
MEM unicode_1m retain-stringify baseline 32 41.8 
MEM unicode_1m retain-stringify perry 32 41.8 
MEM unicode_1m retain-stringify node 32 89.3 
MEM unicode_1m retain-stringify bun 32 62.3 
MEM unicode_1m retain-stringify baseline 32 41.8 
MEM unicode_1m retain-stringify perry 32 41.8 
MEM unicode_1m retain-stringify node 32 89.2 
MEM unicode_1m retain-stringify bun 32 61.8 
MEM unicode_1m retain-stringify baseline 32 41.8 
MEM wide_1m retain-parse perry 1 20.6 
MEM wide_1m retain-parse node 1 65.7 
MEM wide_1m retain-parse bun 1 36.3 
MEM wide_1m retain-parse baseline 1 20.6 
MEM wide_1m retain-parse perry 1 20.6 
MEM wide_1m retain-parse node 1 65.6 
MEM wide_1m retain-parse bun 1 36.4 
MEM wide_1m retain-parse baseline 1 20.6 
MEM wide_1m retain-parse perry 1 20.6 
MEM wide_1m retain-parse node 1 65.7 
MEM wide_1m retain-parse bun 1 36.3 
MEM wide_1m retain-parse baseline 1 20.6 
MEM wide_1m retain-parse perry 1 20.6 
MEM wide_1m retain-parse node 1 65.7 
MEM wide_1m retain-parse bun 1 36.4 
MEM wide_1m retain-parse baseline 1 20.6 
MEM wide_1m retain-parse perry 1 20.6 
MEM wide_1m retain-parse node 1 65.7 
MEM wide_1m retain-parse bun 1 36.3 
MEM wide_1m retain-parse baseline 1 20.6 
MEM wide_1m retain-parse perry 16 77.0 
MEM wide_1m retain-parse node 16 112.6 
MEM wide_1m retain-parse bun 16 68.9 
MEM wide_1m retain-parse baseline 16 77.1 
MEM wide_1m retain-parse perry 16 77.0 
MEM wide_1m retain-parse node 16 112.5 
MEM wide_1m retain-parse bun 16 68.9 
MEM wide_1m retain-parse baseline 16 77.1 
MEM wide_1m retain-parse perry 16 77.0 
MEM wide_1m retain-parse node 16 112.5 
MEM wide_1m retain-parse bun 16 68.9 
MEM wide_1m retain-parse baseline 16 77.1 
MEM wide_1m retain-parse perry 16 77.0 
MEM wide_1m retain-parse node 16 112.5 
MEM wide_1m retain-parse bun 16 68.9 
MEM wide_1m retain-parse baseline 16 77.1 
MEM wide_1m retain-parse perry 16 77.0 
MEM wide_1m retain-parse node 16 112.5 
MEM wide_1m retain-parse bun 16 68.9 
MEM wide_1m retain-parse baseline 16 77.1 
MEM wide_1m retain-stringify perry 1 22.8 
MEM wide_1m retain-stringify node 1 68.8 
MEM wide_1m retain-stringify bun 1 39.3 
MEM wide_1m retain-stringify baseline 1 22.9 
MEM wide_1m retain-stringify perry 1 22.8 
MEM wide_1m retain-stringify node 1 68.7 
MEM wide_1m retain-stringify bun 1 39.2 
MEM wide_1m retain-stringify baseline 1 22.9 
MEM wide_1m retain-stringify perry 1 22.8 
MEM wide_1m retain-stringify node 1 68.7 
MEM wide_1m retain-stringify bun 1 39.3 
MEM wide_1m retain-stringify baseline 1 22.8 
MEM wide_1m retain-stringify perry 1 22.8 
MEM wide_1m retain-stringify node 1 68.8 
MEM wide_1m retain-stringify bun 1 39.3 
MEM wide_1m retain-stringify baseline 1 22.9 
MEM wide_1m retain-stringify perry 1 22.8 
MEM wide_1m retain-stringify node 1 68.7 
MEM wide_1m retain-stringify bun 1 39.2 
MEM wide_1m retain-stringify baseline 1 22.9 
MEM wide_1m retain-stringify perry 16 36.0 
MEM wide_1m retain-stringify node 16 86.5 
MEM wide_1m retain-stringify bun 16 53.5 
MEM wide_1m retain-stringify baseline 16 36.0 
MEM wide_1m retain-stringify perry 16 36.0 
MEM wide_1m retain-stringify node 16 86.6 
MEM wide_1m retain-stringify bun 16 53.5 
MEM wide_1m retain-stringify baseline 16 36.0 
MEM wide_1m retain-stringify perry 16 36.0 
MEM wide_1m retain-stringify node 16 86.6 
MEM wide_1m retain-stringify bun 16 53.5 
MEM wide_1m retain-stringify baseline 16 36.0 
MEM wide_1m retain-stringify perry 16 36.0 
MEM wide_1m retain-stringify node 16 86.4 
MEM wide_1m retain-stringify bun 16 53.5 
MEM wide_1m retain-stringify baseline 16 36.0 
MEM wide_1m retain-stringify perry 16 36.0 
MEM wide_1m retain-stringify node 16 86.5 
MEM wide_1m retain-stringify bun 16 53.5 
MEM wide_1m retain-stringify baseline 16 36.0 
