VERIFY null parse [('perry', True), ('node', True), ('bun', True), ('baseline', True)]
VERIFY null stringify [('perry', True), ('node', True), ('bun', True), ('baseline', True)]
VERIFY string_a parse [('perry', True), ('node', True), ('bun', True), ('baseline', True)]
VERIFY string_a stringify [('perry', True), ('node', True), ('bun', True), ('baseline', True)]
VERIFY empty_object parse [('perry', True), ('node', True), ('bun', True), ('baseline', True)]
VERIFY empty_object stringify [('perry', True), ('node', True), ('bun', True), ('baseline', True)]
VERIFY tiny_object parse [('perry', True), ('node', True), ('bun', True), ('baseline', True)]
VERIFY tiny_object stringify [('perry', True), ('node', True), ('bun', True), ('baseline', True)]
VERIFY small_record parse [('perry', True), ('node', True), ('bun', True), ('baseline', True)]
VERIFY small_record stringify [('perry', True), ('node', True), ('bun', True), ('baseline', True)]
VERIFY object_1k parse [('perry', True), ('node', True), ('bun', True), ('baseline', True)]
VERIFY object_1k stringify [('perry', True), ('node', True), ('bun', True), ('baseline', True)]
VERIFY records_array_16k parse [('perry', True), ('node', True), ('bun', True), ('baseline', True)]
VERIFY records_array_16k stringify [('perry', True), ('node', True), ('bun', True), ('baseline', True)]
VERIFY records_array_1m parse [('perry', True), ('node', True), ('bun', True), ('baseline', True)]
VERIFY records_array_1m stringify [('perry', True), ('node', True), ('bun', True), ('baseline', True)]
VERIFY records_object_1m parse [('perry', True), ('node', True), ('bun', True), ('baseline', True)]
VERIFY records_object_1m stringify [('perry', True), ('node', True), ('bun', True), ('baseline', True)]
VERIFY records_array_8m parse [('perry', True), ('node', True), ('bun', True), ('baseline', True)]
VERIFY records_array_8m stringify [('perry', True), ('node', True), ('bun', True), ('baseline', True)]
VERIFY records_object_8m parse [('perry', True), ('node', True), ('bun', True), ('baseline', True)]
VERIFY records_object_8m stringify [('perry', True), ('node', True), ('bun', True), ('baseline', True)]
VERIFY records_array_20m parse [('perry', True), ('node', True), ('bun', True), ('baseline', True)]
VERIFY records_array_20m stringify [('perry', True), ('node', True), ('bun', True), ('baseline', True)]
VERIFY records_object_20m parse [('perry', True), ('node', True), ('bun', True), ('baseline', True)]
VERIFY records_object_20m stringify [('perry', True), ('node', True), ('bun', True), ('baseline', True)]
VERIFY numbers_1m parse [('perry', True), ('node', True), ('bun', True), ('baseline', True)]
VERIFY numbers_1m stringify [('perry', True), ('node', True), ('bun', True), ('baseline', True)]
VERIFY long_string_1m parse [('perry', True), ('node', True), ('bun', True), ('baseline', True)]
VERIFY long_string_1m stringify [('perry', True), ('node', True), ('bun', True), ('baseline', True)]
VERIFY escaped_1m parse [('perry', True), ('node', True), ('bun', True), ('baseline', True)]
VERIFY escaped_1m stringify [('perry', True), ('node', True), ('bun', True), ('baseline', True)]
VERIFY unicode_1m parse [('perry', True), ('node', True), ('bun', True), ('baseline', True)]
VERIFY unicode_1m stringify [('perry', True), ('node', True), ('bun', True), ('baseline', True)]
VERIFY wide_1m parse [('perry', True), ('node', True), ('bun', True), ('baseline', True)]
VERIFY wide_1m stringify [('perry', True), ('node', True), ('bun', True), ('baseline', True)]
VERIFY heterogeneous_1m parse [('perry', True), ('node', True), ('bun', True), ('baseline', True)]
VERIFY heterogeneous_1m stringify [('perry', True), ('node', True), ('bun', True), ('baseline', True)]
PASSED verify 152
RUN null parse baseline None 0 2000000 27.54
RUN null parse perry None 0 2000000 27.5
RUN null parse bun None 0 2000000 35.06
RUN null parse node None 0 2000000 53.53
RUN null parse perry None 1 2000000 27.51
RUN null parse baseline None 1 2000000 27.65
RUN null parse node None 1 2000000 53.35
RUN null parse bun None 1 2000000 33.79
RUN null parse node None 2 2000000 53.3
RUN null parse perry None 2 2000000 27.52
RUN null parse bun None 2 2000000 34.25
RUN null parse baseline None 2 2000000 27.5
RUN null stringify node None 0 2000000 52.87
RUN null stringify perry None 0 2000000 13.14
RUN null stringify baseline None 0 2000000 13.14
RUN null stringify bun None 0 2000000 53.24
RUN null stringify bun None 1 2000000 52.77
RUN null stringify baseline None 1 2000000 13.14
RUN null stringify node None 1 2000000 52.73
RUN null stringify perry None 1 2000000 13.12
RUN null stringify baseline None 2 2000000 13.14
RUN null stringify bun None 2 2000000 52.88
RUN null stringify perry None 2 2000000 13.14
RUN null stringify node None 2 2000000 52.87
RUN string_a parse baseline None 0 2000000 32.49
RUN string_a parse node None 0 2000000 62.11
RUN string_a parse perry None 0 2000000 32.5
RUN string_a parse bun None 0 2000000 41.43
RUN string_a parse node None 1 2000000 62.24
RUN string_a parse baseline None 1 2000000 32.5
RUN string_a parse perry None 1 2000000 32.86
RUN string_a parse bun None 1 2000000 41.04
RUN string_a parse bun None 2 2000000 40.97
RUN string_a parse perry None 2 2000000 32.51
RUN string_a parse baseline None 2 2000000 32.5
RUN string_a parse node None 2 2000000 62.16
RUN string_a stringify bun None 0 2000000 52.81
RUN string_a stringify baseline None 0 2000000 19.37
RUN string_a stringify node None 0 2000000 58.38
RUN string_a stringify perry None 0 2000000 19.39
RUN string_a stringify node None 1 2000000 58.28
RUN string_a stringify baseline None 1 2000000 19.4
RUN string_a stringify bun None 1 2000000 52.98
RUN string_a stringify perry None 1 2000000 19.38
RUN string_a stringify bun None 2 2000000 52.52
RUN string_a stringify perry None 2 2000000 19.38
RUN string_a stringify baseline None 2 2000000 19.39
RUN string_a stringify node None 2 2000000 58.48
RUN empty_object parse perry None 0 2000000 115.43
RUN empty_object parse baseline None 0 2000000 116.15
RUN empty_object parse bun None 0 2000000 43.23
RUN empty_object parse node None 0 2000000 88.65
RUN empty_object parse baseline None 1 2000000 116.03
RUN empty_object parse node None 1 2000000 88.58
RUN empty_object parse perry None 1 2000000 115.38
RUN empty_object parse bun None 1 2000000 43.28
RUN empty_object parse perry None 2 2000000 115.6
RUN empty_object parse node None 2 2000000 88.74
RUN empty_object parse bun None 2 2000000 43.27
RUN empty_object parse baseline None 2 2000000 116.06
RUN empty_object stringify baseline None 0 2000000 94.36
RUN empty_object stringify bun None 0 2000000 55.6
RUN empty_object stringify node None 0 2000000 62.23
RUN empty_object stringify perry None 0 2000000 94.32
RUN empty_object stringify bun None 1 2000000 55.07
RUN empty_object stringify perry None 1 2000000 94.27
RUN empty_object stringify node None 1 2000000 62.25
RUN empty_object stringify baseline None 1 2000000 94.3
RUN empty_object stringify baseline None 2 2000000 94.28
RUN empty_object stringify perry None 2 2000000 94.31
RUN empty_object stringify node None 2 2000000 62.24
RUN empty_object stringify bun None 2 2000000 55.08
RUN tiny_object parse perry None 0 2000000 242.01
RUN tiny_object parse baseline None 0 2000000 240.25
RUN tiny_object parse bun None 0 2000000 85.18
RUN tiny_object parse node None 0 2000000 158.86
RUN tiny_object parse bun None 1 2000000 85.14
RUN tiny_object parse node None 1 2000000 158.45
RUN tiny_object parse baseline None 1 2000000 240.29
RUN tiny_object parse perry None 1 2000000 244.7
RUN tiny_object parse node None 2 2000000 159.43
RUN tiny_object parse perry None 2 2000000 242.49
RUN tiny_object parse bun None 2 2000000 85.4
RUN tiny_object parse baseline None 2 2000000 240.52
RUN tiny_object stringify node None 0 2000000 72.66
RUN tiny_object stringify bun None 0 2000000 74.4
RUN tiny_object stringify baseline None 0 2000000 182.11
RUN tiny_object stringify perry None 0 2000000 181.06
RUN tiny_object stringify bun None 1 2000000 74.53
RUN tiny_object stringify node None 1 2000000 72.64
RUN tiny_object stringify perry None 1 2000000 181.4
RUN tiny_object stringify baseline None 1 2000000 181.97
RUN tiny_object stringify node None 2 2000000 72.59
RUN tiny_object stringify perry None 2 2000000 180.92
RUN tiny_object stringify bun None 2 2000000 74.15
RUN tiny_object stringify baseline None 2 2000000 182.21
RUN small_record parse baseline None 0 588332 395.42
RUN small_record parse bun None 0 588332 143.56
RUN small_record parse node None 0 588332 199.17
RUN small_record parse perry None 0 588332 394.0
RUN small_record parse perry None 1 588332 394.38
RUN small_record parse node None 1 588332 191.47
RUN small_record parse baseline None 1 588332 394.02
RUN small_record parse bun None 1 588332 143.67
RUN small_record parse node None 2 588332 192.71
RUN small_record parse bun None 2 588332 143.5
RUN small_record parse perry None 2 588332 395.04
RUN small_record parse baseline None 2 588332 394.29
RUN small_record stringify baseline None 0 1289629 363.71
RUN small_record stringify bun None 0 1289629 150.78
RUN small_record stringify perry None 0 1289629 361.96
RUN small_record stringify node None 0 1289629 138.14
RUN small_record stringify node None 1 1289629 137.88
RUN small_record stringify baseline None 1 1289629 363.6
RUN small_record stringify perry None 1 1289629 362.05
RUN small_record stringify bun None 1 1289629 150.87
RUN small_record stringify perry None 2 1289629 362.17
RUN small_record stringify node None 2 1289629 137.76
RUN small_record stringify bun None 2 1289629 150.61
RUN small_record stringify baseline None 2 1289629 362.83
RUN object_1k parse perry None 0 544670 323.72
RUN object_1k parse baseline None 0 544670 326.93
RUN object_1k parse bun None 0 544670 123.23
RUN object_1k parse node None 0 544670 291.9
RUN object_1k parse perry None 1 544670 323.32
RUN object_1k parse node None 1 544670 294.59
RUN object_1k parse baseline None 1 544670 324.3
RUN object_1k parse bun None 1 544670 122.74
RUN object_1k parse baseline None 2 544670 323.69
RUN object_1k parse node None 2 544670 294.88
RUN object_1k parse bun None 2 544670 122.61
RUN object_1k parse perry None 2 544670 324.83
RUN object_1k stringify node None 0 656935 127.81
RUN object_1k stringify baseline None 0 656935 153.86
RUN object_1k stringify perry None 0 656935 153.58
RUN object_1k stringify bun None 0 656935 134.49
RUN object_1k stringify bun None 1 656935 134.7
RUN object_1k stringify node None 1 656935 127.76
RUN object_1k stringify baseline None 1 656935 154.09
RUN object_1k stringify perry None 1 656935 152.93
RUN object_1k stringify bun None 2 656935 134.96
RUN object_1k stringify perry None 2 656935 152.78
RUN object_1k stringify node None 2 656935 128.94
RUN object_1k stringify baseline None 2 656935 153.75
RUN records_array_16k parse bun None 0 6710 227.55
RUN records_array_16k parse baseline None 0 6710 161.41
RUN records_array_16k parse node None 0 6710 268.66
RUN records_array_16k parse perry None 0 6710 159.76
RUN records_array_16k parse bun None 1 6710 262.15
RUN records_array_16k parse baseline None 1 6710 158.75
RUN records_array_16k parse perry None 1 6710 159.67
RUN records_array_16k parse node None 1 6710 279.25
RUN records_array_16k parse perry None 2 6710 159.65
RUN records_array_16k parse node None 2 6710 281.06
RUN records_array_16k parse bun None 2 6710 226.66
RUN records_array_16k parse baseline None 2 6710 158.77
RUN records_array_16k stringify bun None 0 10000 232.05
RUN records_array_16k stringify node None 0 10000 129.24
RUN records_array_16k stringify perry None 0 10000 234.12
RUN records_array_16k stringify baseline None 0 10000 233.55
RUN records_array_16k stringify perry None 1 10000 233.35
RUN records_array_16k stringify baseline None 1 10000 234.6
RUN records_array_16k stringify bun None 1 10000 232.27
RUN records_array_16k stringify node None 1 10000 129.55
RUN records_array_16k stringify perry None 2 10000 233.67
RUN records_array_16k stringify baseline None 2 10000 234.3
RUN records_array_16k stringify bun None 2 10000 231.97
RUN records_array_16k stringify node None 2 10000 130.71
RUN records_array_1m parse node None 0 96 251.55
RUN records_array_1m parse perry None 0 96 149.11
RUN records_array_1m parse baseline None 0 96 147.98
RUN records_array_1m parse bun None 0 96 201.75
RUN records_array_1m parse baseline None 1 96 148.3
RUN records_array_1m parse bun None 1 96 200.9
RUN records_array_1m parse perry None 1 96 149.15
RUN records_array_1m parse node None 1 96 254.92
RUN records_array_1m parse baseline None 2 96 148.12
RUN records_array_1m parse node None 2 96 257.37
RUN records_array_1m parse bun None 2 96 201.14
RUN records_array_1m parse perry None 2 96 149.08
RUN records_array_1m stringify bun None 0 176 169.62
RUN records_array_1m stringify node None 0 176 145.03
RUN records_array_1m stringify perry None 0 176 262.96
RUN records_array_1m stringify baseline None 0 176 263.57
RUN records_array_1m stringify perry None 1 176 263.94
RUN records_array_1m stringify node None 1 176 143.65
RUN records_array_1m stringify baseline None 1 176 263.32
RUN records_array_1m stringify bun None 1 176 169.41
RUN records_array_1m stringify bun None 2 176 169.09
RUN records_array_1m stringify node None 2 176 143.67
RUN records_array_1m stringify perry None 2 176 263.56
RUN records_array_1m stringify baseline None 2 176 267.3
RUN records_object_1m parse baseline None 0 71 276.84
RUN records_object_1m parse bun None 0 71 148.82
RUN records_object_1m parse node None 0 71 181.36
RUN records_object_1m parse perry None 0 71 278.06
RUN records_object_1m parse bun None 1 71 149.36
RUN records_object_1m parse node None 1 71 185.4
RUN records_object_1m parse perry None 1 71 278.79
RUN records_object_1m parse baseline None 1 71 276.41
RUN records_object_1m parse bun None 2 71 149.18
RUN records_object_1m parse baseline None 2 71 276.57
RUN records_object_1m parse node None 2 71 197.71
RUN records_object_1m parse perry None 2 71 279.5
RUN records_object_1m stringify baseline None 0 175 262.5
RUN records_object_1m stringify node None 0 175 141.84
RUN records_object_1m stringify perry None 0 175 262.9
RUN records_object_1m stringify bun None 0 175 168.9
RUN records_object_1m stringify baseline None 1 175 261.48
RUN records_object_1m stringify bun None 1 175 168.5
RUN records_object_1m stringify perry None 1 175 262.28
RUN records_object_1m stringify node None 1 175 143.4
RUN records_object_1m stringify baseline None 2 175 264.68
RUN records_object_1m stringify node None 2 175 142.21
RUN records_object_1m stringify bun None 2 175 168.7
RUN records_object_1m stringify perry None 2 175 262.86
RUN records_array_8m parse bun None 0 10 178.95
RUN records_array_8m parse perry None 0 10 133.3
RUN records_array_8m parse baseline None 0 10 133.19
RUN records_array_8m parse node None 0 10 226.83
RUN records_array_8m parse perry None 1 10 133.31
RUN records_array_8m parse node None 1 10 220.04
RUN records_array_8m parse baseline None 1 10 133.61
RUN records_array_8m parse bun None 1 10 178.65
RUN records_array_8m parse perry None 2 10 134.19
RUN records_array_8m parse node None 2 10 233.23
RUN records_array_8m parse baseline None 2 10 133.34
RUN records_array_8m parse bun None 2 10 177.94
RUN records_array_8m stringify bun None 0 21 162.96
RUN records_array_8m stringify baseline None 0 21 270.16
RUN records_array_8m stringify perry None 0 21 273.17
RUN records_array_8m stringify node None 0 21 140.47
RUN records_array_8m stringify perry None 1 21 271.99
RUN records_array_8m stringify bun None 1 21 165.05
RUN records_array_8m stringify node None 1 21 139.64
RUN records_array_8m stringify baseline None 1 21 270.99
RUN records_array_8m stringify perry None 2 21 271.8
RUN records_array_8m stringify bun None 2 21 162.71
RUN records_array_8m stringify node None 2 21 139.3
RUN records_array_8m stringify baseline None 2 21 271.16
RUN records_object_8m parse perry None 0 8 243.85
RUN records_object_8m parse baseline None 0 8 241.58
RUN records_object_8m parse node None 0 8 174.29
RUN records_object_8m parse bun None 0 8 143.66
RUN records_object_8m parse baseline None 1 8 241.49
RUN records_object_8m parse perry None 1 8 244.22
RUN records_object_8m parse node None 1 8 174.38
RUN records_object_8m parse bun None 1 8 144.92
RUN records_object_8m parse perry None 2 8 244.32
RUN records_object_8m parse bun None 2 8 143.39
RUN records_object_8m parse node None 2 8 179.65
RUN records_object_8m parse baseline None 2 8 241.09
RUN records_object_8m stringify baseline None 0 20 259.3
RUN records_object_8m stringify node None 0 20 132.61
RUN records_object_8m stringify perry None 0 20 260.82
RUN records_object_8m stringify bun None 0 20 154.99
RUN records_object_8m stringify baseline None 1 20 259.74
RUN records_object_8m stringify bun None 1 20 155.94
RUN records_object_8m stringify node None 1 20 132.76
RUN records_object_8m stringify perry None 1 20 260.55
RUN records_object_8m stringify node None 2 20 132.79
RUN records_object_8m stringify bun None 2 20 156.42
RUN records_object_8m stringify perry None 2 20 261.14
RUN records_object_8m stringify baseline None 2 20 259.37
RUN records_array_20m parse baseline None 0 3 223.61
RUN records_array_20m parse perry None 0 3 226.81
RUN records_array_20m parse bun None 0 3 133.03
RUN records_array_20m parse node None 0 3 185.31
RUN records_array_20m parse perry None 1 3 226.92
RUN records_array_20m parse baseline None 1 3 223.51
RUN records_array_20m parse node None 1 3 181.63
RUN records_array_20m parse bun None 1 3 132.75
RUN records_array_20m parse bun None 2 3 132.95
RUN records_array_20m parse node None 2 3 174.18
RUN records_array_20m parse perry None 2 3 227.05
RUN records_array_20m parse baseline None 2 3 225.32
RUN records_array_20m stringify bun None 0 8 155.12
RUN records_array_20m stringify baseline None 0 8 650.04
RUN records_array_20m stringify node None 0 8 139.38
RUN records_array_20m stringify perry None 0 8 654.02
RUN records_array_20m stringify baseline None 1 8 650.38
RUN records_array_20m stringify perry None 1 8 657.13
RUN records_array_20m stringify bun None 1 8 155.0
RUN records_array_20m stringify node None 1 8 137.8
RUN records_array_20m stringify baseline None 2 8 649.74
RUN records_array_20m stringify bun None 2 8 155.96
RUN records_array_20m stringify node None 2 8 137.54
RUN records_array_20m stringify perry None 2 8 654.4
RUN records_object_20m parse bun None 0 3 148.07
RUN records_object_20m parse perry None 0 3 227.39
RUN records_object_20m parse node None 0 3 174.44
RUN records_object_20m parse baseline None 0 3 222.86
RUN records_object_20m parse node None 1 3 189.69
RUN records_object_20m parse perry None 1 3 225.99
RUN records_object_20m parse baseline None 1 3 223.44
RUN records_object_20m parse bun None 1 3 132.33
RUN records_object_20m parse node None 2 3 180.0
RUN records_object_20m parse bun None 2 3 132.63
RUN records_object_20m parse baseline None 2 3 223.3
RUN records_object_20m parse perry None 2 3 225.77
RUN records_object_20m stringify bun None 0 8 156.86
RUN records_object_20m stringify node None 0 8 137.6
RUN records_object_20m stringify baseline None 0 8 651.34
RUN records_object_20m stringify perry None 0 8 655.05
RUN records_object_20m stringify baseline None 1 8 650.9
RUN records_object_20m stringify perry None 1 8 653.45
RUN records_object_20m stringify node None 1 8 137.57
RUN records_object_20m stringify bun None 1 8 155.75
RUN records_object_20m stringify node None 2 8 137.48
RUN records_object_20m stringify baseline None 2 8 652.2
RUN records_object_20m stringify perry None 2 8 653.65
RUN records_object_20m stringify bun None 2 8 154.81
RUN numbers_1m parse baseline None 0 91 155.85
RUN numbers_1m parse node None 0 91 279.67
RUN numbers_1m parse perry None 0 91 156.2
RUN numbers_1m parse bun None 0 91 291.27
RUN numbers_1m parse bun None 1 91 290.55
RUN numbers_1m parse node None 1 91 279.65
RUN numbers_1m parse perry None 1 91 158.49
RUN numbers_1m parse baseline None 1 91 155.84
RUN numbers_1m parse perry None 2 91 155.65
RUN numbers_1m parse node None 2 91 279.74
RUN numbers_1m parse baseline None 2 91 155.99
RUN numbers_1m parse bun None 2 91 290.93
RUN numbers_1m stringify bun None 0 96 283.66
RUN numbers_1m stringify perry None 0 96 154.82
RUN numbers_1m stringify baseline None 0 96 157.61
RUN numbers_1m stringify node None 0 96 185.77
RUN numbers_1m stringify bun None 1 96 282.39
RUN numbers_1m stringify node None 1 96 186.08
RUN numbers_1m stringify perry None 1 96 154.27
RUN numbers_1m stringify baseline None 1 96 157.93
RUN numbers_1m stringify bun None 2 96 282.78
RUN numbers_1m stringify baseline None 2 96 157.63
RUN numbers_1m stringify perry None 2 96 153.94
RUN numbers_1m stringify node None 2 96 186.03
RUN long_string_1m parse baseline None 0 1295 264.01
RUN long_string_1m parse perry None 0 1295 262.67
RUN long_string_1m parse bun None 0 1295 86.42
RUN long_string_1m parse node None 0 1295 473.4
RUN long_string_1m parse perry None 1 1295 264.33
RUN long_string_1m parse node None 1 1295 473.95
RUN long_string_1m parse baseline None 1 1295 263.45
RUN long_string_1m parse bun None 1 1295 83.97
RUN long_string_1m parse bun None 2 1295 84.13
RUN long_string_1m parse perry None 2 1295 270.24
RUN long_string_1m parse baseline None 2 1295 275.93
RUN long_string_1m parse node None 2 1295 473.25
RUN long_string_1m stringify bun None 0 1196 115.69
RUN long_string_1m stringify baseline None 0 1196 207.72
RUN long_string_1m stringify perry None 0 1196 210.09
RUN long_string_1m stringify node None 0 1196 121.05
RUN long_string_1m stringify bun None 1 1196 115.12
RUN long_string_1m stringify perry None 1 1196 208.06
RUN long_string_1m stringify node None 1 1196 125.77
RUN long_string_1m stringify baseline None 1 1196 207.3
RUN long_string_1m stringify perry None 2 1196 204.78
RUN long_string_1m stringify node None 2 1196 121.17
RUN long_string_1m stringify bun None 2 1196 115.35
RUN long_string_1m stringify baseline None 2 1196 207.22
RUN escaped_1m parse node None 0 82 141.35
RUN escaped_1m parse bun None 0 82 170.22
RUN escaped_1m parse perry None 0 82 167.63
RUN escaped_1m parse baseline None 0 82 167.3
RUN escaped_1m parse bun None 1 82 170.66
RUN escaped_1m parse perry None 1 82 167.21
RUN escaped_1m parse baseline None 1 82 167.28
RUN escaped_1m parse node None 1 82 141.45
RUN escaped_1m parse bun None 2 82 170.68
RUN escaped_1m parse node None 2 82 141.68
RUN escaped_1m parse perry None 2 82 168.48
RUN escaped_1m parse baseline None 2 82 169.22
RUN escaped_1m stringify baseline None 0 169 160.42
RUN escaped_1m stringify node None 0 169 315.79
RUN escaped_1m stringify bun None 0 169 350.58
RUN escaped_1m stringify perry None 0 169 160.73
RUN escaped_1m stringify perry None 1 169 160.82
RUN escaped_1m stringify node None 1 169 316.91
RUN escaped_1m stringify baseline None 1 169 160.58
RUN escaped_1m stringify bun None 1 169 351.45
RUN escaped_1m stringify perry None 2 169 161.1
RUN escaped_1m stringify node None 2 169 316.02
RUN escaped_1m stringify baseline None 2 169 160.96
RUN escaped_1m stringify bun None 2 169 351.79
RUN unicode_1m parse bun None 0 1440 85.57
RUN unicode_1m parse baseline None 0 1440 366.12
RUN unicode_1m parse perry None 0 1440 370.7
RUN unicode_1m parse node None 0 1440 626.32
RUN unicode_1m parse bun None 1 1440 87.24
RUN unicode_1m parse node None 1 1440 628.22
RUN unicode_1m parse baseline None 1 1440 369.97
RUN unicode_1m parse perry None 1 1440 369.35
RUN unicode_1m parse perry None 2 1440 370.13
RUN unicode_1m parse bun None 2 1440 85.46
RUN unicode_1m parse node None 2 1440 626.46
RUN unicode_1m parse baseline None 2 1440 369.36
RUN unicode_1m stringify perry None 0 1442 202.36
RUN unicode_1m stringify node None 0 1442 570.41
RUN unicode_1m stringify baseline None 0 1442 199.71
RUN unicode_1m stringify bun None 0 1442 646.21
RUN unicode_1m stringify node None 1 1442 592.05
RUN unicode_1m stringify perry None 1 1442 205.19
RUN unicode_1m stringify bun None 1 1442 647.52
RUN unicode_1m stringify baseline None 1 1442 202.66
RUN unicode_1m stringify perry None 2 1442 200.7
RUN unicode_1m stringify bun None 2 1442 643.76
RUN unicode_1m stringify node None 2 1442 595.28
RUN unicode_1m stringify baseline None 2 1442 201.29
RUN wide_1m parse perry None 0 36 750.06
RUN wide_1m parse bun None 0 36 148.79
RUN wide_1m parse baseline None 0 36 752.9
RUN wide_1m parse node None 0 36 176.0
RUN wide_1m parse node None 1 36 184.01
RUN wide_1m parse perry None 1 36 751.85
RUN wide_1m parse bun None 1 36 149.31
RUN wide_1m parse baseline None 1 36 751.81
RUN wide_1m parse bun None 2 36 149.62
RUN wide_1m parse perry None 2 36 750.96
RUN wide_1m parse node None 2 36 176.87
RUN wide_1m parse baseline None 2 36 751.5
RUN wide_1m stringify perry None 0 214 362.0
RUN wide_1m stringify bun None 0 214 141.63
RUN wide_1m stringify baseline None 0 214 365.92
RUN wide_1m stringify node None 0 214 1352.97
RUN wide_1m stringify bun None 1 214 141.52
RUN wide_1m stringify perry None 1 214 361.15
RUN wide_1m stringify baseline None 1 214 365.47
RUN wide_1m stringify node None 1 214 1347.33
RUN wide_1m stringify baseline None 2 214 365.34
RUN wide_1m stringify node None 2 214 1358.48
RUN wide_1m stringify perry None 2 214 366.89
RUN wide_1m stringify bun None 2 214 141.72
RUN heterogeneous_1m parse bun None 0 81 228.86
RUN heterogeneous_1m parse node None 0 81 314.18
RUN heterogeneous_1m parse baseline None 0 81 154.69
RUN heterogeneous_1m parse perry None 0 81 155.05
RUN heterogeneous_1m parse baseline None 1 81 154.88
RUN heterogeneous_1m parse perry None 1 81 154.74
RUN heterogeneous_1m parse node None 1 81 309.23
RUN heterogeneous_1m parse bun None 1 81 231.91
RUN heterogeneous_1m parse bun None 2 81 234.24
RUN heterogeneous_1m parse perry None 2 81 154.85
RUN heterogeneous_1m parse node None 2 81 314.66
RUN heterogeneous_1m parse baseline None 2 81 154.6
RUN heterogeneous_1m stringify baseline None 0 210 283.87
RUN heterogeneous_1m stringify node None 0 210 186.78
RUN heterogeneous_1m stringify bun None 0 210 220.25
RUN heterogeneous_1m stringify perry None 0 210 177.1
RUN heterogeneous_1m stringify baseline None 1 210 284.12
RUN heterogeneous_1m stringify bun None 1 210 219.79
RUN heterogeneous_1m stringify node None 1 210 183.41
RUN heterogeneous_1m stringify perry None 1 210 180.53
RUN heterogeneous_1m stringify node None 2 210 182.24
RUN heterogeneous_1m stringify baseline None 2 210 283.34
RUN heterogeneous_1m stringify perry None 2 210 176.62
RUN heterogeneous_1m stringify bun None 2 210 219.94
PASSED timing 456
MEM tiny_object retain-parse perry 1 12.4
MEM tiny_object retain-parse node 1 52.6
MEM tiny_object retain-parse bun 1 28.3
MEM tiny_object retain-parse baseline 1 12.2
MEM tiny_object retain-parse perry 1 12.4
MEM tiny_object retain-parse node 1 52.6
MEM tiny_object retain-parse bun 1 28.3
MEM tiny_object retain-parse baseline 1 12.2
MEM tiny_object retain-parse perry 1 12.4
MEM tiny_object retain-parse node 1 52.6
MEM tiny_object retain-parse bun 1 28.3
MEM tiny_object retain-parse baseline 1 12.2
MEM tiny_object retain-parse perry 200000 25.0
MEM tiny_object retain-parse node 200000 74.9
MEM tiny_object retain-parse bun 200000 50.2
MEM tiny_object retain-parse baseline 200000 24.8
MEM tiny_object retain-parse perry 200000 25.0
MEM tiny_object retain-parse node 200000 74.7
MEM tiny_object retain-parse bun 200000 50.2
MEM tiny_object retain-parse baseline 200000 24.8
MEM tiny_object retain-parse perry 200000 25.0
MEM tiny_object retain-parse node 200000 74.8
MEM tiny_object retain-parse bun 200000 50.2
MEM tiny_object retain-parse baseline 200000 24.8
MEM tiny_object retain-stringify perry 1 12.5
MEM tiny_object retain-stringify node 1 52.7
MEM tiny_object retain-stringify bun 1 28.3
MEM tiny_object retain-stringify baseline 1 12.3
MEM tiny_object retain-stringify perry 1 12.6
MEM tiny_object retain-stringify node 1 52.7
MEM tiny_object retain-stringify bun 1 28.3
MEM tiny_object retain-stringify baseline 1 12.3
MEM tiny_object retain-stringify perry 1 12.5
MEM tiny_object retain-stringify node 1 52.6
MEM tiny_object retain-stringify bun 1 28.3
MEM tiny_object retain-stringify baseline 1 12.3
MEM tiny_object retain-stringify perry 200000 25.1
MEM tiny_object retain-stringify node 200000 71.2
MEM tiny_object retain-stringify bun 200000 47.0
MEM tiny_object retain-stringify baseline 200000 24.9
MEM tiny_object retain-stringify perry 200000 25.1
MEM tiny_object retain-stringify node 200000 71.2
MEM tiny_object retain-stringify bun 200000 47.0
MEM tiny_object retain-stringify baseline 200000 24.9
MEM tiny_object retain-stringify perry 200000 25.1
MEM tiny_object retain-stringify node 200000 71.2
MEM tiny_object retain-stringify bun 200000 47.0
MEM tiny_object retain-stringify baseline 200000 24.9
MEM small_record retain-parse perry 1 12.5
MEM small_record retain-parse node 1 52.7
MEM small_record retain-parse bun 1 28.3
MEM small_record retain-parse baseline 1 12.2
MEM small_record retain-parse perry 1 12.5
MEM small_record retain-parse node 1 52.7
MEM small_record retain-parse bun 1 28.3
MEM small_record retain-parse baseline 1 12.2
MEM small_record retain-parse perry 1 12.5
MEM small_record retain-parse node 1 52.6
MEM small_record retain-parse bun 1 28.3
MEM small_record retain-parse baseline 1 12.2
MEM small_record retain-parse perry 100000 45.1
MEM small_record retain-parse node 100000 85.4
MEM small_record retain-parse bun 100000 52.7
MEM small_record retain-parse baseline 100000 45.0
MEM small_record retain-parse perry 100000 45.1
MEM small_record retain-parse node 100000 85.5
MEM small_record retain-parse bun 100000 52.7
MEM small_record retain-parse baseline 100000 45.0
MEM small_record retain-parse perry 100000 45.1
MEM small_record retain-parse node 100000 85.5
MEM small_record retain-parse bun 100000 52.7
MEM small_record retain-parse baseline 100000 45.0
MEM small_record retain-stringify perry 1 12.6
MEM small_record retain-stringify node 1 52.9
MEM small_record retain-stringify bun 1 28.3
MEM small_record retain-stringify baseline 1 12.3
MEM small_record retain-stringify perry 1 12.6
MEM small_record retain-stringify node 1 52.8
MEM small_record retain-stringify bun 1 28.4
MEM small_record retain-stringify baseline 1 12.3
MEM small_record retain-stringify perry 1 12.6
MEM small_record retain-stringify node 1 52.7
MEM small_record retain-stringify bun 1 28.4
MEM small_record retain-stringify baseline 1 12.3
MEM small_record retain-stringify perry 100000 28.3
MEM small_record retain-stringify node 100000 80.3
MEM small_record retain-stringify bun 100000 51.1
MEM small_record retain-stringify baseline 100000 28.1
MEM small_record retain-stringify perry 100000 28.3
MEM small_record retain-stringify node 100000 80.3
MEM small_record retain-stringify bun 100000 51.1
MEM small_record retain-stringify baseline 100000 28.1
MEM small_record retain-stringify perry 100000 28.3
MEM small_record retain-stringify node 100000 80.3
MEM small_record retain-stringify bun 100000 51.0
MEM small_record retain-stringify baseline 100000 28.1
MEM records_array_1m retain-parse perry 1 16.6
MEM records_array_1m retain-parse node 1 58.5
MEM records_array_1m retain-parse bun 1 31.6
MEM records_array_1m retain-parse baseline 1 16.4
MEM records_array_1m retain-parse perry 1 16.6
MEM records_array_1m retain-parse node 1 58.4
MEM records_array_1m retain-parse bun 1 31.6
MEM records_array_1m retain-parse baseline 1 16.4
MEM records_array_1m retain-parse perry 1 16.6
MEM records_array_1m retain-parse node 1 58.3
MEM records_array_1m retain-parse bun 1 31.7
MEM records_array_1m retain-parse baseline 1 16.4
MEM records_array_1m retain-parse perry 16 41.8
MEM records_array_1m retain-parse node 16 88.6
MEM records_array_1m retain-parse bun 16 55.9
MEM records_array_1m retain-parse baseline 16 41.6
MEM records_array_1m retain-parse perry 16 41.8
MEM records_array_1m retain-parse node 16 88.7
MEM records_array_1m retain-parse bun 16 55.9
MEM records_array_1m retain-parse baseline 16 41.6
MEM records_array_1m retain-parse perry 16 41.8
MEM records_array_1m retain-parse node 16 88.7
MEM records_array_1m retain-parse bun 16 55.9
MEM records_array_1m retain-parse baseline 16 41.6
MEM records_array_1m retain-stringify perry 1 19.4
MEM records_array_1m retain-stringify node 1 60.5
MEM records_array_1m retain-stringify bun 1 34.5
MEM records_array_1m retain-stringify baseline 1 19.2
MEM records_array_1m retain-stringify perry 1 19.4
MEM records_array_1m retain-stringify node 1 60.5
MEM records_array_1m retain-stringify bun 1 34.4
MEM records_array_1m retain-stringify baseline 1 19.2
MEM records_array_1m retain-stringify perry 1 19.4
MEM records_array_1m retain-stringify node 1 60.4
MEM records_array_1m retain-stringify bun 1 34.4
MEM records_array_1m retain-stringify baseline 1 19.2
MEM records_array_1m retain-stringify perry 16 33.3
MEM records_array_1m retain-stringify node 16 76.4
MEM records_array_1m retain-stringify bun 16 47.2
MEM records_array_1m retain-stringify baseline 16 33.1
MEM records_array_1m retain-stringify perry 16 33.3
MEM records_array_1m retain-stringify node 16 76.3
MEM records_array_1m retain-stringify bun 16 47.2
MEM records_array_1m retain-stringify baseline 16 33.1
MEM records_array_1m retain-stringify perry 16 33.3
MEM records_array_1m retain-stringify node 16 76.3
MEM records_array_1m retain-stringify bun 16 47.2
MEM records_array_1m retain-stringify baseline 16 33.1
MEM records_object_1m retain-parse perry 1 15.3
MEM records_object_1m retain-parse node 1 58.2
MEM records_object_1m retain-parse bun 1 31.6
MEM records_object_1m retain-parse baseline 1 15.1
MEM records_object_1m retain-parse perry 1 15.3
MEM records_object_1m retain-parse node 1 58.5
MEM records_object_1m retain-parse bun 1 31.7
MEM records_object_1m retain-parse baseline 1 15.1
MEM records_object_1m retain-parse perry 1 15.3
MEM records_object_1m retain-parse node 1 58.3
MEM records_object_1m retain-parse bun 1 31.6
MEM records_object_1m retain-parse baseline 1 15.1
MEM records_object_1m retain-parse perry 16 56.8
MEM records_object_1m retain-parse node 16 88.8
MEM records_object_1m retain-parse bun 16 55.9
MEM records_object_1m retain-parse baseline 16 56.6
MEM records_object_1m retain-parse perry 16 56.8
MEM records_object_1m retain-parse node 16 88.6
MEM records_object_1m retain-parse bun 16 55.9
MEM records_object_1m retain-parse baseline 16 56.6
MEM records_object_1m retain-parse perry 16 56.8
MEM records_object_1m retain-parse node 16 88.7
MEM records_object_1m retain-parse bun 16 55.9
MEM records_object_1m retain-parse baseline 16 56.6
MEM records_object_1m retain-stringify perry 1 19.5
MEM records_object_1m retain-stringify node 1 60.5
MEM records_object_1m retain-stringify bun 1 34.4
MEM records_object_1m retain-stringify baseline 1 19.2
MEM records_object_1m retain-stringify perry 1 19.5
MEM records_object_1m retain-stringify node 1 60.5
MEM records_object_1m retain-stringify bun 1 34.4
MEM records_object_1m retain-stringify baseline 1 19.2
MEM records_object_1m retain-stringify perry 1 19.5
MEM records_object_1m retain-stringify node 1 60.4
MEM records_object_1m retain-stringify bun 1 34.4
MEM records_object_1m retain-stringify baseline 1 19.2
MEM records_object_1m retain-stringify perry 16 33.4
MEM records_object_1m retain-stringify node 16 76.3
MEM records_object_1m retain-stringify bun 16 47.2
MEM records_object_1m retain-stringify baseline 16 33.1
MEM records_object_1m retain-stringify perry 16 33.3
MEM records_object_1m retain-stringify node 16 76.2
MEM records_object_1m retain-stringify bun 16 47.2
MEM records_object_1m retain-stringify baseline 16 33.1
MEM records_object_1m retain-stringify perry 16 33.4
MEM records_object_1m retain-stringify node 16 76.3
MEM records_object_1m retain-stringify bun 16 47.5
MEM records_object_1m retain-stringify baseline 16 33.1
MEM records_array_8m retain-parse perry 1 48.2
MEM records_array_8m retain-parse node 1 94.3
MEM records_array_8m retain-parse bun 1 52.3
MEM records_array_8m retain-parse baseline 1 48.1
MEM records_array_8m retain-parse perry 1 48.2
MEM records_array_8m retain-parse node 1 94.2
MEM records_array_8m retain-parse bun 1 52.3
MEM records_array_8m retain-parse baseline 1 48.1
MEM records_array_8m retain-parse perry 1 48.2
MEM records_array_8m retain-parse node 1 94.4
MEM records_array_8m retain-parse bun 1 52.3
MEM records_array_8m retain-parse baseline 1 48.0
MEM records_array_8m retain-parse perry 4 86.6
MEM records_array_8m retain-parse node 4 146.6
MEM records_array_8m retain-parse bun 4 91.8
MEM records_array_8m retain-parse baseline 4 86.5
MEM records_array_8m retain-parse perry 4 86.6
MEM records_array_8m retain-parse node 4 146.9
MEM records_array_8m retain-parse bun 4 92.0
MEM records_array_8m retain-parse baseline 4 86.5
MEM records_array_8m retain-parse perry 4 86.6
MEM records_array_8m retain-parse node 4 146.9
MEM records_array_8m retain-parse bun 4 92.1
MEM records_array_8m retain-parse baseline 4 86.5
MEM records_array_8m retain-stringify perry 1 73.0
MEM records_array_8m retain-stringify node 1 114.0
MEM records_array_8m retain-stringify bun 1 73.5
MEM records_array_8m retain-stringify baseline 1 72.8
MEM records_array_8m retain-stringify perry 1 73.0
MEM records_array_8m retain-stringify node 1 114.2
MEM records_array_8m retain-stringify bun 1 73.5
MEM records_array_8m retain-stringify baseline 1 72.8
MEM records_array_8m retain-stringify perry 1 73.0
MEM records_array_8m retain-stringify node 1 114.1
MEM records_array_8m retain-stringify bun 1 73.5
MEM records_array_8m retain-stringify baseline 1 72.8
MEM records_array_8m retain-stringify perry 4 91.8
MEM records_array_8m retain-stringify node 4 144.0
MEM records_array_8m retain-stringify bun 4 94.5
MEM records_array_8m retain-stringify baseline 4 91.6
MEM records_array_8m retain-stringify perry 4 91.8
MEM records_array_8m retain-stringify node 4 144.0
MEM records_array_8m retain-stringify bun 4 94.5
MEM records_array_8m retain-stringify baseline 4 91.6
MEM records_array_8m retain-stringify perry 4 91.8
MEM records_array_8m retain-stringify node 4 144.2
MEM records_array_8m retain-stringify bun 4 94.5
MEM records_array_8m retain-stringify baseline 4 91.6
MEM records_object_8m retain-parse perry 1 36.5
MEM records_object_8m retain-parse node 1 94.3
MEM records_object_8m retain-parse bun 1 52.3
MEM records_object_8m retain-parse baseline 1 36.1
MEM records_object_8m retain-parse perry 1 36.5
MEM records_object_8m retain-parse node 1 94.2
MEM records_object_8m retain-parse bun 1 52.3
MEM records_object_8m retain-parse baseline 1 36.2
MEM records_object_8m retain-parse perry 1 36.4
MEM records_object_8m retain-parse node 1 94.3
MEM records_object_8m retain-parse bun 1 52.3
MEM records_object_8m retain-parse baseline 1 36.2
MEM records_object_8m retain-parse perry 4 97.7
MEM records_object_8m retain-parse node 4 146.9
MEM records_object_8m retain-parse bun 4 91.8
MEM records_object_8m retain-parse baseline 4 97.5
MEM records_object_8m retain-parse perry 4 97.7
MEM records_object_8m retain-parse node 4 146.9
MEM records_object_8m retain-parse bun 4 91.8
MEM records_object_8m retain-parse baseline 4 97.5
MEM records_object_8m retain-parse perry 4 97.7
MEM records_object_8m retain-parse node 4 146.8
MEM records_object_8m retain-parse bun 4 91.9
MEM records_object_8m retain-parse baseline 4 97.6
MEM records_object_8m retain-stringify perry 1 73.0
MEM records_object_8m retain-stringify node 1 114.2
MEM records_object_8m retain-stringify bun 1 73.5
MEM records_object_8m retain-stringify baseline 1 72.8
MEM records_object_8m retain-stringify perry 1 73.1
MEM records_object_8m retain-stringify node 1 114.2
MEM records_object_8m retain-stringify bun 1 73.5
MEM records_object_8m retain-stringify baseline 1 72.8
MEM records_object_8m retain-stringify perry 1 73.1
MEM records_object_8m retain-stringify node 1 114.2
MEM records_object_8m retain-stringify bun 1 73.5
MEM records_object_8m retain-stringify baseline 1 72.8
MEM records_object_8m retain-stringify perry 4 91.8
MEM records_object_8m retain-stringify node 4 143.9
MEM records_object_8m retain-stringify bun 4 94.5
MEM records_object_8m retain-stringify baseline 4 91.6
MEM records_object_8m retain-stringify perry 4 91.8
MEM records_object_8m retain-stringify node 4 144.1
MEM records_object_8m retain-stringify bun 4 94.5
MEM records_object_8m retain-stringify baseline 4 91.6
MEM records_object_8m retain-stringify perry 4 91.8
MEM records_object_8m retain-stringify node 4 143.9
MEM records_object_8m retain-stringify bun 4 94.6
MEM records_object_8m retain-stringify baseline 4 91.6
MEM long_string_1m retain-parse perry 1 15.6
MEM long_string_1m retain-parse node 1 56.5
MEM long_string_1m retain-parse bun 1 30.5
MEM long_string_1m retain-parse baseline 1 15.3
MEM long_string_1m retain-parse perry 1 15.6
MEM long_string_1m retain-parse node 1 56.6
MEM long_string_1m retain-parse bun 1 30.5
MEM long_string_1m retain-parse baseline 1 15.3
MEM long_string_1m retain-parse perry 1 15.6
MEM long_string_1m retain-parse node 1 56.5
MEM long_string_1m retain-parse bun 1 30.5
MEM long_string_1m retain-parse baseline 1 15.3
MEM long_string_1m retain-parse perry 32 57.0
MEM long_string_1m retain-parse node 32 89.1
MEM long_string_1m retain-parse bun 32 61.6
MEM long_string_1m retain-parse baseline 32 56.8
MEM long_string_1m retain-parse perry 32 57.0
MEM long_string_1m retain-parse node 32 89.2
MEM long_string_1m retain-parse bun 32 61.6
MEM long_string_1m retain-parse baseline 32 56.9
MEM long_string_1m retain-parse perry 32 57.0
MEM long_string_1m retain-parse node 32 89.2
MEM long_string_1m retain-parse bun 32 61.6
MEM long_string_1m retain-parse baseline 32 56.8
MEM long_string_1m retain-stringify perry 1 19.0
MEM long_string_1m retain-stringify node 1 60.5
MEM long_string_1m retain-stringify bun 1 32.6
MEM long_string_1m retain-stringify baseline 1 18.8
MEM long_string_1m retain-stringify perry 1 19.0
MEM long_string_1m retain-stringify node 1 60.6
MEM long_string_1m retain-stringify bun 1 32.6
MEM long_string_1m retain-stringify baseline 1 18.8
MEM long_string_1m retain-stringify perry 1 19.0
MEM long_string_1m retain-stringify node 1 60.5
MEM long_string_1m retain-stringify bun 1 32.7
MEM long_string_1m retain-stringify baseline 1 18.8
MEM long_string_1m retain-stringify perry 32 59.0
MEM long_string_1m retain-stringify node 32 92.3
MEM long_string_1m retain-stringify bun 32 63.7
MEM long_string_1m retain-stringify baseline 32 58.8
MEM long_string_1m retain-stringify perry 32 59.0
MEM long_string_1m retain-stringify node 32 92.2
MEM long_string_1m retain-stringify bun 32 63.7
MEM long_string_1m retain-stringify baseline 32 58.8
MEM long_string_1m retain-stringify perry 32 59.0
MEM long_string_1m retain-stringify node 32 92.2
MEM long_string_1m retain-stringify bun 32 63.7
MEM long_string_1m retain-stringify baseline 32 58.8
MEM unicode_1m retain-parse perry 1 14.8
MEM unicode_1m retain-parse node 1 57.6
MEM unicode_1m retain-parse bun 1 31.2
MEM unicode_1m retain-parse baseline 1 14.5
MEM unicode_1m retain-parse perry 1 14.7
MEM unicode_1m retain-parse node 1 57.6
MEM unicode_1m retain-parse bun 1 31.2
MEM unicode_1m retain-parse baseline 1 14.6
MEM unicode_1m retain-parse perry 1 14.8
MEM unicode_1m retain-parse node 1 57.6
MEM unicode_1m retain-parse bun 1 31.2
MEM unicode_1m retain-parse baseline 1 14.5
MEM unicode_1m retain-parse perry 32 44.9
MEM unicode_1m retain-parse node 32 86.3
MEM unicode_1m retain-parse bun 32 59.0
MEM unicode_1m retain-parse baseline 32 44.8
MEM unicode_1m retain-parse perry 32 44.9
MEM unicode_1m retain-parse node 32 86.2
MEM unicode_1m retain-parse bun 32 59.0
MEM unicode_1m retain-parse baseline 32 44.8
MEM unicode_1m retain-parse perry 32 44.9
MEM unicode_1m retain-parse node 32 86.3
MEM unicode_1m retain-parse bun 32 58.9
MEM unicode_1m retain-parse baseline 32 44.8
MEM unicode_1m retain-stringify perry 1 17.0
MEM unicode_1m retain-stringify node 1 60.8
MEM unicode_1m retain-stringify bun 1 34.0
MEM unicode_1m retain-stringify baseline 1 16.8
MEM unicode_1m retain-stringify perry 1 17.0
MEM unicode_1m retain-stringify node 1 60.8
MEM unicode_1m retain-stringify bun 1 34.5
MEM unicode_1m retain-stringify baseline 1 16.7
MEM unicode_1m retain-stringify perry 1 17.0
MEM unicode_1m retain-stringify node 1 60.8
MEM unicode_1m retain-stringify bun 1 34.0
MEM unicode_1m retain-stringify baseline 1 16.7
MEM unicode_1m retain-stringify perry 32 46.9
MEM unicode_1m retain-stringify node 32 89.2
MEM unicode_1m retain-stringify bun 32 61.8
MEM unicode_1m retain-stringify baseline 32 46.7
MEM unicode_1m retain-stringify perry 32 46.9
MEM unicode_1m retain-stringify node 32 89.0
MEM unicode_1m retain-stringify bun 32 62.2
MEM unicode_1m retain-stringify baseline 32 46.7
MEM unicode_1m retain-stringify perry 32 46.9
MEM unicode_1m retain-stringify node 32 89.2
MEM unicode_1m retain-stringify bun 32 61.8
MEM unicode_1m retain-stringify baseline 32 46.7
MEM wide_1m retain-parse perry 1 24.3
MEM wide_1m retain-parse node 1 65.5
MEM wide_1m retain-parse bun 1 36.3
MEM wide_1m retain-parse baseline 1 24.1
MEM wide_1m retain-parse perry 1 24.3
MEM wide_1m retain-parse node 1 65.6
MEM wide_1m retain-parse bun 1 36.3
MEM wide_1m retain-parse baseline 1 24.0
MEM wide_1m retain-parse perry 1 24.3
MEM wide_1m retain-parse node 1 65.6
MEM wide_1m retain-parse bun 1 36.3
MEM wide_1m retain-parse baseline 1 24.1
MEM wide_1m retain-parse perry 16 71.5
MEM wide_1m retain-parse node 16 112.5
MEM wide_1m retain-parse bun 16 68.9
MEM wide_1m retain-parse baseline 16 71.3
MEM wide_1m retain-parse perry 16 71.5
MEM wide_1m retain-parse node 16 112.5
MEM wide_1m retain-parse bun 16 68.9
MEM wide_1m retain-parse baseline 16 71.3
MEM wide_1m retain-parse perry 16 71.5
MEM wide_1m retain-parse node 16 112.5
MEM wide_1m retain-parse bun 16 68.9
MEM wide_1m retain-parse baseline 16 71.3
MEM wide_1m retain-stringify perry 1 30.4
MEM wide_1m retain-stringify node 1 68.6
MEM wide_1m retain-stringify bun 1 39.2
MEM wide_1m retain-stringify baseline 1 30.2
MEM wide_1m retain-stringify perry 1 30.4
MEM wide_1m retain-stringify node 1 68.5
MEM wide_1m retain-stringify bun 1 39.2
MEM wide_1m retain-stringify baseline 1 30.1
MEM wide_1m retain-stringify perry 1 30.4
MEM wide_1m retain-stringify node 1 68.7
MEM wide_1m retain-stringify bun 1 39.2
MEM wide_1m retain-stringify baseline 1 30.1
MEM wide_1m retain-stringify perry 16 45.6
MEM wide_1m retain-stringify node 16 86.4
MEM wide_1m retain-stringify bun 16 53.5
MEM wide_1m retain-stringify baseline 16 45.4
MEM wide_1m retain-stringify perry 16 45.6
MEM wide_1m retain-stringify node 16 86.6
MEM wide_1m retain-stringify bun 16 53.5
MEM wide_1m retain-stringify baseline 16 45.5
MEM wide_1m retain-stringify perry 16 45.6
MEM wide_1m retain-stringify node 16 86.4
MEM wide_1m retain-stringify bun 16 53.5
MEM wide_1m retain-stringify baseline 16 45.4
PASSED memory 432
