CHECKED shape null parse 2000000
CHECKED shape null stringify 2000000
CHECKED shape string_a parse 2000000
CHECKED shape string_a stringify 2000000
CHECKED shape empty_object parse 2000000
CHECKED shape empty_object stringify 2000000
CHECKED shape tiny_object parse 2000000
CHECKED shape tiny_object stringify 2000000
CHECKED shape small_record parse 588332
CHECKED shape small_record stringify 1289629
CHECKED shape object_1k parse 544670
CHECKED shape object_1k stringify 656935
CHECKED shape records_array_16k parse 6710
CHECKED shape records_array_16k stringify 10000
CHECKED shape records_array_1m parse 96
CHECKED shape records_array_1m stringify 176
CHECKED shape records_object_1m parse 71
CHECKED shape records_object_1m stringify 175
CHECKED shape records_array_8m parse 10
CHECKED shape records_array_8m stringify 21
CHECKED shape records_object_8m parse 8
CHECKED shape records_object_8m stringify 20
CHECKED shape records_array_20m parse 3
CHECKED shape records_array_20m stringify 8
CHECKED shape records_object_20m parse 3
CHECKED shape records_object_20m stringify 8
CHECKED shape numbers_1m parse 91
CHECKED shape numbers_1m stringify 96
CHECKED shape long_string_1m parse 1295
CHECKED shape long_string_1m stringify 1196
CHECKED shape escaped_1m parse 82
CHECKED shape escaped_1m stringify 169
CHECKED shape unicode_1m parse 1440
CHECKED shape unicode_1m stringify 1442
CHECKED shape wide_1m parse 36
CHECKED shape wide_1m stringify 214
CHECKED shape heterogeneous_1m parse 81
CHECKED shape heterogeneous_1m stringify 210
CHECKED nested null parse 2000000
CHECKED nested null stringify 2000000
CHECKED nested string_a parse 2000000
CHECKED nested string_a stringify 2000000
CHECKED nested empty_object parse 2000000
CHECKED nested empty_object stringify 2000000
CHECKED nested tiny_object parse 2000000
CHECKED nested tiny_object stringify 2000000
CHECKED nested small_record parse 588332
CHECKED nested small_record stringify 1289629
CHECKED nested object_1k parse 544670
CHECKED nested object_1k stringify 656935
CHECKED nested records_array_16k parse 6710
CHECKED nested records_array_16k stringify 10000
CHECKED nested records_array_1m parse 96
CHECKED nested records_array_1m stringify 176
CHECKED nested records_object_1m parse 71
CHECKED nested records_object_1m stringify 175
CHECKED nested records_array_8m parse 10
CHECKED nested records_array_8m stringify 21
CHECKED nested records_object_8m parse 8
CHECKED nested records_object_8m stringify 20
CHECKED nested records_array_20m parse 3
CHECKED nested records_array_20m stringify 8
CHECKED nested records_object_20m parse 3
CHECKED nested records_object_20m stringify 8
CHECKED nested numbers_1m parse 91
CHECKED nested numbers_1m stringify 96
CHECKED nested long_string_1m parse 1295
CHECKED nested long_string_1m stringify 1196
CHECKED nested escaped_1m parse 82
CHECKED nested escaped_1m stringify 169
CHECKED nested unicode_1m parse 1440
CHECKED nested unicode_1m stringify 1442
CHECKED nested wide_1m parse 36
CHECKED nested wide_1m stringify 214
CHECKED nested heterogeneous_1m parse 81
CHECKED nested heterogeneous_1m stringify 210
CHECKED growth null parse 2000000
CHECKED growth null stringify 2000000
CHECKED growth string_a parse 2000000
CHECKED growth string_a stringify 2000000
CHECKED growth empty_object parse 2000000
CHECKED growth empty_object stringify 2000000
CHECKED growth tiny_object parse 2000000
CHECKED growth tiny_object stringify 2000000
CHECKED growth small_record parse 588332
CHECKED growth small_record stringify 1289629
CHECKED growth object_1k parse 544670
CHECKED growth object_1k stringify 656935
CHECKED growth records_array_16k parse 6710
CHECKED growth records_array_16k stringify 10000
CHECKED growth records_array_1m parse 96
CHECKED growth records_array_1m stringify 176
CHECKED growth records_object_1m parse 71
CHECKED growth records_object_1m stringify 175
CHECKED growth records_array_8m parse 10
CHECKED growth records_array_8m stringify 21
CHECKED growth records_object_8m parse 8
CHECKED growth records_object_8m stringify 20
CHECKED growth records_array_20m parse 3
CHECKED growth records_array_20m stringify 8
CHECKED growth records_object_20m parse 3
CHECKED growth records_object_20m stringify 8
CHECKED growth numbers_1m parse 91
CHECKED growth numbers_1m stringify 96
CHECKED growth long_string_1m parse 1295
CHECKED growth long_string_1m stringify 1196
CHECKED growth escaped_1m parse 82
CHECKED growth escaped_1m stringify 169
CHECKED growth unicode_1m parse 1440
CHECKED growth unicode_1m stringify 1442
CHECKED growth wide_1m parse 36
CHECKED growth wide_1m stringify 214
CHECKED growth heterogeneous_1m parse 81
CHECKED growth heterogeneous_1m stringify 210
CHECKED empty empty_object parse 2000000
CHECKED empty tiny_object parse 2000000
CHECKED empty small_record parse 588332
CHECKED empty object_1k parse 544670
CHECKED empty tiny_object stringify 2000000
CHECKED empty small_record stringify 1289629
CHECKED entry records_array_1m parse 96
CHECKED entry records_array_8m parse 10
CHECKED entry heterogeneous_1m parse 81
CHECKED tape escaped_1m stringify 169
CHECKED tape wide_1m stringify 214
CHECKED tape numbers_1m parse 91
CHECKED count escaped_1m stringify 169
CHECKED count wide_1m stringify 214
CHECKED count numbers_1m parse 91
CHECKED count long_string_1m parse 1295
CHECKED count unicode_1m parse 1440
CHECKED count records_object_20m parse 3
CHECKED plan tiny_object parse 2000000
CHECKED plan small_record parse 588332
CHECKED plan object_1k parse 544670
CHECKED plan records_object_1m parse 71
CHECKED plan records_object_8m parse 8
CHECKED marker escaped_1m stringify 169
CHECKED marker records_array_16k parse 6710
CHECKED marker records_array_1m parse 96
CHECKED inline null parse 2000000
CHECKED inline string_a parse 2000000
CHECKED inline empty_object parse 2000000
CHECKED inline tiny_object parse 2000000
CHECKED inline small_record stringify 1289629
CHECKED short object_1k parse 544670
CHECKED short wide_1m stringify 214
Retained empty-object checks complete 24
